         firefox-29603 [000] .... 844472.024676: sys_futex(uaddr: 7f213992a78c, op: 85, val: 1, utime: 1, uaddr2: 7f213992a788, val3: 4000001)
      DOM Worker-29659 [000] .... 844472.024719: sys_futex -> 0x0
      DOM Worker-29659 [000] .... 844472.024724: sys_futex(uaddr: 7f2139df0cc0, op: 81, val: 1, utime: 0, uaddr2: 0, val3: 1f)
      DOM Worker-29659 [000] .... 844472.024725: sys_futex -> 0x0
      DOM Worker-29659 [000] .... 844472.024727: sys_futex(uaddr: 7f2146a6e60c, op: 85, val: 1, utime: 1, uaddr2: 7f2146a6e608, val3: 4000001)
           Timer-29647 [000] .... 844472.024733: sys_futex(uaddr: 7f215f0f6950, op: 81, val: 1, utime: 18055fc2, uaddr2: 7f215f0f6950, val3: 0)
           Timer-29647 [000] .... 844472.024733: sys_futex -> 0x0
           Timer-29647 [000] .... 844472.024733: sys_futex(uaddr: 7f2146a6e60c, op: 189, val: a1, utime: 7f213c7fec60, uaddr2: 7f215f0f6950, val3: ffffffff)
      DOM Worker-29659 [000] .... 844472.024748: sys_futex(uaddr: 7f2146a6e60c, op: 85, val: 1, utime: 1, uaddr2: 7f2146a6e608, val3: 4000001)
           Timer-29647 [000] .... 844472.024753: sys_futex(uaddr: 7f215f0f6950, op: 81, val: 1, utime: 18055fc2, uaddr2: 7f215f0f6950, val3: 0)
           Timer-29647 [000] .... 844472.024754: sys_futex -> 0x0
           Timer-29647 [000] .... 844472.024754: sys_futex(uaddr: 7f2146a6e60c, op: 189, val: a3, utime: 7f213c7fec60, uaddr2: 7f215f0f6950, val3: ffffffff)
      DOM Worker-29659 [000] .... 844472.024758: sys_futex(uaddr: 7f213992a78c, op: 80, val: 3f, utime: 0, uaddr2: 7f2139df0c00, val3: 1f)
         firefox-29603 [000] .... 844472.024954: sys_futex(uaddr: 7f2146a6e60c, op: 85, val: 1, utime: 1, uaddr2: 7f2146a6e608, val3: 4000001)
           Timer-29647 [000] .... 844472.024963: sys_futex(uaddr: 7f215f0f6950, op: 81, val: 1, utime: 18055fc4, uaddr2: 7f215f0f6950, val3: 0)
           Timer-29647 [000] .... 844472.024964: sys_futex -> 0x0
           Timer-29647 [000] .... 844472.024964: sys_futex(uaddr: 7f2146a6e60c, op: 189, val: a5, utime: 7f213c7fec60, uaddr2: 7f215f0f6950, val3: ffffffff)
         firefox-29603 [000] .... 844472.025071: sys_futex(uaddr: 7f213992a78c, op: 85, val: 1, utime: 1, uaddr2: 7f213992a788, val3: 4000001)
      DOM Worker-29659 [000] .... 844472.025112: sys_futex -> 0x0
      DOM Worker-29659 [000] .... 844472.025118: sys_futex(uaddr: 7f2139df0cc0, op: 81, val: 1, utime: 0, uaddr2: 0, val3: 20)
      DOM Worker-29659 [000] .... 844472.025118: sys_futex -> 0x0
      DOM Worker-29659 [000] .... 844472.025120: sys_futex(uaddr: 7f2146a6e60c, op: 85, val: 1, utime: 1, uaddr2: 7f2146a6e608, val3: 4000001)
           Timer-29647 [000] .... 844472.025125: sys_futex(uaddr: 7f215f0f6950, op: 81, val: 1, utime: 18055fc4, uaddr2: 7f215f0f6950, val3: 0)
           Timer-29647 [000] .... 844472.025126: sys_futex -> 0x0
           Timer-29647 [000] .... 844472.025126: sys_futex(uaddr: 7f2146a6e60c, op: 189, val: a7, utime: 7f213c7fec60, uaddr2: 7f215f0f6950, val3: ffffffff)
      DOM Worker-29659 [000] .... 844472.025142: sys_futex(uaddr: 7f2146a6e60c, op: 85, val: 1, utime: 1, uaddr2: 7f2146a6e608, val3: 4000001)
           Timer-29647 [000] .... 844472.025147: sys_futex(uaddr: 7f215f0f6950, op: 81, val: 1, utime: 18055fc4, uaddr2: 7f215f0f6950, val3: 0)
           Timer-29647 [000] .... 844472.025148: sys_futex -> 0x0
           Timer-29647 [000] .... 844472.025148: sys_futex(uaddr: 7f2146a6e60c, op: 189, val: a9, utime: 7f213c7fec60, uaddr2: 7f215f0f6950, val3: ffffffff)
      DOM Worker-29659 [000] .... 844472.025152: sys_futex(uaddr: 7f213992a78c, op: 80, val: 41, utime: 0, uaddr2: 7f2139df0c00, val3: 20)
         firefox-29603 [000] .... 844472.025363: sys_futex(uaddr: 7f213992a78c, op: 85, val: 1, utime: 1, uaddr2: 7f213992a788, val3: 4000001)
      DOM Worker-29659 [000] .... 844472.025406: sys_futex -> 0x0
      DOM Worker-29659 [000] .... 844472.025412: sys_futex(uaddr: 7f2139df0cc0, op: 81, val: 1, utime: 0, uaddr2: 0, val3: 21)
      DOM Worker-29659 [000] .... 844472.025412: sys_futex -> 0x0
      DOM Worker-29659 [000] .... 844472.025414: sys_futex(uaddr: 7f2146a6e60c, op: 85, val: 1, utime: 1, uaddr2: 7f2146a6e608, val3: 4000001)
           Timer-29647 [000] .... 844472.025419: sys_futex(uaddr: 7f215f0f6950, op: 81, val: 1, utime: 18055fc4, uaddr2: 7f215f0f6950, val3: 0)
           Timer-29647 [000] .... 844472.025420: sys_futex -> 0x0
           Timer-29647 [000] .... 844472.025420: sys_futex(uaddr: 7f2146a6e60c, op: 189, val: ab, utime: 7f213c7fec60, uaddr2: 7f215f0f6950, val3: ffffffff)
      DOM Worker-29659 [000] .... 844472.025434: sys_futex(uaddr: 7f2146a6e60c, op: 85, val: 1, utime: 1, uaddr2: 7f2146a6e608, val3: 4000001)
           Timer-29647 [000] .... 844472.025440: sys_futex(uaddr: 7f215f0f6950, op: 81, val: 1, utime: 18055fc4, uaddr2: 7f215f0f6950, val3: 0)
           Timer-29647 [000] .... 844472.025440: sys_futex -> 0x0
           Timer-29647 [000] .... 844472.025440: sys_futex(uaddr: 7f2146a6e60c, op: 189, val: ad, utime: 7f213c7fec60, uaddr2: 7f215f0f6950, val3: ffffffff)
      DOM Worker-29659 [000] .... 844472.025444: sys_futex(uaddr: 7f213992a78c, op: 80, val: 43, utime: 0, uaddr2: 7f2139df0c00, val3: 21)
         firefox-29603 [000] .... 844472.025638: sys_futex(uaddr: 7f213992a78c, op: 85, val: 1, utime: 1, uaddr2: 7f213992a788, val3: 4000001)
      DOM Worker-29659 [000] .... 844472.025679: sys_futex -> 0x0
      DOM Worker-29659 [000] .... 844472.025685: sys_futex(uaddr: 7f2139df0cc0, op: 81, val: 1, utime: 0, uaddr2: 0, val3: 22)
      DOM Worker-29659 [000] .... 844472.025685: sys_futex -> 0x0
      DOM Worker-29659 [000] .... 844472.025687: sys_futex(uaddr: 7f2146a6e60c, op: 85, val: 1, utime: 1, uaddr2: 7f2146a6e608, val3: 4000001)
           Timer-29647 [000] .... 844472.025692: sys_futex(uaddr: 7f215f0f6950, op: 81, val: 1, utime: 18055fc4, uaddr2: 7f215f0f6950, val3: 0)
           Timer-29647 [000] .... 844472.025692: sys_futex -> 0x0
           Timer-29647 [000] .... 844472.025693: sys_futex(uaddr: 7f2146a6e60c, op: 189, val: af, utime: 7f213c7fec60, uaddr2: 7f215f0f6950, val3: ffffffff)
      DOM Worker-29659 [000] .... 844472.025708: sys_futex(uaddr: 7f2146a6e60c, op: 85, val: 1, utime: 1, uaddr2: 7f2146a6e608, val3: 4000001)
           Timer-29647 [000] .... 844472.025713: sys_futex(uaddr: 7f215f0f6950, op: 81, val: 1, utime: 18055fc4, uaddr2: 7f215f0f6950, val3: 0)
           Timer-29647 [000] .... 844472.025714: sys_futex -> 0x0
           Timer-29647 [000] .... 844472.025714: sys_futex(uaddr: 7f2146a6e60c, op: 189, val: b1, utime: 7f213c7fec60, uaddr2: 7f215f0f6950, val3: ffffffff)
      DOM Worker-29659 [000] .... 844472.025718: sys_futex(uaddr: 7f213992a78c, op: 80, val: 45, utime: 0, uaddr2: 7f2139df0c00, val3: 22)
         firefox-29603 [000] .... 844472.025906: sys_futex(uaddr: 7f213992a78c, op: 85, val: 1, utime: 1, uaddr2: 7f213992a788, val3: 4000001)
      DOM Worker-29659 [000] .... 844472.025912: sys_futex -> 0x0
      DOM Worker-29659 [000] .... 844472.025914: sys_futex(uaddr: 7f2139df0cc0, op: 81, val: 1, utime: 0, uaddr2: 0, val3: 23)
      DOM Worker-29659 [000] .... 844472.025914: sys_futex -> 0x0
      DOM Worker-29659 [000] .... 844472.025915: sys_futex(uaddr: 7f2146a6e60c, op: 85, val: 1, utime: 1, uaddr2: 7f2146a6e608, val3: 4000001)
           Timer-29647 [000] .... 844472.025920: sys_futex(uaddr: 7f215f0f6950, op: 81, val: 1, utime: 18055fc6, uaddr2: 7f215f0f6950, val3: 0)
           Timer-29647 [000] .... 844472.025920: sys_futex -> 0x0
           Timer-29647 [000] .... 844472.025921: sys_futex(uaddr: 7f2146a6e60c, op: 189, val: b3, utime: 7f213c7fec60, uaddr2: 7f215f0f6950, val3: ffffffff)
      DOM Worker-29659 [000] .... 844472.025933: sys_futex(uaddr: 7f2146a6e60c, op: 85, val: 1, utime: 1, uaddr2: 7f2146a6e608, val3: 4000001)
           Timer-29647 [000] .... 844472.025938: sys_futex(uaddr: 7f215f0f6950, op: 81, val: 1, utime: 18055fc6, uaddr2: 7f215f0f6950, val3: 0)
           Timer-29647 [000] .... 844472.025939: sys_futex -> 0x0
           Timer-29647 [000] .... 844472.025939: sys_futex(uaddr: 7f2146a6e60c, op: 189, val: b5, utime: 7f213c7fec60, uaddr2: 7f215f0f6950, val3: ffffffff)
      DOM Worker-29659 [000] .... 844472.025943: sys_futex(uaddr: 7f213992a78c, op: 80, val: 47, utime: 0, uaddr2: 7f2139df0c00, val3: 23)
         firefox-29603 [000] .... 844472.026159: sys_futex(uaddr: 7f213992a78c, op: 85, val: 1, utime: 1, uaddr2: 7f213992a788, val3: 4000001)
      DOM Worker-29659 [000] .... 844472.026165: sys_futex -> 0x0
      DOM Worker-29659 [000] .... 844472.026167: sys_futex(uaddr: 7f2139df0cc0, op: 81, val: 1, utime: 0, uaddr2: 0, val3: 24)
      DOM Worker-29659 [000] .... 844472.026167: sys_futex -> 0x0
      DOM Worker-29659 [000] .... 844472.026168: sys_futex(uaddr: 7f2146a6e60c, op: 85, val: 1, utime: 1, uaddr2: 7f2146a6e608, val3: 4000001)
           Timer-29647 [000] .... 844472.026172: sys_futex(uaddr: 7f215f0f6950, op: 81, val: 1, utime: 18055fc6, uaddr2: 7f215f0f6950, val3: 0)
           Timer-29647 [000] .... 844472.026173: sys_futex -> 0x0
           Timer-29647 [000] .... 844472.026173: sys_futex(uaddr: 7f2146a6e60c, op: 189, val: b7, utime: 7f213c7fec60, uaddr2: 7f215f0f6950, val3: ffffffff)
      DOM Worker-29659 [000] .... 844472.026179: sys_futex(uaddr: 7f213553a1c0, op: 80, val: 2, utime: 0, uaddr2: 7f213553a1c0, val3: 16)
         firefox-29603 [000] .... 844472.026308: sys_futex(uaddr: 7f213553a1c0, op: 81, val: 1, utime: 1, uaddr2: 0, val3: 4000001)
      DOM Worker-29659 [000] .... 844472.026311: sys_futex -> 0x0
      DOM Worker-29659 [000] .... 844472.026312: sys_futex(uaddr: 7f213553a1c0, op: 81, val: 1, utime: 18055fc6, uaddr2: 0, val3: 16)
      DOM Worker-29659 [000] .... 844472.026312: sys_futex -> 0x0
      DOM Worker-29659 [000] .... 844472.026411: sys_futex(uaddr: 7f2146a6e60c, op: 85, val: 1, utime: 1, uaddr2: 7f2146a6e608, val3: 4000001)
           Timer-29647 [000] .... 844472.026421: sys_futex(uaddr: 7f215f0f6950, op: 81, val: 1, utime: 18055fc6, uaddr2: 7f215f0f6950, val3: 0)
           Timer-29647 [000] .... 844472.026421: sys_futex -> 0x0
           Timer-29647 [000] .... 844472.026422: sys_futex(uaddr: 7f2146a6e60c, op: 189, val: b9, utime: 7f213c7fec60, uaddr2: 7f215f0f6950, val3: ffffffff)
      DOM Worker-29659 [000] .... 844472.026427: sys_futex(uaddr: 7f213992a78c, op: 80, val: 49, utime: 0, uaddr2: 7f2139df0c00, val3: 24)
         firefox-29603 [000] .... 844472.026557: sys_futex -> 0x1
         firefox-29603 [000] .... 844472.026582: sys_futex(uaddr: 7f213992a78c, op: 85, val: 1, utime: 1, uaddr2: 7f213992a788, val3: 4000001)
      DOM Worker-29659 [000] .... 844472.026587: sys_futex -> 0x0
      DOM Worker-29659 [000] .... 844472.026588: sys_futex(uaddr: 7f2139df0cc0, op: 81, val: 1, utime: 0, uaddr2: 0, val3: 25)
      DOM Worker-29659 [000] .... 844472.026589: sys_futex -> 0x0
      DOM Worker-29659 [000] .... 844472.026590: sys_futex(uaddr: 7f2146a6e60c, op: 85, val: 1, utime: 1, uaddr2: 7f2146a6e608, val3: 4000001)
           Timer-29647 [000] .... 844472.026595: sys_futex(uaddr: 7f215f0f6950, op: 81, val: 1, utime: 18055fc6, uaddr2: 7f215f0f6950, val3: 0)
           Timer-29647 [000] .... 844472.026595: sys_futex -> 0x0
           Timer-29647 [000] .... 844472.026595: sys_futex(uaddr: 7f2146a6e60c, op: 189, val: bb, utime: 7f213c7fec60, uaddr2: 7f215f0f6950, val3: ffffffff)
      DOM Worker-29659 [000] .... 844472.026601: sys_futex(uaddr: 7f213553a270, op: 80, val: 2, utime: 0, uaddr2: 7f213553a270, val3: 16)
         firefox-29603 [000] .... 844472.026737: sys_futex(uaddr: 7f213553a270, op: 81, val: 1, utime: 1, uaddr2: 0, val3: 4000001)
      DOM Worker-29659 [000] .... 844472.026741: sys_futex -> 0x0
      DOM Worker-29659 [000] .... 844472.026741: sys_futex(uaddr: 7f213553a270, op: 81, val: 1, utime: 18055fc6, uaddr2: 0, val3: 16)
      DOM Worker-29659 [000] .... 844472.026742: sys_futex -> 0x0
      DOM Worker-29659 [000] .... 844472.026767: sys_futex(uaddr: 7f2146a6e60c, op: 85, val: 1, utime: 1, uaddr2: 7f2146a6e608, val3: 4000001)
           Timer-29647 [000] .... 844472.026775: sys_futex(uaddr: 7f215f0f6950, op: 81, val: 1, utime: 18055fc6, uaddr2: 7f215f0f6950, val3: 0)
           Timer-29647 [000] .... 844472.026775: sys_futex -> 0x0
           Timer-29647 [000] .... 844472.026775: sys_futex(uaddr: 7f2146a6e60c, op: 189, val: bd, utime: 7f213c7fec60, uaddr2: 7f215f0f6950, val3: ffffffff)
      DOM Worker-29659 [000] .... 844472.026780: sys_futex(uaddr: 7f213992a78c, op: 80, val: 4b, utime: 0, uaddr2: 7f2139df0c00, val3: 25)
         firefox-29603 [000] .... 844472.026945: sys_futex -> 0x1
         firefox-29603 [000] .... 844472.026985: sys_futex(uaddr: 7f213b81aa6c, op: 84, val: 1, utime: 7fffffff, uaddr2: 7f213b81aa08, val3: 6a)
  StreamTrans #2-29660 [000] .... 844472.026993: sys_futex(uaddr: 7f213b81aa08, op: 81, val: 1, utime: 7f21394fec30, uaddr2: 0, val3: 35)
  StreamTrans #2-29660 [000] .... 844472.026993: sys_futex -> 0x0
  StreamTrans #2-29660 [000] .... 844472.026995: sys_futex(uaddr: 7f213553a5e0, op: 80, val: 2, utime: 0, uaddr2: 7f213553a5e0, val3: 35)
         firefox-29603 [000] .... 844472.027085: sys_futex(uaddr: 7f213553a5e0, op: 81, val: 1, utime: 7fffffff, uaddr2: 0, val3: 6a)
  StreamTrans #2-29660 [000] .... 844472.027088: sys_futex -> 0x0
  StreamTrans #2-29660 [000] .... 844472.027089: sys_futex(uaddr: 7f213553a5e0, op: 81, val: 1, utime: 7f21394fec30, uaddr2: 0, val3: 35)
  StreamTrans #2-29660 [000] .... 844472.027089: sys_futex -> 0x0
  StreamTrans #2-29660 [000] .... 844472.027097: sys_futex(uaddr: 7f213b81aa6c, op: 189, val: 6b, utime: 7f21394fec30, uaddr2: 7f213b81aa08, val3: ffffffff)
         firefox-29603 [000] .... 844472.027177: sys_futex -> 0x1
         firefox-29603 [000] .... 844472.027225: sys_futex(uaddr: 7f213992a78c, op: 85, val: 1, utime: 1, uaddr2: 7f213992a788, val3: 4000001)
      DOM Worker-29659 [000] .... 844472.027231: sys_futex -> 0x0
      DOM Worker-29659 [000] .... 844472.027233: sys_futex(uaddr: 7f2139df0cc0, op: 81, val: 1, utime: 0, uaddr2: 0, val3: 26)
      DOM Worker-29659 [000] .... 844472.027234: sys_futex -> 0x0
      DOM Worker-29659 [000] .... 844472.027234: sys_futex(uaddr: 7f2146a6e60c, op: 85, val: 1, utime: 1, uaddr2: 7f2146a6e608, val3: 4000001)
           Timer-29647 [000] .... 844472.027240: sys_futex(uaddr: 7f215f0f6950, op: 81, val: 1, utime: 18055fc8, uaddr2: 7f215f0f6950, val3: 0)
           Timer-29647 [000] .... 844472.027240: sys_futex -> 0x0
           Timer-29647 [000] .... 844472.027240: sys_futex(uaddr: 7f2146a6e60c, op: 189, val: bf, utime: 7f213c7fec60, uaddr2: 7f215f0f6950, val3: ffffffff)
      DOM Worker-29659 [000] .... 844472.027252: sys_futex(uaddr: 7f215f035a0c, op: 85, val: 1, utime: 1, uaddr2: 7f215f035a08, val3: 4000001)
 Analysis Helper-29637 [000] .... 844472.027257: sys_futex -> 0x0
 Analysis Helper-29637 [000] .... 844472.027258: sys_futex(uaddr: 7f215f04a870, op: 81, val: 1, utime: 0, uaddr2: 0, val3: 89)
 Analysis Helper-29637 [000] .... 844472.027258: sys_futex -> 0x0
 Analysis Helper-29637 [000] .... 844472.027622: sys_futex(uaddr: 7f215f035a0c, op: 80, val: 11e, utime: 0, uaddr2: 7f215f04a800, val3: 89)
      DOM Worker-29659 [000] .... 844472.028167: sys_futex(uaddr: 7f213553a1c0, op: 80, val: 2, utime: 0, uaddr2: 7f213553a1c0, val3: 3)
         firefox-29603 [000] .... 844472.028361: sys_futex(uaddr: 7f213553a1c0, op: 81, val: 1, utime: 1, uaddr2: 0, val3: 4000001)
      DOM Worker-29659 [000] .... 844472.028365: sys_futex -> 0x0
      DOM Worker-29659 [000] .... 844472.028366: sys_futex(uaddr: 7f213553a1c0, op: 81, val: 1, utime: 0, uaddr2: 0, val3: 3)
      DOM Worker-29659 [000] .... 844472.028366: sys_futex -> 0x0
      DOM Worker-29659 [000] .... 844472.028595: sys_futex(uaddr: 7f2146a6e60c, op: 85, val: 1, utime: 1, uaddr2: 7f2146a6e608, val3: 4000001)
           Timer-29647 [000] .... 844472.028606: sys_futex(uaddr: 7f215f0f6950, op: 81, val: 1, utime: 18055fca, uaddr2: 7f215f0f6950, val3: 0)
           Timer-29647 [000] .... 844472.028607: sys_futex -> 0x0
           Timer-29647 [000] .... 844472.028607: sys_futex(uaddr: 7f2146a6e60c, op: 189, val: c1, utime: 7f213c7fec60, uaddr2: 7f215f0f6950, val3: ffffffff)
      DOM Worker-29659 [000] .... 844472.028612: sys_futex(uaddr: 7f213992a78c, op: 80, val: 4d, utime: 0, uaddr2: 7f2139df0c00, val3: 26)
         firefox-29603 [000] .... 844472.028758: sys_futex -> 0x1
         firefox-29603 [000] .... 844472.028789: sys_futex(uaddr: 7f213992a78c, op: 85, val: 1, utime: 1, uaddr2: 7f213992a788, val3: 4000001)
      DOM Worker-29659 [000] .... 844472.028794: sys_futex -> 0x0
      DOM Worker-29659 [000] .... 844472.028796: sys_futex(uaddr: 7f2139df0cc0, op: 81, val: 1, utime: 0, uaddr2: 0, val3: 27)
      DOM Worker-29659 [000] .... 844472.028796: sys_futex -> 0x0
      DOM Worker-29659 [000] .... 844472.028797: sys_futex(uaddr: 7f2146a6e60c, op: 85, val: 1, utime: 1, uaddr2: 7f2146a6e608, val3: 4000001)
           Timer-29647 [000] .... 844472.028802: sys_futex(uaddr: 7f215f0f6950, op: 81, val: 1, utime: 18055fca, uaddr2: 7f215f0f6950, val3: 0)
           Timer-29647 [000] .... 844472.028803: sys_futex -> 0x0
           Timer-29647 [000] .... 844472.028803: sys_futex(uaddr: 7f2146a6e60c, op: 189, val: c3, utime: 7f213c7fec60, uaddr2: 7f215f0f6950, val3: ffffffff)
      DOM Worker-29659 [000] .... 844472.028809: sys_futex(uaddr: 7f213553a5e0, op: 80, val: 2, utime: 0, uaddr2: 7f213553a5e0, val3: 16)
         firefox-29603 [000] .... 844472.028954: sys_futex(uaddr: 7f213553a5e0, op: 81, val: 1, utime: 1, uaddr2: 0, val3: 4000001)
      DOM Worker-29659 [000] .... 844472.028957: sys_futex -> 0x0
      DOM Worker-29659 [000] .... 844472.028958: sys_futex(uaddr: 7f213553a5e0, op: 81, val: 1, utime: 18055fca, uaddr2: 0, val3: 16)
      DOM Worker-29659 [000] .... 844472.028958: sys_futex -> 0x0
      DOM Worker-29659 [000] .... 844472.029008: sys_futex(uaddr: 7f215f035a0c, op: 85, val: 1, utime: 1, uaddr2: 7f215f035a08, val3: 4000001)
 Analysis Helper-29638 [000] .... 844472.029016: sys_futex -> 0x0
 Analysis Helper-29638 [000] .... 844472.029017: sys_futex(uaddr: 7f215f04a870, op: 81, val: 1, utime: 0, uaddr2: 0, val3: 8a)
 Analysis Helper-29638 [000] .... 844472.029018: sys_futex -> 0x0
 Analysis Helper-29638 [000] .... 844472.029605: sys_futex(uaddr: 7f215f035a0c, op: 80, val: 120, utime: 0, uaddr2: 7f215f04a800, val3: 8a)
      DOM Worker-29659 [000] .... 844472.030413: sys_futex(uaddr: 7f2146a6e60c, op: 85, val: 1, utime: 1, uaddr2: 7f2146a6e608, val3: 4000001)
           Timer-29647 [000] .... 844472.030425: sys_futex(uaddr: 7f215f0f6950, op: 81, val: 1, utime: 18055fce, uaddr2: 7f215f0f6950, val3: 0)
           Timer-29647 [000] .... 844472.030426: sys_futex -> 0x0
           Timer-29647 [000] .... 844472.030426: sys_futex(uaddr: 7f2146a6e60c, op: 189, val: c5, utime: 7f213c7fec60, uaddr2: 7f215f0f6950, val3: ffffffff)
      DOM Worker-29659 [000] .... 844472.030431: sys_futex(uaddr: 7f213992a78c, op: 80, val: 4f, utime: 0, uaddr2: 7f2139df0c00, val3: 27)
         firefox-29603 [000] .... 844472.030625: sys_futex -> 0x1
         firefox-29603 [000] .... 844472.030704: sys_futex(uaddr: 7f213992a78c, op: 85, val: 1, utime: 1, uaddr2: 7f213992a788, val3: 4000001)
      DOM Worker-29659 [000] .... 844472.030711: sys_futex -> 0x0
      DOM Worker-29659 [000] .... 844472.030713: sys_futex(uaddr: 7f2139df0cc0, op: 81, val: 1, utime: 0, uaddr2: 0, val3: 28)
      DOM Worker-29659 [000] .... 844472.030714: sys_futex -> 0x0
      DOM Worker-29659 [000] .... 844472.030715: sys_futex(uaddr: 7f2146a6e60c, op: 85, val: 1, utime: 1, uaddr2: 7f2146a6e608, val3: 4000001)
           Timer-29647 [000] .... 844472.030720: sys_futex(uaddr: 7f215f0f6950, op: 81, val: 1, utime: 18055fce, uaddr2: 7f215f0f6950, val3: 0)
           Timer-29647 [000] .... 844472.030720: sys_futex -> 0x0
           Timer-29647 [000] .... 844472.030721: sys_futex(uaddr: 7f2146a6e60c, op: 189, val: c7, utime: 7f213c7fec60, uaddr2: 7f215f0f6950, val3: ffffffff)
      DOM Worker-29659 [000] .... 844472.030734: sys_futex(uaddr: 7f2146a6e60c, op: 85, val: 1, utime: 1, uaddr2: 7f2146a6e608, val3: 4000001)
           Timer-29647 [000] .... 844472.030740: sys_futex(uaddr: 7f215f0f6950, op: 81, val: 1, utime: 18055fce, uaddr2: 7f215f0f6950, val3: 0)
           Timer-29647 [000] .... 844472.030740: sys_futex -> 0x0
           Timer-29647 [000] .... 844472.030740: sys_futex(uaddr: 7f2146a6e60c, op: 189, val: c9, utime: 7f213c7fec60, uaddr2: 7f215f0f6950, val3: ffffffff)
      DOM Worker-29659 [000] .... 844472.030744: sys_futex(uaddr: 7f213992a78c, op: 80, val: 51, utime: 0, uaddr2: 7f2139df0c00, val3: 28)
         firefox-29603 [000] .... 844472.030956: sys_futex(uaddr: 7f213992a78c, op: 85, val: 1, utime: 1, uaddr2: 7f213992a788, val3: 4000001)
      DOM Worker-29659 [000] .... 844472.030960: sys_futex -> 0x0
      DOM Worker-29659 [000] .... 844472.030962: sys_futex(uaddr: 7f2139df0cc0, op: 81, val: 1, utime: 0, uaddr2: 0, val3: 29)
      DOM Worker-29659 [000] .... 844472.030962: sys_futex -> 0x0
      DOM Worker-29659 [000] .... 844472.030964: sys_futex(uaddr: 7f2146a6e60c, op: 85, val: 1, utime: 1, uaddr2: 7f2146a6e608, val3: 4000001)
           Timer-29647 [000] .... 844472.030969: sys_futex(uaddr: 7f215f0f6950, op: 81, val: 1, utime: 18055fd0, uaddr2: 7f215f0f6950, val3: 0)
           Timer-29647 [000] .... 844472.030969: sys_futex -> 0x0
           Timer-29647 [000] .... 844472.030970: sys_futex(uaddr: 7f2146a6e60c, op: 189, val: cb, utime: 7f213c7fec60, uaddr2: 7f215f0f6950, val3: ffffffff)
      DOM Worker-29659 [000] .... 844472.030975: sys_futex(uaddr: 7f213553a1c0, op: 80, val: 2, utime: 0, uaddr2: 7f213553a1c0, val3: 16)
         firefox-29603 [000] .... 844472.031103: sys_futex(uaddr: 7f213553a1c0, op: 81, val: 1, utime: 1, uaddr2: 0, val3: 4000001)
      DOM Worker-29659 [000] .... 844472.031106: sys_futex -> 0x0
      DOM Worker-29659 [000] .... 844472.031106: sys_futex(uaddr: 7f213553a1c0, op: 81, val: 1, utime: 18055fd0, uaddr2: 0, val3: 16)
      DOM Worker-29659 [000] .... 844472.031107: sys_futex -> 0x0
      DOM Worker-29659 [000] .... 844472.031122: sys_futex(uaddr: 7f2146a6e60c, op: 85, val: 1, utime: 1, uaddr2: 7f2146a6e608, val3: 4000001)
           Timer-29647 [000] .... 844472.031128: sys_futex(uaddr: 7f215f0f6950, op: 81, val: 1, utime: 18055fd0, uaddr2: 7f215f0f6950, val3: 0)
           Timer-29647 [000] .... 844472.031129: sys_futex -> 0x0
           Timer-29647 [000] .... 844472.031129: sys_futex(uaddr: 7f2146a6e60c, op: 189, val: cd, utime: 7f213c7fec60, uaddr2: 7f215f0f6950, val3: ffffffff)
      DOM Worker-29659 [000] .... 844472.031134: sys_futex(uaddr: 7f213992a78c, op: 80, val: 53, utime: 0, uaddr2: 7f2139df0c00, val3: 29)
         firefox-29603 [000] .... 844472.031260: sys_futex -> 0x1
         firefox-29603 [000] .... 844472.031276: sys_futex(uaddr: 7f213992a78c, op: 85, val: 1, utime: 1, uaddr2: 7f213992a788, val3: 4000001)
      DOM Worker-29659 [000] .... 844472.031280: sys_futex -> 0x0
      DOM Worker-29659 [000] .... 844472.031282: sys_futex(uaddr: 7f2139df0cc0, op: 81, val: 1, utime: 0, uaddr2: 0, val3: 2a)
      DOM Worker-29659 [000] .... 844472.031282: sys_futex -> 0x0
      DOM Worker-29659 [000] .... 844472.031283: sys_futex(uaddr: 7f2146a6e60c, op: 85, val: 1, utime: 1, uaddr2: 7f2146a6e608, val3: 4000001)
           Timer-29647 [000] .... 844472.031288: sys_futex(uaddr: 7f215f0f6950, op: 81, val: 1, utime: 18055fd0, uaddr2: 7f215f0f6950, val3: 0)
           Timer-29647 [000] .... 844472.031288: sys_futex -> 0x0
           Timer-29647 [000] .... 844472.031288: sys_futex(uaddr: 7f2146a6e60c, op: 189, val: cf, utime: 7f213c7fec60, uaddr2: 7f215f0f6950, val3: ffffffff)
      DOM Worker-29659 [000] .... 844472.031294: sys_futex(uaddr: 7f213553a270, op: 80, val: 2, utime: 0, uaddr2: 7f213553a270, val3: 16)
         firefox-29603 [000] .... 844472.031423: sys_futex(uaddr: 7f213553a270, op: 81, val: 1, utime: 1, uaddr2: 0, val3: 4000001)
      DOM Worker-29659 [000] .... 844472.031426: sys_futex -> 0x0
      DOM Worker-29659 [000] .... 844472.031427: sys_futex(uaddr: 7f213553a270, op: 81, val: 1, utime: 18055fd0, uaddr2: 0, val3: 16)
      DOM Worker-29659 [000] .... 844472.031427: sys_futex -> 0x0
      DOM Worker-29659 [000] .... 844472.031444: sys_futex(uaddr: 7f2146a6e60c, op: 85, val: 1, utime: 1, uaddr2: 7f2146a6e608, val3: 4000001)
           Timer-29647 [000] .... 844472.031451: sys_futex(uaddr: 7f215f0f6950, op: 81, val: 1, utime: 18055fd0, uaddr2: 7f215f0f6950, val3: 0)
           Timer-29647 [000] .... 844472.031451: sys_futex -> 0x0
           Timer-29647 [000] .... 844472.031451: sys_futex(uaddr: 7f2146a6e60c, op: 189, val: d1, utime: 7f213c7fec60, uaddr2: 7f215f0f6950, val3: ffffffff)
      DOM Worker-29659 [000] .... 844472.031456: sys_futex(uaddr: 7f213992a78c, op: 80, val: 55, utime: 0, uaddr2: 7f2139df0c00, val3: 2a)
         firefox-29603 [000] .... 844472.031594: sys_futex -> 0x1
         firefox-29603 [000] .... 844472.031635: sys_futex(uaddr: 7f213b81aa6c, op: 84, val: 1, utime: 7fffffff, uaddr2: 7f213b81aa08, val3: 6c)
  StreamTrans #2-29660 [000] .... 844472.031644: sys_futex(uaddr: 7f213b81aa08, op: 81, val: 1, utime: 7f21394fec30, uaddr2: 0, val3: 36)
  StreamTrans #2-29660 [000] .... 844472.031644: sys_futex -> 0x0
  StreamTrans #2-29660 [000] .... 844472.031645: sys_futex(uaddr: 7f213553a740, op: 80, val: 2, utime: 0, uaddr2: 7f213553a740, val3: 36)
         firefox-29603 [000] .... 844472.031735: sys_futex(uaddr: 7f213553a740, op: 81, val: 1, utime: 7fffffff, uaddr2: 0, val3: 6c)
  StreamTrans #2-29660 [000] .... 844472.031738: sys_futex -> 0x0
  StreamTrans #2-29660 [000] .... 844472.031739: sys_futex(uaddr: 7f213553a740, op: 81, val: 1, utime: 7f21394fec30, uaddr2: 0, val3: 36)
  StreamTrans #2-29660 [000] .... 844472.031739: sys_futex -> 0x0
  StreamTrans #2-29660 [000] .... 844472.031770: sys_futex(uaddr: 7f213b81aa6c, op: 189, val: 6d, utime: 7f21394fec30, uaddr2: 7f213b81aa08, val3: ffffffff)
         firefox-29603 [000] .... 844472.031870: sys_futex -> 0x1
         firefox-29603 [000] .... 844472.031900: sys_futex(uaddr: 7f213992a78c, op: 85, val: 1, utime: 1, uaddr2: 7f213992a788, val3: 4000001)
      DOM Worker-29659 [000] .... 844472.031906: sys_futex -> 0x0
      DOM Worker-29659 [000] .... 844472.031908: sys_futex(uaddr: 7f2139df0cc0, op: 81, val: 1, utime: 0, uaddr2: 0, val3: 2b)
      DOM Worker-29659 [000] .... 844472.031908: sys_futex -> 0x0
      DOM Worker-29659 [000] .... 844472.031909: sys_futex(uaddr: 7f2146a6e60c, op: 85, val: 1, utime: 1, uaddr2: 7f2146a6e608, val3: 4000001)
           Timer-29647 [000] .... 844472.031914: sys_futex(uaddr: 7f215f0f6950, op: 81, val: 1, utime: 18055fd2, uaddr2: 7f215f0f6950, val3: 0)
           Timer-29647 [000] .... 844472.031915: sys_futex -> 0x0
           Timer-29647 [000] .... 844472.031915: sys_futex(uaddr: 7f2146a6e60c, op: 189, val: d3, utime: 7f213c7fec60, uaddr2: 7f215f0f6950, val3: ffffffff)
      DOM Worker-29659 [000] .... 844472.031928: sys_futex(uaddr: 7f2146a6e60c, op: 85, val: 1, utime: 1, uaddr2: 7f2146a6e608, val3: 4000001)
           Timer-29647 [000] .... 844472.031933: sys_futex(uaddr: 7f215f0f6950, op: 81, val: 1, utime: 18055fd2, uaddr2: 7f215f0f6950, val3: 0)
           Timer-29647 [000] .... 844472.031934: sys_futex -> 0x0
           Timer-29647 [000] .... 844472.031934: sys_futex(uaddr: 7f2146a6e60c, op: 189, val: d5, utime: 7f213c7fec60, uaddr2: 7f215f0f6950, val3: ffffffff)
      DOM Worker-29659 [000] .... 844472.031938: sys_futex(uaddr: 7f213992a78c, op: 80, val: 57, utime: 0, uaddr2: 7f2139df0c00, val3: 2b)
         firefox-29603 [000] .... 844472.032135: sys_futex(uaddr: 7f213992a78c, op: 85, val: 1, utime: 1, uaddr2: 7f213992a788, val3: 4000001)
      DOM Worker-29659 [000] .... 844472.032140: sys_futex -> 0x0
      DOM Worker-29659 [000] .... 844472.032142: sys_futex(uaddr: 7f2139df0cc0, op: 81, val: 1, utime: 0, uaddr2: 0, val3: 2c)
      DOM Worker-29659 [000] .... 844472.032142: sys_futex -> 0x0
      DOM Worker-29659 [000] .... 844472.032143: sys_futex(uaddr: 7f2146a6e60c, op: 85, val: 1, utime: 1, uaddr2: 7f2146a6e608, val3: 4000001)
           Timer-29647 [000] .... 844472.032148: sys_futex(uaddr: 7f215f0f6950, op: 81, val: 1, utime: 18055fd2, uaddr2: 7f215f0f6950, val3: 0)
           Timer-29647 [000] .... 844472.032149: sys_futex -> 0x0
           Timer-29647 [000] .... 844472.032149: sys_futex(uaddr: 7f2146a6e60c, op: 189, val: d7, utime: 7f213c7fec60, uaddr2: 7f215f0f6950, val3: ffffffff)
      DOM Worker-29659 [000] .... 844472.032155: sys_futex(uaddr: 7f213553a5e0, op: 80, val: 2, utime: 0, uaddr2: 7f213553a5e0, val3: 16)
         firefox-29603 [000] .... 844472.032294: sys_futex(uaddr: 7f213553a5e0, op: 81, val: 1, utime: 1, uaddr2: 0, val3: 4000001)
      DOM Worker-29659 [000] .... 844472.032297: sys_futex -> 0x0
      DOM Worker-29659 [000] .... 844472.032298: sys_futex(uaddr: 7f213553a5e0, op: 81, val: 1, utime: 18055fd2, uaddr2: 0, val3: 16)
      DOM Worker-29659 [000] .... 844472.032298: sys_futex -> 0x0
      DOM Worker-29659 [000] .... 844472.032305: sys_futex(uaddr: 7f2146a6e60c, op: 85, val: 1, utime: 1, uaddr2: 7f2146a6e608, val3: 4000001)
           Timer-29647 [000] .... 844472.032311: sys_futex(uaddr: 7f215f0f6950, op: 81, val: 1, utime: 18055fd2, uaddr2: 7f215f0f6950, val3: 0)
           Timer-29647 [000] .... 844472.032312: sys_futex -> 0x0
           Timer-29647 [000] .... 844472.032312: sys_futex(uaddr: 7f2146a6e60c, op: 189, val: d9, utime: 7f213c7fec60, uaddr2: 7f215f0f6950, val3: ffffffff)
      DOM Worker-29659 [000] .... 844472.032317: sys_futex(uaddr: 7f213992a78c, op: 80, val: 59, utime: 0, uaddr2: 7f2139df0c00, val3: 2c)
         firefox-29603 [000] .... 844472.032442: sys_futex -> 0x1
         firefox-29603 [000] .... 844472.032478: sys_futex(uaddr: 7f213992a78c, op: 85, val: 1, utime: 1, uaddr2: 7f213992a788, val3: 4000001)
      DOM Worker-29659 [000] .... 844472.032485: sys_futex -> 0x0
      DOM Worker-29659 [000] .... 844472.032486: sys_futex(uaddr: 7f2139df0cc0, op: 81, val: 1, utime: 0, uaddr2: 0, val3: 2d)
      DOM Worker-29659 [000] .... 844472.032487: sys_futex -> 0x0
      DOM Worker-29659 [000] .... 844472.032488: sys_futex(uaddr: 7f2146a6e60c, op: 85, val: 1, utime: 1, uaddr2: 7f2146a6e608, val3: 4000001)
           Timer-29647 [000] .... 844472.032493: sys_futex(uaddr: 7f215f0f6950, op: 81, val: 1, utime: 18055fd2, uaddr2: 7f215f0f6950, val3: 0)
           Timer-29647 [000] .... 844472.032493: sys_futex -> 0x0
           Timer-29647 [000] .... 844472.032494: sys_futex(uaddr: 7f2146a6e60c, op: 189, val: db, utime: 7f213c7fec60, uaddr2: 7f215f0f6950, val3: ffffffff)
      DOM Worker-29659 [000] .... 844472.032506: sys_futex(uaddr: 7f2146a6e60c, op: 85, val: 1, utime: 1, uaddr2: 7f2146a6e608, val3: 4000001)
           Timer-29647 [000] .... 844472.032511: sys_futex(uaddr: 7f215f0f6950, op: 81, val: 1, utime: 18055fd2, uaddr2: 7f215f0f6950, val3: 0)
           Timer-29647 [000] .... 844472.032511: sys_futex -> 0x0
           Timer-29647 [000] .... 844472.032512: sys_futex(uaddr: 7f2146a6e60c, op: 189, val: dd, utime: 7f213c7fec60, uaddr2: 7f215f0f6950, val3: ffffffff)
      DOM Worker-29659 [000] .... 844472.032515: sys_futex(uaddr: 7f213992a78c, op: 80, val: 5b, utime: 0, uaddr2: 7f2139df0c00, val3: 2d)
         firefox-29603 [000] .... 844472.032707: sys_futex(uaddr: 7f2146a6e60c, op: 85, val: 1, utime: 1, uaddr2: 7f2146a6e608, val3: 4000001)
           Timer-29647 [000] .... 844472.032714: sys_futex(uaddr: 7f215f0f6950, op: 81, val: 1, utime: 18055fd2, uaddr2: 7f215f0f6950, val3: 0)
           Timer-29647 [000] .... 844472.032714: sys_futex -> 0x0
           Timer-29647 [000] .... 844472.032714: sys_futex(uaddr: 7f2146a6e60c, op: 189, val: df, utime: 7f213c7fec60, uaddr2: 7f215f0f6950, val3: ffffffff)
         firefox-29603 [000] .... 844472.032811: sys_futex(uaddr: 7f213992a78c, op: 85, val: 1, utime: 1, uaddr2: 7f213992a788, val3: 4000001)
      DOM Worker-29659 [000] .... 844472.032816: sys_futex -> 0x0
      DOM Worker-29659 [000] .... 844472.032818: sys_futex(uaddr: 7f2139df0cc0, op: 81, val: 1, utime: 0, uaddr2: 0, val3: 2e)
      DOM Worker-29659 [000] .... 844472.032819: sys_futex -> 0x0
      DOM Worker-29659 [000] .... 844472.032820: sys_futex(uaddr: 7f2146a6e60c, op: 85, val: 1, utime: 1, uaddr2: 7f2146a6e608, val3: 4000001)
           Timer-29647 [000] .... 844472.032824: sys_futex(uaddr: 7f215f0f6950, op: 81, val: 1, utime: 18055fd2, uaddr2: 7f215f0f6950, val3: 0)
           Timer-29647 [000] .... 844472.032825: sys_futex -> 0x0
           Timer-29647 [000] .... 844472.032825: sys_futex(uaddr: 7f2146a6e60c, op: 189, val: e1, utime: 7f213c7fec60, uaddr2: 7f215f0f6950, val3: ffffffff)
      DOM Worker-29659 [000] .... 844472.032848: sys_futex(uaddr: 7f2146a6e60c, op: 85, val: 1, utime: 1, uaddr2: 7f2146a6e608, val3: 4000001)
           Timer-29647 [000] .... 844472.032853: sys_futex(uaddr: 7f215f0f6950, op: 81, val: 1, utime: 18055fd4, uaddr2: 7f215f0f6950, val3: 0)
           Timer-29647 [000] .... 844472.032853: sys_futex -> 0x0
           Timer-29647 [000] .... 844472.032854: sys_futex(uaddr: 7f2146a6e60c, op: 189, val: e3, utime: 7f213c7fec60, uaddr2: 7f215f0f6950, val3: ffffffff)
      DOM Worker-29659 [000] .... 844472.032857: sys_futex(uaddr: 7f213992a78c, op: 80, val: 5d, utime: 0, uaddr2: 7f2139df0c00, val3: 2e)
         firefox-29603 [000] .... 844472.033055: sys_futex(uaddr: 7f2146a6e60c, op: 85, val: 1, utime: 1, uaddr2: 7f2146a6e608, val3: 4000001)
           Timer-29647 [000] .... 844472.033062: sys_futex(uaddr: 7f215f0f6950, op: 81, val: 1, utime: 18055fd4, uaddr2: 7f215f0f6950, val3: 0)
           Timer-29647 [000] .... 844472.033062: sys_futex -> 0x0
           Timer-29647 [000] .... 844472.033062: sys_futex(uaddr: 7f2146a6e60c, op: 189, val: e5, utime: 7f213c7fec60, uaddr2: 7f215f0f6950, val3: ffffffff)
         firefox-29603 [000] .... 844472.033156: sys_futex(uaddr: 7f213992a78c, op: 85, val: 1, utime: 1, uaddr2: 7f213992a788, val3: 4000001)
      DOM Worker-29659 [000] .... 844472.033161: sys_futex -> 0x0
      DOM Worker-29659 [000] .... 844472.033163: sys_futex(uaddr: 7f2139df0cc0, op: 81, val: 1, utime: 0, uaddr2: 0, val3: 2f)
      DOM Worker-29659 [000] .... 844472.033163: sys_futex -> 0x0
      DOM Worker-29659 [000] .... 844472.033164: sys_futex(uaddr: 7f2146a6e60c, op: 85, val: 1, utime: 1, uaddr2: 7f2146a6e608, val3: 4000001)
           Timer-29647 [000] .... 844472.033169: sys_futex(uaddr: 7f215f0f6950, op: 81, val: 1, utime: 18055fd4, uaddr2: 7f215f0f6950, val3: 0)
           Timer-29647 [000] .... 844472.033169: sys_futex -> 0x0
           Timer-29647 [000] .... 844472.033170: sys_futex(uaddr: 7f2146a6e60c, op: 189, val: e7, utime: 7f213c7fec60, uaddr2: 7f215f0f6950, val3: ffffffff)
      DOM Worker-29659 [000] .... 844472.033183: sys_futex(uaddr: 7f2146a6e60c, op: 85, val: 1, utime: 1, uaddr2: 7f2146a6e608, val3: 4000001)
           Timer-29647 [000] .... 844472.033188: sys_futex(uaddr: 7f215f0f6950, op: 81, val: 1, utime: 18055fd4, uaddr2: 7f215f0f6950, val3: 0)
           Timer-29647 [000] .... 844472.033188: sys_futex -> 0x0
           Timer-29647 [000] .... 844472.033189: sys_futex(uaddr: 7f2146a6e60c, op: 189, val: e9, utime: 7f213c7fec60, uaddr2: 7f215f0f6950, val3: ffffffff)
      DOM Worker-29659 [000] .... 844472.033192: sys_futex(uaddr: 7f213992a78c, op: 80, val: 5f, utime: 0, uaddr2: 7f2139df0c00, val3: 2f)
         firefox-29603 [000] .... 844472.033392: sys_futex(uaddr: 7f213992a78c, op: 85, val: 1, utime: 1, uaddr2: 7f213992a788, val3: 4000001)
      DOM Worker-29659 [000] .... 844472.033397: sys_futex -> 0x0
      DOM Worker-29659 [000] .... 844472.033399: sys_futex(uaddr: 7f2139df0cc0, op: 81, val: 1, utime: 0, uaddr2: 0, val3: 30)
      DOM Worker-29659 [000] .... 844472.033399: sys_futex -> 0x0
      DOM Worker-29659 [000] .... 844472.033400: sys_futex(uaddr: 7f2146a6e60c, op: 85, val: 1, utime: 1, uaddr2: 7f2146a6e608, val3: 4000001)
           Timer-29647 [000] .... 844472.033405: sys_futex(uaddr: 7f215f0f6950, op: 81, val: 1, utime: 18055fd4, uaddr2: 7f215f0f6950, val3: 0)
           Timer-29647 [000] .... 844472.033406: sys_futex -> 0x0
           Timer-29647 [000] .... 844472.033406: sys_futex(uaddr: 7f2146a6e60c, op: 189, val: eb, utime: 7f213c7fec60, uaddr2: 7f215f0f6950, val3: ffffffff)
      DOM Worker-29659 [000] .... 844472.033418: sys_futex(uaddr: 7f2146a6e60c, op: 85, val: 1, utime: 1, uaddr2: 7f2146a6e608, val3: 4000001)
           Timer-29647 [000] .... 844472.033423: sys_futex(uaddr: 7f215f0f6950, op: 81, val: 1, utime: 18055fd4, uaddr2: 7f215f0f6950, val3: 0)
           Timer-29647 [000] .... 844472.033424: sys_futex -> 0x0
           Timer-29647 [000] .... 844472.033424: sys_futex(uaddr: 7f2146a6e60c, op: 189, val: ed, utime: 7f213c7fec60, uaddr2: 7f215f0f6950, val3: ffffffff)
      DOM Worker-29659 [000] .... 844472.033428: sys_futex(uaddr: 7f213992a78c, op: 80, val: 61, utime: 0, uaddr2: 7f2139df0c00, val3: 30)
         firefox-29603 [000] .... 844472.033632: sys_futex(uaddr: 7f213992a78c, op: 85, val: 1, utime: 1, uaddr2: 7f213992a788, val3: 4000001)
      DOM Worker-29659 [000] .... 844472.033638: sys_futex -> 0x0
      DOM Worker-29659 [000] .... 844472.033640: sys_futex(uaddr: 7f2139df0cc0, op: 81, val: 1, utime: 0, uaddr2: 0, val3: 31)
      DOM Worker-29659 [000] .... 844472.033640: sys_futex -> 0x0
      DOM Worker-29659 [000] .... 844472.033641: sys_futex(uaddr: 7f2146a6e60c, op: 85, val: 1, utime: 1, uaddr2: 7f2146a6e608, val3: 4000001)
           Timer-29647 [000] .... 844472.033647: sys_futex(uaddr: 7f215f0f6950, op: 81, val: 1, utime: 18055fd4, uaddr2: 7f215f0f6950, val3: 0)
           Timer-29647 [000] .... 844472.033647: sys_futex -> 0x0
           Timer-29647 [000] .... 844472.033647: sys_futex(uaddr: 7f2146a6e60c, op: 189, val: ef, utime: 7f213c7fec60, uaddr2: 7f215f0f6950, val3: ffffffff)
      DOM Worker-29659 [000] .... 844472.033660: sys_futex(uaddr: 7f2146a6e60c, op: 85, val: 1, utime: 1, uaddr2: 7f2146a6e608, val3: 4000001)
           Timer-29647 [000] .... 844472.033665: sys_futex(uaddr: 7f215f0f6950, op: 81, val: 1, utime: 18055fd4, uaddr2: 7f215f0f6950, val3: 0)
           Timer-29647 [000] .... 844472.033665: sys_futex -> 0x0
           Timer-29647 [000] .... 844472.033666: sys_futex(uaddr: 7f2146a6e60c, op: 189, val: f1, utime: 7f213c7fec60, uaddr2: 7f215f0f6950, val3: ffffffff)
      DOM Worker-29659 [000] .... 844472.033669: sys_futex(uaddr: 7f213992a78c, op: 80, val: 63, utime: 0, uaddr2: 7f2139df0c00, val3: 31)
         firefox-29603 [000] .... 844472.033871: sys_futex(uaddr: 7f213992a78c, op: 85, val: 1, utime: 1, uaddr2: 7f213992a788, val3: 4000001)
      DOM Worker-29659 [000] .... 844472.033877: sys_futex -> 0x0
      DOM Worker-29659 [000] .... 844472.033879: sys_futex(uaddr: 7f2139df0cc0, op: 81, val: 1, utime: 0, uaddr2: 0, val3: 32)
      DOM Worker-29659 [000] .... 844472.033879: sys_futex -> 0x0
      DOM Worker-29659 [000] .... 844472.033880: sys_futex(uaddr: 7f2146a6e60c, op: 85, val: 1, utime: 1, uaddr2: 7f2146a6e608, val3: 4000001)
           Timer-29647 [000] .... 844472.033885: sys_futex(uaddr: 7f215f0f6950, op: 81, val: 1, utime: 18055fd6, uaddr2: 7f215f0f6950, val3: 0)
           Timer-29647 [000] .... 844472.033885: sys_futex -> 0x0
           Timer-29647 [000] .... 844472.033886: sys_futex(uaddr: 7f2146a6e60c, op: 189, val: f3, utime: 7f213c7fec60, uaddr2: 7f215f0f6950, val3: ffffffff)
      DOM Worker-29659 [000] .... 844472.033898: sys_futex(uaddr: 7f2146a6e60c, op: 85, val: 1, utime: 1, uaddr2: 7f2146a6e608, val3: 4000001)
           Timer-29647 [000] .... 844472.033903: sys_futex(uaddr: 7f215f0f6950, op: 81, val: 1, utime: 18055fd6, uaddr2: 7f215f0f6950, val3: 0)
           Timer-29647 [000] .... 844472.033903: sys_futex -> 0x0
           Timer-29647 [000] .... 844472.033904: sys_futex(uaddr: 7f2146a6e60c, op: 189, val: f5, utime: 7f213c7fec60, uaddr2: 7f215f0f6950, val3: ffffffff)
      DOM Worker-29659 [000] .... 844472.033907: sys_futex(uaddr: 7f213992a78c, op: 80, val: 65, utime: 0, uaddr2: 7f2139df0c00, val3: 32)
         firefox-29603 [000] .... 844472.034146: sys_futex(uaddr: 7f213992a78c, op: 85, val: 1, utime: 1, uaddr2: 7f213992a788, val3: 4000001)
      DOM Worker-29659 [000] .... 844472.034153: sys_futex -> 0x0
      DOM Worker-29659 [000] .... 844472.034155: sys_futex(uaddr: 7f2139df0cc0, op: 81, val: 1, utime: 0, uaddr2: 0, val3: 33)
      DOM Worker-29659 [000] .... 844472.034155: sys_futex -> 0x0
      DOM Worker-29659 [000] .... 844472.034156: sys_futex(uaddr: 7f2146a6e60c, op: 85, val: 1, utime: 1, uaddr2: 7f2146a6e608, val3: 4000001)
           Timer-29647 [000] .... 844472.034162: sys_futex(uaddr: 7f215f0f6950, op: 81, val: 1, utime: 18055fd6, uaddr2: 7f215f0f6950, val3: 0)
           Timer-29647 [000] .... 844472.034162: sys_futex -> 0x0
           Timer-29647 [000] .... 844472.034162: sys_futex(uaddr: 7f2146a6e60c, op: 189, val: f7, utime: 7f213c7fec60, uaddr2: 7f215f0f6950, val3: ffffffff)
      DOM Worker-29659 [000] .... 844472.034169: sys_futex(uaddr: 7f213553a1c0, op: 80, val: 2, utime: 0, uaddr2: 7f213553a1c0, val3: 16)
         firefox-29603 [000] .... 844472.034314: sys_futex(uaddr: 7f213553a1c0, op: 81, val: 1, utime: 1, uaddr2: 0, val3: 4000001)
      DOM Worker-29659 [000] .... 844472.034317: sys_futex -> 0x0
      DOM Worker-29659 [000] .... 844472.034318: sys_futex(uaddr: 7f213553a1c0, op: 81, val: 1, utime: 18055fd6, uaddr2: 0, val3: 16)
      DOM Worker-29659 [000] .... 844472.034318: sys_futex -> 0x0
      DOM Worker-29659 [000] .... 844472.034387: sys_futex(uaddr: 7f2146a6e60c, op: 85, val: 1, utime: 1, uaddr2: 7f2146a6e608, val3: 4000001)
           Timer-29647 [000] .... 844472.034396: sys_futex(uaddr: 7f215f0f6950, op: 81, val: 1, utime: 18055fd6, uaddr2: 7f215f0f6950, val3: 0)
           Timer-29647 [000] .... 844472.034397: sys_futex -> 0x0
           Timer-29647 [000] .... 844472.034397: sys_futex(uaddr: 7f2146a6e60c, op: 189, val: f9, utime: 7f213c7fec60, uaddr2: 7f215f0f6950, val3: ffffffff)
      DOM Worker-29659 [000] .... 844472.034402: sys_futex(uaddr: 7f213992a78c, op: 80, val: 67, utime: 0, uaddr2: 7f2139df0c00, val3: 33)
         firefox-29603 [000] .... 844472.034531: sys_futex -> 0x1
         firefox-29603 [000] .... 844472.034556: sys_futex(uaddr: 7f213992a78c, op: 85, val: 1, utime: 1, uaddr2: 7f213992a788, val3: 4000001)
      DOM Worker-29659 [000] .... 844472.034561: sys_futex -> 0x0
      DOM Worker-29659 [000] .... 844472.034563: sys_futex(uaddr: 7f2139df0cc0, op: 81, val: 1, utime: 0, uaddr2: 0, val3: 34)
      DOM Worker-29659 [000] .... 844472.034563: sys_futex -> 0x0
      DOM Worker-29659 [000] .... 844472.034564: sys_futex(uaddr: 7f2146a6e60c, op: 85, val: 1, utime: 1, uaddr2: 7f2146a6e608, val3: 4000001)
           Timer-29647 [000] .... 844472.034569: sys_futex(uaddr: 7f215f0f6950, op: 81, val: 1, utime: 18055fd6, uaddr2: 7f215f0f6950, val3: 0)
           Timer-29647 [000] .... 844472.034569: sys_futex -> 0x0
           Timer-29647 [000] .... 844472.034570: sys_futex(uaddr: 7f2146a6e60c, op: 189, val: fb, utime: 7f213c7fec60, uaddr2: 7f215f0f6950, val3: ffffffff)
      DOM Worker-29659 [000] .... 844472.034576: sys_futex(uaddr: 7f213553a270, op: 80, val: 2, utime: 0, uaddr2: 7f213553a270, val3: 16)
         firefox-29603 [000] .... 844472.034712: sys_futex(uaddr: 7f213553a270, op: 81, val: 1, utime: 1, uaddr2: 0, val3: 4000001)
      DOM Worker-29659 [000] .... 844472.034716: sys_futex -> 0x0
      DOM Worker-29659 [000] .... 844472.034716: sys_futex(uaddr: 7f213553a270, op: 81, val: 1, utime: 18055fd6, uaddr2: 0, val3: 16)
      DOM Worker-29659 [000] .... 844472.034717: sys_futex -> 0x0
      DOM Worker-29659 [000] .... 844472.034742: sys_futex(uaddr: 7f2146a6e60c, op: 85, val: 1, utime: 1, uaddr2: 7f2146a6e608, val3: 4000001)
           Timer-29647 [000] .... 844472.034749: sys_futex(uaddr: 7f215f0f6950, op: 81, val: 1, utime: 18055fd6, uaddr2: 7f215f0f6950, val3: 0)
           Timer-29647 [000] .... 844472.034749: sys_futex -> 0x0
           Timer-29647 [000] .... 844472.034750: sys_futex(uaddr: 7f2146a6e60c, op: 189, val: fd, utime: 7f213c7fec60, uaddr2: 7f215f0f6950, val3: ffffffff)
      DOM Worker-29659 [000] .... 844472.034754: sys_futex(uaddr: 7f213992a78c, op: 80, val: 69, utime: 0, uaddr2: 7f2139df0c00, val3: 34)
         firefox-29603 [000] .... 844472.034894: sys_futex -> 0x1
         firefox-29603 [000] .... 844472.034933: sys_futex(uaddr: 7f213b81aa6c, op: 84, val: 1, utime: 7fffffff, uaddr2: 7f213b81aa08, val3: 6e)
  StreamTrans #2-29660 [000] .... 844472.034941: sys_futex(uaddr: 7f213b81aa08, op: 81, val: 1, utime: 7f21394fec30, uaddr2: 0, val3: 37)
  StreamTrans #2-29660 [000] .... 844472.034941: sys_futex -> 0x0
  StreamTrans #2-29660 [000] .... 844472.034943: sys_futex(uaddr: 7f213553a5e0, op: 80, val: 2, utime: 0, uaddr2: 7f213553a5e0, val3: 37)
         firefox-29603 [000] .... 844472.035037: sys_futex(uaddr: 7f213553a5e0, op: 81, val: 1, utime: 7fffffff, uaddr2: 0, val3: 6e)
  StreamTrans #2-29660 [000] .... 844472.035040: sys_futex -> 0x0
  StreamTrans #2-29660 [000] .... 844472.035041: sys_futex(uaddr: 7f213553a5e0, op: 81, val: 1, utime: 7f21394fec30, uaddr2: 0, val3: 37)
  StreamTrans #2-29660 [000] .... 844472.035041: sys_futex -> 0x0
  StreamTrans #2-29660 [000] .... 844472.035048: sys_futex(uaddr: 7f213b81aa6c, op: 189, val: 6f, utime: 7f21394fec30, uaddr2: 7f213b81aa08, val3: ffffffff)
         firefox-29603 [000] .... 844472.035127: sys_futex -> 0x1
         firefox-29603 [000] .... 844472.035172: sys_futex(uaddr: 7f213992a78c, op: 85, val: 1, utime: 1, uaddr2: 7f213992a788, val3: 4000001)
      DOM Worker-29659 [000] .... 844472.035178: sys_futex -> 0x0
      DOM Worker-29659 [000] .... 844472.035180: sys_futex(uaddr: 7f2139df0cc0, op: 81, val: 1, utime: 0, uaddr2: 0, val3: 35)
      DOM Worker-29659 [000] .... 844472.035180: sys_futex -> 0x0
      DOM Worker-29659 [000] .... 844472.035181: sys_futex(uaddr: 7f2146a6e60c, op: 85, val: 1, utime: 1, uaddr2: 7f2146a6e608, val3: 4000001)
           Timer-29647 [000] .... 844472.035186: sys_futex(uaddr: 7f215f0f6950, op: 81, val: 1, utime: 18055fd8, uaddr2: 7f215f0f6950, val3: 0)
           Timer-29647 [000] .... 844472.035187: sys_futex -> 0x0
           Timer-29647 [000] .... 844472.035187: sys_futex(uaddr: 7f2146a6e60c, op: 189, val: ff, utime: 7f213c7fec60, uaddr2: 7f215f0f6950, val3: ffffffff)
      DOM Worker-29659 [000] .... 844472.035199: sys_futex(uaddr: 7f215f035a0c, op: 85, val: 1, utime: 1, uaddr2: 7f215f035a08, val3: 4000001)
 Analysis Helper-29631 [000] .... 844472.035204: sys_futex -> 0x0
 Analysis Helper-29631 [000] .... 844472.035205: sys_futex(uaddr: 7f215f04a870, op: 81, val: 1, utime: 0, uaddr2: 0, val3: 8b)
 Analysis Helper-29631 [000] .... 844472.035205: sys_futex -> 0x0
 Analysis Helper-29631 [000] .... 844472.035336: sys_futex(uaddr: 7f215f035a0c, op: 80, val: 122, utime: 0, uaddr2: 7f215f04a800, val3: 8b)
      DOM Worker-29659 [000] .... 844472.035466: sys_futex(uaddr: 7f213553a1c0, op: 80, val: 2, utime: 0, uaddr2: 7f213553a1c0, val3: 3)
         firefox-29603 [000] .... 844472.035656: sys_futex(uaddr: 7f213553a1c0, op: 81, val: 1, utime: 1, uaddr2: 0, val3: 4000001)
      DOM Worker-29659 [000] .... 844472.035659: sys_futex -> 0x0
      DOM Worker-29659 [000] .... 844472.035660: sys_futex(uaddr: 7f213553a1c0, op: 81, val: 1, utime: 0, uaddr2: 0, val3: 3)
      DOM Worker-29659 [000] .... 844472.035660: sys_futex -> 0x0
      DOM Worker-29659 [000] .... 844472.035704: sys_futex(uaddr: 7f2146a6e60c, op: 85, val: 1, utime: 1, uaddr2: 7f2146a6e608, val3: 4000001)
           Timer-29647 [000] .... 844472.035714: sys_futex(uaddr: 7f215f0f6950, op: 81, val: 1, utime: 18055fd8, uaddr2: 7f215f0f6950, val3: 0)
           Timer-29647 [000] .... 844472.035714: sys_futex -> 0x0
           Timer-29647 [000] .... 844472.035715: sys_futex(uaddr: 7f2146a6e60c, op: 189, val: 101, utime: 7f213c7fec60, uaddr2: 7f215f0f6950, val3: ffffffff)
      DOM Worker-29659 [000] .... 844472.035720: sys_futex(uaddr: 7f213992a78c, op: 80, val: 6b, utime: 0, uaddr2: 7f2139df0c00, val3: 35)
         firefox-29603 [000] .... 844472.035860: sys_futex -> 0x1
         firefox-29603 [000] .... 844472.035940: sys_futex(uaddr: 7f213992a78c, op: 85, val: 1, utime: 1, uaddr2: 7f213992a788, val3: 4000001)
      DOM Worker-29659 [000] .... 844472.035948: sys_futex -> 0x0
      DOM Worker-29659 [000] .... 844472.035950: sys_futex(uaddr: 7f2139df0cc0, op: 81, val: 1, utime: 0, uaddr2: 0, val3: 36)
      DOM Worker-29659 [000] .... 844472.035950: sys_futex -> 0x0
      DOM Worker-29659 [000] .... 844472.035951: sys_futex(uaddr: 7f2146a6e60c, op: 85, val: 1, utime: 1, uaddr2: 7f2146a6e608, val3: 4000001)
           Timer-29647 [000] .... 844472.035957: sys_futex(uaddr: 7f215f0f6950, op: 81, val: 1, utime: 18055fda, uaddr2: 7f215f0f6950, val3: 0)
           Timer-29647 [000] .... 844472.035957: sys_futex -> 0x0
           Timer-29647 [000] .... 844472.035958: sys_futex(uaddr: 7f2146a6e60c, op: 189, val: 103, utime: 7f213c7fec60, uaddr2: 7f215f0f6950, val3: ffffffff)
      DOM Worker-29659 [000] .... 844472.035971: sys_futex(uaddr: 7f2146a6e60c, op: 85, val: 1, utime: 1, uaddr2: 7f2146a6e608, val3: 4000001)
           Timer-29647 [000] .... 844472.035976: sys_futex(uaddr: 7f215f0f6950, op: 81, val: 1, utime: 18055fda, uaddr2: 7f215f0f6950, val3: 0)
           Timer-29647 [000] .... 844472.035976: sys_futex -> 0x0
           Timer-29647 [000] .... 844472.035977: sys_futex(uaddr: 7f2146a6e60c, op: 189, val: 105, utime: 7f213c7fec60, uaddr2: 7f215f0f6950, val3: ffffffff)
      DOM Worker-29659 [000] .... 844472.035980: sys_futex(uaddr: 7f213992a78c, op: 80, val: 6d, utime: 0, uaddr2: 7f2139df0c00, val3: 36)
