  StreamTrans #1-29657 [000] .... 844471.683122: sys_futex(uaddr: 7f213b81aa08, op: 81, val: 1, utime: 7f213b7fec30, uaddr2: 0, val3: 2)
  StreamTrans #1-29657 [000] .... 844471.683123: sys_futex -> 0x0
  StreamTrans #1-29657 [000] .... 844471.683126: sys_futex(uaddr: 7f213a98d8a0, op: 80, val: 2, utime: 0, uaddr2: 7f213a98d8a0, val3: 2)
         firefox-29603 [000] .... 844471.683208: sys_futex(uaddr: 7f213a98d8a0, op: 81, val: 1, utime: 7fffffff, uaddr2: 0, val3: 4)
  StreamTrans #1-29657 [000] .... 844471.683242: sys_futex -> 0x0
  StreamTrans #1-29657 [000] .... 844471.683246: sys_futex(uaddr: 7f213a98d8a0, op: 81, val: 1, utime: 7f213b7fec30, uaddr2: 0, val3: 2)
  StreamTrans #1-29657 [000] .... 844471.683246: sys_futex -> 0x0
  StreamTrans #1-29657 [000] .... 844471.683922: sys_futex(uaddr: 7f213b81aa6c, op: 189, val: 5, utime: 7f213b7fec30, uaddr2: 7f213b81aa08, val3: ffffffff)
         firefox-29603 [000] .... 844471.683989: sys_futex -> 0x1
           gdbus-29645 [000] .... 844471.686259: sys_futex(uaddr: 7f2142869340, op: 0, val: 2, utime: 0, uaddr2: 0, val3: 7f2142869340)
         firefox-29603 [000] .... 844471.686316: sys_futex(uaddr: 7f2142869340, op: 1, val: 1, utime: 0, uaddr2: 0, val3: 7f213a9f2920)
           gdbus-29645 [000] .... 844471.686354: sys_futex -> 0x0
           gdbus-29645 [000] .... 844471.686358: sys_futex(uaddr: 7f2142869340, op: 1, val: 1, utime: 0, uaddr2: 7f2142869340, val3: ffffffff00000000)
           gdbus-29645 [000] .... 844471.686358: sys_futex -> 0x0
           gdbus-29645 [000] .... 844471.686360: sys_futex(uaddr: 7f2143271780, op: 0, val: 2, utime: 0, uaddr2: ffffffff00000000, val3: 7f2142869340)
         firefox-29603 [000] .... 844471.686427: sys_futex -> 0x1
         firefox-29603 [000] .... 844471.686456: sys_futex(uaddr: 7f2143271780, op: 1, val: 1, utime: 0, uaddr2: 7f213a9f2920, val3: 134)
           gdbus-29645 [000] .... 844471.686490: sys_futex -> 0x0
           gdbus-29645 [000] .... 844471.686491: sys_futex(uaddr: 7f2143271780, op: 1, val: 1, utime: 0, uaddr2: 17, val3: 0)
           gdbus-29645 [000] .... 844471.686492: sys_futex -> 0x0
           gdbus-29645 [000] .... 844471.686494: sys_futex(uaddr: 7f2146a40188, op: 0, val: 2, utime: 0, uaddr2: 1, val3: 7f2146a40170)
         firefox-29603 [000] .... 844471.686555: sys_futex -> 0x1
         firefox-29603 [000] .... 844471.686587: sys_futex(uaddr: 7f2146a40188, op: 1, val: 1, utime: 0, uaddr2: 7f213a9eb004, val3: 7f2154782656)
           gdbus-29645 [000] .... 844471.686669: sys_futex -> 0x0
           gdbus-29645 [000] .... 844471.686671: sys_futex(uaddr: 7f2146a40188, op: 1, val: 1, utime: 0, uaddr2: 7f2146a40170, val3: 7f213f790790)
           gdbus-29645 [000] .... 844471.686671: sys_futex -> 0x0
         firefox-29603 [000] .... 844471.686781: sys_futex -> 0x1
           gdbus-29645 [000] .... 844471.686955: sys_futex(uaddr: 7f2142869340, op: 0, val: 2, utime: 0, uaddr2: 0, val3: 7f2142869340)
         firefox-29603 [000] .... 844471.686998: sys_futex(uaddr: 7f2142869340, op: 1, val: 1, utime: 0, uaddr2: 0, val3: 7f213a9f2920)
           gdbus-29645 [000] .... 844471.687033: sys_futex -> 0x0
           gdbus-29645 [000] .... 844471.687036: sys_futex(uaddr: 7f2142869340, op: 1, val: 1, utime: 0, uaddr2: 7f2142869340, val3: ffffffff00000000)
           gdbus-29645 [000] .... 844471.687036: sys_futex -> 0x0
           gdbus-29645 [000] .... 844471.687038: sys_futex(uaddr: 7f2143271780, op: 0, val: 2, utime: 0, uaddr2: ffffffff00000000, val3: 7f2142869340)
         firefox-29603 [000] .... 844471.687096: sys_futex -> 0x1
         firefox-29603 [000] .... 844471.687123: sys_futex(uaddr: 7f2143271780, op: 1, val: 1, utime: 0, uaddr2: 7f213a9f2920, val3: a9)
           gdbus-29645 [000] .... 844471.687157: sys_futex -> 0x0
           gdbus-29645 [000] .... 844471.687159: sys_futex(uaddr: 7f2143271780, op: 1, val: 1, utime: 0, uaddr2: 22, val3: 0)
           gdbus-29645 [000] .... 844471.687159: sys_futex -> 0x0
           gdbus-29645 [000] .... 844471.687160: sys_futex(uaddr: 7f2146a40188, op: 0, val: 2, utime: 0, uaddr2: 1, val3: 7f2146a40170)
         firefox-29603 [000] .... 844471.687217: sys_futex -> 0x1
         firefox-29603 [000] .... 844471.687249: sys_futex(uaddr: 7f2146a40188, op: 1, val: 1, utime: 0, uaddr2: 0, val3: 0)
           gdbus-29645 [000] .... 844471.687284: sys_futex -> 0x0
           gdbus-29645 [000] .... 844471.687285: sys_futex(uaddr: 7f2146a40188, op: 1, val: 1, utime: 0, uaddr2: 7f2146a40170, val3: 7f213f790790)
           gdbus-29645 [000] .... 844471.687286: sys_futex -> 0x0
         firefox-29603 [000] .... 844471.687443: sys_futex -> 0x1
         firefox-29603 [000] .... 844471.687987: sys_futex(uaddr: 7f213b81aa6c, op: 84, val: 1, utime: 7fffffff, uaddr2: 7f213b81aa08, val3: 6)
  StreamTrans #1-29657 [000] .... 844471.688046: sys_futex(uaddr: 7f213b81aa08, op: 81, val: 1, utime: 7f213b7fec30, uaddr2: 0, val3: 3)
  StreamTrans #1-29657 [000] .... 844471.688046: sys_futex -> 0x0
  StreamTrans #1-29657 [000] .... 844471.688098: sys_futex(uaddr: 7f213b81aa6c, op: 189, val: 7, utime: 7f213b7fec30, uaddr2: 7f213b81aa08, val3: ffffffff)
         firefox-29603 [000] .... 844471.688296: sys_futex(uaddr: 7f2146a6e60c, op: 85, val: 1, utime: 1, uaddr2: 7f2146a6e608, val3: 4000001)
           Timer-29647 [000] .... 844471.688355: sys_futex(uaddr: 7f215f0f6950, op: 81, val: 1, utime: 18055d22, uaddr2: 7f215f0f6950, val3: 0)
           Timer-29647 [000] .... 844471.688356: sys_futex -> 0x0
           Timer-29647 [000] .... 844471.688356: sys_futex(uaddr: 7f2146a6e60c, op: 189, val: 9, utime: 7f213c7fec60, uaddr2: 7f215f0f6950, val3: ffffffff)
         firefox-29603 [000] .... 844471.688437: sys_futex(uaddr: 7f2146a6e60c, op: 85, val: 1, utime: 1, uaddr2: 7f2146a6e608, val3: 4000001)
           Timer-29647 [000] .... 844471.688478: sys_futex(uaddr: 7f215f0f6950, op: 81, val: 1, utime: 18055d22, uaddr2: 7f215f0f6950, val3: 0)
           Timer-29647 [000] .... 844471.688478: sys_futex -> 0x0
           Timer-29647 [000] .... 844471.688479: sys_futex(uaddr: 7f2146a6e60c, op: 189, val: b, utime: 7f213c7fec60, uaddr2: 7f215f0f6950, val3: ffffffff)
         firefox-29603 [000] d... 844471.688766: sched_wakeup_new: comm=firefox pid=29658 prio=120 success=1 target_cpu=000
         firefox-29603 [000] .... 844471.688813: sys_futex(uaddr: 7f213a98de8c, op: 80, val: 1, utime: 0, uaddr2: 7f213a98de00, val3: 0)
         firefox-29658 [000] .... 844471.688867: sys_futex(uaddr: 7f213a98de8c, op: 85, val: 1, utime: 1, uaddr2: 7f213a98de88, val3: 4000001)
         firefox-29603 [000] .... 844471.688906: sys_futex -> 0x0
         firefox-29603 [000] .... 844471.688910: sys_futex(uaddr: 7f213a98de28, op: 81, val: 1, utime: 0, uaddr2: 0, val3: 1)
         firefox-29603 [000] .... 844471.688910: sys_futex -> 0x0
         firefox-29603 [000] .... 844471.689075: sys_futex(uaddr: 7f2146a6e60c, op: 85, val: 1, utime: 1, uaddr2: 7f2146a6e608, val3: 4000001)
           Timer-29647 [000] .... 844471.695640: sys_futex(uaddr: 7f215f0f6950, op: 81, val: 1, utime: 18055d32, uaddr2: 7f215f0f6950, val3: 0)
           Timer-29647 [000] .... 844471.695641: sys_futex -> 0x0
           Timer-29647 [000] .... 844471.695641: sys_futex(uaddr: 7f2146a6e60c, op: 189, val: d, utime: 7f213c7fec60, uaddr2: 7f215f0f6950, val3: ffffffff)
           Timer-29647 [000] .... 844471.704709: sys_futex(uaddr: 7f215f0f6950, op: 81, val: 1, utime: 18055d44, uaddr2: 7f215f0f6950, val3: 0)
           Timer-29647 [000] .... 844471.704710: sys_futex -> 0x0
           Timer-29647 [000] .... 844471.704710: sys_futex(uaddr: 7f2146a6e60c, op: 189, val: f, utime: 7f213c7fec60, uaddr2: 7f215f0f6950, val3: ffffffff)
    HTML5 Parser-29658 [000] .... 844471.704894: sys_futex(uaddr: 7f213a98dddc, op: 80, val: 1, utime: 0, uaddr2: 7f213a98dd00, val3: 0)
           Timer-29647 [000] .... 844471.705773: sys_futex(uaddr: 7f215f0f6950, op: 81, val: 1, utime: 0, uaddr2: 0, val3: a)
           Timer-29647 [000] .... 844471.705773: sys_futex -> 0x0
           Timer-29647 [000] .... 844471.705777: sys_futex(uaddr: 7f2146a6e60c, op: 189, val: 11, utime: 7f213c7fec60, uaddr2: 7f215f0f6950, val3: ffffffff)
         firefox-29603 [000] .... 844471.706564: sys_futex(uaddr: 7f215f035a0c, op: 84, val: 1, utime: 7fffffff, uaddr2: 7f215f04a870, val3: 90)
 Analysis Helper-29632 [000] .... 844471.706619: sys_futex -> 0x0
 Analysis Helper-29632 [000] .... 844471.706624: sys_futex(uaddr: 7f215f04a870, op: 81, val: 1, utime: 0, uaddr2: 0, val3: 48)
 Analysis Helper-29632 [000] .... 844471.706627: sys_futex -> 0x1
 Analysis Helper-29633 [000] .... 844471.706650: sys_futex -> 0x0
 Analysis Helper-29633 [000] .... 844471.706652: sys_futex(uaddr: 7f215f04a870, op: 81, val: 1, utime: 0, uaddr2: 7f215f04a870, val3: 0)
 Analysis Helper-29633 [000] .... 844471.706654: sys_futex -> 0x1
 Analysis Helper-29633 [000] .... 844471.706655: sys_futex(uaddr: 7f215f035a0c, op: 80, val: 91, utime: 0, uaddr2: 7f215f04a800, val3: 48)
 Analysis Helper-29634 [000] .... 844471.706658: sys_futex -> 0x0
 Analysis Helper-29634 [000] .... 844471.706659: sys_futex(uaddr: 7f215f04a870, op: 81, val: 1, utime: 0, uaddr2: 7f215f04a870, val3: 0)
 Analysis Helper-29634 [000] .... 844471.706660: sys_futex -> 0x1
 Analysis Helper-29634 [000] .... 844471.706661: sys_futex(uaddr: 7f215f035a0c, op: 80, val: 92, utime: 0, uaddr2: 7f215f04a800, val3: 48)
 Analysis Helper-29635 [000] .... 844471.706663: sys_futex -> 0x0
 Analysis Helper-29635 [000] .... 844471.706664: sys_futex(uaddr: 7f215f04a870, op: 81, val: 1, utime: 0, uaddr2: 7f215f04a870, val3: 0)
 Analysis Helper-29635 [000] .... 844471.706666: sys_futex -> 0x1
 Analysis Helper-29635 [000] .... 844471.706667: sys_futex(uaddr: 7f215f035a0c, op: 80, val: 93, utime: 0, uaddr2: 7f215f04a800, val3: 48)
 Analysis Helper-29636 [000] .... 844471.706669: sys_futex -> 0x0
 Analysis Helper-29636 [000] .... 844471.706670: sys_futex(uaddr: 7f215f04a870, op: 81, val: 1, utime: 0, uaddr2: 7f215f04a870, val3: 0)
 Analysis Helper-29636 [000] .... 844471.706672: sys_futex -> 0x1
 Analysis Helper-29636 [000] .... 844471.706673: sys_futex(uaddr: 7f215f035a0c, op: 80, val: 94, utime: 0, uaddr2: 7f215f04a800, val3: 48)
 Analysis Helper-29637 [000] .... 844471.706675: sys_futex -> 0x0
 Analysis Helper-29637 [000] .... 844471.706676: sys_futex(uaddr: 7f215f04a870, op: 81, val: 1, utime: 0, uaddr2: 7f215f04a870, val3: 0)
 Analysis Helper-29637 [000] .... 844471.706678: sys_futex -> 0x1
 Analysis Helper-29637 [000] .... 844471.706678: sys_futex(uaddr: 7f215f035a0c, op: 80, val: 95, utime: 0, uaddr2: 7f215f04a800, val3: 48)
 Analysis Helper-29638 [000] .... 844471.706680: sys_futex -> 0x0
 Analysis Helper-29638 [000] .... 844471.706681: sys_futex(uaddr: 7f215f04a870, op: 81, val: 1, utime: 0, uaddr2: 7f215f04a870, val3: 0)
 Analysis Helper-29638 [000] .... 844471.706683: sys_futex -> 0x1
 Analysis Helper-29638 [000] .... 844471.706684: sys_futex(uaddr: 7f215f035a0c, op: 80, val: 96, utime: 0, uaddr2: 7f215f04a800, val3: 48)
 Analysis Helper-29631 [000] .... 844471.706686: sys_futex -> 0x0
 Analysis Helper-29631 [000] .... 844471.706687: sys_futex(uaddr: 7f215f04a870, op: 81, val: 1, utime: 0, uaddr2: 7f215f04a870, val3: 0)
 Analysis Helper-29631 [000] .... 844471.706689: sys_futex -> 0x1
 Analysis Helper-29631 [000] .... 844471.706690: sys_futex(uaddr: 7f215f035a0c, op: 80, val: 97, utime: 0, uaddr2: 7f215f04a800, val3: 48)
 Analysis Helper-29630 [000] .... 844471.706692: sys_futex -> 0x0
 Analysis Helper-29630 [000] .... 844471.706693: sys_futex(uaddr: 7f215f04a870, op: 81, val: 1, utime: 0, uaddr2: 7f215f04a870, val3: 0)
 Analysis Helper-29630 [000] .... 844471.706695: sys_futex -> 0x1
 Analysis Helper-29630 [000] .... 844471.706696: sys_futex(uaddr: 7f215f035a0c, op: 80, val: 98, utime: 0, uaddr2: 7f215f04a800, val3: 48)
 Analysis Helper-29629 [000] .... 844471.706698: sys_futex -> 0x0
 Analysis Helper-29629 [000] .... 844471.706699: sys_futex(uaddr: 7f215f04a870, op: 81, val: 1, utime: 0, uaddr2: 7f215f04a870, val3: 0)
 Analysis Helper-29629 [000] .... 844471.706701: sys_futex -> 0x1
 Analysis Helper-29629 [000] .... 844471.706702: sys_futex(uaddr: 7f215f035a0c, op: 80, val: 99, utime: 0, uaddr2: 7f215f04a800, val3: 48)
 Analysis Helper-29627 [000] .... 844471.706704: sys_futex -> 0x0
 Analysis Helper-29627 [000] .... 844471.706705: sys_futex(uaddr: 7f215f04a870, op: 81, val: 1, utime: 0, uaddr2: 7f215f04a870, val3: 0)
 Analysis Helper-29627 [000] .... 844471.706707: sys_futex -> 0x1
 Analysis Helper-29627 [000] .... 844471.706707: sys_futex(uaddr: 7f215f035a0c, op: 80, val: 9a, utime: 0, uaddr2: 7f215f04a800, val3: 48)
 Analysis Helper-29628 [000] .... 844471.706710: sys_futex -> 0x0
 Analysis Helper-29628 [000] .... 844471.706710: sys_futex(uaddr: 7f215f04a870, op: 81, val: 1, utime: 0, uaddr2: 7f215f04a870, val3: 0)
 Analysis Helper-29628 [000] .... 844471.706711: sys_futex -> 0x0
 Analysis Helper-29628 [000] .... 844471.706711: sys_futex(uaddr: 7f215f035a0c, op: 80, val: 9b, utime: 0, uaddr2: 7f215f04a800, val3: 48)
 Analysis Helper-29632 [000] .... 844471.706734: sys_futex(uaddr: 7f215f035a0c, op: 80, val: 9c, utime: 0, uaddr2: 7f215f04a800, val3: 48)
         firefox-29603 [000] .... 844471.722185: sys_futex(uaddr: 7f213b81aa6c, op: 84, val: 1, utime: 7fffffff, uaddr2: 7f213b81aa08, val3: 8)
  StreamTrans #1-29657 [000] .... 844471.722247: sys_futex(uaddr: 7f213b81aa08, op: 81, val: 1, utime: 7f213b7fec30, uaddr2: 0, val3: 4)
  StreamTrans #1-29657 [000] .... 844471.722247: sys_futex -> 0x0
  StreamTrans #1-29657 [000] .... 844471.722250: sys_futex(uaddr: 7f2139c032f0, op: 80, val: 2, utime: 0, uaddr2: 7f2139c032f0, val3: 4)
         firefox-29603 [000] .... 844471.722331: sys_futex(uaddr: 7f2139c032f0, op: 81, val: 1, utime: 7fffffff, uaddr2: 0, val3: 8)
  StreamTrans #1-29657 [000] .... 844471.722366: sys_futex -> 0x0
  StreamTrans #1-29657 [000] .... 844471.722369: sys_futex(uaddr: 7f2139c032f0, op: 81, val: 1, utime: 7f213b7fec30, uaddr2: 0, val3: 4)
  StreamTrans #1-29657 [000] .... 844471.722369: sys_futex -> 0x0
  StreamTrans #1-29657 [000] .... 844471.722554: sys_futex(uaddr: 7f213b81aa6c, op: 189, val: 9, utime: 7f213b7fec30, uaddr2: 7f213b81aa08, val3: ffffffff)
         firefox-29603 [000] .... 844471.722616: sys_futex -> 0x1
         firefox-29603 [000] .... 844471.722761: sys_futex(uaddr: 7f213b81aa6c, op: 84, val: 1, utime: 7fffffff, uaddr2: 7f213b81aa08, val3: a)
  StreamTrans #1-29657 [000] .... 844471.722817: sys_futex(uaddr: 7f213b81aa08, op: 81, val: 1, utime: 7f213b7fec30, uaddr2: 0, val3: 5)
  StreamTrans #1-29657 [000] .... 844471.722817: sys_futex -> 0x0
  StreamTrans #1-29657 [000] .... 844471.722819: sys_futex(uaddr: 7f2139c03500, op: 80, val: 2, utime: 0, uaddr2: 7f2139c03500, val3: 5)
         firefox-29603 [000] .... 844471.722901: sys_futex(uaddr: 7f2139c03500, op: 81, val: 1, utime: 7fffffff, uaddr2: 0, val3: a)
  StreamTrans #1-29657 [000] .... 844471.722946: sys_futex -> 0x0
  StreamTrans #1-29657 [000] .... 844471.722950: sys_futex(uaddr: 7f2139c03500, op: 81, val: 1, utime: 7f213b7fec30, uaddr2: 0, val3: 5)
  StreamTrans #1-29657 [000] .... 844471.722950: sys_futex -> 0x0
  StreamTrans #1-29657 [000] .... 844471.722976: sys_futex(uaddr: 7f213b81aa6c, op: 189, val: b, utime: 7f213b7fec30, uaddr2: 7f213b81aa08, val3: ffffffff)
         firefox-29603 [000] .... 844471.723036: sys_futex -> 0x1
         firefox-29603 [000] .... 844471.723162: sys_futex(uaddr: 7f213b81aa6c, op: 84, val: 1, utime: 7fffffff, uaddr2: 7f213b81aa08, val3: c)
  StreamTrans #1-29657 [000] .... 844471.723215: sys_futex(uaddr: 7f213b81aa08, op: 81, val: 1, utime: 7f213b7fec30, uaddr2: 0, val3: 6)
  StreamTrans #1-29657 [000] .... 844471.723216: sys_futex -> 0x0
  StreamTrans #1-29657 [000] .... 844471.723218: sys_futex(uaddr: 7f2139c03710, op: 80, val: 2, utime: 0, uaddr2: 7f2139c03710, val3: 6)
         firefox-29603 [000] .... 844471.723297: sys_futex(uaddr: 7f2139c03710, op: 81, val: 1, utime: 7fffffff, uaddr2: 0, val3: c)
  StreamTrans #1-29657 [000] .... 844471.723331: sys_futex -> 0x0
  StreamTrans #1-29657 [000] .... 844471.723334: sys_futex(uaddr: 7f2139c03710, op: 81, val: 1, utime: 7f213b7fec30, uaddr2: 0, val3: 6)
  StreamTrans #1-29657 [000] .... 844471.723335: sys_futex -> 0x0
  StreamTrans #1-29657 [000] .... 844471.723386: sys_futex(uaddr: 7f213b81aa6c, op: 189, val: d, utime: 7f213b7fec30, uaddr2: 7f213b81aa08, val3: ffffffff)
         firefox-29603 [000] .... 844471.723446: sys_futex -> 0x1
         firefox-29603 [000] .... 844471.723577: sys_futex(uaddr: 7f213b81aa6c, op: 84, val: 1, utime: 7fffffff, uaddr2: 7f213b81aa08, val3: e)
  StreamTrans #1-29657 [000] .... 844471.723631: sys_futex(uaddr: 7f213b81aa08, op: 81, val: 1, utime: 7f213b7fec30, uaddr2: 0, val3: 7)
  StreamTrans #1-29657 [000] .... 844471.723631: sys_futex -> 0x0
  StreamTrans #1-29657 [000] .... 844471.723633: sys_futex(uaddr: 7f2139c03920, op: 80, val: 2, utime: 0, uaddr2: 7f2139c03920, val3: 7)
         firefox-29603 [000] .... 844471.723729: sys_futex(uaddr: 7f2139c03920, op: 81, val: 1, utime: 7fffffff, uaddr2: 0, val3: e)
  StreamTrans #1-29657 [000] .... 844471.723763: sys_futex -> 0x0
  StreamTrans #1-29657 [000] .... 844471.723767: sys_futex(uaddr: 7f2139c03920, op: 81, val: 1, utime: 7f213b7fec30, uaddr2: 0, val3: 7)
  StreamTrans #1-29657 [000] .... 844471.723767: sys_futex -> 0x0
  StreamTrans #1-29657 [000] .... 844471.723977: sys_futex(uaddr: 7f213b81aa6c, op: 189, val: f, utime: 7f213b7fec30, uaddr2: 7f213b81aa08, val3: ffffffff)
         firefox-29603 [000] .... 844471.724039: sys_futex -> 0x1
         firefox-29603 [000] .... 844471.724173: sys_futex(uaddr: 7f213b81aa6c, op: 84, val: 1, utime: 7fffffff, uaddr2: 7f213b81aa08, val3: 10)
  StreamTrans #1-29657 [000] .... 844471.724229: sys_futex(uaddr: 7f213b81aa08, op: 81, val: 1, utime: 7f213b7fec30, uaddr2: 0, val3: 8)
  StreamTrans #1-29657 [000] .... 844471.724229: sys_futex -> 0x0
  StreamTrans #1-29657 [000] .... 844471.724231: sys_futex(uaddr: 7f2139c03b30, op: 80, val: 2, utime: 0, uaddr2: 7f2139c03b30, val3: 8)
         firefox-29603 [000] .... 844471.724310: sys_futex(uaddr: 7f2139c03b30, op: 81, val: 1, utime: 7fffffff, uaddr2: 0, val3: 10)
  StreamTrans #1-29657 [000] .... 844471.724344: sys_futex -> 0x0
  StreamTrans #1-29657 [000] .... 844471.724348: sys_futex(uaddr: 7f2139c03b30, op: 81, val: 1, utime: 7f213b7fec30, uaddr2: 0, val3: 8)
  StreamTrans #1-29657 [000] .... 844471.724348: sys_futex -> 0x0
  StreamTrans #1-29657 [000] .... 844471.725029: sys_futex(uaddr: 7f213b81aa6c, op: 189, val: 11, utime: 7f213b7fec30, uaddr2: 7f213b81aa08, val3: ffffffff)
         firefox-29603 [000] .... 844471.725096: sys_futex -> 0x1
         firefox-29603 [000] .... 844471.725218: sys_futex(uaddr: 7f213b81aa6c, op: 84, val: 1, utime: 7fffffff, uaddr2: 7f213b81aa08, val3: 12)
  StreamTrans #1-29657 [000] .... 844471.725279: sys_futex(uaddr: 7f213b81aa08, op: 81, val: 1, utime: 7f213b7fec30, uaddr2: 0, val3: 9)
  StreamTrans #1-29657 [000] .... 844471.725280: sys_futex -> 0x0
  StreamTrans #1-29657 [000] .... 844471.725282: sys_futex(uaddr: 7f2139c03d40, op: 80, val: 2, utime: 0, uaddr2: 7f2139c03d40, val3: 9)
         firefox-29603 [000] .... 844471.725371: sys_futex(uaddr: 7f2139c03d40, op: 81, val: 1, utime: 7fffffff, uaddr2: 0, val3: 12)
  StreamTrans #1-29657 [000] .... 844471.725406: sys_futex -> 0x0
  StreamTrans #1-29657 [000] .... 844471.725409: sys_futex(uaddr: 7f2139c03d40, op: 81, val: 1, utime: 7f213b7fec30, uaddr2: 0, val3: 9)
  StreamTrans #1-29657 [000] .... 844471.725409: sys_futex -> 0x0
  StreamTrans #1-29657 [000] .... 844471.725439: sys_futex(uaddr: 7f213b81aa6c, op: 189, val: 13, utime: 7f213b7fec30, uaddr2: 7f213b81aa08, val3: ffffffff)
         firefox-29603 [000] .... 844471.725497: sys_futex -> 0x1
         firefox-29603 [000] .... 844471.728676: sys_futex(uaddr: 7f215f035a0c, op: 84, val: 1, utime: 7fffffff, uaddr2: 7f215f04a870, val3: a8)
 Analysis Helper-29633 [000] .... 844471.728732: sys_futex -> 0x0
 Analysis Helper-29633 [000] .... 844471.728736: sys_futex(uaddr: 7f215f04a870, op: 81, val: 1, utime: 0, uaddr2: 0, val3: 54)
 Analysis Helper-29633 [000] .... 844471.728738: sys_futex -> 0x1
 Analysis Helper-29633 [000] .... 844471.728767: sys_futex(uaddr: 7f215f035a0c, op: 80, val: a9, utime: 0, uaddr2: 7f215f04a800, val3: 54)
 Analysis Helper-29634 [000] .... 844471.728770: sys_futex -> 0x0
 Analysis Helper-29634 [000] .... 844471.728770: sys_futex(uaddr: 7f215f04a870, op: 81, val: 1, utime: 0, uaddr2: 7f215f04a870, val3: 0)
 Analysis Helper-29634 [000] .... 844471.728772: sys_futex -> 0x1
 Analysis Helper-29634 [000] .... 844471.728772: sys_futex(uaddr: 7f215f035a0c, op: 80, val: aa, utime: 0, uaddr2: 7f215f04a800, val3: 54)
 Analysis Helper-29635 [000] .... 844471.728774: sys_futex -> 0x0
 Analysis Helper-29635 [000] .... 844471.728775: sys_futex(uaddr: 7f215f04a870, op: 81, val: 1, utime: 0, uaddr2: 7f215f04a870, val3: 0)
 Analysis Helper-29635 [000] .... 844471.728776: sys_futex -> 0x1
 Analysis Helper-29635 [000] .... 844471.728777: sys_futex(uaddr: 7f215f035a0c, op: 80, val: ab, utime: 0, uaddr2: 7f215f04a800, val3: 54)
 Analysis Helper-29636 [000] .... 844471.728778: sys_futex -> 0x0
 Analysis Helper-29636 [000] .... 844471.728779: sys_futex(uaddr: 7f215f04a870, op: 81, val: 1, utime: 0, uaddr2: 7f215f04a870, val3: 0)
 Analysis Helper-29636 [000] .... 844471.728780: sys_futex -> 0x1
 Analysis Helper-29636 [000] .... 844471.728781: sys_futex(uaddr: 7f215f035a0c, op: 80, val: ac, utime: 0, uaddr2: 7f215f04a800, val3: 54)
 Analysis Helper-29637 [000] .... 844471.728782: sys_futex -> 0x0
 Analysis Helper-29637 [000] .... 844471.728783: sys_futex(uaddr: 7f215f04a870, op: 81, val: 1, utime: 0, uaddr2: 7f215f04a870, val3: 0)
 Analysis Helper-29637 [000] .... 844471.728784: sys_futex -> 0x1
 Analysis Helper-29637 [000] .... 844471.728785: sys_futex(uaddr: 7f215f035a0c, op: 80, val: ad, utime: 0, uaddr2: 7f215f04a800, val3: 54)
 Analysis Helper-29638 [000] .... 844471.728786: sys_futex -> 0x0
 Analysis Helper-29638 [000] .... 844471.728787: sys_futex(uaddr: 7f215f04a870, op: 81, val: 1, utime: 0, uaddr2: 7f215f04a870, val3: 0)
 Analysis Helper-29638 [000] .... 844471.728788: sys_futex -> 0x1
 Analysis Helper-29638 [000] .... 844471.728789: sys_futex(uaddr: 7f215f035a0c, op: 80, val: ae, utime: 0, uaddr2: 7f215f04a800, val3: 54)
 Analysis Helper-29631 [000] .... 844471.728790: sys_futex -> 0x0
 Analysis Helper-29631 [000] .... 844471.728791: sys_futex(uaddr: 7f215f04a870, op: 81, val: 1, utime: 0, uaddr2: 7f215f04a870, val3: 0)
 Analysis Helper-29631 [000] .... 844471.728793: sys_futex -> 0x1
 Analysis Helper-29631 [000] .... 844471.728793: sys_futex(uaddr: 7f215f035a0c, op: 80, val: af, utime: 0, uaddr2: 7f215f04a800, val3: 54)
 Analysis Helper-29630 [000] .... 844471.728794: sys_futex -> 0x0
 Analysis Helper-29630 [000] .... 844471.728795: sys_futex(uaddr: 7f215f04a870, op: 81, val: 1, utime: 0, uaddr2: 7f215f04a870, val3: 0)
 Analysis Helper-29630 [000] .... 844471.728796: sys_futex -> 0x1
 Analysis Helper-29630 [000] .... 844471.728797: sys_futex(uaddr: 7f215f035a0c, op: 80, val: b0, utime: 0, uaddr2: 7f215f04a800, val3: 54)
 Analysis Helper-29629 [000] .... 844471.728798: sys_futex -> 0x0
 Analysis Helper-29629 [000] .... 844471.728799: sys_futex(uaddr: 7f215f04a870, op: 81, val: 1, utime: 0, uaddr2: 7f215f04a870, val3: 0)
 Analysis Helper-29629 [000] .... 844471.728800: sys_futex -> 0x1
 Analysis Helper-29629 [000] .... 844471.728801: sys_futex(uaddr: 7f215f035a0c, op: 80, val: b1, utime: 0, uaddr2: 7f215f04a800, val3: 54)
 Analysis Helper-29627 [000] .... 844471.728802: sys_futex -> 0x0
 Analysis Helper-29627 [000] .... 844471.728803: sys_futex(uaddr: 7f215f04a870, op: 81, val: 1, utime: 0, uaddr2: 7f215f04a870, val3: 0)
 Analysis Helper-29627 [000] .... 844471.728804: sys_futex -> 0x1
 Analysis Helper-29627 [000] .... 844471.728804: sys_futex(uaddr: 7f215f035a0c, op: 80, val: b2, utime: 0, uaddr2: 7f215f04a800, val3: 54)
 Analysis Helper-29628 [000] .... 844471.728806: sys_futex -> 0x0
 Analysis Helper-29628 [000] .... 844471.728806: sys_futex(uaddr: 7f215f04a870, op: 81, val: 1, utime: 0, uaddr2: 7f215f04a870, val3: 0)
 Analysis Helper-29628 [000] .... 844471.728808: sys_futex -> 0x1
 Analysis Helper-29628 [000] .... 844471.728808: sys_futex(uaddr: 7f215f035a0c, op: 80, val: b3, utime: 0, uaddr2: 7f215f04a800, val3: 54)
 Analysis Helper-29632 [000] .... 844471.728810: sys_futex -> 0x0
 Analysis Helper-29632 [000] .... 844471.728810: sys_futex(uaddr: 7f215f04a870, op: 81, val: 1, utime: 0, uaddr2: 7f215f04a870, val3: 0)
 Analysis Helper-29632 [000] .... 844471.728811: sys_futex -> 0x0
 Analysis Helper-29632 [000] .... 844471.728811: sys_futex(uaddr: 7f215f035a0c, op: 80, val: b4, utime: 0, uaddr2: 7f215f04a800, val3: 54)
         firefox-29603 [000] .... 844471.745494: sys_futex(uaddr: 7f215f035a0c, op: 85, val: 1, utime: 1, uaddr2: 7f215f035a08, val3: 4000001)
 Analysis Helper-29633 [000] .... 844471.745555: sys_futex -> 0x0
 Analysis Helper-29633 [000] .... 844471.745560: sys_futex(uaddr: 7f215f04a870, op: 81, val: 1, utime: 0, uaddr2: 0, val3: 55)
 Analysis Helper-29633 [000] .... 844471.745561: sys_futex -> 0x0
 Analysis Helper-29633 [000] .... 844471.745806: sys_futex(uaddr: 7f215f035a0c, op: 80, val: b6, utime: 0, uaddr2: 7f215f04a800, val3: 55)
         firefox-29603 [000] .... 844471.746336: sys_futex(uaddr: 7f215f035a0c, op: 85, val: 1, utime: 1, uaddr2: 7f215f035a08, val3: 4000001)
 Analysis Helper-29634 [000] .... 844471.746390: sys_futex -> 0x0
 Analysis Helper-29634 [000] .... 844471.746395: sys_futex(uaddr: 7f215f04a870, op: 81, val: 1, utime: 0, uaddr2: 0, val3: 56)
 Analysis Helper-29634 [000] .... 844471.746396: sys_futex -> 0x0
 Analysis Helper-29634 [000] .... 844471.746738: sys_futex(uaddr: 7f215f035a0c, op: 80, val: b8, utime: 0, uaddr2: 7f215f04a800, val3: 56)
         firefox-29603 [000] .... 844471.747913: sys_futex(uaddr: 7f213b81aa6c, op: 84, val: 1, utime: 7fffffff, uaddr2: 7f213b81aa08, val3: 14)
  StreamTrans #1-29657 [000] .... 844471.747977: sys_futex(uaddr: 7f213b81aa08, op: 81, val: 1, utime: 7f213b7fec30, uaddr2: 0, val3: a)
  StreamTrans #1-29657 [000] .... 844471.747978: sys_futex -> 0x0
  StreamTrans #1-29657 [000] .... 844471.747980: sys_futex(uaddr: 7f2139df07f0, op: 80, val: 2, utime: 0, uaddr2: 7f2139df07f0, val3: a)
         firefox-29603 [000] .... 844471.748067: sys_futex(uaddr: 7f2139df07f0, op: 81, val: 1, utime: 7fffffff, uaddr2: 0, val3: 14)
  StreamTrans #1-29657 [000] .... 844471.748102: sys_futex -> 0x0
  StreamTrans #1-29657 [000] .... 844471.748106: sys_futex(uaddr: 7f2139df07f0, op: 81, val: 1, utime: 7f213b7fec30, uaddr2: 0, val3: a)
  StreamTrans #1-29657 [000] .... 844471.748106: sys_futex -> 0x0
  StreamTrans #1-29657 [000] .... 844471.748141: sys_futex(uaddr: 7f213b81aa6c, op: 189, val: 15, utime: 7f213b7fec30, uaddr2: 7f213b81aa08, val3: ffffffff)
         firefox-29603 [000] .... 844471.748200: sys_futex -> 0x1
         firefox-29603 [000] .... 844471.748612: sys_futex(uaddr: 7f213b81aa6c, op: 84, val: 1, utime: 7fffffff, uaddr2: 7f213b81aa08, val3: 16)
  StreamTrans #1-29657 [000] .... 844471.748692: sys_futex(uaddr: 7f213b81aa08, op: 81, val: 1, utime: 7f213b7fec30, uaddr2: 0, val3: b)
  StreamTrans #1-29657 [000] .... 844471.748693: sys_futex -> 0x0
  StreamTrans #1-29657 [000] .... 844471.748695: sys_futex(uaddr: 7f2139df0cc0, op: 80, val: 2, utime: 0, uaddr2: 7f2139df0cc0, val3: b)
         firefox-29603 [000] .... 844471.748778: sys_futex(uaddr: 7f2139df0cc0, op: 81, val: 1, utime: 7fffffff, uaddr2: 0, val3: 16)
  StreamTrans #1-29657 [000] .... 844471.748817: sys_futex -> 0x0
  StreamTrans #1-29657 [000] .... 844471.748821: sys_futex(uaddr: 7f2139df0cc0, op: 81, val: 1, utime: 7f213b7fec30, uaddr2: 0, val3: b)
  StreamTrans #1-29657 [000] .... 844471.748821: sys_futex -> 0x0
  StreamTrans #1-29657 [000] .... 844471.748869: sys_futex(uaddr: 7f213b81aa6c, op: 189, val: 17, utime: 7f213b7fec30, uaddr2: 7f213b81aa08, val3: ffffffff)
         firefox-29603 [000] .... 844471.748930: sys_futex -> 0x1
         firefox-29603 [000] d... 844471.751962: sched_wakeup_new: comm=firefox pid=29659 prio=120 success=1 target_cpu=000
         firefox-29603 [000] .... 844471.752013: sys_futex(uaddr: 7f2139df0f3c, op: 80, val: 1, utime: 0, uaddr2: 7f2139df0e00, val3: 0)
         firefox-29659 [000] .... 844471.752068: sys_futex(uaddr: 7f2139df0f3c, op: 85, val: 1, utime: 1, uaddr2: 7f2139df0f38, val3: 4000001)
         firefox-29603 [000] .... 844471.752108: sys_futex -> 0x0
         firefox-29603 [000] .... 844471.752112: sys_futex(uaddr: 7f2139df0ed8, op: 81, val: 1, utime: 0, uaddr2: 0, val3: 1)
         firefox-29603 [000] .... 844471.752112: sys_futex -> 0x0
         firefox-29603 [000] .... 844471.753268: sys_futex(uaddr: 7f213b81aa6c, op: 84, val: 1, utime: 7fffffff, uaddr2: 7f213b81aa08, val3: 18)
         firefox-29603 [000] .... 844471.753595: sys_futex(uaddr: 7f213a98dddc, op: 84, val: 1, utime: 7fffffff, uaddr2: 7f213a98dd78, val3: 2)
         firefox-29603 [000] .... 844471.753620: sys_futex(uaddr: 7f2146a6e60c, op: 85, val: 1, utime: 1, uaddr2: 7f2146a6e608, val3: 4000001)
  StreamTrans #1-29657 [000] .... 844471.756687: sys_futex(uaddr: 7f213b81aa08, op: 81, val: 1, utime: 7f213b7fec30, uaddr2: 0, val3: c)
  StreamTrans #1-29657 [000] .... 844471.756688: sys_futex -> 0x0
  StreamTrans #1-29657 [000] .... 844471.756694: sys_futex(uaddr: 7f213b81aa6c, op: 189, val: 19, utime: 7f213b7fec30, uaddr2: 7f213b81aa08, val3: ffffffff)
    HTML5 Parser-29658 [000] .... 844471.756698: sys_futex -> 0x0
    HTML5 Parser-29658 [000] .... 844471.756699: sys_futex(uaddr: 7f213a98dd78, op: 81, val: 1, utime: 0, uaddr2: 0, val3: 1)
    HTML5 Parser-29658 [000] .... 844471.756699: sys_futex -> 0x0
    HTML5 Parser-29658 [000] .... 844471.756710: sys_futex(uaddr: 7f213a98dddc, op: 80, val: 3, utime: 0, uaddr2: 7f213a98dd00, val3: 1)
           Timer-29647 [000] .... 844471.756716: sys_futex(uaddr: 7f215f0f6950, op: 81, val: 1, utime: 18055dac, uaddr2: 7f215f0f6950, val3: 0)
           Timer-29647 [000] .... 844471.756717: sys_futex -> 0x0
           Timer-29647 [000] .... 844471.756717: sys_futex(uaddr: 7f2146a6e60c, op: 189, val: 13, utime: 7f213c7fec60, uaddr2: 7f215f0f6950, val3: ffffffff)
         firefox-29603 [000] .... 844471.759792: sys_futex(uaddr: 7f213b81aa6c, op: 84, val: 1, utime: 7fffffff, uaddr2: 7f213b81aa08, val3: 1a)
  StreamTrans #1-29657 [000] .... 844471.759851: sys_futex(uaddr: 7f213b81aa08, op: 81, val: 1, utime: 7f213b7fec30, uaddr2: 0, val3: d)
  StreamTrans #1-29657 [000] .... 844471.759852: sys_futex -> 0x0
  StreamTrans #1-29657 [000] .... 844471.759854: sys_futex(uaddr: 7f2139df1870, op: 80, val: 2, utime: 0, uaddr2: 7f2139df1870, val3: d)
         firefox-29603 [000] .... 844471.759935: sys_futex(uaddr: 7f2139df1870, op: 81, val: 1, utime: 7fffffff, uaddr2: 0, val3: 1a)
  StreamTrans #1-29657 [000] .... 844471.759969: sys_futex -> 0x0
  StreamTrans #1-29657 [000] .... 844471.759973: sys_futex(uaddr: 7f2139df1870, op: 81, val: 1, utime: 7f213b7fec30, uaddr2: 0, val3: d)
  StreamTrans #1-29657 [000] .... 844471.759973: sys_futex -> 0x0
  StreamTrans #1-29657 [000] .... 844471.760035: sys_futex(uaddr: 7f213b81aa6c, op: 189, val: 1b, utime: 7f213b7fec30, uaddr2: 7f213b81aa08, val3: ffffffff)
         firefox-29603 [000] .... 844471.760107: sys_futex -> 0x1
      DOM Worker-29659 [000] .... 844471.766786: sys_futex(uaddr: 7f2139df0e8c, op: 80, val: 1, utime: 0, uaddr2: 7f2139df0e00, val3: 0)
         firefox-29603 [000] .... 844471.771168: sys_futex(uaddr: 7f213b81aa6c, op: 84, val: 1, utime: 7fffffff, uaddr2: 7f213b81aa08, val3: 1c)
  StreamTrans #1-29657 [000] .... 844471.771228: sys_futex(uaddr: 7f213b81aa08, op: 81, val: 1, utime: 7f213b7fec30, uaddr2: 0, val3: e)
  StreamTrans #1-29657 [000] .... 844471.771229: sys_futex -> 0x0
  StreamTrans #1-29657 [000] .... 844471.771231: sys_futex(uaddr: 7f21395ca740, op: 80, val: 2, utime: 0, uaddr2: 7f21395ca740, val3: e)
         firefox-29603 [000] .... 844471.771312: sys_futex(uaddr: 7f21395ca740, op: 81, val: 1, utime: 7fffffff, uaddr2: 0, val3: 1c)
  StreamTrans #1-29657 [000] .... 844471.771352: sys_futex -> 0x0
  StreamTrans #1-29657 [000] .... 844471.771356: sys_futex(uaddr: 7f21395ca740, op: 81, val: 1, utime: 7f213b7fec30, uaddr2: 0, val3: e)
  StreamTrans #1-29657 [000] .... 844471.771356: sys_futex -> 0x0
  StreamTrans #1-29657 [000] .... 844471.771414: sys_futex(uaddr: 7f213b81aa6c, op: 189, val: 1d, utime: 7f213b7fec30, uaddr2: 7f213b81aa08, val3: ffffffff)
         firefox-29603 [000] .... 844471.771475: sys_futex -> 0x1
         firefox-29603 [000] .... 844471.771583: sys_futex(uaddr: 7f213b81aa6c, op: 84, val: 1, utime: 7fffffff, uaddr2: 7f213b81aa08, val3: 1e)
  StreamTrans #1-29657 [000] .... 844471.771636: sys_futex(uaddr: 7f213b81aa08, op: 81, val: 1, utime: 7f213b7fec30, uaddr2: 0, val3: f)
  StreamTrans #1-29657 [000] .... 844471.771637: sys_futex -> 0x0
  StreamTrans #1-29657 [000] .... 844471.771639: sys_futex(uaddr: 7f21395ca740, op: 80, val: 2, utime: 0, uaddr2: 7f21395ca740, val3: f)
         firefox-29603 [000] .... 844471.771723: sys_futex(uaddr: 7f21395ca740, op: 81, val: 1, utime: 7fffffff, uaddr2: 0, val3: 1e)
  StreamTrans #1-29657 [000] .... 844471.771758: sys_futex -> 0x0
  StreamTrans #1-29657 [000] .... 844471.771761: sys_futex(uaddr: 7f21395ca740, op: 81, val: 1, utime: 7f213b7fec30, uaddr2: 0, val3: f)
  StreamTrans #1-29657 [000] .... 844471.771762: sys_futex -> 0x0
         firefox-29603 [000] .... 844471.772081: sys_futex -> 0x1
         firefox-29603 [000] .... 844471.772427: sys_futex(uaddr: 7f21555dc568, op: 1, val: 7fffffff, utime: 0, uaddr2: 25, val3: 7f2139d04780)
         firefox-29603 [000] .... 844471.772474: sys_futex -> 0x0
         firefox-29603 [000] .... 844471.772507: sys_futex(uaddr: 7f21555dc568, op: 1, val: 7fffffff, utime: 0, uaddr2: 26, val3: 7f215f0e21fa)
         firefox-29603 [000] .... 844471.772538: sys_futex -> 0x0
         firefox-29603 [000] .... 844471.772571: sys_futex(uaddr: 7f21555dc568, op: 1, val: 7fffffff, utime: 0, uaddr2: 27, val3: 7f2154fdb413)
         firefox-29603 [000] .... 844471.772603: sys_futex -> 0x0
         firefox-29603 [000] .... 844471.773198: sys_futex(uaddr: 7f21555dc568, op: 1, val: 7fffffff, utime: 0, uaddr2: 1f, val3: 7f2154f2dd1b)
         firefox-29603 [000] .... 844471.773247: sys_futex -> 0x0
         firefox-29603 [000] .... 844471.773722: sys_futex(uaddr: 7f21555dc568, op: 1, val: 7fffffff, utime: 0, uaddr2: 1c, val3: 7f21395baac0)
         firefox-29603 [000] .... 844471.773769: sys_futex -> 0x0
         firefox-29603 [000] .... 844471.773841: sys_futex(uaddr: 7f21555dc568, op: 1, val: 7fffffff, utime: 0, uaddr2: 22, val3: 7f213a9d3e70)
         firefox-29603 [000] .... 844471.773881: sys_futex -> 0x0
         firefox-29603 [000] .... 844471.773912: sys_futex(uaddr: 7f21555dc568, op: 1, val: 7fffffff, utime: 0, uaddr2: 23, val3: 7f213a9d3ee0)
         firefox-29603 [000] .... 844471.773942: sys_futex -> 0x0
         firefox-29603 [000] d... 844471.775936: sched_wakeup_new: comm=firefox pid=29660 prio=120 success=1 target_cpu=000
         firefox-29603 [000] .... 844471.776004: sys_futex(uaddr: 7f21395cb2ac, op: 80, val: 1, utime: 0, uaddr2: 7f21395cb200, val3: 0)
         firefox-29660 [000] .... 844471.776059: sys_futex(uaddr: 7f21395cb2ac, op: 85, val: 1, utime: 1, uaddr2: 7f21395cb2a8, val3: 4000001)
         firefox-29603 [000] .... 844471.776099: sys_futex -> 0x0
         firefox-29603 [000] .... 844471.776103: sys_futex(uaddr: 7f21395cb248, op: 81, val: 1, utime: 0, uaddr2: 0, val3: 1)
         firefox-29603 [000] .... 844471.776103: sys_futex -> 0x0
         firefox-29603 [000] .... 844471.776591: sys_futex(uaddr: 7f2146a6e60c, op: 85, val: 1, utime: 1, uaddr2: 7f2146a6e608, val3: 4000001)
         firefox-29603 [000] .... 844471.776633: sys_futex(uaddr: 7f213a98dddc, op: 84, val: 1, utime: 7fffffff, uaddr2: 7f213a98dd78, val3: 4)
           Timer-29647 [000] .... 844471.776697: sys_futex(uaddr: 7f215f0f6950, op: 81, val: 1, utime: 18055dd4, uaddr2: 7f215f0f6950, val3: 0)
           Timer-29647 [000] .... 844471.776698: sys_futex -> 0x0
           Timer-29647 [000] .... 844471.776698: sys_futex(uaddr: 7f2146a6e60c, op: 189, val: 15, utime: 7f213c7fec60, uaddr2: 7f215f0f6950, val3: ffffffff)
    HTML5 Parser-29658 [000] .... 844471.776702: sys_futex -> 0x0
    HTML5 Parser-29658 [000] .... 844471.776702: sys_futex(uaddr: 7f213a98dd78, op: 81, val: 1, utime: 0, uaddr2: 0, val3: 2)
    HTML5 Parser-29658 [000] .... 844471.776702: sys_futex -> 0x0
    HTML5 Parser-29658 [000] .... 844471.776707: sys_futex(uaddr: 7f213a98dddc, op: 80, val: 5, utime: 0, uaddr2: 7f213a98dd00, val3: 2)
         firefox-29603 [000] d... 844471.777018: sched_wakeup_new: comm=firefox pid=29661 prio=120 success=1 target_cpu=000
         firefox-29603 [000] .... 844471.777024: sys_futex(uaddr: 7f21395cba3c, op: 80, val: 1, utime: 0, uaddr2: 7f21395cb900, val3: 0)
  StreamTrans #2-29660 [000] .... 844471.777134: sys_futex(uaddr: 7f21395cb710, op: 80, val: 2, utime: 0, uaddr2: 7f21395cb710, val3: 3f)
         firefox-29661 [000] .... 844471.777191: sys_futex(uaddr: 7f21395cba3c, op: 85, val: 1, utime: 1, uaddr2: 7f21395cba38, val3: 4000001)
         firefox-29603 [000] .... 844471.777232: sys_futex -> 0x0
         firefox-29603 [000] .... 844471.777235: sys_futex(uaddr: 7f21395cb9d8, op: 81, val: 1, utime: 0, uaddr2: 0, val3: 1)
         firefox-29603 [000] .... 844471.777236: sys_futex -> 0x0
         firefox-29603 [000] .... 844471.777239: sys_futex(uaddr: 7f21395cb710, op: 81, val: 1, utime: 0, uaddr2: 0, val3: 0)
         firefox-29603 [000] .... 844471.777241: sys_futex -> 0x1
         firefox-29603 [000] d... 844471.777834: sched_wakeup_new: comm=firefox pid=29662 prio=120 success=1 target_cpu=000
         firefox-29603 [000] .... 844471.777840: sys_futex(uaddr: 7f21395cbdac, op: 80, val: 1, utime: 0, uaddr2: 7f21395cbd00, val3: 0)
  StreamTrans #2-29660 [000] .... 844471.777943: sys_futex -> 0x0
  StreamTrans #2-29660 [000] .... 844471.777948: sys_futex(uaddr: 7f21395cb710, op: 81, val: 1, utime: 7f21602ea378, uaddr2: 0, val3: 3f)
  StreamTrans #2-29660 [000] .... 844471.777948: sys_futex -> 0x0
  StreamTrans #2-29660 [000] .... 844471.777977: sys_futex(uaddr: 7f213b81aa6c, op: 189, val: 1f, utime: 7f21394fec30, uaddr2: 7f213b81aa08, val3: ffffffff)
  StreamTrans #3-29661 [000] .... 844471.778083: sys_futex(uaddr: 7f21395cb98c, op: 80, val: 1, utime: 0, uaddr2: 7f21395cb900, val3: 0)
         firefox-29662 [000] .... 844471.778137: sys_futex(uaddr: 7f21395cbdac, op: 85, val: 1, utime: 1, uaddr2: 7f21395cbda8, val3: 4000001)
         firefox-29603 [000] .... 844471.778176: sys_futex -> 0x0
         firefox-29603 [000] .... 844471.778179: sys_futex(uaddr: 7f21395cbd48, op: 81, val: 1, utime: 0, uaddr2: 0, val3: 1)
         firefox-29603 [000] .... 844471.778180: sys_futex -> 0x0
         firefox-29603 [000] .... 844471.780055: sys_futex(uaddr: 7f213b81aa6c, op: 84, val: 1, utime: 7fffffff, uaddr2: 7f213b81aa08, val3: 20)
         firefox-29603 [000] d... 844471.780267: sched_wakeup_new: comm=firefox pid=29663 prio=120 success=1 target_cpu=000
         firefox-29603 [000] .... 844471.780270: sys_futex(uaddr: 7f2139c03aec, op: 80, val: 1, utime: 0, uaddr2: 7f2139c03a00, val3: 0)
  StreamTrans #2-29660 [000] .... 844471.780276: sys_futex(uaddr: 7f213b81aa08, op: 81, val: 1, utime: 7f21394fec30, uaddr2: 0, val3: 10)
  StreamTrans #2-29660 [000] .... 844471.780276: sys_futex -> 0x0
  StreamTrans #2-29660 [000] .... 844471.780347: sys_futex(uaddr: 7f213b81aa6c, op: 189, val: 21, utime: 7f21394fec30, uaddr2: 7f213b81aa08, val3: ffffffff)
 IPDL Background-29662 [000] .... 844471.780537: sys_futex(uaddr: 7f21395cbcfc, op: 80, val: 1, utime: 0, uaddr2: 7f21395cbc00, val3: 0)
         firefox-29663 [000] .... 844471.780596: sys_futex(uaddr: 7f2139c03aec, op: 85, val: 1, utime: 1, uaddr2: 7f2139c03ae8, val3: 4000001)
         firefox-29603 [000] .... 844471.780636: sys_futex -> 0x0
         firefox-29603 [000] .... 844471.780639: sys_futex(uaddr: 7f2139c03a88, op: 81, val: 1, utime: 0, uaddr2: 0, val3: 1)
         firefox-29603 [000] .... 844471.780640: sys_futex -> 0x0
         firefox-29603 [000] d... 844471.781187: sched_wakeup_new: comm=firefox pid=29664 prio=120 success=1 target_cpu=000
         firefox-29603 [000] .... 844471.781192: sys_futex(uaddr: 7fffa39ee544, op: 80, val: 1, utime: 0, uaddr2: 7fffa39ee400, val3: 0)
 ImageDecoder #1-29663 [000] .... 844471.781320: sys_futex(uaddr: 7f21395ca61c, op: 80, val: 1, utime: 0, uaddr2: 7f21395ca500, val3: 0)
      Compositor-29664 [000] .... 844471.781385: sys_futex(uaddr: 7fffa39ee544, op: 84, val: 1, utime: 7fffffff, uaddr2: 7fffa39ee4f0, val3: 2)
         firefox-29603 [000] .... 844471.781432: sys_futex -> 0x0
         firefox-29603 [000] .... 844471.781436: sys_futex(uaddr: 7fffa39ee4f0, op: 81, val: 1, utime: 18055ddc, uaddr2: 0, val3: 200d4606c3df77)
         firefox-29603 [000] .... 844471.781437: sys_futex -> 0x0
         firefox-29603 [000] .... 844471.781437: sys_futex(uaddr: 7f2139528fb8, op: 80, val: 2, utime: 0, uaddr2: 7f2139528fb8, val3: 200d4606c3df77)
      Compositor-29664 [000] .... 844471.781521: sys_futex(uaddr: 7f2139528fb8, op: 81, val: 1, utime: 7fffffff, uaddr2: 0, val3: 7e)
         firefox-29603 [000] .... 844471.781561: sys_futex -> 0x0
         firefox-29603 [000] .... 844471.781564: sys_futex(uaddr: 7f2139528fb8, op: 81, val: 1, utime: 18055ddc, uaddr2: 0, val3: 200d4606c3df77)
         firefox-29603 [000] .... 844471.781564: sys_futex -> 0x0
         firefox-29603 [000] d... 844471.781600: sched_wakeup_new: comm=firefox pid=29665 prio=120 success=1 target_cpu=000
         firefox-29603 [000] .... 844471.781603: sys_futex(uaddr: 7fffa39ee554, op: 80, val: 1, utime: 0, uaddr2: 7fffa39ee500, val3: 0)
      Compositor-29664 [000] .... 844471.781684: sys_futex -> 0x1
      Compositor-29664 [000] .... 844471.781720: sys_futex(uaddr: 7f21374fac04, op: 80, val: 1, utime: 0, uaddr2: 7f21374fab00, val3: 0)
 ImageBridgeChil-29665 [000] .... 844471.781782: sys_futex(uaddr: 7fffa39ee554, op: 84, val: 1, utime: 7fffffff, uaddr2: 7fffa39ee500, val3: 2)
         firefox-29603 [000] .... 844471.781825: sys_futex -> 0x0
         firefox-29603 [000] .... 844471.781829: sys_futex(uaddr: 7fffa39ee500, op: 81, val: 1, utime: 18055dde, uaddr2: 0, val3: 201c885418295b)
         firefox-29603 [000] .... 844471.781829: sys_futex -> 0x0
         firefox-29603 [000] .... 844471.781830: sys_futex(uaddr: 7f2139528fb8, op: 80, val: 2, utime: 0, uaddr2: 7f2139528fb8, val3: 201c885418295b)
 ImageBridgeChil-29665 [000] .... 844471.781910: sys_futex(uaddr: 7f2139528fb8, op: 81, val: 1, utime: 7f21602ea228, uaddr2: 0, val3: 7f21602ea228)
         firefox-29603 [000] .... 844471.781951: sys_futex -> 0x0
         firefox-29603 [000] .... 844471.781954: sys_futex(uaddr: 7f2139528fb8, op: 81, val: 1, utime: 18055dde, uaddr2: 0, val3: 201c885418295b)
         firefox-29603 [000] .... 844471.781955: sys_futex -> 0x0
 ImageBridgeChil-29665 [000] .... 844471.782310: sys_futex -> 0x1
 ImageBridgeChil-29665 [000] .... 844471.782395: sys_futex(uaddr: 7f21374fac04, op: 84, val: 1, utime: 7fffffff, uaddr2: 7f21374fabb0, val3: 2)
      Compositor-29664 [000] .... 844471.782446: sys_futex -> 0x0
      Compositor-29664 [000] .... 844471.782479: sys_futex(uaddr: 7f21374fabb0, op: 81, val: 1, utime: 18055dde, uaddr2: 0, val3: 201c885418295b)
      Compositor-29664 [000] .... 844471.782515: sys_futex -> 0x0
      Compositor-29664 [000] .... 844471.782542: sys_futex(uaddr: 7f21399be1f8, op: 80, val: 2, utime: 0, uaddr2: 7f21399be1f8, val3: 201c885418295b)
 ImageBridgeChil-29665 [000] .... 844471.782648: sys_futex(uaddr: 7f21399be1f8, op: 81, val: 1, utime: 7f21602ea228, uaddr2: 0, val3: 7e)
         firefox-29603 [000] .... 844471.783631: sys_futex(uaddr: 7f21395ca61c, op: 85, val: 1, utime: 1, uaddr2: 7f21395ca618, val3: 4000001)
         firefox-29603 [000] .... 844471.785494: sys_futex(uaddr: 7f2146a6e60c, op: 85, val: 1, utime: 1, uaddr2: 7f2146a6e608, val3: 4000001)
         firefox-29603 [000] .... 844471.785800: sys_futex(uaddr: 7f21395cb98c, op: 84, val: 1, utime: 7fffffff, uaddr2: 7f21395cb928, val3: 2)
         firefox-29603 [000] .... 844471.786521: sys_futex(uaddr: 7f215f035a0c, op: 85, val: 1, utime: 1, uaddr2: 7f215f035a08, val3: 4000001)
 Analysis Helper-29635 [000] .... 844471.786532: sys_futex -> 0x0
 Analysis Helper-29635 [000] .... 844471.786534: sys_futex(uaddr: 7f215f04a870, op: 81, val: 1, utime: 0, uaddr2: 0, val3: 57)
 Analysis Helper-29635 [000] .... 844471.786534: sys_futex -> 0x0
 ImageDecoder #1-29663 [000] .... 844471.786703: sys_futex -> 0x0
 ImageDecoder #1-29663 [000] .... 844471.786704: sys_futex(uaddr: 7f21395ca5e8, op: 81, val: 1, utime: 0, uaddr2: 0, val3: 1)
 ImageDecoder #1-29663 [000] .... 844471.786705: sys_futex -> 0x0
 ImageDecoder #1-29663 [000] .... 844471.786706: sys_futex(uaddr: 7f21602ea048, op: 80, val: 2, utime: 0, uaddr2: 7f21602ea048, val3: 1)
           Timer-29647 [000] .... 844471.786712: sys_futex(uaddr: 7f215f0f6950, op: 81, val: 1, utime: 18055de8, uaddr2: 7f215f0f6950, val3: 0)
           Timer-29647 [000] .... 844471.786712: sys_futex -> 0x0
           Timer-29647 [000] .... 844471.786713: sys_futex(uaddr: 7f2146a6e60c, op: 189, val: 17, utime: 7f213c7fec60, uaddr2: 7f215f0f6950, val3: ffffffff)
  StreamTrans #3-29661 [000] .... 844471.786715: sys_futex -> 0x0
  StreamTrans #3-29661 [000] .... 844471.786716: sys_futex(uaddr: 7f21395cb928, op: 81, val: 1, utime: 0, uaddr2: 0, val3: 1)
  StreamTrans #3-29661 [000] .... 844471.786716: sys_futex -> 0x0
  StreamTrans #3-29661 [000] .... 844471.786721: sys_futex(uaddr: 7f21602ea048, op: 80, val: 2, utime: 0, uaddr2: 7f21602ea048, val3: 1)
 Analysis Helper-29635 [000] .... 844471.786759: sys_futex(uaddr: 7f21602ea048, op: 81, val: 1, utime: 7f21602ea0d0, uaddr2: 0, val3: 7f21602ea0d0)
 Analysis Helper-29635 [000] .... 844471.786762: sys_futex -> 0x1
 Analysis Helper-29635 [000] .... 844471.786815: sys_futex(uaddr: 7f215f035a0c, op: 80, val: ba, utime: 0, uaddr2: 7f215f04a800, val3: 57)
 ImageDecoder #1-29663 [000] .... 844471.786818: sys_futex -> 0x0
 ImageDecoder #1-29663 [000] .... 844471.786818: sys_futex(uaddr: 7f21602ea048, op: 81, val: 1, utime: 0, uaddr2: 0, val3: 7f213954e008)
 ImageDecoder #1-29663 [000] .... 844471.786820: sys_futex -> 0x1
 ImageDecoder #1-29663 [000] .... 844471.786825: sys_futex(uaddr: 7f21395caddc, op: 189, val: 1, utime: 7f2137cfbc30, uaddr2: 7f21395cad78, val3: ffffffff)
  StreamTrans #3-29661 [000] .... 844471.786828: sys_futex -> 0x0
  StreamTrans #3-29661 [000] .... 844471.786829: sys_futex(uaddr: 7f21602ea048, op: 81, val: 1, utime: 0, uaddr2: 0, val3: 3f)
  StreamTrans #3-29661 [000] .... 844471.786829: sys_futex -> 0x0
  StreamTrans #3-29661 [000] .... 844471.786854: sched_process_exit: comm=StreamTrans #3 pid=29661 prio=120
         firefox-29603 [000] .... 844471.788877: sys_futex(uaddr: 7f215f035a0c, op: 84, val: 1, utime: 7fffffff, uaddr2: 7f215f04a870, val3: c6)
 Analysis Helper-29636 [000] .... 844471.788889: sys_futex -> 0x0
 Analysis Helper-29636 [000] .... 844471.788890: sys_futex(uaddr: 7f215f04a870, op: 81, val: 1, utime: 0, uaddr2: 0, val3: 63)
 Analysis Helper-29636 [000] .... 844471.788893: sys_futex -> 0x1
 Analysis Helper-29636 [000] .... 844471.788915: sys_futex(uaddr: 7f215f035a0c, op: 80, val: c7, utime: 0, uaddr2: 7f215f04a800, val3: 63)
 Analysis Helper-29637 [000] .... 844471.788919: sys_futex -> 0x0
 Analysis Helper-29637 [000] .... 844471.788920: sys_futex(uaddr: 7f215f04a870, op: 81, val: 1, utime: 0, uaddr2: 7f215f04a870, val3: 0)
 Analysis Helper-29637 [000] .... 844471.788923: sys_futex -> 0x1
 Analysis Helper-29637 [000] .... 844471.788923: sys_futex(uaddr: 7f215f035a0c, op: 80, val: c8, utime: 0, uaddr2: 7f215f04a800, val3: 63)
 Analysis Helper-29638 [000] .... 844471.788926: sys_futex -> 0x0
 Analysis Helper-29638 [000] .... 844471.788927: sys_futex(uaddr: 7f215f04a870, op: 81, val: 1, utime: 0, uaddr2: 7f215f04a870, val3: 0)
 Analysis Helper-29638 [000] .... 844471.788929: sys_futex -> 0x1
 Analysis Helper-29638 [000] .... 844471.788929: sys_futex(uaddr: 7f215f035a0c, op: 80, val: c9, utime: 0, uaddr2: 7f215f04a800, val3: 63)
 Analysis Helper-29631 [000] .... 844471.788932: sys_futex -> 0x0
 Analysis Helper-29631 [000] .... 844471.788933: sys_futex(uaddr: 7f215f04a870, op: 81, val: 1, utime: 0, uaddr2: 7f215f04a870, val3: 0)
 Analysis Helper-29631 [000] .... 844471.788935: sys_futex -> 0x1
 Analysis Helper-29631 [000] .... 844471.788936: sys_futex(uaddr: 7f215f035a0c, op: 80, val: ca, utime: 0, uaddr2: 7f215f04a800, val3: 63)
 Analysis Helper-29630 [000] .... 844471.788938: sys_futex -> 0x0
 Analysis Helper-29630 [000] .... 844471.788939: sys_futex(uaddr: 7f215f04a870, op: 81, val: 1, utime: 0, uaddr2: 7f215f04a870, val3: 0)
 Analysis Helper-29630 [000] .... 844471.788941: sys_futex -> 0x1
 Analysis Helper-29630 [000] .... 844471.788941: sys_futex(uaddr: 7f215f035a0c, op: 80, val: cb, utime: 0, uaddr2: 7f215f04a800, val3: 63)
 Analysis Helper-29629 [000] .... 844471.788944: sys_futex -> 0x0
 Analysis Helper-29629 [000] .... 844471.788944: sys_futex(uaddr: 7f215f04a870, op: 81, val: 1, utime: 0, uaddr2: 7f215f04a870, val3: 0)
 Analysis Helper-29629 [000] .... 844471.788947: sys_futex -> 0x1
 Analysis Helper-29629 [000] .... 844471.788947: sys_futex(uaddr: 7f215f035a0c, op: 80, val: cc, utime: 0, uaddr2: 7f215f04a800, val3: 63)
 Analysis Helper-29627 [000] .... 844471.788949: sys_futex -> 0x0
