          <idle>-0     [000] d... 79794.304602: sched_switch: prev_comm=swapper/0 prev_pid=0 prev_prio=120 prev_state=R ==> next_comm=3on6 next_pid=6211 next_prio=120
            3on6-6211  [000] .... 79794.304604: sys_nanosleep -> 0x0
            3on6-6211  [000] d... 79794.304617: sched_wakeup: comm=kworker/0:2 pid=6725 prio=120 success=1 target_cpu=000
            3on6-6211  [000] .... 79794.304629: sys_nanosleep(rqtp: 7f5fa9584d40, rmtp: 7f5fa9584d40)
            3on6-6211  [000] d... 79794.304631: sched_switch: prev_comm=3on6 prev_pid=6211 prev_prio=120 prev_state=S ==> next_comm=kworker/0:2 next_pid=6725 next_prio=120
          <idle>-0     [000] dNh. 79796.305687: sched_wakeup: comm=3on6 pid=6229 prio=120 success=1 target_cpu=000
          <idle>-0     [000] d... 79796.305691: sched_switch: prev_comm=swapper/0 prev_pid=0 prev_prio=120 prev_state=R ==> next_comm=3on6 next_pid=6229 next_prio=120
            3on6-6229  [000] .... 79796.305694: sys_nanosleep -> 0x0
            3on6-6229  [000] d... 79796.305705: sched_wakeup: comm=kworker/0:2 pid=6725 prio=120 success=1 target_cpu=000
            3on6-6229  [000] .... 79796.305710: sys_futex(uaddr: 6024e0, op: 81, val: 1, utime: 0, uaddr2: 0, val3: 2)
            3on6-6229  [000] dN.. 79796.305713: sched_wakeup: comm=3on6 pid=6220 prio=120 success=1 target_cpu=000
            3on6-6229  [000] d... 79796.305714: sched_switch: prev_comm=3on6 prev_pid=6229 prev_prio=120 prev_state=R ==> next_comm=3on6 next_pid=6220 next_prio=120
            3on6-6220  [000] .... 79796.305716: sys_futex -> 0x0
            3on6-6220  [000] .... 79796.305738: sys_nanosleep(rqtp: 7f5fa8d83d40, rmtp: 7f5fa8d83d40)
            3on6-6220  [000] d... 79796.305741: sched_switch: prev_comm=3on6 prev_pid=6220 prev_prio=120 prev_state=S ==> next_comm=3on6 next_pid=6229 next_prio=120
            3on6-6229  [000] .... 79796.305742: sys_futex -> 0x1
            3on6-6229  [000] .... 79796.305748: sys_nanosleep(rqtp: 7f5fa8582d40, rmtp: 7f5fa8582d40)
            3on6-6229  [000] d... 79796.305750: sched_switch: prev_comm=3on6 prev_pid=6229 prev_prio=120 prev_state=S ==> next_comm=kworker/0:2 next_pid=6725 next_prio=120
          <idle>-0     [000] dNh. 79797.306495: sched_wakeup: comm=3on6 pid=6211 prio=120 success=1 target_cpu=000
          <idle>-0     [000] d... 79797.306500: sched_switch: prev_comm=swapper/0 prev_pid=0 prev_prio=120 prev_state=R ==> next_comm=3on6 next_pid=6211 next_prio=120
            3on6-6211  [000] .... 79797.306502: sys_nanosleep -> 0x0
            3on6-6211  [000] d... 79797.306511: sched_wakeup: comm=kworker/0:2 pid=6725 prio=120 success=1 target_cpu=000
            3on6-6211  [000] .... 79797.306522: sys_nanosleep(rqtp: 7f5fa9584d40, rmtp: 7f5fa9584d40)
            3on6-6211  [000] d... 79797.306524: sched_switch: prev_comm=3on6 prev_pid=6211 prev_prio=120 prev_state=S ==> next_comm=kworker/0:2 next_pid=6725 next_prio=120
          <idle>-0     [000] dNh. 79798.307011: sched_wakeup: comm=3on6 pid=6229 prio=120 success=1 target_cpu=000
          <idle>-0     [000] d... 79798.307015: sched_switch: prev_comm=swapper/0 prev_pid=0 prev_prio=120 prev_state=R ==> next_comm=3on6 next_pid=6229 next_prio=120
            3on6-6229  [000] .... 79798.307017: sys_nanosleep -> 0x0
            3on6-6229  [000] d... 79798.307027: sched_wakeup: comm=kworker/0:2 pid=6725 prio=120 success=1 target_cpu=000
            3on6-6229  [000] .... 79798.307037: sys_nanosleep(rqtp: 7f5fa8582d40, rmtp: 7f5fa8582d40)
            3on6-6229  [000] d... 79798.307039: sched_switch: prev_comm=3on6 prev_pid=6229 prev_prio=120 prev_state=S ==> next_comm=kworker/0:2 next_pid=6725 next_prio=120
          <idle>-0     [000] dNh. 79798.307179: sched_wakeup: comm=3on6 pid=6211 prio=120 success=1 target_cpu=000
          <idle>-0     [000] d... 79798.307182: sched_switch: prev_comm=swapper/0 prev_pid=0 prev_prio=120 prev_state=R ==> next_comm=3on6 next_pid=6211 next_prio=120
            3on6-6211  [000] .... 79798.307184: sys_nanosleep -> 0x0
            3on6-6211  [000] d... 79798.307188: sched_wakeup: comm=kworker/0:2 pid=6725 prio=120 success=1 target_cpu=000
            3on6-6211  [000] .... 79798.307199: sys_futex(uaddr: 602468, op: 80, val: 2, utime: 0, uaddr2: 602468, val3: 0)
            3on6-6211  [000] d... 79798.307201: sched_switch: prev_comm=3on6 prev_pid=6211 prev_prio=120 prev_state=S ==> next_comm=kworker/0:2 next_pid=6725 next_prio=120
          <idle>-0     [000] dNh. 79799.307605: sched_wakeup: comm=3on6 pid=6220 prio=120 success=1 target_cpu=000
          <idle>-0     [000] d... 79799.307609: sched_switch: prev_comm=swapper/0 prev_pid=0 prev_prio=120 prev_state=R ==> next_comm=3on6 next_pid=6220 next_prio=120
            3on6-6220  [000] .... 79799.307611: sys_nanosleep -> 0x0
            3on6-6220  [000] d... 79799.307620: sched_wakeup: comm=kworker/0:2 pid=6725 prio=120 success=1 target_cpu=000
            3on6-6220  [000] .... 79799.307624: sys_futex(uaddr: 6024e0, op: 81, val: 1, utime: 0, uaddr2: 0, val3: 1)
            3on6-6220  [000] .... 79799.307625: sys_futex -> 0x0
            3on6-6220  [000] .... 79799.307632: sys_nanosleep(rqtp: 7f5fa8d83d40, rmtp: 7f5fa8d83d40)
            3on6-6220  [000] d... 79799.307634: sched_switch: prev_comm=3on6 prev_pid=6220 prev_prio=120 prev_state=S ==> next_comm=kworker/0:2 next_pid=6725 next_prio=120
          <idle>-0     [000] dNh. 79800.308292: sched_wakeup: comm=3on6 pid=6220 prio=120 success=1 target_cpu=000
          <idle>-0     [000] dNh. 79800.308294: sched_wakeup: comm=3on6 pid=6229 prio=120 success=1 target_cpu=000
          <idle>-0     [000] d... 79800.308298: sched_switch: prev_comm=swapper/0 prev_pid=0 prev_prio=120 prev_state=R ==> next_comm=3on6 next_pid=6220 next_prio=120
            3on6-6220  [000] .... 79800.308300: sys_nanosleep -> 0x0
            3on6-6220  [000] d... 79800.308310: sched_wakeup: comm=kworker/0:2 pid=6725 prio=120 success=1 target_cpu=000
            3on6-6220  [000] .... 79800.308320: sys_nanosleep(rqtp: 7f5fa8d83d40, rmtp: 7f5fa8d83d40)
            3on6-6220  [000] d... 79800.308322: sched_switch: prev_comm=3on6 prev_pid=6220 prev_prio=120 prev_state=S ==> next_comm=3on6 next_pid=6229 next_prio=120
            3on6-6229  [000] .... 79800.308324: sys_nanosleep -> 0x0
            3on6-6229  [000] .... 79800.308329: sys_futex(uaddr: 602468, op: 81, val: 1, utime: 0, uaddr2: 0, val3: 2)
            3on6-6229  [000] dN.. 79800.308332: sched_wakeup: comm=3on6 pid=6211 prio=120 success=1 target_cpu=000
            3on6-6229  [000] d... 79800.308333: sched_switch: prev_comm=3on6 prev_pid=6229 prev_prio=120 prev_state=R ==> next_comm=3on6 next_pid=6211 next_prio=120
            3on6-6211  [000] .... 79800.308335: sys_futex -> 0x0
            3on6-6211  [000] .... 79800.308342: sys_nanosleep(rqtp: 7f5fa9584d40, rmtp: 7f5fa9584d40)
            3on6-6211  [000] d... 79800.308343: sched_switch: prev_comm=3on6 prev_pid=6211 prev_prio=120 prev_state=S ==> next_comm=3on6 next_pid=6229 next_prio=120
            3on6-6229  [000] .... 79800.308344: sys_futex -> 0x1
            3on6-6229  [000] .... 79800.308350: sys_nanosleep(rqtp: 7f5fa8582d40, rmtp: 7f5fa8582d40)
            3on6-6229  [000] d... 79800.308351: sched_switch: prev_comm=3on6 prev_pid=6229 prev_prio=120 prev_state=S ==> next_comm=kworker/0:2 next_pid=6725 next_prio=120
          <idle>-0     [000] dNh. 79801.309011: sched_wakeup: comm=3on6 pid=6229 prio=120 success=1 target_cpu=000
          <idle>-0     [000] d... 79801.309015: sched_switch: prev_comm=swapper/0 prev_pid=0 prev_prio=120 prev_state=R ==> next_comm=3on6 next_pid=6229 next_prio=120
            3on6-6229  [000] .... 79801.309017: sys_nanosleep -> 0x0
            3on6-6229  [000] d... 79801.309026: sched_wakeup: comm=kworker/0:2 pid=6725 prio=120 success=1 target_cpu=000
            3on6-6229  [000] .... 79801.309036: sys_nanosleep(rqtp: 7f5fa8582d40, rmtp: 7f5fa8582d40)
            3on6-6229  [000] d... 79801.309038: sched_switch: prev_comm=3on6 prev_pid=6229 prev_prio=120 prev_state=S ==> next_comm=kworker/0:2 next_pid=6725 next_prio=120
          <idle>-0     [000] dNh. 79803.310208: sched_wakeup: comm=3on6 pid=6211 prio=120 success=1 target_cpu=000
          <idle>-0     [000] d... 79803.310212: sched_switch: prev_comm=swapper/0 prev_pid=0 prev_prio=120 prev_state=R ==> next_comm=3on6 next_pid=6211 next_prio=120
            3on6-6211  [000] .... 79803.310214: sys_nanosleep -> 0x0
            3on6-6211  [000] d... 79803.310226: sched_wakeup: comm=kworker/0:2 pid=6725 prio=120 success=1 target_cpu=000
            3on6-6211  [000] .... 79803.310230: sys_futex(uaddr: 602468, op: 81, val: 1, utime: 0, uaddr2: 0, val3: 0)
            3on6-6211  [000] .... 79803.310231: sys_futex -> 0x0
            3on6-6211  [000] .... 79803.310239: sys_nanosleep(rqtp: 7f5fa9584d40, rmtp: 7f5fa9584d40)
            3on6-6211  [000] d... 79803.310241: sched_switch: prev_comm=3on6 prev_pid=6211 prev_prio=120 prev_state=S ==> next_comm=kworker/0:2 next_pid=6725 next_prio=120
          <idle>-0     [000] dNh. 79804.310788: sched_wakeup: comm=3on6 pid=6220 prio=120 success=1 target_cpu=000
          <idle>-0     [000] d... 79804.310791: sched_switch: prev_comm=swapper/0 prev_pid=0 prev_prio=120 prev_state=R ==> next_comm=3on6 next_pid=6220 next_prio=120
            3on6-6220  [000] .... 79804.310794: sys_nanosleep -> 0x0
            3on6-6220  [000] d... 79804.310804: sched_wakeup: comm=kworker/0:2 pid=6725 prio=120 success=1 target_cpu=000
            3on6-6220  [000] .... 79804.310814: sys_nanosleep(rqtp: 7f5fa8d83d40, rmtp: 7f5fa8d83d40)
            3on6-6220  [000] d... 79804.310817: sched_switch: prev_comm=3on6 prev_pid=6220 prev_prio=120 prev_state=S ==> next_comm=kworker/0:2 next_pid=6725 next_prio=120
          <idle>-0     [000] dNh. 79804.310895: sched_wakeup: comm=3on6 pid=6211 prio=120 success=1 target_cpu=000
          <idle>-0     [000] dNh. 79804.310897: sched_wakeup: comm=3on6 pid=6229 prio=120 success=1 target_cpu=000
          <idle>-0     [000] d... 79804.310900: sched_switch: prev_comm=swapper/0 prev_pid=0 prev_prio=120 prev_state=R ==> next_comm=3on6 next_pid=6211 next_prio=120
            3on6-6211  [000] .... 79804.310902: sys_nanosleep -> 0x0
            3on6-6211  [000] d... 79804.310907: sched_wakeup: comm=kworker/0:2 pid=6725 prio=120 success=1 target_cpu=000
            3on6-6211  [000] .... 79804.310915: sys_nanosleep(rqtp: 7f5fa9584d40, rmtp: 7f5fa9584d40)
            3on6-6211  [000] d... 79804.310917: sched_switch: prev_comm=3on6 prev_pid=6211 prev_prio=120 prev_state=S ==> next_comm=3on6 next_pid=6229 next_prio=120
            3on6-6229  [000] .... 79804.310919: sys_nanosleep -> 0x0
            3on6-6229  [000] .... 79804.310928: sys_nanosleep(rqtp: 7f5fa8582d40, rmtp: 7f5fa8582d40)
            3on6-6229  [000] d... 79804.310930: sched_switch: prev_comm=3on6 prev_pid=6229 prev_prio=120 prev_state=S ==> next_comm=kworker/0:2 next_pid=6725 next_prio=120
          <idle>-0     [000] dNh. 79806.312178: sched_wakeup: comm=3on6 pid=6211 prio=120 success=1 target_cpu=000
          <idle>-0     [000] d... 79806.312181: sched_switch: prev_comm=swapper/0 prev_pid=0 prev_prio=120 prev_state=R ==> next_comm=3on6 next_pid=6211 next_prio=120
            3on6-6211  [000] .... 79806.312184: sys_nanosleep -> 0x0
            3on6-6211  [000] d... 79806.312196: sched_wakeup: comm=kworker/0:2 pid=6725 prio=120 success=1 target_cpu=000
            3on6-6211  [000] .... 79806.312209: sys_nanosleep(rqtp: 7f5fa9584d40, rmtp: 7f5fa9584d40)
            3on6-6211  [000] d... 79806.312211: sched_switch: prev_comm=3on6 prev_pid=6211 prev_prio=120 prev_state=S ==> next_comm=kworker/0:2 next_pid=6725 next_prio=120
          <idle>-0     [000] dNh. 79807.312680: sched_wakeup: comm=3on6 pid=6220 prio=120 success=1 target_cpu=000
          <idle>-0     [000] d... 79807.312683: sched_switch: prev_comm=swapper/0 prev_pid=0 prev_prio=120 prev_state=R ==> next_comm=3on6 next_pid=6220 next_prio=120
            3on6-6220  [000] .... 79807.312686: sys_nanosleep -> 0x0
            3on6-6220  [000] d... 79807.312696: sched_wakeup: comm=kworker/0:2 pid=6725 prio=120 success=1 target_cpu=000
            3on6-6220  [000] .... 79807.312706: sys_nanosleep(rqtp: 7f5fa8d83d40, rmtp: 7f5fa8d83d40)
            3on6-6220  [000] d... 79807.312708: sched_switch: prev_comm=3on6 prev_pid=6220 prev_prio=120 prev_state=S ==> next_comm=kworker/0:2 next_pid=6725 next_prio=120
          <idle>-0     [000] dNh. 79807.312790: sched_wakeup: comm=3on6 pid=6229 prio=120 success=1 target_cpu=000
          <idle>-0     [000] d... 79807.312793: sched_switch: prev_comm=swapper/0 prev_pid=0 prev_prio=120 prev_state=R ==> next_comm=3on6 next_pid=6229 next_prio=120
            3on6-6229  [000] .... 79807.312795: sys_nanosleep -> 0x0
            3on6-6229  [000] d... 79807.312800: sched_wakeup: comm=kworker/0:2 pid=6725 prio=120 success=1 target_cpu=000
            3on6-6229  [000] .... 79807.312815: sys_nanosleep(rqtp: 7f5fa8582d40, rmtp: 7f5fa8582d40)
            3on6-6229  [000] d... 79807.312817: sched_switch: prev_comm=3on6 prev_pid=6229 prev_prio=120 prev_state=S ==> next_comm=kworker/0:2 next_pid=6725 next_prio=120
          <idle>-0     [000] dNh. 79807.312865: sched_wakeup: comm=3on6 pid=6211 prio=120 success=1 target_cpu=000
          <idle>-0     [000] d... 79807.312872: sched_switch: prev_comm=swapper/0 prev_pid=0 prev_prio=120 prev_state=R ==> next_comm=3on6 next_pid=6211 next_prio=120
            3on6-6211  [000] .... 79807.312873: sys_nanosleep -> 0x0
            3on6-6211  [000] d... 79807.312877: sched_wakeup: comm=kworker/0:2 pid=6725 prio=120 success=1 target_cpu=000
            3on6-6211  [000] .... 79807.312885: sys_nanosleep(rqtp: 7f5fa9584d40, rmtp: 7f5fa9584d40)
            3on6-6211  [000] d... 79807.312887: sched_switch: prev_comm=3on6 prev_pid=6211 prev_prio=120 prev_state=S ==> next_comm=kworker/0:2 next_pid=6725 next_prio=120
          <idle>-0     [000] dNh. 79809.313970: sched_wakeup: comm=3on6 pid=6220 prio=120 success=1 target_cpu=000
          <idle>-0     [000] d... 79809.313975: sched_switch: prev_comm=swapper/0 prev_pid=0 prev_prio=120 prev_state=R ==> next_comm=3on6 next_pid=6220 next_prio=120
            3on6-6220  [000] .... 79809.313977: sys_nanosleep -> 0x0
            3on6-6220  [000] d... 79809.313989: sched_wakeup: comm=kworker/0:2 pid=6725 prio=120 success=1 target_cpu=000
            3on6-6220  [000] .... 79809.314001: sys_nanosleep(rqtp: 7f5fa8d83d40, rmtp: 7f5fa8d83d40)
            3on6-6220  [000] d... 79809.314003: sched_switch: prev_comm=3on6 prev_pid=6220 prev_prio=120 prev_state=S ==> next_comm=kworker/0:2 next_pid=6725 next_prio=120
          <idle>-0     [000] dNh. 79810.314658: sched_wakeup: comm=3on6 pid=6220 prio=120 success=1 target_cpu=000
          <idle>-0     [000] dNh. 79810.314661: sched_wakeup: comm=3on6 pid=6229 prio=120 success=1 target_cpu=000
          <idle>-0     [000] d... 79810.314664: sched_switch: prev_comm=swapper/0 prev_pid=0 prev_prio=120 prev_state=R ==> next_comm=3on6 next_pid=6220 next_prio=120
            3on6-6220  [000] .... 79810.314666: sys_nanosleep -> 0x0
            3on6-6220  [000] d... 79810.314680: sched_wakeup: comm=kworker/0:2 pid=6725 prio=120 success=1 target_cpu=000
            3on6-6220  [000] .... 79810.314692: sys_nanosleep(rqtp: 7f5fa8d83d40, rmtp: 7f5fa8d83d40)
            3on6-6220  [000] d... 79810.314695: sched_switch: prev_comm=3on6 prev_pid=6220 prev_prio=120 prev_state=S ==> next_comm=3on6 next_pid=6229 next_prio=120
            3on6-6229  [000] .... 79810.314697: sys_nanosleep -> 0x0
            3on6-6229  [000] .... 79810.314707: sys_nanosleep(rqtp: 7f5fa8582d40, rmtp: 7f5fa8582d40)
            3on6-6229  [000] d... 79810.314709: sched_switch: prev_comm=3on6 prev_pid=6229 prev_prio=120 prev_state=S ==> next_comm=kworker/0:2 next_pid=6725 next_prio=120
          <idle>-0     [000] dNh. 79811.315367: sched_wakeup: comm=3on6 pid=6229 prio=120 success=1 target_cpu=000
          <idle>-0     [000] d... 79811.315371: sched_switch: prev_comm=swapper/0 prev_pid=0 prev_prio=120 prev_state=R ==> next_comm=3on6 next_pid=6229 next_prio=120
            3on6-6229  [000] .... 79811.315374: sys_nanosleep -> 0x0
            3on6-6229  [000] d... 79811.315384: sched_wakeup: comm=kworker/0:2 pid=6725 prio=120 success=1 target_cpu=000
            3on6-6229  [000] .... 79811.315396: sys_nanosleep(rqtp: 7f5fa8582d40, rmtp: 7f5fa8582d40)
            3on6-6229  [000] d... 79811.315399: sched_switch: prev_comm=3on6 prev_pid=6229 prev_prio=120 prev_state=S ==> next_comm=kworker/0:2 next_pid=6725 next_prio=120
          <idle>-0     [000] dNh. 79813.316661: sched_wakeup: comm=3on6 pid=6229 prio=120 success=1 target_cpu=000
          <idle>-0     [000] d... 79813.316664: sched_switch: prev_comm=swapper/0 prev_pid=0 prev_prio=120 prev_state=R ==> next_comm=3on6 next_pid=6229 next_prio=120
            3on6-6229  [000] .... 79813.316667: sys_nanosleep -> 0x0
            3on6-6229  [000] d... 79813.316679: sched_wakeup: comm=kworker/0:2 pid=6725 prio=120 success=1 target_cpu=000
            3on6-6229  [000] .... 79813.316690: sys_nanosleep(rqtp: 7f5fa8582d40, rmtp: 7f5fa8582d40)
            3on6-6229  [000] d... 79813.316692: sched_switch: prev_comm=3on6 prev_pid=6229 prev_prio=120 prev_state=S ==> next_comm=kworker/0:2 next_pid=6725 next_prio=120
          <idle>-0     [000] dNh. 79814.317163: sched_wakeup: comm=3on6 pid=6220 prio=120 success=1 target_cpu=000
          <idle>-0     [000] d... 79814.317167: sched_switch: prev_comm=swapper/0 prev_pid=0 prev_prio=120 prev_state=R ==> next_comm=3on6 next_pid=6220 next_prio=120
            3on6-6220  [000] .... 79814.317170: sys_nanosleep -> 0x0
            3on6-6220  [000] d... 79814.317179: sched_wakeup: comm=kworker/0:2 pid=6725 prio=120 success=1 target_cpu=000
            3on6-6220  [000] .... 79814.317190: sys_nanosleep(rqtp: 7f5fa8d83d40, rmtp: 7f5fa8d83d40)
            3on6-6220  [000] d... 79814.317193: sched_switch: prev_comm=3on6 prev_pid=6220 prev_prio=120 prev_state=S ==> next_comm=kworker/0:2 next_pid=6725 next_prio=120
          <idle>-0     [000] dNh. 79814.317346: sched_wakeup: comm=3on6 pid=6229 prio=120 success=1 target_cpu=000
          <idle>-0     [000] d... 79814.317350: sched_switch: prev_comm=swapper/0 prev_pid=0 prev_prio=120 prev_state=R ==> next_comm=3on6 next_pid=6229 next_prio=120
            3on6-6229  [000] .... 79814.317351: sys_nanosleep -> 0x0
            3on6-6229  [000] d... 79814.317356: sched_wakeup: comm=kworker/0:2 pid=6725 prio=120 success=1 target_cpu=000
            3on6-6229  [000] .... 79814.317364: sys_nanosleep(rqtp: 7f5fa8582d40, rmtp: 7f5fa8582d40)
            3on6-6229  [000] d... 79814.317366: sched_switch: prev_comm=3on6 prev_pid=6229 prev_prio=120 prev_state=S ==> next_comm=kworker/0:2 next_pid=6725 next_prio=120
          <idle>-0     [000] dNh. 79816.318630: sched_wakeup: comm=3on6 pid=6229 prio=120 success=1 target_cpu=000
          <idle>-0     [000] d... 79816.318635: sched_switch: prev_comm=swapper/0 prev_pid=0 prev_prio=120 prev_state=R ==> next_comm=3on6 next_pid=6229 next_prio=120
            3on6-6229  [000] .... 79816.318637: sys_nanosleep -> 0x0
            3on6-6229  [000] d... 79816.318649: sched_wakeup: comm=kworker/0:2 pid=6725 prio=120 success=1 target_cpu=000
            3on6-6229  [000] .... 79816.318668: sys_futex(uaddr: 602440, op: 80, val: 2, utime: 0, uaddr2: 602440, val3: 2)
            3on6-6229  [000] d... 79816.318670: sched_switch: prev_comm=3on6 prev_pid=6229 prev_prio=120 prev_state=S ==> next_comm=kworker/0:2 next_pid=6725 next_prio=120
          <idle>-0     [000] dNh. 79817.318970: sched_wakeup: comm=3on6 pid=6211 prio=120 success=1 target_cpu=000
          <idle>-0     [000] d... 79817.318974: sched_switch: prev_comm=swapper/0 prev_pid=0 prev_prio=120 prev_state=R ==> next_comm=3on6 next_pid=6211 next_prio=120
            3on6-6211  [000] .... 79817.318977: sys_nanosleep -> 0x0
            3on6-6211  [000] d... 79817.318986: sched_wakeup: comm=kworker/0:2 pid=6725 prio=120 success=1 target_cpu=000
            3on6-6211  [000] .... 79817.318990: sys_futex(uaddr: 602440, op: 81, val: 1, utime: 0, uaddr2: 0, val3: 0)
            3on6-6211  [000] d... 79817.318993: sched_wakeup: comm=3on6 pid=6229 prio=120 success=1 target_cpu=000
            3on6-6211  [000] .... 79817.318993: sys_futex -> 0x1
            3on6-6211  [000] .... 79817.319001: sys_nanosleep(rqtp: 7f5fa9584d40, rmtp: 7f5fa9584d40)
            3on6-6211  [000] d... 79817.319004: sched_switch: prev_comm=3on6 prev_pid=6211 prev_prio=120 prev_state=S ==> next_comm=3on6 next_pid=6229 next_prio=120
            3on6-6229  [000] .... 79817.319005: sys_futex -> 0x0
            3on6-6229  [000] .... 79817.319011: sys_nanosleep(rqtp: 7f5fa8582d40, rmtp: 7f5fa8582d40)
            3on6-6229  [000] d... 79817.319013: sched_switch: prev_comm=3on6 prev_pid=6229 prev_prio=120 prev_state=S ==> next_comm=kworker/0:2 next_pid=6725 next_prio=120
          <idle>-0     [000] dNh. 79817.319052: sched_wakeup: comm=3on6 pid=6220 prio=120 success=1 target_cpu=000
          <idle>-0     [000] d... 79817.319056: sched_switch: prev_comm=swapper/0 prev_pid=0 prev_prio=120 prev_state=R ==> next_comm=3on6 next_pid=6220 next_prio=120
            3on6-6220  [000] .... 79817.319058: sys_nanosleep -> 0x0
            3on6-6220  [000] d... 79817.319062: sched_wakeup: comm=kworker/0:2 pid=6725 prio=120 success=1 target_cpu=000
            3on6-6220  [000] .... 79817.319071: sys_nanosleep(rqtp: 7f5fa8d83d40, rmtp: 7f5fa8d83d40)
            3on6-6220  [000] d... 79817.319073: sched_switch: prev_comm=3on6 prev_pid=6220 prev_prio=120 prev_state=S ==> next_comm=kworker/0:2 next_pid=6725 next_prio=120
          <idle>-0     [000] dNh. 79819.320267: sched_wakeup: comm=3on6 pid=6211 prio=120 success=1 target_cpu=000
          <idle>-0     [000] d... 79819.320271: sched_switch: prev_comm=swapper/0 prev_pid=0 prev_prio=120 prev_state=R ==> next_comm=3on6 next_pid=6211 next_prio=120
            3on6-6211  [000] .... 79819.320274: sys_nanosleep -> 0x0
            3on6-6211  [000] d... 79819.320285: sched_wakeup: comm=kworker/0:2 pid=6725 prio=120 success=1 target_cpu=000
            3on6-6211  [000] .... 79819.320296: sys_nanosleep(rqtp: 7f5fa9584d40, rmtp: 7f5fa9584d40)
            3on6-6211  [000] d... 79819.320299: sched_switch: prev_comm=3on6 prev_pid=6211 prev_prio=120 prev_state=S ==> next_comm=kworker/0:2 next_pid=6725 next_prio=120
          <idle>-0     [000] dNh. 79821.321482: sched_wakeup: comm=3on6 pid=6229 prio=120 success=1 target_cpu=000
          <idle>-0     [000] d... 79821.321486: sched_switch: prev_comm=swapper/0 prev_pid=0 prev_prio=120 prev_state=R ==> next_comm=3on6 next_pid=6229 next_prio=120
            3on6-6229  [000] .... 79821.321489: sys_nanosleep -> 0x0
            3on6-6229  [000] d... 79821.321501: sched_wakeup: comm=kworker/0:2 pid=6725 prio=120 success=1 target_cpu=000
            3on6-6229  [000] .... 79821.321505: sys_futex(uaddr: 602440, op: 81, val: 1, utime: 0, uaddr2: 0, val3: 2)
            3on6-6229  [000] .... 79821.321506: sys_futex -> 0x0
            3on6-6229  [000] .... 79821.321513: sys_nanosleep(rqtp: 7f5fa8582d40, rmtp: 7f5fa8582d40)
            3on6-6229  [000] d... 79821.321516: sched_switch: prev_comm=3on6 prev_pid=6229 prev_prio=120 prev_state=S ==> next_comm=kworker/0:2 next_pid=6725 next_prio=120
          <idle>-0     [000] dNh. 79823.322766: sched_wakeup: comm=3on6 pid=6211 prio=120 success=1 target_cpu=000
          <idle>-0     [000] dNh. 79823.322768: sched_wakeup: comm=3on6 pid=6229 prio=120 success=1 target_cpu=000
          <idle>-0     [000] d... 79823.322771: sched_switch: prev_comm=swapper/0 prev_pid=0 prev_prio=120 prev_state=R ==> next_comm=3on6 next_pid=6211 next_prio=120
            3on6-6211  [000] .... 79823.322774: sys_nanosleep -> 0x0
            3on6-6211  [000] d... 79823.322785: sched_wakeup: comm=kworker/0:2 pid=6725 prio=120 success=1 target_cpu=000
            3on6-6211  [000] .... 79823.322803: sys_nanosleep(rqtp: 7f5fa9584d40, rmtp: 7f5fa9584d40)
            3on6-6211  [000] d... 79823.322806: sched_switch: prev_comm=3on6 prev_pid=6211 prev_prio=120 prev_state=S ==> next_comm=3on6 next_pid=6229 next_prio=120
            3on6-6229  [000] .... 79823.322808: sys_nanosleep -> 0x0
            3on6-6229  [000] .... 79823.322817: sys_nanosleep(rqtp: 7f5fa8582d40, rmtp: 7f5fa8582d40)
            3on6-6229  [000] d... 79823.322819: sched_switch: prev_comm=3on6 prev_pid=6229 prev_prio=120 prev_state=S ==> next_comm=kworker/0:2 next_pid=6725 next_prio=120
          <idle>-0     [000] dNh. 79826.324668: sched_wakeup: comm=3on6 pid=6211 prio=120 success=1 target_cpu=000
          <idle>-0     [000] dNh. 79826.324670: sched_wakeup: comm=3on6 pid=6229 prio=120 success=1 target_cpu=000
          <idle>-0     [000] d... 79826.324674: sched_switch: prev_comm=swapper/0 prev_pid=0 prev_prio=120 prev_state=R ==> next_comm=3on6 next_pid=6211 next_prio=120
            3on6-6211  [000] .... 79826.324676: sys_nanosleep -> 0x0
            3on6-6211  [000] d... 79826.324688: sched_wakeup: comm=kworker/0:2 pid=6725 prio=120 success=1 target_cpu=000
            3on6-6211  [000] .... 79826.324700: sys_nanosleep(rqtp: 7f5fa9584d40, rmtp: 7f5fa9584d40)
            3on6-6211  [000] d... 79826.324703: sched_switch: prev_comm=3on6 prev_pid=6211 prev_prio=120 prev_state=S ==> next_comm=3on6 next_pid=6229 next_prio=120
            3on6-6229  [000] .... 79826.324705: sys_nanosleep -> 0x0
            3on6-6229  [000] .... 79826.324714: sys_nanosleep(rqtp: 7f5fa8582d40, rmtp: 7f5fa8582d40)
            3on6-6229  [000] d... 79826.324716: sched_switch: prev_comm=3on6 prev_pid=6229 prev_prio=120 prev_state=S ==> next_comm=kworker/0:2 next_pid=6725 next_prio=120
          <idle>-0     [000] dNh. 79827.325156: sched_wakeup: comm=3on6 pid=6220 prio=120 success=1 target_cpu=000
          <idle>-0     [000] d... 79827.325160: sched_switch: prev_comm=swapper/0 prev_pid=0 prev_prio=120 prev_state=R ==> next_comm=3on6 next_pid=6220 next_prio=120
            3on6-6220  [000] .... 79827.325163: sys_nanosleep -> 0x0
            3on6-6220  [000] d... 79827.325173: sched_wakeup: comm=kworker/0:2 pid=6725 prio=120 success=1 target_cpu=000
            3on6-6220  [000] .... 79827.325183: sys_nanosleep(rqtp: 7f5fa8d83d40, rmtp: 7f5fa8d83d40)
            3on6-6220  [000] d... 79827.325186: sched_switch: prev_comm=3on6 prev_pid=6220 prev_prio=120 prev_state=S ==> next_comm=kworker/0:2 next_pid=6725 next_prio=120
          <idle>-0     [000] dNh. 79828.318321: sched_wakeup: comm=3on6 pid=6202 prio=120 success=1 target_cpu=000
          <idle>-0     [000] d... 79828.318324: sched_switch: prev_comm=swapper/0 prev_pid=0 prev_prio=120 prev_state=R ==> next_comm=3on6 next_pid=6202 next_prio=120
            3on6-6202  [000] .... 79828.318326: sys_nanosleep -> 0x0
            3on6-6202  [000] .... 79828.318333: sys_futex(uaddr: 7f5fa95859d0, op: 0, val: 1843, utime: 0, uaddr2: 0, val3: 7f5fa8583700)
            3on6-6202  [000] d... 79828.318336: sched_switch: prev_comm=3on6 prev_pid=6202 prev_prio=120 prev_state=S ==> next_comm=swapper/0 next_pid=0 next_prio=120
          <idle>-0     [000] dNh. 79829.326567: sched_wakeup: comm=3on6 pid=6211 prio=120 success=1 target_cpu=000
          <idle>-0     [000] d... 79829.326571: sched_switch: prev_comm=swapper/0 prev_pid=0 prev_prio=120 prev_state=R ==> next_comm=3on6 next_pid=6211 next_prio=120
            3on6-6211  [000] .... 79829.326574: sys_nanosleep -> 0x0
            3on6-6211  [000] d... 79829.326584: sched_wakeup: comm=kworker/0:2 pid=6725 prio=120 success=1 target_cpu=000
            3on6-6211  [000] .... 79829.326595: sys_nanosleep(rqtp: 7f5fa9584d40, rmtp: 7f5fa9584d40)
            3on6-6211  [000] d... 79829.326597: sched_switch: prev_comm=3on6 prev_pid=6211 prev_prio=120 prev_state=S ==> next_comm=kworker/0:2 next_pid=6725 next_prio=120
          <idle>-0     [000] dNh. 79830.327183: sched_wakeup: comm=3on6 pid=6229 prio=120 success=1 target_cpu=000
          <idle>-0     [000] d... 79830.327187: sched_switch: prev_comm=swapper/0 prev_pid=0 prev_prio=120 prev_state=R ==> next_comm=3on6 next_pid=6229 next_prio=120
            3on6-6229  [000] .... 79830.327189: sys_nanosleep -> 0x0
            3on6-6229  [000] d... 79830.327199: sched_wakeup: comm=kworker/0:2 pid=6725 prio=120 success=1 target_cpu=000
            3on6-6229  [000] .... 79830.327209: sys_nanosleep(rqtp: 7f5fa8582d40, rmtp: 7f5fa8582d40)
            3on6-6229  [000] d... 79830.327211: sched_switch: prev_comm=3on6 prev_pid=6229 prev_prio=120 prev_state=S ==> next_comm=kworker/0:2 next_pid=6725 next_prio=120
          <idle>-0     [000] dNh. 79831.327651: sched_wakeup: comm=3on6 pid=6220 prio=120 success=1 target_cpu=000
          <idle>-0     [000] d... 79831.327655: sched_switch: prev_comm=swapper/0 prev_pid=0 prev_prio=120 prev_state=R ==> next_comm=3on6 next_pid=6220 next_prio=120
            3on6-6220  [000] .... 79831.327658: sys_nanosleep -> 0x0
            3on6-6220  [000] d... 79831.327667: sched_wakeup: comm=kworker/0:2 pid=6725 prio=120 success=1 target_cpu=000
            3on6-6220  [000] .... 79831.327678: sys_nanosleep(rqtp: 7f5fa8d83d40, rmtp: 7f5fa8d83d40)
            3on6-6220  [000] d... 79831.327680: sched_switch: prev_comm=3on6 prev_pid=6220 prev_prio=120 prev_state=S ==> next_comm=kworker/0:2 next_pid=6725 next_prio=120
          <idle>-0     [000] dNh. 79833.329064: sched_wakeup: comm=3on6 pid=6211 prio=120 success=1 target_cpu=000
          <idle>-0     [000] d... 79833.329068: sched_switch: prev_comm=swapper/0 prev_pid=0 prev_prio=120 prev_state=R ==> next_comm=3on6 next_pid=6211 next_prio=120
            3on6-6211  [000] .... 79833.329070: sys_nanosleep -> 0x0
            3on6-6211  [000] d... 79833.329082: sched_wakeup: comm=kworker/0:2 pid=6725 prio=120 success=1 target_cpu=000
            3on6-6211  [000] d... 79833.329110: sched_wakeup: comm=3on6 pid=6202 prio=120 success=1 target_cpu=000
            3on6-6211  [000] .... 79833.329112: sched_process_exit: comm=3on6 pid=6211 prio=120
            3on6-6211  [000] d... 79833.329126: sched_switch: prev_comm=3on6 prev_pid=6211 prev_prio=120 prev_state=x ==> next_comm=3on6 next_pid=6202 next_prio=120
            3on6-6202  [000] .... 79833.329128: sys_futex -> 0x0
            3on6-6202  [000] .... 79833.329131: sys_futex(uaddr: 7f5fa8d849d0, op: 0, val: 184c, utime: 0, uaddr2: 0, val3: 7f5fa8583700)
            3on6-6202  [000] d... 79833.329133: sched_switch: prev_comm=3on6 prev_pid=6202 prev_prio=120 prev_state=S ==> next_comm=kworker/0:2 next_pid=6725 next_prio=120
          <idle>-0     [000] dNh. 79834.329680: sched_wakeup: comm=3on6 pid=6229 prio=120 success=1 target_cpu=000
          <idle>-0     [000] d... 79834.329685: sched_switch: prev_comm=swapper/0 prev_pid=0 prev_prio=120 prev_state=R ==> next_comm=3on6 next_pid=6229 next_prio=120
            3on6-6229  [000] .... 79834.329687: sys_nanosleep -> 0x0
            3on6-6229  [000] d... 79834.329697: sched_wakeup: comm=kworker/0:2 pid=6725 prio=120 success=1 target_cpu=000
            3on6-6229  [000] .... 79834.329718: sched_process_exit: comm=3on6 pid=6229 prio=120
            3on6-6229  [000] d... 79834.329732: sched_switch: prev_comm=3on6 prev_pid=6229 prev_prio=120 prev_state=x ==> next_comm=kworker/0:2 next_pid=6725 next_prio=120
          <idle>-0     [000] dNh. 79835.330147: sched_wakeup: comm=3on6 pid=6220 prio=120 success=1 target_cpu=000
          <idle>-0     [000] d... 79835.330150: sched_switch: prev_comm=swapper/0 prev_pid=0 prev_prio=120 prev_state=R ==> next_comm=3on6 next_pid=6220 next_prio=120
            3on6-6220  [000] .... 79835.330152: sys_nanosleep -> 0x0
            3on6-6220  [000] d... 79835.330162: sched_wakeup: comm=kworker/0:2 pid=6725 prio=120 success=1 target_cpu=000
            3on6-6220  [000] d... 79835.330184: sched_wakeup: comm=3on6 pid=6202 prio=120 success=1 target_cpu=000
            3on6-6220  [000] .... 79835.330186: sched_process_exit: comm=3on6 pid=6220 prio=120
            3on6-6220  [000] d... 79835.330199: sched_switch: prev_comm=3on6 prev_pid=6220 prev_prio=120 prev_state=x ==> next_comm=3on6 next_pid=6202 next_prio=120
            3on6-6202  [000] .... 79835.330202: sys_futex -> 0x0
            3on6-6202  [000] d.s. 79835.330237: sched_wakeup: comm=rcuos/0 pid=8 prio=120 success=1 target_cpu=004
