     kworker/0:1-1492  [000] d... 577909.941122: sched_wakeup: comm=vi pid=8587 prio=120 success=1 target_cpu=004
           <...>-2397  [000] dN.. 577909.944078: sched_wakeup: comm=kworker/0:1 pid=1492 prio=120 success=1 target_cpu=000
     kworker/0:1-1492  [000] d... 577909.944086: sched_wakeup: comm=sshd pid=2084 prio=120 success=1 target_cpu=005
           <...>-2397  [000] dN.. 577909.944093: sched_wakeup: comm=kworker/0:1 pid=1492 prio=120 success=1 target_cpu=000
     kworker/0:1-1492  [000] d... 577909.944099: sched_wakeup: comm=sshd pid=5649 prio=120 success=1 target_cpu=002
          <idle>-0     [000] dNh. 577909.954170: sched_wakeup: comm=tmux pid=2397 prio=120 success=1 target_cpu=000
           <...>-2397  [000] dN.. 577910.157288: sched_wakeup: comm=kworker/0:1 pid=1492 prio=120 success=1 target_cpu=000
     kworker/0:1-1492  [000] d... 577910.157295: sched_wakeup: comm=vi pid=8587 prio=120 success=1 target_cpu=004
           <...>-2397  [000] dN.. 577910.157411: sched_wakeup: comm=kworker/0:1 pid=1492 prio=120 success=1 target_cpu=000
     kworker/0:1-1492  [000] d... 577910.157419: sched_wakeup: comm=sshd pid=2084 prio=120 success=1 target_cpu=005
           <...>-2397  [000] dN.. 577910.157426: sched_wakeup: comm=kworker/0:1 pid=1492 prio=120 success=1 target_cpu=000
     kworker/0:1-1492  [000] d... 577910.157431: sched_wakeup: comm=sshd pid=5649 prio=120 success=1 target_cpu=002
           <...>-2397  [000] dN.. 577910.157521: sched_wakeup: comm=kworker/0:1 pid=1492 prio=120 success=1 target_cpu=000
     kworker/0:1-1492  [000] d... 577910.157527: sched_wakeup: comm=sshd pid=2084 prio=120 success=1 target_cpu=005
           <...>-2397  [000] dN.. 577910.157534: sched_wakeup: comm=kworker/0:1 pid=1492 prio=120 success=1 target_cpu=000
     kworker/0:1-1492  [000] d... 577910.157539: sched_wakeup: comm=sshd pid=5649 prio=120 success=1 target_cpu=002
          <idle>-0     [000] dNh. 577910.185621: sched_wakeup: comm=tmux pid=2397 prio=120 success=1 target_cpu=000
           <...>-2397  [000] d... 577910.185705: sched_wakeup: comm=rcuos/0 pid=8 prio=120 success=1 target_cpu=003
           <...>-2397  [000] dNs. 577910.185777: sched_wakeup: comm=kworker/0:1 pid=1492 prio=120 success=1 target_cpu=000
       rcu_sched-7     [000] d... 577910.190791: sched_wakeup: comm=rcuos/0 pid=8 prio=120 success=1 target_cpu=003
          <idle>-0     [000] dNs. 577910.193780: sched_wakeup: comm=kworker/0:1 pid=1492 prio=120 success=1 target_cpu=000
          <idle>-0     [000] dNs. 577910.193783: sched_wakeup: comm=rcu_sched pid=7 prio=120 success=1 target_cpu=001
           <...>-2     [000] d... 577910.196832: sched_wakeup_new: comm=kthreadd pid=8695 prio=120 success=1 target_cpu=007
           <...>-2397  [000] dN.. 577910.575825: sched_wakeup: comm=kworker/0:1 pid=1492 prio=120 success=1 target_cpu=000
     kworker/0:1-1492  [000] d... 577910.575833: sched_wakeup: comm=vi pid=8587 prio=120 success=1 target_cpu=004
           <...>-2397  [000] dN.. 577910.575950: sched_wakeup: comm=kworker/0:1 pid=1492 prio=120 success=1 target_cpu=000
     kworker/0:1-1492  [000] d... 577910.575958: sched_wakeup: comm=sshd pid=5649 prio=120 success=1 target_cpu=002
           <...>-2397  [000] dN.. 577910.575965: sched_wakeup: comm=kworker/0:1 pid=1492 prio=120 success=1 target_cpu=000
     kworker/0:1-1492  [000] d... 577910.575970: sched_wakeup: comm=sshd pid=2084 prio=120 success=1 target_cpu=005
           <...>-2397  [000] dNs. 577910.576011: sched_wakeup: comm=kworker/0:1 pid=1492 prio=120 success=1 target_cpu=000
           <...>-2397  [000] dN.. 577910.576085: sched_wakeup: comm=kworker/0:1 pid=1492 prio=120 success=1 target_cpu=000
     kworker/0:1-1492  [000] d... 577910.576092: sched_wakeup: comm=sshd pid=2084 prio=120 success=1 target_cpu=005
           <...>-2397  [000] dN.. 577910.576099: sched_wakeup: comm=kworker/0:1 pid=1492 prio=120 success=1 target_cpu=000
     kworker/0:1-1492  [000] d... 577910.576104: sched_wakeup: comm=sshd pid=5649 prio=120 success=1 target_cpu=002
           <...>-2397  [000] dN.. 577910.629891: sched_wakeup: comm=kworker/0:1 pid=1492 prio=120 success=1 target_cpu=000
     kworker/0:1-1492  [000] d... 577910.629899: sched_wakeup: comm=vi pid=8587 prio=120 success=1 target_cpu=004
           <...>-2397  [000] dN.. 577910.630012: sched_wakeup: comm=kworker/0:1 pid=1492 prio=120 success=1 target_cpu=000
     kworker/0:1-1492  [000] d... 577910.630020: sched_wakeup: comm=sshd pid=2084 prio=120 success=1 target_cpu=005
           <...>-2397  [000] dN.. 577910.630027: sched_wakeup: comm=kworker/0:1 pid=1492 prio=120 success=1 target_cpu=000
     kworker/0:1-1492  [000] d... 577910.630032: sched_wakeup: comm=sshd pid=5649 prio=120 success=1 target_cpu=002
           <...>-2397  [000] dNs. 577910.630043: sched_wakeup: comm=kworker/0:1 pid=1492 prio=120 success=1 target_cpu=000
           <...>-2397  [000] dN.. 577910.630155: sched_wakeup: comm=kworker/0:1 pid=1492 prio=120 success=1 target_cpu=000
     kworker/0:1-1492  [000] d... 577910.630163: sched_wakeup: comm=sshd pid=2084 prio=120 success=1 target_cpu=005
           <...>-2397  [000] dN.. 577910.630169: sched_wakeup: comm=kworker/0:1 pid=1492 prio=120 success=1 target_cpu=000
     kworker/0:1-1492  [000] d... 577910.630175: sched_wakeup: comm=sshd pid=5649 prio=120 success=1 target_cpu=002
           <...>-2397  [000] dN.. 577910.643752: sched_wakeup: comm=kworker/0:1 pid=1492 prio=120 success=1 target_cpu=000
     kworker/0:1-1492  [000] d... 577910.643759: sched_wakeup: comm=vi pid=8587 prio=120 success=1 target_cpu=004
           <...>-2397  [000] dN.. 577910.643872: sched_wakeup: comm=kworker/0:1 pid=1492 prio=120 success=1 target_cpu=000
     kworker/0:1-1492  [000] d... 577910.643880: sched_wakeup: comm=sshd pid=2084 prio=120 success=1 target_cpu=005
           <...>-2397  [000] dN.. 577910.643887: sched_wakeup: comm=kworker/0:1 pid=1492 prio=120 success=1 target_cpu=000
     kworker/0:1-1492  [000] d... 577910.643892: sched_wakeup: comm=sshd pid=5649 prio=120 success=1 target_cpu=002
           <...>-2397  [000] dN.. 577910.643980: sched_wakeup: comm=kworker/0:1 pid=1492 prio=120 success=1 target_cpu=000
     kworker/0:1-1492  [000] d... 577910.643987: sched_wakeup: comm=sshd pid=2084 prio=120 success=1 target_cpu=005
           <...>-2397  [000] dN.. 577910.643994: sched_wakeup: comm=kworker/0:1 pid=1492 prio=120 success=1 target_cpu=000
     kworker/0:1-1492  [000] d... 577910.643999: sched_wakeup: comm=sshd pid=5649 prio=120 success=1 target_cpu=002
           <...>-2397  [000] dN.. 577910.679035: sched_wakeup: comm=kworker/0:1 pid=1492 prio=120 success=1 target_cpu=000
     kworker/0:1-1492  [000] d... 577910.679042: sched_wakeup: comm=vi pid=8587 prio=120 success=1 target_cpu=004
           <...>-2397  [000] dNs. 577910.679072: sched_wakeup: comm=kworker/0:1 pid=1492 prio=120 success=1 target_cpu=000
           <...>-2397  [000] dN.. 577910.679180: sched_wakeup: comm=kworker/0:1 pid=1492 prio=120 success=1 target_cpu=000
     kworker/0:1-1492  [000] d... 577910.679188: sched_wakeup: comm=sshd pid=5649 prio=120 success=1 target_cpu=002
           <...>-2397  [000] dN.. 577910.679194: sched_wakeup: comm=kworker/0:1 pid=1492 prio=120 success=1 target_cpu=000
     kworker/0:1-1492  [000] d... 577910.679200: sched_wakeup: comm=sshd pid=2084 prio=120 success=1 target_cpu=005
           <...>-2397  [000] dN.. 577910.679289: sched_wakeup: comm=kworker/0:1 pid=1492 prio=120 success=1 target_cpu=000
     kworker/0:1-1492  [000] d... 577910.679296: sched_wakeup: comm=sshd pid=2084 prio=120 success=1 target_cpu=005
           <...>-2397  [000] dN.. 577910.679302: sched_wakeup: comm=kworker/0:1 pid=1492 prio=120 success=1 target_cpu=000
     kworker/0:1-1492  [000] d... 577910.679308: sched_wakeup: comm=sshd pid=5649 prio=120 success=1 target_cpu=002
          <idle>-0     [000] dNh. 577910.686377: sched_wakeup: comm=tmux pid=2397 prio=120 success=1 target_cpu=000
           <...>-2397  [000] d... 577910.686461: sched_wakeup: comm=rcuos/0 pid=8 prio=120 success=1 target_cpu=004
         rcuos/0-8     [000] d... 577910.692101: sched_wakeup: comm=rcu_sched pid=7 prio=120 success=1 target_cpu=005
          <idle>-0     [000] dNs. 577910.698085: sched_wakeup: comm=kworker/0:1 pid=1492 prio=120 success=1 target_cpu=000
          <idle>-0     [000] dNs. 577910.698087: sched_wakeup: comm=rcu_sched pid=7 prio=120 success=1 target_cpu=001
           <...>-2397  [000] dN.. 577910.720528: sched_wakeup: comm=kworker/0:1 pid=1492 prio=120 success=1 target_cpu=000
     kworker/0:1-1492  [000] d... 577910.720536: sched_wakeup: comm=vi pid=8587 prio=120 success=1 target_cpu=004
           <...>-2397  [000] dN.. 577910.720653: sched_wakeup: comm=kworker/0:1 pid=1492 prio=120 success=1 target_cpu=000
     kworker/0:1-1492  [000] d... 577910.720661: sched_wakeup: comm=sshd pid=2084 prio=120 success=1 target_cpu=005
           <...>-2397  [000] dN.. 577910.720668: sched_wakeup: comm=kworker/0:1 pid=1492 prio=120 success=1 target_cpu=000
     kworker/0:1-1492  [000] d... 577910.720674: sched_wakeup: comm=sshd pid=5649 prio=120 success=1 target_cpu=002
           <...>-2397  [000] dN.. 577910.720762: sched_wakeup: comm=kworker/0:1 pid=1492 prio=120 success=1 target_cpu=000
     kworker/0:1-1492  [000] d... 577910.720769: sched_wakeup: comm=sshd pid=2084 prio=120 success=1 target_cpu=005
           <...>-2397  [000] dN.. 577910.720775: sched_wakeup: comm=kworker/0:1 pid=1492 prio=120 success=1 target_cpu=000
     kworker/0:1-1492  [000] d... 577910.720781: sched_wakeup: comm=sshd pid=5649 prio=120 success=1 target_cpu=002
           <...>-2397  [000] dN.. 577910.745948: sched_wakeup: comm=kworker/0:1 pid=1492 prio=120 success=1 target_cpu=000
     kworker/0:1-1492  [000] d... 577910.745956: sched_wakeup: comm=vi pid=8587 prio=120 success=1 target_cpu=004
           <...>-2397  [000] dN.. 577910.746069: sched_wakeup: comm=kworker/0:1 pid=1492 prio=120 success=1 target_cpu=000
     kworker/0:1-1492  [000] d... 577910.746077: sched_wakeup: comm=sshd pid=2084 prio=120 success=1 target_cpu=005
           <...>-2397  [000] dN.. 577910.746083: sched_wakeup: comm=kworker/0:1 pid=1492 prio=120 success=1 target_cpu=000
     kworker/0:1-1492  [000] d... 577910.746089: sched_wakeup: comm=sshd pid=5649 prio=120 success=1 target_cpu=002
           <...>-2397  [000] dNs. 577910.746112: sched_wakeup: comm=kworker/0:1 pid=1492 prio=120 success=1 target_cpu=000
           <...>-2397  [000] dN.. 577910.746206: sched_wakeup: comm=kworker/0:1 pid=1492 prio=120 success=1 target_cpu=000
     kworker/0:1-1492  [000] d... 577910.746213: sched_wakeup: comm=sshd pid=2084 prio=120 success=1 target_cpu=005
           <...>-2397  [000] dN.. 577910.746220: sched_wakeup: comm=kworker/0:1 pid=1492 prio=120 success=1 target_cpu=000
     kworker/0:1-1492  [000] d... 577910.746226: sched_wakeup: comm=sshd pid=5649 prio=120 success=1 target_cpu=002
           <...>-2397  [000] dN.. 577910.781209: sched_wakeup: comm=kworker/0:1 pid=1492 prio=120 success=1 target_cpu=000
     kworker/0:1-1492  [000] d... 577910.781216: sched_wakeup: comm=vi pid=8587 prio=120 success=1 target_cpu=004
           <...>-2397  [000] dN.. 577910.781331: sched_wakeup: comm=kworker/0:1 pid=1492 prio=120 success=1 target_cpu=000
     kworker/0:1-1492  [000] d... 577910.781339: sched_wakeup: comm=sshd pid=2084 prio=120 success=1 target_cpu=005
           <...>-2397  [000] dN.. 577910.781345: sched_wakeup: comm=kworker/0:1 pid=1492 prio=120 success=1 target_cpu=000
     kworker/0:1-1492  [000] d... 577910.781351: sched_wakeup: comm=sshd pid=5649 prio=120 success=1 target_cpu=002
           <...>-2397  [000] dN.. 577910.781439: sched_wakeup: comm=kworker/0:1 pid=1492 prio=120 success=1 target_cpu=000
     kworker/0:1-1492  [000] d... 577910.781446: sched_wakeup: comm=sshd pid=2084 prio=120 success=1 target_cpu=005
           <...>-2397  [000] dN.. 577910.781452: sched_wakeup: comm=kworker/0:1 pid=1492 prio=120 success=1 target_cpu=000
     kworker/0:1-1492  [000] d... 577910.781458: sched_wakeup: comm=sshd pid=5649 prio=120 success=1 target_cpu=002
           <...>-2397  [000] dN.. 577910.815132: sched_wakeup: comm=kworker/0:1 pid=1492 prio=120 success=1 target_cpu=000
     kworker/0:1-1492  [000] d... 577910.815139: sched_wakeup: comm=vi pid=8587 prio=120 success=1 target_cpu=004
           <...>-2397  [000] dNs. 577910.815153: sched_wakeup: comm=kworker/0:1 pid=1492 prio=120 success=1 target_cpu=000
           <...>-2397  [000] dN.. 577910.815270: sched_wakeup: comm=kworker/0:1 pid=1492 prio=120 success=1 target_cpu=000
     kworker/0:1-1492  [000] d... 577910.815278: sched_wakeup: comm=sshd pid=2084 prio=120 success=1 target_cpu=005
           <...>-2397  [000] dN.. 577910.815284: sched_wakeup: comm=kworker/0:1 pid=1492 prio=120 success=1 target_cpu=000
     kworker/0:1-1492  [000] d... 577910.815290: sched_wakeup: comm=sshd pid=5649 prio=120 success=1 target_cpu=002
           <...>-2397  [000] dN.. 577910.815378: sched_wakeup: comm=kworker/0:1 pid=1492 prio=120 success=1 target_cpu=000
     kworker/0:1-1492  [000] d... 577910.815385: sched_wakeup: comm=sshd pid=2084 prio=120 success=1 target_cpu=005
           <...>-2397  [000] dN.. 577910.815391: sched_wakeup: comm=kworker/0:1 pid=1492 prio=120 success=1 target_cpu=000
     kworker/0:1-1492  [000] d... 577910.815396: sched_wakeup: comm=sshd pid=5649 prio=120 success=1 target_cpu=002
           <...>-2397  [000] dN.. 577910.850048: sched_wakeup: comm=kworker/0:1 pid=1492 prio=120 success=1 target_cpu=000
     kworker/0:1-1492  [000] d... 577910.850056: sched_wakeup: comm=vi pid=8587 prio=120 success=1 target_cpu=004
           <...>-2397  [000] dN.. 577910.850168: sched_wakeup: comm=kworker/0:1 pid=1492 prio=120 success=1 target_cpu=000
     kworker/0:1-1492  [000] d... 577910.850193: sched_wakeup: comm=sshd pid=2084 prio=120 success=1 target_cpu=005
       rcu_sched-7     [000] d... 577910.961259: sched_wakeup: comm=rcuos/0 pid=8 prio=120 success=1 target_cpu=000
         rcuos/0-8     [000] d... 577910.961265: sched_wakeup: comm=rcuos/1 pid=9 prio=120 success=1 target_cpu=005
           <...>-8703  [000] d... 577910.961805: sched_wakeup: comm=uptime pid=8702 prio=120 success=1 target_cpu=005
           <...>-8703  [000] d... 577910.961822: sched_wakeup: comm=sh pid=8704 prio=120 success=1 target_cpu=003
           <...>-8703  [000] d... 577910.963364: sched_wakeup: comm=cut pid=8704 prio=120 success=1 target_cpu=003
           <...>-8703  [000] .... 577910.963554: sched_process_exit: comm=cut pid=8703 prio=120
           <...>-8703  [000] d... 577910.963575: sched_wakeup: comm=sh pid=8698 prio=120 success=1 target_cpu=000
           <...>-8698  [000] .... 577910.963993: sched_process_exit: comm=sh pid=8698 prio=120
          <idle>-0     [000] dNs. 577910.964248: sched_wakeup: comm=kworker/0:1 pid=1492 prio=120 success=1 target_cpu=000
          <idle>-0     [000] dNs. 577910.964253: sched_wakeup: comm=rcu_sched pid=7 prio=120 success=1 target_cpu=003
          <idle>-0     [000] dNs. 577910.964257: sched_wakeup: comm=ksoftirqd/0 pid=3 prio=120 success=1 target_cpu=000
           <...>-8708  [000] .... 577910.965599: sched_process_exit: comm=cut pid=8708 prio=120
           <...>-8708  [000] d... 577910.965616: sched_wakeup: comm=sh pid=8701 prio=120 success=1 target_cpu=002
           <...>-8710  [000] dN.. 577910.966996: sched_wakeup: comm=migration/0 pid=25 prio=0 success=1 target_cpu=000
         rcuos/0-8     [000] d... 577910.970265: sched_wakeup: comm=rcuos/1 pid=9 prio=120 success=1 target_cpu=005
           <...>-2084  [000] d.s. 577910.974250: sched_wakeup: comm=kworker/0:1 pid=1492 prio=120 success=1 target_cpu=000
         rcuos/6-14    [000] d... 577910.976272: sched_wakeup: comm=rcuos/7 pid=15 prio=120 success=1 target_cpu=004
          <idle>-0     [000] dNs. 577910.982255: sched_wakeup: comm=kworker/0:1 pid=1492 prio=120 success=1 target_cpu=000
          <idle>-0     [000] dNs. 577910.982258: sched_wakeup: comm=rcu_sched pid=7 prio=120 success=1 target_cpu=001
         rcuos/6-14    [000] d... 577910.988279: sched_wakeup: comm=rcuos/7 pid=15 prio=120 success=1 target_cpu=002
          <idle>-0     [000] dNs. 577911.006269: sched_wakeup: comm=kworker/0:1 pid=1492 prio=120 success=1 target_cpu=000
          <idle>-0     [000] dNs. 577911.006271: sched_wakeup: comm=rcu_sched pid=7 prio=120 success=1 target_cpu=001
           <...>-2084  [000] d.s. 577911.566606: sched_wakeup: comm=kworker/0:1 pid=1492 prio=120 success=1 target_cpu=000
          <idle>-0     [000] dNs. 577911.690681: sched_wakeup: comm=kworker/0:1 pid=1492 prio=120 success=1 target_cpu=000
          <idle>-0     [000] dNs. 577911.690684: sched_wakeup: comm=rcu_sched pid=7 prio=120 success=1 target_cpu=001
          <idle>-0     [000] dNs. 577911.865789: sched_wakeup: comm=kworker/0:1 pid=1492 prio=120 success=1 target_cpu=000
          <idle>-0     [000] dNs. 577912.045893: sched_wakeup: comm=kworker/0:1 pid=1492 prio=120 success=1 target_cpu=000
         rcuos/4-12    [000] d... 577912.188831: sched_wakeup: comm=rcu_sched pid=7 prio=120 success=1 target_cpu=004
       rcu_sched-7     [000] d... 577912.193999: sched_wakeup: comm=rcuos/4 pid=12 prio=120 success=1 target_cpu=001
          <idle>-0     [000] dNh. 577912.497143: sched_wakeup: comm=goa-daemon pid=1835 prio=120 success=1 target_cpu=000
      goa-daemon-1835  [000] d.s. 577912.497167: sched_wakeup: comm=kworker/0:1 pid=1492 prio=120 success=1 target_cpu=000
      goa-daemon-1835  [000] .... 577912.497183: sys_futex(uaddr: 17c1850, op: 1, val: 1, utime: 0, uaddr2: 0, val3: 17c1d10)
      goa-daemon-1835  [000] d... 577912.497190: sched_wakeup: comm=pool pid=1839 prio=120 success=1 target_cpu=002
      goa-daemon-1835  [000] .... 577912.497191: sys_futex -> 0x1
       rcu_sched-7     [000] d... 577912.503183: sched_wakeup: comm=rcuos/2 pid=10 prio=120 success=1 target_cpu=001
          <idle>-0     [000] dNs. 577912.506173: sched_wakeup: comm=kworker/0:1 pid=1492 prio=120 success=1 target_cpu=000
          <idle>-0     [000] dNs. 577912.506175: sched_wakeup: comm=rcu_sched pid=7 prio=120 success=1 target_cpu=001
       rcu_sched-7     [000] d... 577912.701303: sched_wakeup: comm=rcuos/4 pid=12 prio=120 success=1 target_cpu=001
          <idle>-0     [000] dNh. 577912.792347: sched_wakeup: comm=watchdog/0 pid=26 prio=0 success=1 target_cpu=000
          <idle>-0     [000] dN.. 577912.958576: sched_wakeup: comm=rcuos/6 pid=14 prio=120 success=1 target_cpu=000
           <...>-8714  [000] dNs. 577912.960450: sched_wakeup: comm=kworker/0:1 pid=1492 prio=120 success=1 target_cpu=000
           <...>-8714  [000] dNs. 577912.960457: sched_wakeup: comm=rcu_sched pid=7 prio=120 success=1 target_cpu=002
           <...>-8714  [000] dN.. 577912.960866: sched_wakeup: comm=migration/0 pid=25 prio=0 success=1 target_cpu=000
           <...>-8712  [000] .... 577912.962211: sched_process_exit: comm=sh pid=8712 prio=120
           <...>-8718  [000] dNs. 577912.963452: sched_wakeup: comm=kworker/0:1 pid=1492 prio=120 success=1 target_cpu=000
           <...>-8718  [000] dN.. 577912.964166: sched_wakeup: comm=migration/0 pid=25 prio=0 success=1 target_cpu=000
           <...>-8722  [000] dN.. 577912.966400: sched_wakeup: comm=migration/0 pid=25 prio=0 success=1 target_cpu=000
           <...>-8724  [000] .... 577912.967346: sched_process_exit: comm=cut pid=8724 prio=120
           <...>-8724  [000] d... 577912.967363: sched_wakeup: comm=sh pid=8718 prio=120 success=1 target_cpu=001
          <idle>-0     [000] dNs. 577912.969454: sched_wakeup: comm=rcu_sched pid=7 prio=120 success=1 target_cpu=000
       rcu_sched-7     [000] d... 577912.969463: sched_wakeup: comm=rcuos/2 pid=10 prio=120 success=1 target_cpu=001
       rcu_sched-7     [000] d... 577912.969466: sched_wakeup: comm=rcuos/0 pid=8 prio=120 success=1 target_cpu=003
       rcu_sched-7     [000] d... 577912.969468: sched_wakeup: comm=rcuos/6 pid=14 prio=120 success=1 target_cpu=004
           <...>-8726  [000] dN.. 577912.969659: sched_wakeup: comm=migration/0 pid=25 prio=0 success=1 target_cpu=000
          <idle>-0     [000] dNs. 577912.972455: sched_wakeup: comm=kworker/0:1 pid=1492 prio=120 success=1 target_cpu=000
          <idle>-0     [000] dNs. 577912.972457: sched_wakeup: comm=rcu_sched pid=7 prio=120 success=1 target_cpu=001
         rcuos/0-8     [000] d... 577912.981483: sched_wakeup: comm=rcuos/1 pid=9 prio=120 success=1 target_cpu=003
       rcu_sched-7     [000] d... 577912.987476: sched_wakeup: comm=rcuos/4 pid=12 prio=120 success=1 target_cpu=003
          <idle>-0     [000] dNs. 577912.990465: sched_wakeup: comm=kworker/0:1 pid=1492 prio=120 success=1 target_cpu=000
          <idle>-0     [000] dNs. 577912.990467: sched_wakeup: comm=rcu_sched pid=7 prio=120 success=1 target_cpu=001
         rcuos/0-8     [000] d... 577912.993486: sched_wakeup: comm=rcuos/1 pid=9 prio=120 success=1 target_cpu=001
       rcu_sched-7     [000] d... 577913.005482: sched_wakeup: comm=rcuos/0 pid=8 prio=120 success=1 target_cpu=001
       rcu_sched-7     [000] d... 577913.005484: sched_wakeup: comm=rcuos/2 pid=10 prio=120 success=1 target_cpu=003
          <idle>-0     [000] dNs. 577913.008475: sched_wakeup: comm=kworker/0:1 pid=1492 prio=120 success=1 target_cpu=000
          <idle>-0     [000] dNs. 577913.008477: sched_wakeup: comm=rcu_sched pid=7 prio=120 success=1 target_cpu=001
          <idle>-0     [000] dNs. 577913.074516: sched_wakeup: comm=kworker/0:1 pid=1492 prio=120 success=1 target_cpu=000
          <idle>-0     [000] dNs. 577913.074521: sched_wakeup: comm=kworker/u16:0 pid=8656 prio=120 success=1 target_cpu=001
         rcuos/4-12    [000] d... 577913.189860: sched_wakeup: comm=rcu_sched pid=7 prio=120 success=1 target_cpu=002
          <idle>-0     [000] dNh. 577913.190684: sched_wakeup: comm=gmain pid=20788 prio=120 success=1 target_cpu=000
         rcuos/4-12    [000] d... 577913.195607: sched_wakeup: comm=rcuos/5 pid=13 prio=120 success=1 target_cpu=004
       rcu_sched-7     [000] d... 577913.201604: sched_wakeup: comm=rcuos/2 pid=10 prio=120 success=1 target_cpu=004
          <idle>-0     [000] dNs. 577913.204594: sched_wakeup: comm=kworker/0:1 pid=1492 prio=120 success=1 target_cpu=000
          <idle>-0     [000] dNs. 577913.204596: sched_wakeup: comm=rcu_sched pid=7 prio=120 success=1 target_cpu=001
         rcuos/4-12    [000] d... 577913.207613: sched_wakeup: comm=rcuos/5 pid=13 prio=120 success=1 target_cpu=004
         rcuos/4-12    [000] d... 577913.691122: sched_wakeup: comm=rcu_sched pid=7 prio=120 success=1 target_cpu=004
       rcu_sched-7     [000] d... 577913.696903: sched_wakeup: comm=rcuos/4 pid=12 prio=120 success=1 target_cpu=001
          <idle>-0     [000] dNs. 577913.699892: sched_wakeup: comm=kworker/0:1 pid=1492 prio=120 success=1 target_cpu=000
          <idle>-0     [000] dNs. 577913.699897: sched_wakeup: comm=rcu_sched pid=7 prio=120 success=1 target_cpu=001
     usb-storage-350   [000] d... 577913.812252: sched_wakeup: comm=ksoftirqd/0 pid=3 prio=120 success=1 target_cpu=000
           <...>-3     [000] d.s. 577913.812258: sched_wakeup: comm=kworker/5:29 pid=29024 prio=120 success=1 target_cpu=005
           <...>-3     [000] d.s. 577913.812263: sched_wakeup: comm=usb-storage pid=350 prio=120 success=1 target_cpu=001
          <idle>-0     [000] dNs. 577914.204197: sched_wakeup: comm=kworker/0:1 pid=1492 prio=120 success=1 target_cpu=000
          <idle>-0     [000] dNs. 577914.204202: sched_wakeup: comm=rcu_sched pid=7 prio=120 success=1 target_cpu=001
          <idle>-0     [000] dN.. 577914.576615: sched_wakeup: comm=sshd pid=2084 prio=120 success=1 target_cpu=000
          <idle>-0     [000] dN.. 577914.579351: sched_wakeup: comm=sshd pid=2084 prio=120 success=1 target_cpu=000
         rcuos/2-10    [000] d... 577914.705517: sched_wakeup: comm=rcuos/3 pid=11 prio=120 success=1 target_cpu=001
         rcuos/2-10    [000] d... 577914.707053: sched_wakeup: comm=rcu_sched pid=7 prio=120 success=1 target_cpu=005
          <idle>-0     [000] dNs. 577914.712503: sched_wakeup: comm=kworker/0:1 pid=1492 prio=120 success=1 target_cpu=000
          <idle>-0     [000] dNs. 577914.712507: sched_wakeup: comm=rcu_sched pid=7 prio=120 success=1 target_cpu=001
          <idle>-0     [000] dNs. 577914.744521: sched_wakeup: comm=kworker/0:1 pid=1492 prio=120 success=1 target_cpu=000
          <idle>-0     [000] dNs. 577914.744523: sched_wakeup: comm=rcu_sched pid=7 prio=120 success=1 target_cpu=001
          <idle>-0     [000] dNs. 577914.782545: sched_wakeup: comm=kworker/0:1 pid=1492 prio=120 success=1 target_cpu=000
          <idle>-0     [000] dNs. 577914.782547: sched_wakeup: comm=rcu_sched pid=7 prio=120 success=1 target_cpu=001
          <idle>-0     [000] dNs. 577914.838578: sched_wakeup: comm=kworker/0:1 pid=1492 prio=120 success=1 target_cpu=000
          <idle>-0     [000] dNs. 577914.838581: sched_wakeup: comm=rcu_sched pid=7 prio=120 success=1 target_cpu=001
          <idle>-0     [000] dNs. 577914.850587: sched_wakeup: comm=kworker/0:1 pid=1492 prio=120 success=1 target_cpu=000
          <idle>-0     [000] dNs. 577914.850589: sched_wakeup: comm=rcu_sched pid=7 prio=120 success=1 target_cpu=001
          <idle>-0     [000] dNs. 577914.915625: sched_wakeup: comm=kworker/0:1 pid=1492 prio=120 success=1 target_cpu=000
          <idle>-0     [000] dNs. 577914.915627: sched_wakeup: comm=rcu_sched pid=7 prio=120 success=1 target_cpu=001
          <idle>-0     [000] dNs. 577914.921627: sched_wakeup: comm=rcu_sched pid=7 prio=120 success=1 target_cpu=000
       rcu_sched-7     [000] d... 577914.921634: sched_wakeup: comm=rcuos/2 pid=10 prio=120 success=1 target_cpu=004
          <idle>-0     [000] dNs. 577914.947643: sched_wakeup: comm=kworker/0:1 pid=1492 prio=120 success=1 target_cpu=000
          <idle>-0     [000] dNs. 577914.947645: sched_wakeup: comm=rcu_sched pid=7 prio=120 success=1 target_cpu=001
       rcu_sched-7     [000] d... 577914.985677: sched_wakeup: comm=rcuos/2 pid=10 prio=120 success=1 target_cpu=001
          <idle>-0     [000] dNs. 577914.988669: sched_wakeup: comm=kworker/0:1 pid=1492 prio=120 success=1 target_cpu=000
          <idle>-0     [000] dNs. 577914.988671: sched_wakeup: comm=rcu_sched pid=7 prio=120 success=1 target_cpu=001
         rcuos/2-10    [000] d... 577915.018703: sched_wakeup: comm=rcuos/3 pid=11 prio=120 success=1 target_cpu=002
         rcuos/2-10    [000] d... 577915.018705: sched_wakeup: comm=rcu_sched pid=7 prio=120 success=1 target_cpu=005
          <idle>-0     [000] dNs. 577915.024690: sched_wakeup: comm=kworker/0:1 pid=1492 prio=120 success=1 target_cpu=000
          <idle>-0     [000] dNs. 577915.024692: sched_wakeup: comm=rcu_sched pid=7 prio=120 success=1 target_cpu=001
          <idle>-0     [000] dNs. 577915.057710: sched_wakeup: comm=kworker/0:1 pid=1492 prio=120 success=1 target_cpu=000
          <idle>-0     [000] dNs. 577915.057712: sched_wakeup: comm=rcu_sched pid=7 prio=120 success=1 target_cpu=001
          <idle>-0     [000] dNs. 577915.206799: sched_wakeup: comm=kworker/0:1 pid=1492 prio=120 success=1 target_cpu=000
          <idle>-0     [000] dNs. 577915.206802: sched_wakeup: comm=rcu_sched pid=7 prio=120 success=1 target_cpu=001
           <...>-2084  [000] d.s. 577915.671080: sched_wakeup: comm=kworker/0:1 pid=1492 prio=120 success=1 target_cpu=000
          <idle>-0     [000] dNs. 577915.707102: sched_wakeup: comm=kworker/0:1 pid=1492 prio=120 success=1 target_cpu=000
          <idle>-0     [000] dNs. 577915.707104: sched_wakeup: comm=rcu_sched pid=7 prio=120 success=1 target_cpu=001
          <idle>-0     [000] dNs. 577915.868200: sched_wakeup: comm=kworker/0:1 pid=1492 prio=120 success=1 target_cpu=000
          <idle>-0     [000] dNs. 577916.037301: sched_wakeup: comm=kworker/0:1 pid=1492 prio=120 success=1 target_cpu=000
           <...>-2084  [000] d.s. 577916.117349: sched_wakeup: comm=kworker/0:1 pid=1492 prio=120 success=1 target_cpu=000
     kworker/0:1-1492  [000] d... 577916.117360: sched_wakeup: comm=kworker/2:1 pid=4672 prio=120 success=1 target_cpu=002
          <idle>-0     [000] dNs. 577916.208404: sched_wakeup: comm=kworker/0:1 pid=1492 prio=120 success=1 target_cpu=000
          <idle>-0     [000] dNs. 577916.208406: sched_wakeup: comm=rcu_sched pid=7 prio=120 success=1 target_cpu=001
          <idle>-0     [000] dNs. 577916.709706: sched_wakeup: comm=kworker/0:1 pid=1492 prio=120 success=1 target_cpu=000
          <idle>-0     [000] dNs. 577916.709710: sched_wakeup: comm=rcu_sched pid=7 prio=120 success=1 target_cpu=001
          <idle>-0     [000] dNh. 577916.794759: sched_wakeup: comm=watchdog/0 pid=26 prio=0 success=1 target_cpu=000
           <...>-8732  [000] dNs. 577916.966866: sched_wakeup: comm=kworker/0:1 pid=1492 prio=120 success=1 target_cpu=000
          <idle>-0     [000] dN.. 577916.967049: sched_wakeup: comm=cut pid=8732 prio=120 success=1 target_cpu=000
           <...>-8732  [000] .... 577916.967095: sched_process_exit: comm=cut pid=8732 prio=120
           <...>-8732  [000] d... 577916.967109: sched_wakeup: comm=sh pid=8728 prio=120 success=1 target_cpu=004
          <idle>-0     [000] dNs. 577916.968865: sched_wakeup: comm=rcu_sched pid=7 prio=120 success=1 target_cpu=000
          <idle>-0     [000] dNs. 577916.968869: sched_wakeup: comm=ksoftirqd/0 pid=3 prio=120 success=1 target_cpu=000
       rcu_sched-7     [000] d... 577916.968878: sched_wakeup: comm=rcuos/2 pid=10 prio=120 success=1 target_cpu=001
           <...>-8738  [000] dN.. 577916.971495: sched_wakeup: comm=migration/0 pid=25 prio=0 success=1 target_cpu=000
          <idle>-0     [000] dNs. 577916.971865: sched_wakeup: comm=rcu_sched pid=7 prio=120 success=1 target_cpu=000
          <idle>-0     [000] dNs. 577916.974866: sched_wakeup: comm=kworker/0:1 pid=1492 prio=120 success=1 target_cpu=000
          <idle>-0     [000] dNs. 577916.974869: sched_wakeup: comm=rcu_sched pid=7 prio=120 success=1 target_cpu=002
           <...>-8738  [000] .... 577916.976079: sched_process_exit: comm=sh pid=8738 prio=120
          <idle>-0     [000] dNs. 577916.986875: sched_wakeup: comm=kworker/0:1 pid=1492 prio=120 success=1 target_cpu=000
          <idle>-0     [000] dNs. 577916.986877: sched_wakeup: comm=rcu_sched pid=7 prio=120 success=1 target_cpu=001
         rcuos/4-12    [000] d... 577916.998898: sched_wakeup: comm=rcuos/5 pid=13 prio=120 success=1 target_cpu=003
          <idle>-0     [000] dNs. 577917.004884: sched_wakeup: comm=kworker/0:1 pid=1492 prio=120 success=1 target_cpu=000
          <idle>-0     [000] dNs. 577917.004887: sched_wakeup: comm=rcu_sched pid=7 prio=120 success=1 target_cpu=001
         rcuos/4-12    [000] d... 577917.010908: sched_wakeup: comm=rcuos/5 pid=13 prio=120 success=1 target_cpu=003
          <idle>-0     [000] dNs. 577917.022893: sched_wakeup: comm=kworker/0:1 pid=1492 prio=120 success=1 target_cpu=000
          <idle>-0     [000] dNs. 577917.022895: sched_wakeup: comm=rcu_sched pid=7 prio=120 success=1 target_cpu=002
          <idle>-0     [000] dNh. 577917.193128: sched_wakeup: comm=gmain pid=20788 prio=120 success=1 target_cpu=000
       rcu_sched-7     [000] d... 577917.205015: sched_wakeup: comm=rcuos/2 pid=10 prio=120 success=1 target_cpu=002
          <idle>-0     [000] dNs. 577917.208008: sched_wakeup: comm=kworker/0:1 pid=1492 prio=120 success=1 target_cpu=000
          <idle>-0     [000] dNs. 577917.208011: sched_wakeup: comm=rcu_sched pid=7 prio=120 success=1 target_cpu=001
           <...>-2084  [000] d.s. 577917.240026: sched_wakeup: comm=kworker/0:1 pid=1492 prio=120 success=1 target_cpu=000
           <...>-2     [000] d... 577917.365160: sched_wakeup_new: comm=kthreadd pid=8744 prio=120 success=1 target_cpu=007
         rcuos/2-10    [000] d... 577917.439164: sched_wakeup: comm=rcuos/3 pid=11 prio=120 success=1 target_cpu=005
         rcuos/2-10    [000] d... 577917.439166: sched_wakeup: comm=rcu_sched pid=7 prio=120 success=1 target_cpu=001
         rcuos/2-10    [000] d... 577917.445168: sched_wakeup: comm=rcuos/3 pid=11 prio=120 success=1 target_cpu=005
         rcuos/2-10    [000] d... 577917.468523: sched_wakeup: comm=rcu_sched pid=7 prio=120 success=1 target_cpu=001
         rcuos/2-10    [000] d... 577917.474185: sched_wakeup: comm=rcuos/3 pid=11 prio=120 success=1 target_cpu=005
         rcuos/2-10    [000] d... 577917.474187: sched_wakeup: comm=rcu_sched pid=7 prio=120 success=1 target_cpu=003
         rcuos/2-10    [000] d... 577917.480185: sched_wakeup: comm=rcuos/3 pid=11 prio=120 success=1 target_cpu=005
          <idle>-0     [000] dNh. 577917.499215: sched_wakeup: comm=goa-daemon pid=1835 prio=120 success=1 target_cpu=000
      goa-daemon-1835  [000] .... 577917.499241: sys_futex(uaddr: 17c1850, op: 1, val: 1, utime: 0, uaddr2: 31e80dd7d2b936, val3: 17c1d10)
      goa-daemon-1835  [000] d... 577917.499247: sched_wakeup: comm=pool pid=1839 prio=120 success=1 target_cpu=002
      goa-daemon-1835  [000] .... 577917.499248: sys_futex -> 0x1
         rcuos/2-10    [000] d... 577917.499297: sched_wakeup: comm=rcu_sched pid=7 prio=120 success=1 target_cpu=005
          <idle>-0     [000] dNs. 577917.505185: sched_wakeup: comm=kworker/0:1 pid=1492 prio=120 success=1 target_cpu=000
          <idle>-0     [000] dNs. 577917.505190: sched_wakeup: comm=rcu_sched pid=7 prio=120 success=1 target_cpu=001
     kworker/0:1-1492  [000] d... 577917.505203: sched_wakeup: comm=kworker/3:2 pid=7744 prio=120 success=1 target_cpu=003
          <idle>-0     [000] dNs. 577917.543209: sched_wakeup: comm=kworker/0:1 pid=1492 prio=120 success=1 target_cpu=000
          <idle>-0     [000] dNs. 577917.543211: sched_wakeup: comm=rcu_sched pid=7 prio=120 success=1 target_cpu=001
          <idle>-0     [000] dNs. 577917.577228: sched_wakeup: comm=kworker/0:1 pid=1492 prio=120 success=1 target_cpu=000
          <idle>-0     [000] dNs. 577917.577230: sched_wakeup: comm=rcu_sched pid=7 prio=120 success=1 target_cpu=001
          <idle>-0     [000] dNs. 577917.618253: sched_wakeup: comm=kworker/0:1 pid=1492 prio=120 success=1 target_cpu=000
          <idle>-0     [000] dNs. 577917.618255: sched_wakeup: comm=rcu_sched pid=7 prio=120 success=1 target_cpu=001
          <idle>-0     [000] dNs. 577917.647270: sched_wakeup: comm=kworker/0:1 pid=1492 prio=120 success=1 target_cpu=000
          <idle>-0     [000] dNs. 577917.647272: sched_wakeup: comm=rcu_sched pid=7 prio=120 success=1 target_cpu=001
          <idle>-0     [000] dNs. 577917.680289: sched_wakeup: comm=kworker/0:1 pid=1492 prio=120 success=1 target_cpu=000
          <idle>-0     [000] dNs. 577917.680291: sched_wakeup: comm=rcu_sched pid=7 prio=120 success=1 target_cpu=001
          <idle>-0     [000] dNs. 577917.705305: sched_wakeup: comm=kworker/0:1 pid=1492 prio=120 success=1 target_cpu=000
          <idle>-0     [000] dNs. 577917.705307: sched_wakeup: comm=rcu_sched pid=7 prio=120 success=1 target_cpu=001
       rcu_sched-7     [000] d... 577917.717321: sched_wakeup: comm=rcuos/2 pid=10 prio=120 success=1 target_cpu=001
       rcu_sched-7     [000] d... 577917.749340: sched_wakeup: comm=rcuos/2 pid=10 prio=120 success=1 target_cpu=001
       rcu_sched-7     [000] d... 577917.786363: sched_wakeup: comm=rcuos/2 pid=10 prio=120 success=1 target_cpu=001
       rcu_sched-7     [000] d... 577917.842397: sched_wakeup: comm=rcuos/2 pid=10 prio=120 success=1 target_cpu=001
       rcu_sched-7     [000] d... 577917.853403: sched_wakeup: comm=rcuos/2 pid=10 prio=120 success=1 target_cpu=001
       rcu_sched-7     [000] d... 577918.199615: sched_wakeup: comm=rcuos/2 pid=10 prio=120 success=1 target_cpu=001
       rcu_sched-7     [000] d... 577918.211619: sched_wakeup: comm=rcuos/2 pid=10 prio=120 success=1 target_cpu=001
          <idle>-0     [000] dNs. 577918.704908: sched_wakeup: comm=kworker/0:1 pid=1492 prio=120 success=1 target_cpu=000
          <idle>-0     [000] dNs. 577918.704915: sched_wakeup: comm=rcu_sched pid=7 prio=120 success=1 target_cpu=001
           <...>-8747  [000] dNs. 577918.969072: sched_wakeup: comm=kworker/0:1 pid=1492 prio=120 success=1 target_cpu=000
           <...>-8747  [000] d... 577918.970371: sched_wakeup_new: comm=sh pid=8750 prio=120 success=1 target_cpu=007
           <...>-8747  [000] d... 577918.970541: sched_wakeup_new: comm=sh pid=8751 prio=120 success=1 target_cpu=001
           <...>-8747  [000] d... 577918.970689: sched_wakeup_new: comm=sh pid=8753 prio=120 success=1 target_cpu=007
       rcu_sched-7     [000] d... 577918.971087: sched_wakeup: comm=rcuos/2 pid=10 prio=120 success=1 target_cpu=000
         rcuos/2-10    [000] d... 577918.971095: sched_wakeup: comm=rcuos/3 pid=11 prio=120 success=1 target_cpu=000
           <...>-8747  [000] .... 577918.973266: sched_process_exit: comm=sh pid=8747 prio=120
          <idle>-0     [000] dNs. 577918.974071: sched_wakeup: comm=rcu_sched pid=7 prio=120 success=1 target_cpu=000
           <...>-8757  [000] .... 577918.975175: sched_process_exit: comm=cut pid=8757 prio=120
           <...>-8757  [000] d... 577918.975190: sched_wakeup: comm=sh pid=8752 prio=120 success=1 target_cpu=002
          <idle>-0     [000] dNs. 577918.977074: sched_wakeup: comm=kworker/0:1 pid=1492 prio=120 success=1 target_cpu=000
          <idle>-0     [000] dNs. 577918.977076: sched_wakeup: comm=rcu_sched pid=7 prio=120 success=1 target_cpu=001
           <...>-8755  [000] .... 577918.978967: sched_process_exit: comm=sh pid=8755 prio=120
         rcuos/2-10    [000] d... 577918.983096: sched_wakeup: comm=rcuos/3 pid=11 prio=120 success=1 target_cpu=001
         rcuos/2-10    [000] d... 577918.992100: sched_wakeup: comm=rcuos/3 pid=11 prio=120 success=1 target_cpu=001
          <idle>-0     [000] dNs. 577918.998086: sched_wakeup: comm=kworker/0:1 pid=1492 prio=120 success=1 target_cpu=000
          <idle>-0     [000] dNs. 577918.998089: sched_wakeup: comm=rcu_sched pid=7 prio=120 success=1 target_cpu=001
         rcuos/2-10    [000] d... 577919.004105: sched_wakeup: comm=rcuos/3 pid=11 prio=120 success=1 target_cpu=001
         rcuos/4-12    [000] d... 577919.010111: sched_wakeup: comm=rcuos/5 pid=13 prio=120 success=1 target_cpu=001
          <idle>-0     [000] dNs. 577919.016095: sched_wakeup: comm=kworker/0:1 pid=1492 prio=120 success=1 target_cpu=000
          <idle>-0     [000] dNs. 577919.016097: sched_wakeup: comm=rcu_sched pid=7 prio=120 success=1 target_cpu=001
         rcuos/2-10    [000] d... 577919.214233: sched_wakeup: comm=rcuos/3 pid=11 prio=120 success=1 target_cpu=001
         rcuos/2-10    [000] d... 577919.703952: sched_wakeup: comm=rcu_sched pid=7 prio=120 success=1 target_cpu=005
          <idle>-0     [000] dNs. 577919.709513: sched_wakeup: comm=kworker/0:1 pid=1492 prio=120 success=1 target_cpu=000
          <idle>-0     [000] dNs. 577919.709519: sched_wakeup: comm=rcu_sched pid=7 prio=120 success=1 target_cpu=001
          <idle>-0     [000] dNs. 577919.870612: sched_wakeup: comm=kworker/0:1 pid=1492 prio=120 success=1 target_cpu=000
          <idle>-0     [000] dNs. 577920.209815: sched_wakeup: comm=kworker/0:1 pid=1492 prio=120 success=1 target_cpu=000
          <idle>-0     [000] dNs. 577920.209819: sched_wakeup: comm=rcu_sched pid=7 prio=120 success=1 target_cpu=001
          <idle>-0     [000] dNs. 577920.710115: sched_wakeup: comm=kworker/0:1 pid=1492 prio=120 success=1 target_cpu=000
          <idle>-0     [000] dNs. 577920.710120: sched_wakeup: comm=rcu_sched pid=7 prio=120 success=1 target_cpu=001
          <idle>-0     [000] dNh. 577920.797171: sched_wakeup: comm=watchdog/0 pid=26 prio=0 success=1 target_cpu=000
           <...>-8765  [000] dN.. 577920.971007: sched_wakeup: comm=migration/0 pid=25 prio=0 success=1 target_cpu=000
          <idle>-0     [000] dNs. 577920.973279: sched_wakeup: comm=kworker/0:1 pid=1492 prio=120 success=1 target_cpu=000
          <idle>-0     [000] dNs. 577920.973283: sched_wakeup: comm=rcu_sched pid=7 prio=120 success=1 target_cpu=002
          <idle>-0     [000] dNs. 577920.973287: sched_wakeup: comm=ksoftirqd/0 pid=3 prio=120 success=1 target_cpu=000
           <...>-8768  [000] d... 577920.975943: sched_wakeup_new: comm=sh pid=8772 prio=120 success=1 target_cpu=001
           <...>-8768  [000] d... 577920.976109: sched_wakeup_new: comm=sh pid=8773 prio=120 success=1 target_cpu=004
           <...>-8768  [000] dNs. 577920.977281: sched_wakeup: comm=kworker/0:1 pid=1492 prio=120 success=1 target_cpu=000
           <...>-8768  [000] .... 577920.977450: sched_process_exit: comm=sh pid=8768 prio=120
          <idle>-0     [000] dNs. 577920.979280: sched_wakeup: comm=rcu_sched pid=7 prio=120 success=1 target_cpu=000
       rcu_sched-7     [000] d... 577920.979290: sched_wakeup: comm=rcuos/4 pid=12 prio=120 success=1 target_cpu=004
       rcu_sched-7     [000] d... 577920.979292: sched_wakeup: comm=rcuos/0 pid=8 prio=120 success=1 target_cpu=005
       rcu_sched-7     [000] d... 577920.979295: sched_wakeup: comm=rcuos/6 pid=14 prio=120 success=1 target_cpu=000
         rcuos/6-14    [000] d... 577920.979303: sched_wakeup: comm=rcuos/7 pid=15 prio=120 success=1 target_cpu=000
          <idle>-0     [000] dNs. 577920.982279: sched_wakeup: comm=rcu_sched pid=7 prio=120 success=1 target_cpu=000
       rcu_sched-7     [000] d... 577920.982290: sched_wakeup: comm=rcuos/2 pid=10 prio=120 success=1 target_cpu=002
          <idle>-0     [000] dNs. 577920.985281: sched_wakeup: comm=rcu_sched pid=7 prio=120 success=1 target_cpu=000
       rcu_sched-7     [000] d... 577920.985289: sched_wakeup: comm=rcuos/6 pid=14 prio=120 success=1 target_cpu=001
       rcu_sched-7     [000] d... 577920.985291: sched_wakeup: comm=rcuos/0 pid=8 prio=120 success=1 target_cpu=005
       rcu_sched-7     [000] d... 577920.985292: sched_wakeup: comm=rcuos/4 pid=12 prio=120 success=1 target_cpu=004
          <idle>-0     [000] dNs. 577920.988285: sched_wakeup: comm=kworker/0:1 pid=1492 prio=120 success=1 target_cpu=000
          <idle>-0     [000] dNs. 577920.988287: sched_wakeup: comm=rcu_sched pid=7 prio=120 success=1 target_cpu=002
         rcuos/2-10    [000] d... 577921.000312: sched_wakeup: comm=rcuos/3 pid=11 prio=120 success=1 target_cpu=005
          <idle>-0     [000] dNs. 577921.006295: sched_wakeup: comm=kworker/0:1 pid=1492 prio=120 success=1 target_cpu=000
          <idle>-0     [000] dNs. 577921.006297: sched_wakeup: comm=rcu_sched pid=7 prio=120 success=1 target_cpu=001
         rcuos/2-10    [000] d... 577921.012315: sched_wakeup: comm=rcuos/3 pid=11 prio=120 success=1 target_cpu=005
         rcuos/4-12    [000] d... 577921.018319: sched_wakeup: comm=rcuos/5 pid=13 prio=120 success=1 target_cpu=002
          <idle>-0     [000] dNh. 577921.195571: sched_wakeup: comm=gmain pid=20788 prio=120 success=1 target_cpu=000
         rcuos/2-10    [000] d... 577921.205517: sched_wakeup: comm=rcu_sched pid=7 prio=120 success=1 target_cpu=005
          <idle>-0     [000] dNs. 577921.211418: sched_wakeup: comm=kworker/0:1 pid=1492 prio=120 success=1 target_cpu=000
          <idle>-0     [000] dNs. 577921.211421: sched_wakeup: comm=rcu_sched pid=7 prio=120 success=1 target_cpu=001
          <idle>-0     [000] dNs. 577921.672696: sched_wakeup: comm=kworker/0:1 pid=1492 prio=120 success=1 target_cpu=000
          <idle>-0     [000] dNs. 577921.672700: sched_wakeup: comm=rcu_sched pid=7 prio=120 success=1 target_cpu=001
          <idle>-0     [000] dNs. 577921.712720: sched_wakeup: comm=kworker/0:1 pid=1492 prio=120 success=1 target_cpu=000
          <idle>-0     [000] dNs. 577921.712722: sched_wakeup: comm=rcu_sched pid=7 prio=120 success=1 target_cpu=001
          <idle>-0     [000] dNs. 577922.048923: sched_wakeup: comm=kworker/0:1 pid=1492 prio=120 success=1 target_cpu=000
          <idle>-0     [000] dNs. 577922.048927: sched_wakeup: comm=rcu_sched pid=7 prio=120 success=1 target_cpu=001
          <idle>-0     [000] dNs. 577922.213021: sched_wakeup: comm=kworker/0:1 pid=1492 prio=120 success=1 target_cpu=000
          <idle>-0     [000] dNs. 577922.213024: sched_wakeup: comm=rcu_sched pid=7 prio=120 success=1 target_cpu=001
          <idle>-0     [000] dNh. 577922.502274: sched_wakeup: comm=goa-daemon pid=1835 prio=120 success=1 target_cpu=000
      goa-daemon-1835  [000] .... 577922.502299: sys_futex(uaddr: 17c1850, op: 1, val: 1, utime: 0, uaddr2: 31e9132897389f, val3: 17c1d10)
      goa-daemon-1835  [000] d... 577922.502306: sched_wakeup: comm=pool pid=1839 prio=120 success=1 target_cpu=002
      goa-daemon-1835  [000] .... 577922.502307: sys_futex -> 0x1
         rcuos/2-10    [000] d... 577922.508223: sched_wakeup: comm=rcu_sched pid=7 prio=120 success=1 target_cpu=005
          <idle>-0     [000] dNs. 577922.514204: sched_wakeup: comm=kworker/0:1 pid=1492 prio=120 success=1 target_cpu=000
          <idle>-0     [000] dNs. 577922.514208: sched_wakeup: comm=rcu_sched pid=7 prio=120 success=1 target_cpu=001
         rcuos/2-10    [000] d... 577922.720346: sched_wakeup: comm=rcuos/3 pid=11 prio=120 success=1 target_cpu=005
         rcuos/2-10    [000] d... 577923.197489: sched_wakeup: comm=rcu_sched pid=7 prio=120 success=1 target_cpu=005
          <idle>-0     [000] dNs. 577923.202618: sched_wakeup: comm=kworker/0:1 pid=1492 prio=120 success=1 target_cpu=000
          <idle>-0     [000] dNs. 577923.202623: sched_wakeup: comm=rcu_sched pid=7 prio=120 success=1 target_cpu=001
          <idle>-0     [000] dNs. 577923.215625: sched_wakeup: comm=kworker/0:1 pid=1492 prio=120 success=1 target_cpu=000
          <idle>-0     [000] dNs. 577923.215627: sched_wakeup: comm=rcu_sched pid=7 prio=120 success=1 target_cpu=001
          <idle>-0     [000] dNs. 577923.715927: sched_wakeup: comm=kworker/0:1 pid=1492 prio=120 success=1 target_cpu=000
          <idle>-0     [000] dNs. 577923.715932: sched_wakeup: comm=rcu_sched pid=7 prio=120 success=1 target_cpu=001
          <idle>-0     [000] dNs. 577923.873024: sched_wakeup: comm=kworker/0:1 pid=1492 prio=120 success=1 target_cpu=000
           <...>-8783  [000] dN.. 577923.976540: sched_wakeup: comm=migration/0 pid=25 prio=0 success=1 target_cpu=000
          <idle>-0     [000] dNs. 577923.977088: sched_wakeup: comm=kworker/0:1 pid=1492 prio=120 success=1 target_cpu=000
          <idle>-0     [000] dNs. 577923.977092: sched_wakeup: comm=rcu_sched pid=7 prio=120 success=1 target_cpu=005
           <...>-8786  [000] dNs. 577923.979098: sched_wakeup: comm=kworker/0:1 pid=1492 prio=120 success=1 target_cpu=000
           <...>-8786  [000] .... 577923.980758: sched_process_exit: comm=sh pid=8786 prio=120
           <...>-8787  [000] .... 577923.984806: sched_process_exit: comm=sh pid=8787 prio=120
         rcuos/2-10    [000] d... 577923.986109: sched_wakeup: comm=rcuos/3 pid=11 prio=120 success=1 target_cpu=001
          <idle>-0     [000] dNs. 577923.992097: sched_wakeup: comm=kworker/0:1 pid=1492 prio=120 success=1 target_cpu=000
          <idle>-0     [000] dNs. 577923.992099: sched_wakeup: comm=rcu_sched pid=7 prio=120 success=1 target_cpu=001
         rcuos/2-10    [000] d... 577923.998117: sched_wakeup: comm=rcuos/3 pid=11 prio=120 success=1 target_cpu=001
          <idle>-0     [000] dNs. 577924.010105: sched_wakeup: comm=kworker/0:1 pid=1492 prio=120 success=1 target_cpu=000
          <idle>-0     [000] dNs. 577924.010107: sched_wakeup: comm=rcu_sched pid=7 prio=120 success=1 target_cpu=001
          <idle>-0     [000] dNs. 577924.217230: sched_wakeup: comm=kworker/0:1 pid=1492 prio=120 success=1 target_cpu=000
          <idle>-0     [000] dNs. 577924.217234: sched_wakeup: comm=rcu_sched pid=7 prio=120 success=1 target_cpu=001
          <idle>-0     [000] dNs. 577924.718531: sched_wakeup: comm=kworker/0:1 pid=1492 prio=120 success=1 target_cpu=000
          <idle>-0     [000] dNs. 577924.718536: sched_wakeup: comm=rcu_sched pid=7 prio=120 success=1 target_cpu=001
          <idle>-0     [000] dNh. 577924.799583: sched_wakeup: comm=watchdog/0 pid=26 prio=0 success=1 target_cpu=000
          <idle>-0     [000] dNh. 577925.198018: sched_wakeup: comm=gmain pid=20788 prio=120 success=1 target_cpu=000
          <idle>-0     [000] dNs. 577925.219834: sched_wakeup: comm=kworker/0:1 pid=1492 prio=120 success=1 target_cpu=000
          <idle>-0     [000] dNs. 577925.219838: sched_wakeup: comm=rcu_sched pid=7 prio=120 success=1 target_cpu=001
       rcu_sched-7     [000] d... 577925.721148: sched_wakeup: comm=rcuos/2 pid=10 prio=120 success=1 target_cpu=002
          <idle>-0     [000] dNs. 577925.724137: sched_wakeup: comm=kworker/0:1 pid=1492 prio=120 success=1 target_cpu=000
          <idle>-0     [000] dNs. 577925.724142: sched_wakeup: comm=rcu_sched pid=7 prio=120 success=1 target_cpu=001
           <...>-8796  [000] dNs. 577925.977294: sched_wakeup: comm=kworker/0:1 pid=1492 prio=120 success=1 target_cpu=000
           <...>-8796  [000] d... 577925.978538: sched_wakeup_new: comm=sh pid=8799 prio=120 success=1 target_cpu=007
           <...>-8796  [000] d... 577925.978702: sched_wakeup_new: comm=sh pid=8800 prio=120 success=1 target_cpu=001
           <...>-8796  [000] d... 577925.978836: sched_wakeup_new: comm=sh pid=8802 prio=120 success=1 target_cpu=007
       rcu_sched-7     [000] d... 577925.979311: sched_wakeup: comm=rcuos/2 pid=10 prio=120 success=1 target_cpu=000
         rcuos/2-10    [000] d... 577925.979318: sched_wakeup: comm=rcuos/3 pid=11 prio=120 success=1 target_cpu=005
           <...>-8796  [000] dNs. 577925.981295: sched_wakeup: comm=kworker/0:1 pid=1492 prio=120 success=1 target_cpu=000
           <...>-8796  [000] .... 577925.981428: sched_process_exit: comm=sh pid=8796 prio=120
           <...>-8804  [000] d.s. 577925.982297: sched_wakeup: comm=rcu_sched pid=7 prio=120 success=1 target_cpu=002
