            3on6-6211  [000] d... 79721.258752: sched_switch: prev_comm=3on6 prev_pid=6211 prev_prio=120 prev_state=S ==> next_comm=kworker/0:2 next_pid=6725 next_prio=120
          <idle>-0     [000] dNh. 79722.259305: sched_wakeup: comm=3on6 pid=6220 prio=120 success=1 target_cpu=000
          <idle>-0     [000] d... 79722.259308: sched_switch: prev_comm=swapper/0 prev_pid=0 prev_prio=120 prev_state=R ==> next_comm=3on6 next_pid=6220 next_prio=120
            3on6-6220  [000] .... 79722.259312: sys_nanosleep -> 0x0
            3on6-6220  [000] d... 79722.259323: sched_wakeup: comm=kworker/0:2 pid=6725 prio=120 success=1 target_cpu=000
            3on6-6220  [000] .... 79722.259327: sys_futex(uaddr: 602508, op: 81, val: 1, utime: 0, uaddr2: 0, val3: 1)
            3on6-6220  [000] d... 79722.259330: sched_wakeup: comm=3on6 pid=6229 prio=120 success=1 target_cpu=000
            3on6-6220  [000] .... 79722.259331: sys_futex -> 0x1
            3on6-6220  [000] .... 79722.259345: sys_nanosleep(rqtp: 7f5fa8d83d40, rmtp: 7f5fa8d83d40)
            3on6-6220  [000] d... 79722.259347: sched_switch: prev_comm=3on6 prev_pid=6220 prev_prio=120 prev_state=S ==> next_comm=3on6 next_pid=6229 next_prio=120
            3on6-6229  [000] .... 79722.259349: sys_futex -> 0x0
            3on6-6229  [000] .... 79722.259356: sys_nanosleep(rqtp: 7f5fa8582d40, rmtp: 7f5fa8582d40)
            3on6-6229  [000] d... 79722.259357: sched_switch: prev_comm=3on6 prev_pid=6229 prev_prio=120 prev_state=S ==> next_comm=kworker/0:2 next_pid=6725 next_prio=120
          <idle>-0     [000] dNh. 79723.260016: sched_wakeup: comm=3on6 pid=6229 prio=120 success=1 target_cpu=000
          <idle>-0     [000] d... 79723.260019: sched_switch: prev_comm=swapper/0 prev_pid=0 prev_prio=120 prev_state=R ==> next_comm=3on6 next_pid=6229 next_prio=120
            3on6-6229  [000] .... 79723.260021: sys_nanosleep -> 0x0
            3on6-6229  [000] d... 79723.260030: sched_wakeup: comm=kworker/0:2 pid=6725 prio=120 success=1 target_cpu=000
            3on6-6229  [000] .... 79723.260034: sys_futex(uaddr: 602508, op: 81, val: 1, utime: 0, uaddr2: 0, val3: 2)
            3on6-6229  [000] .... 79723.260035: sys_futex -> 0x0
            3on6-6229  [000] .... 79723.260042: sys_nanosleep(rqtp: 7f5fa8582d40, rmtp: 7f5fa8582d40)
            3on6-6229  [000] d... 79723.260044: sched_switch: prev_comm=3on6 prev_pid=6229 prev_prio=120 prev_state=S ==> next_comm=kworker/0:2 next_pid=6725 next_prio=120
          <idle>-0     [000] dNh. 79724.260608: sched_wakeup: comm=3on6 pid=6220 prio=120 success=1 target_cpu=000
          <idle>-0     [000] dNh. 79724.260610: sched_wakeup: comm=3on6 pid=6211 prio=120 success=1 target_cpu=000
          <idle>-0     [000] d... 79724.260613: sched_switch: prev_comm=swapper/0 prev_pid=0 prev_prio=120 prev_state=R ==> next_comm=3on6 next_pid=6220 next_prio=120
            3on6-6220  [000] .... 79724.260617: sys_nanosleep -> 0x0
            3on6-6220  [000] d... 79724.260626: sched_wakeup: comm=kworker/0:2 pid=6725 prio=120 success=1 target_cpu=000
            3on6-6220  [000] .... 79724.260642: sys_nanosleep(rqtp: 7f5fa8d83d40, rmtp: 7f5fa8d83d40)
            3on6-6220  [000] d... 79724.260645: sched_switch: prev_comm=3on6 prev_pid=6220 prev_prio=120 prev_state=S ==> next_comm=3on6 next_pid=6211 next_prio=120
            3on6-6211  [000] .... 79724.260647: sys_nanosleep -> 0x0
            3on6-6211  [000] .... 79724.260663: sys_nanosleep(rqtp: 7f5fa9584d40, rmtp: 7f5fa9584d40)
            3on6-6211  [000] d... 79724.260665: sched_switch: prev_comm=3on6 prev_pid=6211 prev_prio=120 prev_state=S ==> next_comm=kworker/0:2 next_pid=6725 next_prio=120
          <idle>-0     [000] dNh. 79724.260698: sched_wakeup: comm=3on6 pid=6229 prio=120 success=1 target_cpu=000
          <idle>-0     [000] d... 79724.260701: sched_switch: prev_comm=swapper/0 prev_pid=0 prev_prio=120 prev_state=R ==> next_comm=3on6 next_pid=6229 next_prio=120
            3on6-6229  [000] .... 79724.260702: sys_nanosleep -> 0x0
            3on6-6229  [000] d... 79724.260706: sched_wakeup: comm=kworker/0:2 pid=6725 prio=120 success=1 target_cpu=000
            3on6-6229  [000] .... 79724.260709: sys_futex(uaddr: 602468, op: 80, val: 2, utime: 0, uaddr2: 602468, val3: 2)
            3on6-6229  [000] d... 79724.260711: sched_switch: prev_comm=3on6 prev_pid=6229 prev_prio=120 prev_state=S ==> next_comm=kworker/0:2 next_pid=6725 next_prio=120
          <idle>-0     [000] dNh. 79725.261303: sched_wakeup: comm=3on6 pid=6220 prio=120 success=1 target_cpu=000
          <idle>-0     [000] d... 79725.261307: sched_switch: prev_comm=swapper/0 prev_pid=0 prev_prio=120 prev_state=R ==> next_comm=3on6 next_pid=6220 next_prio=120
            3on6-6220  [000] .... 79725.261308: sys_nanosleep -> 0x0
            3on6-6220  [000] d... 79725.261317: sched_wakeup: comm=kworker/0:2 pid=6725 prio=120 success=1 target_cpu=000
            3on6-6220  [000] .... 79725.261321: sys_futex(uaddr: 602468, op: 81, val: 1, utime: 0, uaddr2: 0, val3: 1)
            3on6-6220  [000] d... 79725.261323: sched_wakeup: comm=3on6 pid=6229 prio=120 success=1 target_cpu=000
            3on6-6220  [000] .... 79725.261324: sys_futex -> 0x1
            3on6-6220  [000] .... 79725.261331: sys_nanosleep(rqtp: 7f5fa8d83d40, rmtp: 7f5fa8d83d40)
            3on6-6220  [000] d... 79725.261333: sched_switch: prev_comm=3on6 prev_pid=6220 prev_prio=120 prev_state=S ==> next_comm=3on6 next_pid=6229 next_prio=120
            3on6-6229  [000] .... 79725.261334: sys_futex -> 0x0
            3on6-6229  [000] .... 79725.261340: sys_nanosleep(rqtp: 7f5fa8582d40, rmtp: 7f5fa8582d40)
            3on6-6229  [000] d... 79725.261342: sched_switch: prev_comm=3on6 prev_pid=6229 prev_prio=120 prev_state=S ==> next_comm=kworker/0:2 next_pid=6725 next_prio=120
          <idle>-0     [000] dNh. 79726.261927: sched_wakeup: comm=3on6 pid=6211 prio=120 success=1 target_cpu=000
          <idle>-0     [000] d... 79726.261931: sched_switch: prev_comm=swapper/0 prev_pid=0 prev_prio=120 prev_state=R ==> next_comm=3on6 next_pid=6211 next_prio=120
            3on6-6211  [000] .... 79726.261934: sys_nanosleep -> 0x0
            3on6-6211  [000] d... 79726.261943: sched_wakeup: comm=kworker/0:2 pid=6725 prio=120 success=1 target_cpu=000
            3on6-6211  [000] .... 79726.261953: sys_nanosleep(rqtp: 7f5fa9584d40, rmtp: 7f5fa9584d40)
            3on6-6211  [000] d... 79726.261955: sched_switch: prev_comm=3on6 prev_pid=6211 prev_prio=120 prev_state=S ==> next_comm=kworker/0:2 next_pid=6725 next_prio=120
          <idle>-0     [000] dNh. 79728.263197: sched_wakeup: comm=3on6 pid=6220 prio=120 success=1 target_cpu=000
          <idle>-0     [000] dNh. 79728.263200: sched_wakeup: comm=3on6 pid=6211 prio=120 success=1 target_cpu=000
          <idle>-0     [000] d... 79728.263203: sched_switch: prev_comm=swapper/0 prev_pid=0 prev_prio=120 prev_state=R ==> next_comm=3on6 next_pid=6211 next_prio=120
            3on6-6211  [000] .... 79728.263206: sys_nanosleep -> 0x0
            3on6-6211  [000] d... 79728.263217: sched_wakeup: comm=kworker/0:2 pid=6725 prio=120 success=1 target_cpu=000
            3on6-6211  [000] .... 79728.263227: sys_nanosleep(rqtp: 7f5fa9584d40, rmtp: 7f5fa9584d40)
            3on6-6211  [000] d... 79728.263229: sched_switch: prev_comm=3on6 prev_pid=6211 prev_prio=120 prev_state=S ==> next_comm=3on6 next_pid=6220 next_prio=120
            3on6-6220  [000] .... 79728.263231: sys_nanosleep -> 0x0
            3on6-6220  [000] .... 79728.263241: sys_nanosleep(rqtp: 7f5fa8d83d40, rmtp: 7f5fa8d83d40)
            3on6-6220  [000] d... 79728.263243: sched_switch: prev_comm=3on6 prev_pid=6220 prev_prio=120 prev_state=S ==> next_comm=kworker/0:2 next_pid=6725 next_prio=120
          <idle>-0     [000] dNh. 79730.264491: sched_wakeup: comm=3on6 pid=6211 prio=120 success=1 target_cpu=000
          <idle>-0     [000] dNh. 79730.264493: sched_wakeup: comm=3on6 pid=6220 prio=120 success=1 target_cpu=000
          <idle>-0     [000] d... 79730.264498: sched_switch: prev_comm=swapper/0 prev_pid=0 prev_prio=120 prev_state=R ==> next_comm=3on6 next_pid=6220 next_prio=120
            3on6-6220  [000] .... 79730.264501: sys_nanosleep -> 0x0
            3on6-6220  [000] d... 79730.264513: sched_wakeup: comm=kworker/0:2 pid=6725 prio=120 success=1 target_cpu=000
            3on6-6220  [000] .... 79730.264524: sys_nanosleep(rqtp: 7f5fa8d83d40, rmtp: 7f5fa8d83d40)
            3on6-6220  [000] d... 79730.264526: sched_switch: prev_comm=3on6 prev_pid=6220 prev_prio=120 prev_state=S ==> next_comm=3on6 next_pid=6211 next_prio=120
            3on6-6211  [000] .... 79730.264528: sys_nanosleep -> 0x0
            3on6-6211  [000] .... 79730.264537: sys_nanosleep(rqtp: 7f5fa9584d40, rmtp: 7f5fa9584d40)
            3on6-6211  [000] d... 79730.264539: sched_switch: prev_comm=3on6 prev_pid=6211 prev_prio=120 prev_state=S ==> next_comm=kworker/0:2 next_pid=6725 next_prio=120
          <idle>-0     [000] dNh. 79732.265800: sched_wakeup: comm=3on6 pid=6211 prio=120 success=1 target_cpu=000
          <idle>-0     [000] d... 79732.265804: sched_switch: prev_comm=swapper/0 prev_pid=0 prev_prio=120 prev_state=R ==> next_comm=3on6 next_pid=6211 next_prio=120
            3on6-6211  [000] .... 79732.265808: sys_nanosleep -> 0x0
            3on6-6211  [000] d... 79732.265820: sched_wakeup: comm=kworker/0:2 pid=6725 prio=120 success=1 target_cpu=000
            3on6-6211  [000] .... 79732.265830: sys_nanosleep(rqtp: 7f5fa9584d40, rmtp: 7f5fa9584d40)
            3on6-6211  [000] d... 79732.265833: sched_switch: prev_comm=3on6 prev_pid=6211 prev_prio=120 prev_state=S ==> next_comm=kworker/0:2 next_pid=6725 next_prio=120
          <idle>-0     [000] dNh. 79733.266491: sched_wakeup: comm=3on6 pid=6211 prio=120 success=1 target_cpu=000
          <idle>-0     [000] d... 79733.266494: sched_switch: prev_comm=swapper/0 prev_pid=0 prev_prio=120 prev_state=R ==> next_comm=3on6 next_pid=6211 next_prio=120
            3on6-6211  [000] .... 79733.266496: sys_nanosleep -> 0x0
            3on6-6211  [000] d... 79733.266506: sched_wakeup: comm=kworker/0:2 pid=6725 prio=120 success=1 target_cpu=000
            3on6-6211  [000] .... 79733.266523: sys_nanosleep(rqtp: 7f5fa9584d40, rmtp: 7f5fa9584d40)
            3on6-6211  [000] d... 79733.266525: sched_switch: prev_comm=3on6 prev_pid=6211 prev_prio=120 prev_state=S ==> next_comm=kworker/0:2 next_pid=6725 next_prio=120
          <idle>-0     [000] dNh. 79734.266995: sched_wakeup: comm=3on6 pid=6220 prio=120 success=1 target_cpu=000
          <idle>-0     [000] d... 79734.266998: sched_switch: prev_comm=swapper/0 prev_pid=0 prev_prio=120 prev_state=R ==> next_comm=3on6 next_pid=6220 next_prio=120
            3on6-6220  [000] .... 79734.267002: sys_nanosleep -> 0x0
            3on6-6220  [000] d... 79734.267012: sched_wakeup: comm=kworker/0:2 pid=6725 prio=120 success=1 target_cpu=000
            3on6-6220  [000] .... 79734.267022: sys_nanosleep(rqtp: 7f5fa8d83d40, rmtp: 7f5fa8d83d40)
            3on6-6220  [000] d... 79734.267024: sched_switch: prev_comm=3on6 prev_pid=6220 prev_prio=120 prev_state=S ==> next_comm=kworker/0:2 next_pid=6725 next_prio=120
          <idle>-0     [000] dNh. 79735.267426: sched_wakeup: comm=3on6 pid=6229 prio=120 success=1 target_cpu=000
          <idle>-0     [000] d... 79735.267430: sched_switch: prev_comm=swapper/0 prev_pid=0 prev_prio=120 prev_state=R ==> next_comm=3on6 next_pid=6229 next_prio=120
            3on6-6229  [000] .... 79735.267432: sys_nanosleep -> 0x0
            3on6-6229  [000] d... 79735.267442: sched_wakeup: comm=kworker/0:2 pid=6725 prio=120 success=1 target_cpu=000
            3on6-6229  [000] .... 79735.267446: sys_futex(uaddr: 602468, op: 81, val: 1, utime: 0, uaddr2: 0, val3: 2)
            3on6-6229  [000] .... 79735.267446: sys_futex -> 0x0
            3on6-6229  [000] .... 79735.267460: sys_nanosleep(rqtp: 7f5fa8582d40, rmtp: 7f5fa8582d40)
            3on6-6229  [000] d... 79735.267463: sched_switch: prev_comm=3on6 prev_pid=6229 prev_prio=120 prev_state=S ==> next_comm=kworker/0:2 next_pid=6725 next_prio=120
          <idle>-0     [000] dNh. 79736.268121: sched_wakeup: comm=3on6 pid=6229 prio=120 success=1 target_cpu=000
          <idle>-0     [000] d... 79736.268126: sched_switch: prev_comm=swapper/0 prev_pid=0 prev_prio=120 prev_state=R ==> next_comm=3on6 next_pid=6229 next_prio=120
            3on6-6229  [000] .... 79736.268128: sys_nanosleep -> 0x0
            3on6-6229  [000] d... 79736.268137: sched_wakeup: comm=kworker/0:2 pid=6725 prio=120 success=1 target_cpu=000
            3on6-6229  [000] .... 79736.268147: sys_nanosleep(rqtp: 7f5fa8582d40, rmtp: 7f5fa8582d40)
            3on6-6229  [000] d... 79736.268150: sched_switch: prev_comm=3on6 prev_pid=6229 prev_prio=120 prev_state=S ==> next_comm=kworker/0:2 next_pid=6725 next_prio=120
          <idle>-0     [000] dNh. 79737.268992: sched_wakeup: comm=3on6 pid=6211 prio=120 success=1 target_cpu=000
          <idle>-0     [000] d... 79737.268996: sched_switch: prev_comm=swapper/0 prev_pid=0 prev_prio=120 prev_state=R ==> next_comm=3on6 next_pid=6211 next_prio=120
            3on6-6211  [000] .... 79737.268999: sys_nanosleep -> 0x0
            3on6-6211  [000] d... 79737.269009: sched_wakeup: comm=kworker/0:2 pid=6725 prio=120 success=1 target_cpu=000
            3on6-6211  [000] .... 79737.269019: sys_nanosleep(rqtp: 7f5fa9584d40, rmtp: 7f5fa9584d40)
            3on6-6211  [000] d... 79737.269021: sched_switch: prev_comm=3on6 prev_pid=6211 prev_prio=120 prev_state=S ==> next_comm=kworker/0:2 next_pid=6725 next_prio=120
          <idle>-0     [000] dNh. 79739.270014: sched_wakeup: comm=3on6 pid=6229 prio=120 success=1 target_cpu=000
          <idle>-0     [000] d... 79739.270017: sched_switch: prev_comm=swapper/0 prev_pid=0 prev_prio=120 prev_state=R ==> next_comm=3on6 next_pid=6229 next_prio=120
            3on6-6229  [000] .... 79739.270019: sys_nanosleep -> 0x0
            3on6-6229  [000] d... 79739.270031: sched_wakeup: comm=kworker/0:2 pid=6725 prio=120 success=1 target_cpu=000
            3on6-6229  [000] .... 79739.270042: sys_nanosleep(rqtp: 7f5fa8582d40, rmtp: 7f5fa8582d40)
            3on6-6229  [000] d... 79739.270044: sched_switch: prev_comm=3on6 prev_pid=6229 prev_prio=120 prev_state=S ==> next_comm=kworker/0:2 next_pid=6725 next_prio=120
          <idle>-0     [000] dNh. 79739.270279: sched_wakeup: comm=3on6 pid=6211 prio=120 success=1 target_cpu=000
          <idle>-0     [000] d... 79739.270282: sched_switch: prev_comm=swapper/0 prev_pid=0 prev_prio=120 prev_state=R ==> next_comm=3on6 next_pid=6211 next_prio=120
            3on6-6211  [000] .... 79739.270284: sys_nanosleep -> 0x0
            3on6-6211  [000] d... 79739.270289: sched_wakeup: comm=kworker/0:2 pid=6725 prio=120 success=1 target_cpu=000
            3on6-6211  [000] .... 79739.270292: sys_futex(uaddr: 6024e0, op: 80, val: 2, utime: 0, uaddr2: 6024e0, val3: 0)
            3on6-6211  [000] d... 79739.270294: sched_switch: prev_comm=3on6 prev_pid=6211 prev_prio=120 prev_state=S ==> next_comm=kworker/0:2 next_pid=6725 next_prio=120
          <idle>-0     [000] d... 79742.306220: sched_switch: prev_comm=swapper/0 prev_pid=0 prev_prio=120 prev_state=R ==> next_comm=rcuos/4 next_pid=12 next_prio=120
          <idle>-0     [000] dNh. 79743.272511: sched_wakeup: comm=3on6 pid=6229 prio=120 success=1 target_cpu=000
          <idle>-0     [000] d... 79743.272515: sched_switch: prev_comm=swapper/0 prev_pid=0 prev_prio=120 prev_state=R ==> next_comm=3on6 next_pid=6229 next_prio=120
            3on6-6229  [000] .... 79743.272517: sys_nanosleep -> 0x0
            3on6-6229  [000] d... 79743.272529: sched_wakeup: comm=kworker/0:2 pid=6725 prio=120 success=1 target_cpu=000
            3on6-6229  [000] .... 79743.272533: sys_futex(uaddr: 6024e0, op: 81, val: 1, utime: 0, uaddr2: 0, val3: 2)
            3on6-6229  [000] dN.. 79743.272536: sched_wakeup: comm=3on6 pid=6211 prio=120 success=1 target_cpu=000
            3on6-6229  [000] d... 79743.272538: sched_switch: prev_comm=3on6 prev_pid=6229 prev_prio=120 prev_state=R ==> next_comm=3on6 next_pid=6211 next_prio=120
            3on6-6211  [000] .... 79743.272540: sys_futex -> 0x0
            3on6-6211  [000] .... 79743.272549: sys_futex(uaddr: 6024e0, op: 81, val: 1, utime: 0, uaddr2: 0, val3: 0)
            3on6-6211  [000] .... 79743.272549: sys_futex -> 0x0
            3on6-6211  [000] .... 79743.272556: sys_nanosleep(rqtp: 7f5fa9584d40, rmtp: 7f5fa9584d40)
            3on6-6211  [000] d... 79743.272559: sched_switch: prev_comm=3on6 prev_pid=6211 prev_prio=120 prev_state=S ==> next_comm=3on6 next_pid=6229 next_prio=120
            3on6-6229  [000] .... 79743.272560: sys_futex -> 0x1
            3on6-6229  [000] .... 79743.272565: sys_nanosleep(rqtp: 7f5fa8582d40, rmtp: 7f5fa8582d40)
            3on6-6229  [000] d... 79743.272567: sched_switch: prev_comm=3on6 prev_pid=6229 prev_prio=120 prev_state=S ==> next_comm=kworker/0:2 next_pid=6725 next_prio=120
          <idle>-0     [000] dNh. 79744.273107: sched_wakeup: comm=3on6 pid=6220 prio=120 success=1 target_cpu=000
          <idle>-0     [000] d... 79744.273111: sched_switch: prev_comm=swapper/0 prev_pid=0 prev_prio=120 prev_state=R ==> next_comm=3on6 next_pid=6220 next_prio=120
            3on6-6220  [000] .... 79744.273113: sys_nanosleep -> 0x0
            3on6-6220  [000] d... 79744.273123: sched_wakeup: comm=kworker/0:2 pid=6725 prio=120 success=1 target_cpu=000
            3on6-6220  [000] .... 79744.273133: sys_nanosleep(rqtp: 7f5fa8d83d40, rmtp: 7f5fa8d83d40)
            3on6-6220  [000] d... 79744.273135: sched_switch: prev_comm=3on6 prev_pid=6220 prev_prio=120 prev_state=S ==> next_comm=kworker/0:2 next_pid=6725 next_prio=120
          <idle>-0     [000] dNh. 79745.273794: sched_wakeup: comm=3on6 pid=6220 prio=120 success=1 target_cpu=000
          <idle>-0     [000] dNh. 79745.273795: sched_wakeup: comm=3on6 pid=6211 prio=120 success=1 target_cpu=000
          <idle>-0     [000] dNh. 79745.273797: sched_wakeup: comm=3on6 pid=6229 prio=120 success=1 target_cpu=000
          <idle>-0     [000] d... 79745.273800: sched_switch: prev_comm=swapper/0 prev_pid=0 prev_prio=120 prev_state=R ==> next_comm=3on6 next_pid=6220 next_prio=120
            3on6-6220  [000] .... 79745.273802: sys_nanosleep -> 0x0
            3on6-6220  [000] d... 79745.273811: sched_wakeup: comm=kworker/0:2 pid=6725 prio=120 success=1 target_cpu=000
            3on6-6220  [000] .... 79745.273821: sys_nanosleep(rqtp: 7f5fa8d83d40, rmtp: 7f5fa8d83d40)
            3on6-6220  [000] d... 79745.273823: sched_switch: prev_comm=3on6 prev_pid=6220 prev_prio=120 prev_state=S ==> next_comm=3on6 next_pid=6211 next_prio=120
            3on6-6211  [000] .... 79745.273825: sys_nanosleep -> 0x0
            3on6-6211  [000] .... 79745.273835: sys_nanosleep(rqtp: 7f5fa9584d40, rmtp: 7f5fa9584d40)
            3on6-6211  [000] d... 79745.273837: sched_switch: prev_comm=3on6 prev_pid=6211 prev_prio=120 prev_state=S ==> next_comm=3on6 next_pid=6229 next_prio=120
            3on6-6229  [000] .... 79745.273838: sys_nanosleep -> 0x0
            3on6-6229  [000] .... 79745.273854: sys_nanosleep(rqtp: 7f5fa8582d40, rmtp: 7f5fa8582d40)
            3on6-6229  [000] d... 79745.273856: sched_switch: prev_comm=3on6 prev_pid=6229 prev_prio=120 prev_state=S ==> next_comm=kworker/0:2 next_pid=6725 next_prio=120
          <idle>-0     [000] dNh. 79746.274482: sched_wakeup: comm=3on6 pid=6220 prio=120 success=1 target_cpu=000
          <idle>-0     [000] dNh. 79746.274484: sched_wakeup: comm=3on6 pid=6229 prio=120 success=1 target_cpu=000
          <idle>-0     [000] d... 79746.274487: sched_switch: prev_comm=swapper/0 prev_pid=0 prev_prio=120 prev_state=R ==> next_comm=3on6 next_pid=6220 next_prio=120
            3on6-6220  [000] .... 79746.274489: sys_nanosleep -> 0x0
            3on6-6220  [000] d... 79746.274498: sched_wakeup: comm=kworker/0:2 pid=6725 prio=120 success=1 target_cpu=000
            3on6-6220  [000] .... 79746.274508: sys_nanosleep(rqtp: 7f5fa8d83d40, rmtp: 7f5fa8d83d40)
            3on6-6220  [000] d... 79746.274510: sched_switch: prev_comm=3on6 prev_pid=6220 prev_prio=120 prev_state=S ==> next_comm=3on6 next_pid=6229 next_prio=120
            3on6-6229  [000] .... 79746.274512: sys_nanosleep -> 0x0
            3on6-6229  [000] .... 79746.274527: sys_nanosleep(rqtp: 7f5fa8582d40, rmtp: 7f5fa8582d40)
            3on6-6229  [000] d... 79746.274528: sched_switch: prev_comm=3on6 prev_pid=6229 prev_prio=120 prev_state=S ==> next_comm=kworker/0:2 next_pid=6725 next_prio=120
          <idle>-0     [000] dNh. 79747.275188: sched_wakeup: comm=3on6 pid=6229 prio=120 success=1 target_cpu=000
          <idle>-0     [000] d... 79747.275192: sched_switch: prev_comm=swapper/0 prev_pid=0 prev_prio=120 prev_state=R ==> next_comm=3on6 next_pid=6229 next_prio=120
            3on6-6229  [000] .... 79747.275194: sys_nanosleep -> 0x0
            3on6-6229  [000] d... 79747.275203: sched_wakeup: comm=kworker/0:2 pid=6725 prio=120 success=1 target_cpu=000
            3on6-6229  [000] .... 79747.275213: sys_nanosleep(rqtp: 7f5fa8582d40, rmtp: 7f5fa8582d40)
            3on6-6229  [000] d... 79747.275215: sched_switch: prev_comm=3on6 prev_pid=6229 prev_prio=120 prev_state=S ==> next_comm=kworker/0:2 next_pid=6725 next_prio=120
          <idle>-0     [000] dNh. 79748.275702: sched_wakeup: comm=3on6 pid=6211 prio=120 success=1 target_cpu=000
          <idle>-0     [000] d... 79748.275706: sched_switch: prev_comm=swapper/0 prev_pid=0 prev_prio=120 prev_state=R ==> next_comm=3on6 next_pid=6211 next_prio=120
            3on6-6211  [000] .... 79748.275708: sys_nanosleep -> 0x0
            3on6-6211  [000] d... 79748.275717: sched_wakeup: comm=kworker/0:2 pid=6725 prio=120 success=1 target_cpu=000
            3on6-6211  [000] .... 79748.275728: sys_nanosleep(rqtp: 7f5fa9584d40, rmtp: 7f5fa9584d40)
            3on6-6211  [000] d... 79748.275730: sched_switch: prev_comm=3on6 prev_pid=6211 prev_prio=120 prev_state=S ==> next_comm=kworker/0:2 next_pid=6725 next_prio=120
          <idle>-0     [000] dNh. 79749.276389: sched_wakeup: comm=3on6 pid=6211 prio=120 success=1 target_cpu=000
          <idle>-0     [000] d... 79749.276393: sched_switch: prev_comm=swapper/0 prev_pid=0 prev_prio=120 prev_state=R ==> next_comm=3on6 next_pid=6211 next_prio=120
            3on6-6211  [000] d.s. 79749.276402: sched_wakeup: comm=kworker/0:2 pid=6725 prio=120 success=1 target_cpu=000
            3on6-6211  [000] .... 79749.276406: sys_nanosleep -> 0x0
            3on6-6211  [000] .... 79749.276423: sys_nanosleep(rqtp: 7f5fa9584d40, rmtp: 7f5fa9584d40)
            3on6-6211  [000] d... 79749.276425: sched_switch: prev_comm=3on6 prev_pid=6211 prev_prio=120 prev_state=S ==> next_comm=kworker/0:2 next_pid=6725 next_prio=120
          <idle>-0     [000] dNh. 79750.276978: sched_wakeup: comm=3on6 pid=6220 prio=120 success=1 target_cpu=000
          <idle>-0     [000] d... 79750.276982: sched_switch: prev_comm=swapper/0 prev_pid=0 prev_prio=120 prev_state=R ==> next_comm=3on6 next_pid=6220 next_prio=120
            3on6-6220  [000] .... 79750.276985: sys_nanosleep -> 0x0
            3on6-6220  [000] d.s. 79750.277003: sched_wakeup: comm=kworker/0:2 pid=6725 prio=120 success=1 target_cpu=000
            3on6-6220  [000] .... 79750.277019: sys_nanosleep(rqtp: 7f5fa8d83d40, rmtp: 7f5fa8d83d40)
            3on6-6220  [000] d... 79750.277021: sched_switch: prev_comm=3on6 prev_pid=6220 prev_prio=120 prev_state=S ==> next_comm=kworker/0:2 next_pid=6725 next_prio=120
          <idle>-0     [000] dNh. 79750.277080: sched_wakeup: comm=3on6 pid=6211 prio=120 success=1 target_cpu=000
          <idle>-0     [000] d... 79750.277083: sched_switch: prev_comm=swapper/0 prev_pid=0 prev_prio=120 prev_state=R ==> next_comm=3on6 next_pid=6211 next_prio=120
            3on6-6211  [000] .... 79750.277085: sys_nanosleep -> 0x0
            3on6-6211  [000] d... 79750.277090: sched_wakeup: comm=kworker/0:2 pid=6725 prio=120 success=1 target_cpu=000
            3on6-6211  [000] .... 79750.277099: sys_nanosleep(rqtp: 7f5fa9584d40, rmtp: 7f5fa9584d40)
            3on6-6211  [000] d... 79750.277101: sched_switch: prev_comm=3on6 prev_pid=6211 prev_prio=120 prev_state=S ==> next_comm=kworker/0:2 next_pid=6725 next_prio=120
          <idle>-0     [000] dNh. 79751.277761: sched_wakeup: comm=3on6 pid=6211 prio=120 success=1 target_cpu=000
          <idle>-0     [000] d... 79751.277764: sched_switch: prev_comm=swapper/0 prev_pid=0 prev_prio=120 prev_state=R ==> next_comm=3on6 next_pid=6211 next_prio=120
            3on6-6211  [000] .... 79751.277767: sys_nanosleep -> 0x0
            3on6-6211  [000] d... 79751.277778: sched_wakeup: comm=kworker/0:2 pid=6725 prio=120 success=1 target_cpu=000
            3on6-6211  [000] .... 79751.277788: sys_nanosleep(rqtp: 7f5fa9584d40, rmtp: 7f5fa9584d40)
            3on6-6211  [000] d... 79751.277790: sched_switch: prev_comm=3on6 prev_pid=6211 prev_prio=120 prev_state=S ==> next_comm=kworker/0:2 next_pid=6725 next_prio=120
          <idle>-0     [000] dNh. 79753.278886: sched_wakeup: comm=3on6 pid=6220 prio=120 success=1 target_cpu=000
          <idle>-0     [000] d... 79753.278890: sched_switch: prev_comm=swapper/0 prev_pid=0 prev_prio=120 prev_state=R ==> next_comm=3on6 next_pid=6220 next_prio=120
            3on6-6220  [000] .... 79753.278892: sys_nanosleep -> 0x0
            3on6-6220  [000] d... 79753.278903: sched_wakeup: comm=kworker/0:2 pid=6725 prio=120 success=1 target_cpu=000
            3on6-6220  [000] .... 79753.278915: sys_nanosleep(rqtp: 7f5fa8d83d40, rmtp: 7f5fa8d83d40)
            3on6-6220  [000] d... 79753.278918: sched_switch: prev_comm=3on6 prev_pid=6220 prev_prio=120 prev_state=S ==> next_comm=kworker/0:2 next_pid=6725 next_prio=120
          <idle>-0     [000] dNh. 79753.279048: sched_wakeup: comm=3on6 pid=6211 prio=120 success=1 target_cpu=000
          <idle>-0     [000] d... 79753.279051: sched_switch: prev_comm=swapper/0 prev_pid=0 prev_prio=120 prev_state=R ==> next_comm=3on6 next_pid=6211 next_prio=120
            3on6-6211  [000] .... 79753.279053: sys_nanosleep -> 0x0
            3on6-6211  [000] d... 79753.279058: sched_wakeup: comm=kworker/0:2 pid=6725 prio=120 success=1 target_cpu=000
            3on6-6211  [000] .... 79753.279066: sys_nanosleep(rqtp: 7f5fa9584d40, rmtp: 7f5fa9584d40)
            3on6-6211  [000] d... 79753.279067: sched_switch: prev_comm=3on6 prev_pid=6211 prev_prio=120 prev_state=S ==> next_comm=kworker/0:2 next_pid=6725 next_prio=120
          <idle>-0     [000] dNh. 79755.280180: sched_wakeup: comm=3on6 pid=6220 prio=120 success=1 target_cpu=000
          <idle>-0     [000] d... 79755.280183: sched_switch: prev_comm=swapper/0 prev_pid=0 prev_prio=120 prev_state=R ==> next_comm=3on6 next_pid=6220 next_prio=120
            3on6-6220  [000] .... 79755.280186: sys_nanosleep -> 0x0
            3on6-6220  [000] d... 79755.280197: sched_wakeup: comm=kworker/0:2 pid=6725 prio=120 success=1 target_cpu=000
            3on6-6220  [000] .... 79755.280201: sys_futex(uaddr: 6024e0, op: 80, val: 2, utime: 0, uaddr2: 6024e0, val3: 1)
            3on6-6220  [000] d... 79755.280205: sched_switch: prev_comm=3on6 prev_pid=6220 prev_prio=120 prev_state=S ==> next_comm=kworker/0:2 next_pid=6725 next_prio=120
          <idle>-0     [000] dNh. 79757.281299: sched_wakeup: comm=3on6 pid=6229 prio=120 success=1 target_cpu=000
          <idle>-0     [000] d... 79757.281302: sched_switch: prev_comm=swapper/0 prev_pid=0 prev_prio=120 prev_state=R ==> next_comm=3on6 next_pid=6229 next_prio=120
            3on6-6229  [000] .... 79757.281305: sys_nanosleep -> 0x0
            3on6-6229  [000] d... 79757.281316: sched_wakeup: comm=kworker/0:2 pid=6725 prio=120 success=1 target_cpu=000
            3on6-6229  [000] .... 79757.281320: sys_futex(uaddr: 6024e0, op: 81, val: 1, utime: 0, uaddr2: 0, val3: 2)
            3on6-6229  [000] dN.. 79757.281323: sched_wakeup: comm=3on6 pid=6220 prio=120 success=1 target_cpu=000
            3on6-6229  [000] d... 79757.281325: sched_switch: prev_comm=3on6 prev_pid=6229 prev_prio=120 prev_state=R ==> next_comm=3on6 next_pid=6220 next_prio=120
            3on6-6220  [000] .... 79757.281327: sys_futex -> 0x0
            3on6-6220  [000] .... 79757.281334: sys_nanosleep(rqtp: 7f5fa8d83d40, rmtp: 7f5fa8d83d40)
            3on6-6220  [000] d... 79757.281337: sched_switch: prev_comm=3on6 prev_pid=6220 prev_prio=120 prev_state=S ==> next_comm=3on6 next_pid=6229 next_prio=120
            3on6-6229  [000] .... 79757.281338: sys_futex -> 0x1
            3on6-6229  [000] .... 79757.281351: sys_nanosleep(rqtp: 7f5fa8582d40, rmtp: 7f5fa8582d40)
            3on6-6229  [000] d... 79757.281353: sched_switch: prev_comm=3on6 prev_pid=6229 prev_prio=120 prev_state=S ==> next_comm=kworker/0:2 next_pid=6725 next_prio=120
          <idle>-0     [000] dNh. 79757.281531: sched_wakeup: comm=3on6 pid=6211 prio=120 success=1 target_cpu=000
          <idle>-0     [000] d... 79757.281534: sched_switch: prev_comm=swapper/0 prev_pid=0 prev_prio=120 prev_state=R ==> next_comm=3on6 next_pid=6211 next_prio=120
            3on6-6211  [000] .... 79757.281536: sys_nanosleep -> 0x0
            3on6-6211  [000] d... 79757.281541: sched_wakeup: comm=kworker/0:2 pid=6725 prio=120 success=1 target_cpu=000
            3on6-6211  [000] .... 79757.281550: sys_nanosleep(rqtp: 7f5fa9584d40, rmtp: 7f5fa9584d40)
            3on6-6211  [000] d... 79757.281551: sched_switch: prev_comm=3on6 prev_pid=6211 prev_prio=120 prev_state=S ==> next_comm=kworker/0:2 next_pid=6725 next_prio=120
          <idle>-0     [000] dNh. 79758.281996: sched_wakeup: comm=3on6 pid=6220 prio=120 success=1 target_cpu=000
          <idle>-0     [000] d... 79758.281999: sched_switch: prev_comm=swapper/0 prev_pid=0 prev_prio=120 prev_state=R ==> next_comm=3on6 next_pid=6220 next_prio=120
            3on6-6220  [000] .... 79758.282002: sys_nanosleep -> 0x0
            3on6-6220  [000] d... 79758.282011: sched_wakeup: comm=kworker/0:2 pid=6725 prio=120 success=1 target_cpu=000
            3on6-6220  [000] .... 79758.282015: sys_futex(uaddr: 6024e0, op: 81, val: 1, utime: 0, uaddr2: 0, val3: 1)
            3on6-6220  [000] .... 79758.282016: sys_futex -> 0x0
            3on6-6220  [000] .... 79758.282023: sys_nanosleep(rqtp: 7f5fa8d83d40, rmtp: 7f5fa8d83d40)
            3on6-6220  [000] d... 79758.282025: sched_switch: prev_comm=3on6 prev_pid=6220 prev_prio=120 prev_state=S ==> next_comm=kworker/0:2 next_pid=6725 next_prio=120
          <idle>-0     [000] dNh. 79759.282615: sched_wakeup: comm=3on6 pid=6229 prio=120 success=1 target_cpu=000
          <idle>-0     [000] d... 79759.282619: sched_switch: prev_comm=swapper/0 prev_pid=0 prev_prio=120 prev_state=R ==> next_comm=3on6 next_pid=6229 next_prio=120
            3on6-6229  [000] .... 79759.282621: sys_nanosleep -> 0x0
            3on6-6229  [000] d... 79759.282630: sched_wakeup: comm=kworker/0:2 pid=6725 prio=120 success=1 target_cpu=000
            3on6-6229  [000] .... 79759.282641: sys_nanosleep(rqtp: 7f5fa8582d40, rmtp: 7f5fa8582d40)
            3on6-6229  [000] d... 79759.282643: sched_switch: prev_comm=3on6 prev_pid=6229 prev_prio=120 prev_state=S ==> next_comm=kworker/0:2 next_pid=6725 next_prio=120
          <idle>-0     [000] dNh. 79760.283287: sched_wakeup: comm=3on6 pid=6220 prio=120 success=1 target_cpu=000
          <idle>-0     [000] d... 79760.283291: sched_switch: prev_comm=swapper/0 prev_pid=0 prev_prio=120 prev_state=R ==> next_comm=3on6 next_pid=6220 next_prio=120
            3on6-6220  [000] .... 79760.283293: sys_nanosleep -> 0x0
            3on6-6220  [000] d... 79760.283302: sched_wakeup: comm=kworker/0:2 pid=6725 prio=120 success=1 target_cpu=000
            3on6-6220  [000] .... 79760.283313: sys_nanosleep(rqtp: 7f5fa8d83d40, rmtp: 7f5fa8d83d40)
            3on6-6220  [000] d... 79760.283315: sched_switch: prev_comm=3on6 prev_pid=6220 prev_prio=120 prev_state=S ==> next_comm=kworker/0:2 next_pid=6725 next_prio=120
          <idle>-0     [000] dNh. 79761.283905: sched_wakeup: comm=3on6 pid=6229 prio=120 success=1 target_cpu=000
          <idle>-0     [000] d... 79761.283909: sched_switch: prev_comm=swapper/0 prev_pid=0 prev_prio=120 prev_state=R ==> next_comm=3on6 next_pid=6229 next_prio=120
            3on6-6229  [000] .... 79761.283911: sys_nanosleep -> 0x0
            3on6-6229  [000] d... 79761.283920: sched_wakeup: comm=kworker/0:2 pid=6725 prio=120 success=1 target_cpu=000
            3on6-6229  [000] .... 79761.283931: sys_nanosleep(rqtp: 7f5fa8582d40, rmtp: 7f5fa8582d40)
            3on6-6229  [000] d... 79761.283933: sched_switch: prev_comm=3on6 prev_pid=6229 prev_prio=120 prev_state=S ==> next_comm=kworker/0:2 next_pid=6725 next_prio=120
          <idle>-0     [000] dNh. 79763.285195: sched_wakeup: comm=3on6 pid=6229 prio=120 success=1 target_cpu=000
          <idle>-0     [000] d... 79763.285199: sched_switch: prev_comm=swapper/0 prev_pid=0 prev_prio=120 prev_state=R ==> next_comm=3on6 next_pid=6229 next_prio=120
            3on6-6229  [000] .... 79763.285201: sys_nanosleep -> 0x0
            3on6-6229  [000] d... 79763.285212: sched_wakeup: comm=kworker/0:2 pid=6725 prio=120 success=1 target_cpu=000
            3on6-6229  [000] .... 79763.285223: sys_nanosleep(rqtp: 7f5fa8582d40, rmtp: 7f5fa8582d40)
            3on6-6229  [000] d... 79763.285225: sched_switch: prev_comm=3on6 prev_pid=6229 prev_prio=120 prev_state=S ==> next_comm=kworker/0:2 next_pid=6725 next_prio=120
          <idle>-0     [000] dNh. 79764.285884: sched_wakeup: comm=3on6 pid=6229 prio=120 success=1 target_cpu=000
          <idle>-0     [000] d... 79764.285888: sched_switch: prev_comm=swapper/0 prev_pid=0 prev_prio=120 prev_state=R ==> next_comm=3on6 next_pid=6229 next_prio=120
            3on6-6229  [000] .... 79764.285890: sys_nanosleep -> 0x0
            3on6-6229  [000] d... 79764.285901: sched_wakeup: comm=kworker/0:2 pid=6725 prio=120 success=1 target_cpu=000
            3on6-6229  [000] .... 79764.285912: sys_nanosleep(rqtp: 7f5fa8582d40, rmtp: 7f5fa8582d40)
            3on6-6229  [000] d... 79764.285914: sched_switch: prev_comm=3on6 prev_pid=6229 prev_prio=120 prev_state=S ==> next_comm=kworker/0:2 next_pid=6725 next_prio=120
          <idle>-0     [000] dNh. 79766.287176: sched_wakeup: comm=3on6 pid=6229 prio=120 success=1 target_cpu=000
          <idle>-0     [000] d... 79766.287179: sched_switch: prev_comm=swapper/0 prev_pid=0 prev_prio=120 prev_state=R ==> next_comm=3on6 next_pid=6229 next_prio=120
            3on6-6229  [000] .... 79766.287181: sys_nanosleep -> 0x0
            3on6-6229  [000] d... 79766.287193: sched_wakeup: comm=kworker/0:2 pid=6725 prio=120 success=1 target_cpu=000
            3on6-6229  [000] .... 79766.287205: sys_nanosleep(rqtp: 7f5fa8582d40, rmtp: 7f5fa8582d40)
            3on6-6229  [000] d... 79766.287207: sched_switch: prev_comm=3on6 prev_pid=6229 prev_prio=120 prev_state=S ==> next_comm=kworker/0:2 next_pid=6725 next_prio=120
          <idle>-0     [000] dNh. 79767.287635: sched_wakeup: comm=3on6 pid=6211 prio=120 success=1 target_cpu=000
          <idle>-0     [000] d... 79767.287639: sched_switch: prev_comm=swapper/0 prev_pid=0 prev_prio=120 prev_state=R ==> next_comm=3on6 next_pid=6211 next_prio=120
            3on6-6211  [000] .... 79767.287641: sys_nanosleep -> 0x0
            3on6-6211  [000] d... 79767.287651: sched_wakeup: comm=kworker/0:2 pid=6725 prio=120 success=1 target_cpu=000
            3on6-6211  [000] .... 79767.287661: sys_nanosleep(rqtp: 7f5fa9584d40, rmtp: 7f5fa9584d40)
            3on6-6211  [000] d... 79767.287663: sched_switch: prev_comm=3on6 prev_pid=6211 prev_prio=120 prev_state=S ==> next_comm=kworker/0:2 next_pid=6725 next_prio=120
          <idle>-0     [000] dNh. 79768.288467: sched_wakeup: comm=3on6 pid=6229 prio=120 success=1 target_cpu=000
          <idle>-0     [000] d... 79768.288471: sched_switch: prev_comm=swapper/0 prev_pid=0 prev_prio=120 prev_state=R ==> next_comm=3on6 next_pid=6229 next_prio=120
            3on6-6229  [000] .... 79768.288473: sys_nanosleep -> 0x0
            3on6-6229  [000] d... 79768.288482: sched_wakeup: comm=kworker/0:2 pid=6725 prio=120 success=1 target_cpu=000
            3on6-6229  [000] .... 79768.288492: sys_nanosleep(rqtp: 7f5fa8582d40, rmtp: 7f5fa8582d40)
            3on6-6229  [000] d... 79768.288495: sched_switch: prev_comm=3on6 prev_pid=6229 prev_prio=120 prev_state=S ==> next_comm=kworker/0:2 next_pid=6725 next_prio=120
          <idle>-0     [000] dNh. 79769.288925: sched_wakeup: comm=3on6 pid=6211 prio=120 success=1 target_cpu=000
          <idle>-0     [000] d... 79769.288928: sched_switch: prev_comm=swapper/0 prev_pid=0 prev_prio=120 prev_state=R ==> next_comm=3on6 next_pid=6211 next_prio=120
            3on6-6211  [000] .... 79769.288931: sys_nanosleep -> 0x0
            3on6-6211  [000] d... 79769.288940: sched_wakeup: comm=kworker/0:2 pid=6725 prio=120 success=1 target_cpu=000
            3on6-6211  [000] .... 79769.288950: sys_nanosleep(rqtp: 7f5fa9584d40, rmtp: 7f5fa9584d40)
            3on6-6211  [000] d... 79769.288953: sched_switch: prev_comm=3on6 prev_pid=6211 prev_prio=120 prev_state=S ==> next_comm=kworker/0:2 next_pid=6725 next_prio=120
          <idle>-0     [000] dNh. 79770.289397: sched_wakeup: comm=3on6 pid=6220 prio=120 success=1 target_cpu=000
          <idle>-0     [000] d... 79770.289401: sched_switch: prev_comm=swapper/0 prev_pid=0 prev_prio=120 prev_state=R ==> next_comm=3on6 next_pid=6220 next_prio=120
            3on6-6220  [000] .... 79770.289403: sys_nanosleep -> 0x0
            3on6-6220  [000] d... 79770.289412: sched_wakeup: comm=kworker/0:2 pid=6725 prio=120 success=1 target_cpu=000
            3on6-6220  [000] .... 79770.289430: sys_nanosleep(rqtp: 7f5fa8d83d40, rmtp: 7f5fa8d83d40)
            3on6-6220  [000] d... 79770.289432: sched_switch: prev_comm=3on6 prev_pid=6220 prev_prio=120 prev_state=S ==> next_comm=kworker/0:2 next_pid=6725 next_prio=120
          <idle>-0     [000] dNh. 79772.290693: sched_wakeup: comm=3on6 pid=6220 prio=120 success=1 target_cpu=000
          <idle>-0     [000] d... 79772.290697: sched_switch: prev_comm=swapper/0 prev_pid=0 prev_prio=120 prev_state=R ==> next_comm=3on6 next_pid=6220 next_prio=120
            3on6-6220  [000] .... 79772.290699: sys_nanosleep -> 0x0
            3on6-6220  [000] d... 79772.290709: sched_wakeup: comm=kworker/0:2 pid=6725 prio=120 success=1 target_cpu=000
            3on6-6220  [000] .... 79772.290720: sys_nanosleep(rqtp: 7f5fa8d83d40, rmtp: 7f5fa8d83d40)
            3on6-6220  [000] d... 79772.290722: sched_switch: prev_comm=3on6 prev_pid=6220 prev_prio=120 prev_state=S ==> next_comm=kworker/0:2 next_pid=6725 next_prio=120
          <idle>-0     [000] dNh. 79772.290812: sched_wakeup: comm=3on6 pid=6211 prio=120 success=1 target_cpu=000
          <idle>-0     [000] d... 79772.290815: sched_switch: prev_comm=swapper/0 prev_pid=0 prev_prio=120 prev_state=R ==> next_comm=3on6 next_pid=6211 next_prio=120
            3on6-6211  [000] .... 79772.290817: sys_nanosleep -> 0x0
            3on6-6211  [000] d... 79772.290821: sched_wakeup: comm=kworker/0:2 pid=6725 prio=120 success=1 target_cpu=000
            3on6-6211  [000] .... 79772.290830: sys_nanosleep(rqtp: 7f5fa9584d40, rmtp: 7f5fa9584d40)
            3on6-6211  [000] d... 79772.290832: sched_switch: prev_comm=3on6 prev_pid=6211 prev_prio=120 prev_state=S ==> next_comm=kworker/0:2 next_pid=6725 next_prio=120
          <idle>-0     [000] dNh. 79772.290958: sched_wakeup: comm=3on6 pid=6229 prio=120 success=1 target_cpu=000
          <idle>-0     [000] d... 79772.290961: sched_switch: prev_comm=swapper/0 prev_pid=0 prev_prio=120 prev_state=R ==> next_comm=3on6 next_pid=6229 next_prio=120
            3on6-6229  [000] .... 79772.290963: sys_nanosleep -> 0x0
            3on6-6229  [000] d... 79772.290968: sched_wakeup: comm=kworker/0:2 pid=6725 prio=120 success=1 target_cpu=000
            3on6-6229  [000] .... 79772.290976: sys_nanosleep(rqtp: 7f5fa8582d40, rmtp: 7f5fa8582d40)
            3on6-6229  [000] d... 79772.290977: sched_switch: prev_comm=3on6 prev_pid=6229 prev_prio=120 prev_state=S ==> next_comm=kworker/0:2 next_pid=6725 next_prio=120
          <idle>-0     [000] dNh. 79773.291381: sched_wakeup: comm=3on6 pid=6220 prio=120 success=1 target_cpu=000
          <idle>-0     [000] d... 79773.291385: sched_switch: prev_comm=swapper/0 prev_pid=0 prev_prio=120 prev_state=R ==> next_comm=3on6 next_pid=6220 next_prio=120
            3on6-6220  [000] .... 79773.291387: sys_nanosleep -> 0x0
            3on6-6220  [000] d... 79773.291396: sched_wakeup: comm=kworker/0:2 pid=6725 prio=120 success=1 target_cpu=000
            3on6-6220  [000] .... 79773.291406: sys_nanosleep(rqtp: 7f5fa8d83d40, rmtp: 7f5fa8d83d40)
            3on6-6220  [000] d... 79773.291408: sched_switch: prev_comm=3on6 prev_pid=6220 prev_prio=120 prev_state=S ==> next_comm=kworker/0:2 next_pid=6725 next_prio=120
          <idle>-0     [000] dNh. 79775.292670: sched_wakeup: comm=3on6 pid=6220 prio=120 success=1 target_cpu=000
          <idle>-0     [000] d... 79775.292674: sched_switch: prev_comm=swapper/0 prev_pid=0 prev_prio=120 prev_state=R ==> next_comm=3on6 next_pid=6220 next_prio=120
            3on6-6220  [000] .... 79775.292676: sys_nanosleep -> 0x0
            3on6-6220  [000] d... 79775.292687: sched_wakeup: comm=kworker/0:2 pid=6725 prio=120 success=1 target_cpu=000
            3on6-6220  [000] .... 79775.292698: sys_nanosleep(rqtp: 7f5fa8d83d40, rmtp: 7f5fa8d83d40)
            3on6-6220  [000] d... 79775.292700: sched_switch: prev_comm=3on6 prev_pid=6220 prev_prio=120 prev_state=S ==> next_comm=kworker/0:2 next_pid=6725 next_prio=120
          <idle>-0     [000] dNh. 79776.293299: sched_wakeup: comm=3on6 pid=6211 prio=120 success=1 target_cpu=000
          <idle>-0     [000] d... 79776.293302: sched_switch: prev_comm=swapper/0 prev_pid=0 prev_prio=120 prev_state=R ==> next_comm=3on6 next_pid=6211 next_prio=120
            3on6-6211  [000] .... 79776.293305: sys_nanosleep -> 0x0
            3on6-6211  [000] d... 79776.293315: sched_wakeup: comm=kworker/0:2 pid=6725 prio=120 success=1 target_cpu=000
            3on6-6211  [000] .... 79776.293331: sys_nanosleep(rqtp: 7f5fa9584d40, rmtp: 7f5fa9584d40)
            3on6-6211  [000] d... 79776.293334: sched_switch: prev_comm=3on6 prev_pid=6211 prev_prio=120 prev_state=S ==> next_comm=kworker/0:2 next_pid=6725 next_prio=120
          <idle>-0     [000] dNh. 79776.293440: sched_wakeup: comm=3on6 pid=6229 prio=120 success=1 target_cpu=000
          <idle>-0     [000] d... 79776.293443: sched_switch: prev_comm=swapper/0 prev_pid=0 prev_prio=120 prev_state=R ==> next_comm=3on6 next_pid=6229 next_prio=120
            3on6-6229  [000] .... 79776.293445: sys_nanosleep -> 0x0
            3on6-6229  [000] d... 79776.293451: sched_wakeup: comm=kworker/0:2 pid=6725 prio=120 success=1 target_cpu=000
            3on6-6229  [000] .... 79776.293459: sys_nanosleep(rqtp: 7f5fa8582d40, rmtp: 7f5fa8582d40)
            3on6-6229  [000] d... 79776.293461: sched_switch: prev_comm=3on6 prev_pid=6229 prev_prio=120 prev_state=S ==> next_comm=kworker/0:2 next_pid=6725 next_prio=120
          <idle>-0     [000] dNh. 79777.293992: sched_wakeup: comm=3on6 pid=6211 prio=120 success=1 target_cpu=000
          <idle>-0     [000] d... 79777.293996: sched_switch: prev_comm=swapper/0 prev_pid=0 prev_prio=120 prev_state=R ==> next_comm=3on6 next_pid=6211 next_prio=120
            3on6-6211  [000] .... 79777.293998: sys_nanosleep -> 0x0
            3on6-6211  [000] d... 79777.294008: sched_wakeup: comm=kworker/0:2 pid=6725 prio=120 success=1 target_cpu=000
            3on6-6211  [000] .... 79777.294018: sys_nanosleep(rqtp: 7f5fa9584d40, rmtp: 7f5fa9584d40)
            3on6-6211  [000] d... 79777.294020: sched_switch: prev_comm=3on6 prev_pid=6211 prev_prio=120 prev_state=S ==> next_comm=kworker/0:2 next_pid=6725 next_prio=120
          <idle>-0     [000] dNh. 79778.294678: sched_wakeup: comm=3on6 pid=6211 prio=120 success=1 target_cpu=000
          <idle>-0     [000] d... 79778.294682: sched_switch: prev_comm=swapper/0 prev_pid=0 prev_prio=120 prev_state=R ==> next_comm=3on6 next_pid=6211 next_prio=120
            3on6-6211  [000] .... 79778.294684: sys_nanosleep -> 0x0
            3on6-6211  [000] d... 79778.294693: sched_wakeup: comm=kworker/0:2 pid=6725 prio=120 success=1 target_cpu=000
            3on6-6211  [000] .... 79778.294704: sys_nanosleep(rqtp: 7f5fa9584d40, rmtp: 7f5fa9584d40)
            3on6-6211  [000] d... 79778.294707: sched_switch: prev_comm=3on6 prev_pid=6211 prev_prio=120 prev_state=S ==> next_comm=kworker/0:2 next_pid=6725 next_prio=120
          <idle>-0     [000] dNh. 79779.295167: sched_wakeup: comm=3on6 pid=6220 prio=120 success=1 target_cpu=000
          <idle>-0     [000] d... 79779.295171: sched_switch: prev_comm=swapper/0 prev_pid=0 prev_prio=120 prev_state=R ==> next_comm=3on6 next_pid=6220 next_prio=120
            3on6-6220  [000] .... 79779.295173: sys_nanosleep -> 0x0
            3on6-6220  [000] d... 79779.295182: sched_wakeup: comm=kworker/0:2 pid=6725 prio=120 success=1 target_cpu=000
            3on6-6220  [000] .... 79779.295193: sys_nanosleep(rqtp: 7f5fa8d83d40, rmtp: 7f5fa8d83d40)
            3on6-6220  [000] d... 79779.295195: sched_switch: prev_comm=3on6 prev_pid=6220 prev_prio=120 prev_state=S ==> next_comm=kworker/0:2 next_pid=6725 next_prio=120
          <idle>-0     [000] dNh. 79780.295969: sched_wakeup: comm=3on6 pid=6211 prio=120 success=1 target_cpu=000
          <idle>-0     [000] d... 79780.295973: sched_switch: prev_comm=swapper/0 prev_pid=0 prev_prio=120 prev_state=R ==> next_comm=3on6 next_pid=6211 next_prio=120
            3on6-6211  [000] .... 79780.295975: sys_nanosleep -> 0x0
            3on6-6211  [000] d... 79780.295988: sched_wakeup: comm=kworker/0:2 pid=6725 prio=120 success=1 target_cpu=000
            3on6-6211  [000] .... 79780.295999: sys_nanosleep(rqtp: 7f5fa9584d40, rmtp: 7f5fa9584d40)
            3on6-6211  [000] d... 79780.296001: sched_switch: prev_comm=3on6 prev_pid=6211 prev_prio=120 prev_state=S ==> next_comm=kworker/0:2 next_pid=6725 next_prio=120
          <idle>-0     [000] dNh. 79783.297663: sched_wakeup: comm=3on6 pid=6220 prio=120 success=1 target_cpu=000
          <idle>-0     [000] d... 79783.297667: sched_switch: prev_comm=swapper/0 prev_pid=0 prev_prio=120 prev_state=R ==> next_comm=3on6 next_pid=6220 next_prio=120
            3on6-6220  [000] .... 79783.297669: sys_nanosleep -> 0x0
            3on6-6220  [000] d... 79783.297682: sched_wakeup: comm=kworker/0:2 pid=6725 prio=120 success=1 target_cpu=000
            3on6-6220  [000] .... 79783.297693: sys_nanosleep(rqtp: 7f5fa8d83d40, rmtp: 7f5fa8d83d40)
            3on6-6220  [000] d... 79783.297696: sched_switch: prev_comm=3on6 prev_pid=6220 prev_prio=120 prev_state=S ==> next_comm=kworker/0:2 next_pid=6725 next_prio=120
          <idle>-0     [000] dNh. 79786.299544: sched_wakeup: comm=3on6 pid=6229 prio=120 success=1 target_cpu=000
          <idle>-0     [000] dNh. 79786.299547: sched_wakeup: comm=3on6 pid=6220 prio=120 success=1 target_cpu=000
          <idle>-0     [000] d... 79786.299551: sched_switch: prev_comm=swapper/0 prev_pid=0 prev_prio=120 prev_state=R ==> next_comm=3on6 next_pid=6220 next_prio=120
            3on6-6220  [000] .... 79786.299553: sys_nanosleep -> 0x0
            3on6-6220  [000] d... 79786.299565: sched_wakeup: comm=kworker/0:2 pid=6725 prio=120 success=1 target_cpu=000
            3on6-6220  [000] .... 79786.299583: sys_nanosleep(rqtp: 7f5fa8d83d40, rmtp: 7f5fa8d83d40)
            3on6-6220  [000] d... 79786.299585: sched_switch: prev_comm=3on6 prev_pid=6220 prev_prio=120 prev_state=S ==> next_comm=3on6 next_pid=6229 next_prio=120
            3on6-6229  [000] .... 79786.299587: sys_nanosleep -> 0x0
            3on6-6229  [000] .... 79786.299603: sys_nanosleep(rqtp: 7f5fa8582d40, rmtp: 7f5fa8582d40)
            3on6-6229  [000] d... 79786.299605: sched_switch: prev_comm=3on6 prev_pid=6229 prev_prio=120 prev_state=S ==> next_comm=kworker/0:2 next_pid=6725 next_prio=120
          <idle>-0     [000] dNh. 79789.301450: sched_wakeup: comm=3on6 pid=6220 prio=120 success=1 target_cpu=000
          <idle>-0     [000] d... 79789.301454: sched_switch: prev_comm=swapper/0 prev_pid=0 prev_prio=120 prev_state=R ==> next_comm=3on6 next_pid=6220 next_prio=120
            3on6-6220  [000] .... 79789.301456: sys_nanosleep -> 0x0
            3on6-6220  [000] d... 79789.301468: sched_wakeup: comm=kworker/0:2 pid=6725 prio=120 success=1 target_cpu=000
            3on6-6220  [000] .... 79789.301473: sys_futex(uaddr: 6024e0, op: 80, val: 2, utime: 0, uaddr2: 6024e0, val3: 1)
            3on6-6220  [000] d... 79789.301476: sched_switch: prev_comm=3on6 prev_pid=6220 prev_prio=120 prev_state=S ==> next_comm=kworker/0:2 next_pid=6725 next_prio=120
          <idle>-0     [000] dNh. 79790.302084: sched_wakeup: comm=3on6 pid=6211 prio=120 success=1 target_cpu=000
          <idle>-0     [000] d... 79790.302087: sched_switch: prev_comm=swapper/0 prev_pid=0 prev_prio=120 prev_state=R ==> next_comm=3on6 next_pid=6211 next_prio=120
            3on6-6211  [000] .... 79790.302090: sys_nanosleep -> 0x0
            3on6-6211  [000] d... 79790.302099: sched_wakeup: comm=kworker/0:2 pid=6725 prio=120 success=1 target_cpu=000
            3on6-6211  [000] .... 79790.302128: sys_nanosleep(rqtp: 7f5fa9584d40, rmtp: 7f5fa9584d40)
            3on6-6211  [000] d... 79790.302130: sched_switch: prev_comm=3on6 prev_pid=6211 prev_prio=120 prev_state=S ==> next_comm=kworker/0:2 next_pid=6725 next_prio=120
          <idle>-0     [000] dNh. 79794.304597: sched_wakeup: comm=3on6 pid=6211 prio=120 success=1 target_cpu=000
