     usb-storage-350   [000] d... 79546.211744: sched_switch: prev_comm=usb-storage prev_pid=350 prev_prio=120 prev_state=S ==> next_comm=swapper/0 next_pid=0 next_prio=120
          <idle>-0     [000] d... 79546.212351: sched_switch: prev_comm=swapper/0 prev_pid=0 prev_prio=120 prev_state=R ==> next_comm=usb-storage next_pid=350 next_prio=120
     usb-storage-350   [000] d... 79546.212357: sched_switch: prev_comm=usb-storage prev_pid=350 prev_prio=120 prev_state=S ==> next_comm=swapper/0 next_pid=0 next_prio=120
          <idle>-0     [000] d... 79546.212975: sched_switch: prev_comm=swapper/0 prev_pid=0 prev_prio=120 prev_state=R ==> next_comm=usb-storage next_pid=350 next_prio=120
     usb-storage-350   [000] d... 79546.212981: sched_switch: prev_comm=usb-storage prev_pid=350 prev_prio=120 prev_state=S ==> next_comm=swapper/0 next_pid=0 next_prio=120
          <idle>-0     [000] dNh. 79546.262824: sched_wakeup: comm=chrome pid=15027 prio=120 success=1 target_cpu=000
          <idle>-0     [000] d... 79546.262828: sched_switch: prev_comm=swapper/0 prev_pid=0 prev_prio=120 prev_state=R ==> next_comm=chrome next_pid=15027 next_prio=120
          chrome-15027 [000] d... 79546.262897: sched_switch: prev_comm=chrome prev_pid=15027 prev_prio=120 prev_state=S ==> next_comm=swapper/0 next_pid=0 next_prio=120
          <idle>-0     [000] dNh. 79546.763702: sched_wakeup: comm=chrome pid=15027 prio=120 success=1 target_cpu=000
          <idle>-0     [000] d... 79546.763706: sched_switch: prev_comm=swapper/0 prev_pid=0 prev_prio=120 prev_state=R ==> next_comm=chrome next_pid=15027 next_prio=120
          chrome-15027 [000] d... 79546.763749: sched_switch: prev_comm=chrome prev_pid=15027 prev_prio=120 prev_state=S ==> next_comm=swapper/0 next_pid=0 next_prio=120
          <idle>-0     [000] d... 79546.779929: sched_switch: prev_comm=swapper/0 prev_pid=0 prev_prio=120 prev_state=R ==> next_comm=chrome next_pid=15027 next_prio=120
          chrome-15027 [000] d... 79546.780100: sched_wakeup: comm=Chrome_IOThread pid=15064 prio=120 success=1 target_cpu=002
          chrome-15027 [000] d... 79546.780141: sched_switch: prev_comm=chrome prev_pid=15027 prev_prio=120 prev_state=S ==> next_comm=swapper/0 next_pid=0 next_prio=120
          <idle>-0     [000] d... 79546.917954: sched_switch: prev_comm=swapper/0 prev_pid=0 prev_prio=120 prev_state=R ==> next_comm=rcuos/0 next_pid=8 next_prio=120
         rcuos/0-8     [000] d... 79546.917960: sched_switch: prev_comm=rcuos/0 prev_pid=8 prev_prio=120 prev_state=S ==> next_comm=swapper/0 next_pid=0 next_prio=120
          <idle>-0     [000] d... 79546.919522: sched_switch: prev_comm=swapper/0 prev_pid=0 prev_prio=120 prev_state=R ==> next_comm=rcu_sched next_pid=7 next_prio=120
       rcu_sched-7     [000] d... 79546.919531: sched_switch: prev_comm=rcu_sched prev_pid=7 prev_prio=120 prev_state=S ==> next_comm=swapper/0 next_pid=0 next_prio=120
          <idle>-0     [000] dNs. 79546.922520: sched_wakeup: comm=kworker/0:0 pid=4455 prio=120 success=1 target_cpu=000
          <idle>-0     [000] dNs. 79546.922529: sched_wakeup: comm=rcu_sched pid=7 prio=120 success=1 target_cpu=001
          <idle>-0     [000] d... 79546.922533: sched_switch: prev_comm=swapper/0 prev_pid=0 prev_prio=120 prev_state=R ==> next_comm=kworker/0:0 next_pid=4455 next_prio=120
           <...>-4455  [000] d... 79546.922541: sched_switch: prev_comm=kworker/0:0 prev_pid=4455 prev_prio=120 prev_state=S ==> next_comm=swapper/0 next_pid=0 next_prio=120
          <idle>-0     [000] d... 79546.922783: sched_switch: prev_comm=swapper/0 prev_pid=0 prev_prio=120 prev_state=R ==> next_comm=cut next_pid=6389 next_prio=120
           <...>-6389  [000] .... 79546.922984: sched_process_exit: comm=cut pid=6389 prio=120
           <...>-6389  [000] d... 79546.922999: sched_wakeup: comm=sh pid=6384 prio=120 success=1 target_cpu=001
           <...>-6389  [000] d... 79546.923001: sched_switch: prev_comm=cut prev_pid=6389 prev_prio=120 prev_state=x ==> next_comm=swapper/0 next_pid=0 next_prio=120
          <idle>-0     [000] d... 79546.925536: sched_switch: prev_comm=swapper/0 prev_pid=0 prev_prio=120 prev_state=R ==> next_comm=rcuos/0 next_pid=8 next_prio=120
         rcuos/0-8     [000] d... 79546.925539: sched_wakeup: comm=rcuos/1 pid=9 prio=120 success=1 target_cpu=001
         rcuos/0-8     [000] d... 79546.925541: sched_switch: prev_comm=rcuos/0 prev_pid=8 prev_prio=120 prev_state=S ==> next_comm=swapper/0 next_pid=0 next_prio=120
          <idle>-0     [000] d... 79546.934546: sched_switch: prev_comm=swapper/0 prev_pid=0 prev_prio=120 prev_state=R ==> next_comm=rcuos/0 next_pid=8 next_prio=120
         rcuos/0-8     [000] d... 79546.934548: sched_wakeup: comm=rcuos/1 pid=9 prio=120 success=1 target_cpu=001
         rcuos/0-8     [000] d... 79546.934556: sched_switch: prev_comm=rcuos/0 prev_pid=8 prev_prio=120 prev_state=S ==> next_comm=swapper/0 next_pid=0 next_prio=120
          <idle>-0     [000] d... 79546.943539: sched_switch: prev_comm=swapper/0 prev_pid=0 prev_prio=120 prev_state=R ==> next_comm=rcu_sched next_pid=7 next_prio=120
       rcu_sched-7     [000] d... 79546.943543: sched_switch: prev_comm=rcu_sched prev_pid=7 prev_prio=120 prev_state=S ==> next_comm=swapper/0 next_pid=0 next_prio=120
          <idle>-0     [000] dNs. 79546.946534: sched_wakeup: comm=kworker/0:0 pid=4455 prio=120 success=1 target_cpu=000
          <idle>-0     [000] dNs. 79546.946536: sched_wakeup: comm=rcu_sched pid=7 prio=120 success=1 target_cpu=001
          <idle>-0     [000] d... 79546.946542: sched_switch: prev_comm=swapper/0 prev_pid=0 prev_prio=120 prev_state=R ==> next_comm=kworker/0:0 next_pid=4455 next_prio=120
           <...>-4455  [000] d... 79546.946548: sched_switch: prev_comm=kworker/0:0 prev_pid=4455 prev_prio=120 prev_state=S ==> next_comm=swapper/0 next_pid=0 next_prio=120
          <idle>-0     [000] dNh. 79547.149216: sched_wakeup: comm=3on6 pid=6220 prio=120 success=1 target_cpu=000
          <idle>-0     [000] d... 79547.149219: sched_switch: prev_comm=swapper/0 prev_pid=0 prev_prio=120 prev_state=R ==> next_comm=3on6 next_pid=6220 next_prio=120
            3on6-6220  [000] .... 79547.149223: sys_nanosleep -> 0x0
            3on6-6220  [000] d... 79547.149235: sched_wakeup: comm=kworker/0:0 pid=4455 prio=120 success=1 target_cpu=000
            3on6-6220  [000] .... 79547.149247: sys_nanosleep(rqtp: 7f5fa8d83d40, rmtp: 7f5fa8d83d40)
            3on6-6220  [000] d... 79547.149250: sched_switch: prev_comm=3on6 prev_pid=6220 prev_prio=120 prev_state=S ==> next_comm=kworker/0:0 next_pid=4455 next_prio=120
           <...>-4455  [000] d... 79547.149254: sched_wakeup: comm=tmux pid=2397 prio=120 success=1 target_cpu=003
           <...>-4455  [000] d... 79547.149259: sched_switch: prev_comm=kworker/0:0 prev_pid=4455 prev_prio=120 prev_state=S ==> next_comm=swapper/0 next_pid=0 next_prio=120
          <idle>-0     [000] dNh. 79547.264919: sched_wakeup: comm=chrome pid=15027 prio=120 success=1 target_cpu=000
          <idle>-0     [000] d... 79547.264923: sched_switch: prev_comm=swapper/0 prev_pid=0 prev_prio=120 prev_state=R ==> next_comm=chrome next_pid=15027 next_prio=120
          chrome-15027 [000] d... 79547.264987: sched_switch: prev_comm=chrome prev_pid=15027 prev_prio=120 prev_state=S ==> next_comm=swapper/0 next_pid=0 next_prio=120
          <idle>-0     [000] d... 79547.354594: sched_switch: prev_comm=swapper/0 prev_pid=0 prev_prio=120 prev_state=R ==> next_comm=pool next_pid=1839 next_prio=120
            pool-1839  [000] .... 79547.354596: sys_futex -> 0x0
            pool-1839  [000] d... 79547.354633: sched_wakeup: comm=rcuos/0 pid=8 prio=120 success=1 target_cpu=002
            pool-1839  [000] .... 79547.354677: sys_futex(uaddr: 17c1850, op: 0, val: 3df5, utime: 0, uaddr2: 7fb05801e990, val3: 17c1858)
            pool-1839  [000] d... 79547.354681: sched_switch: prev_comm=pool prev_pid=1839 prev_prio=120 prev_state=S ==> next_comm=swapper/0 next_pid=0 next_prio=120
          <idle>-0     [000] d... 79547.356786: sched_switch: prev_comm=swapper/0 prev_pid=0 prev_prio=120 prev_state=R ==> next_comm=rcu_sched next_pid=7 next_prio=120
       rcu_sched-7     [000] d... 79547.356790: sched_switch: prev_comm=rcu_sched prev_pid=7 prev_prio=120 prev_state=S ==> next_comm=swapper/0 next_pid=0 next_prio=120
          <idle>-0     [000] dNs. 79547.359783: sched_wakeup: comm=kworker/0:0 pid=4455 prio=120 success=1 target_cpu=000
          <idle>-0     [000] dNs. 79547.359788: sched_wakeup: comm=rcu_sched pid=7 prio=120 success=1 target_cpu=001
          <idle>-0     [000] d... 79547.359795: sched_switch: prev_comm=swapper/0 prev_pid=0 prev_prio=120 prev_state=R ==> next_comm=kworker/0:0 next_pid=4455 next_prio=120
           <...>-4455  [000] d... 79547.359800: sched_switch: prev_comm=kworker/0:0 prev_pid=4455 prev_prio=120 prev_state=S ==> next_comm=swapper/0 next_pid=0 next_prio=120
          <idle>-0     [000] d... 79547.519893: sched_switch: prev_comm=swapper/0 prev_pid=0 prev_prio=120 prev_state=R ==> next_comm=rcuos/2 next_pid=10 next_prio=120
         rcuos/2-10    [000] d... 79547.519896: sched_switch: prev_comm=rcuos/2 prev_pid=10 prev_prio=120 prev_state=S ==> next_comm=swapper/0 next_pid=0 next_prio=120
          <idle>-0     [000] dNs. 79547.724002: sched_wakeup: comm=kworker/0:0 pid=4455 prio=120 success=1 target_cpu=000
          <idle>-0     [000] d... 79547.724013: sched_switch: prev_comm=swapper/0 prev_pid=0 prev_prio=120 prev_state=R ==> next_comm=kworker/0:0 next_pid=4455 next_prio=120
           <...>-4455  [000] d... 79547.724017: sched_switch: prev_comm=kworker/0:0 prev_pid=4455 prev_prio=120 prev_state=S ==> next_comm=swapper/0 next_pid=0 next_prio=120
          <idle>-0     [000] dNh. 79547.765790: sched_wakeup: comm=chrome pid=15027 prio=120 success=1 target_cpu=000
          <idle>-0     [000] d... 79547.765793: sched_switch: prev_comm=swapper/0 prev_pid=0 prev_prio=120 prev_state=R ==> next_comm=chrome next_pid=15027 next_prio=120
          chrome-15027 [000] d... 79547.765844: sched_switch: prev_comm=chrome prev_pid=15027 prev_prio=120 prev_state=S ==> next_comm=swapper/0 next_pid=0 next_prio=120
          <idle>-0     [000] d... 79547.781009: sched_switch: prev_comm=swapper/0 prev_pid=0 prev_prio=120 prev_state=R ==> next_comm=chrome next_pid=15027 next_prio=120
          chrome-15027 [000] d.s. 79547.781037: sched_wakeup: comm=kworker/0:0 pid=4455 prio=120 success=1 target_cpu=000
          chrome-15027 [000] d... 79547.781189: sched_wakeup: comm=Chrome_IOThread pid=15064 prio=120 success=1 target_cpu=002
          chrome-15027 [000] d... 79547.781231: sched_switch: prev_comm=chrome prev_pid=15027 prev_prio=120 prev_state=S ==> next_comm=kworker/0:0 next_pid=4455 next_prio=120
           <...>-4455  [000] d... 79547.781240: sched_switch: prev_comm=kworker/0:0 prev_pid=4455 prev_prio=120 prev_state=S ==> next_comm=swapper/0 next_pid=0 next_prio=120
          <idle>-0     [000] d... 79547.918826: sched_switch: prev_comm=swapper/0 prev_pid=0 prev_prio=120 prev_state=R ==> next_comm=rcuos/2 next_pid=10 next_prio=120
         rcuos/2-10    [000] d... 79547.918830: sched_wakeup: comm=rcu_sched pid=7 prio=120 success=1 target_cpu=005
         rcuos/2-10    [000] d... 79547.918835: sched_switch: prev_comm=rcuos/2 prev_pid=10 prev_prio=120 prev_state=S ==> next_comm=swapper/0 next_pid=0 next_prio=120
          <idle>-0     [000] d... 79547.921097: sched_switch: prev_comm=swapper/0 prev_pid=0 prev_prio=120 prev_state=R ==> next_comm=sh next_pid=6393 next_prio=120
           <...>-6393  [000] dNs. 79547.921120: sched_wakeup: comm=kworker/0:0 pid=4455 prio=120 success=1 target_cpu=000
           <...>-6393  [000] d... 79547.921124: sched_switch: prev_comm=sh prev_pid=6393 prev_prio=120 prev_state=R ==> next_comm=kworker/0:0 next_pid=4455 next_prio=120
           <...>-4455  [000] d... 79547.921129: sched_switch: prev_comm=kworker/0:0 prev_pid=4455 prev_prio=120 prev_state=S ==> next_comm=sh next_pid=6393 next_prio=120
           <...>-6393  [000] d... 79547.921934: sched_switch: prev_comm=uname prev_pid=6393 prev_prio=120 prev_state=D ==> next_comm=swapper/0 next_pid=0 next_prio=120
          <idle>-0     [000] d... 79547.921942: sched_switch: prev_comm=swapper/0 prev_pid=0 prev_prio=120 prev_state=R ==> next_comm=uname next_pid=6393 next_prio=120
           <...>-6393  [000] d... 79547.921951: sched_wakeup: comm=sh pid=6391 prio=120 success=1 target_cpu=002
           <...>-6393  [000] .... 79547.921974: sched_process_exit: comm=uname pid=6393 prio=120
           <...>-6393  [000] d... 79547.921990: sched_wakeup: comm=sh pid=6390 prio=120 success=1 target_cpu=003
           <...>-6393  [000] d... 79547.921992: sched_switch: prev_comm=uname prev_pid=6393 prev_prio=120 prev_state=x ==> next_comm=swapper/0 next_pid=0 next_prio=120
          <idle>-0     [000] d... 79547.924132: sched_switch: prev_comm=swapper/0 prev_pid=0 prev_prio=120 prev_state=R ==> next_comm=rcuos/2 next_pid=10 next_prio=120
         rcuos/2-10    [000] d... 79547.924135: sched_wakeup: comm=rcuos/3 pid=11 prio=120 success=1 target_cpu=001
         rcuos/2-10    [000] d... 79547.924137: sched_switch: prev_comm=rcuos/2 prev_pid=10 prev_prio=120 prev_state=S ==> next_comm=swapper/0 next_pid=0 next_prio=120
          <idle>-0     [000] d... 79547.924845: sched_switch: prev_comm=swapper/0 prev_pid=0 prev_prio=120 prev_state=R ==> next_comm=sh next_pid=6392 next_prio=120
           <...>-6392  [000] d... 79547.924869: sched_switch: prev_comm=sh prev_pid=6392 prev_prio=120 prev_state=S ==> next_comm=swapper/0 next_pid=0 next_prio=120
          <idle>-0     [000] d... 79547.924926: sched_switch: prev_comm=swapper/0 prev_pid=0 prev_prio=120 prev_state=R ==> next_comm=sh next_pid=6392 next_prio=120
           <...>-6392  [000] .... 79547.925207: sched_process_exit: comm=sh pid=6392 prio=120
           <...>-6392  [000] d... 79547.925219: sched_wakeup: comm=tmux pid=2397 prio=120 success=1 target_cpu=004
           <...>-6392  [000] d... 79547.925234: sched_switch: prev_comm=sh prev_pid=6392 prev_prio=120 prev_state=x ==> next_comm=swapper/0 next_pid=0 next_prio=120
          <idle>-0     [000] d... 79547.933145: sched_switch: prev_comm=swapper/0 prev_pid=0 prev_prio=120 prev_state=R ==> next_comm=rcuos/2 next_pid=10 next_prio=120
         rcuos/2-10    [000] d... 79547.933148: sched_wakeup: comm=rcuos/3 pid=11 prio=120 success=1 target_cpu=001
         rcuos/2-10    [000] d... 79547.933160: sched_switch: prev_comm=rcuos/2 prev_pid=10 prev_prio=120 prev_state=S ==> next_comm=swapper/0 next_pid=0 next_prio=120
          <idle>-0     [000] d... 79547.939147: sched_switch: prev_comm=swapper/0 prev_pid=0 prev_prio=120 prev_state=R ==> next_comm=rcuos/0 next_pid=8 next_prio=120
         rcuos/0-8     [000] d... 79547.939151: sched_wakeup: comm=rcuos/1 pid=9 prio=120 success=1 target_cpu=004
         rcuos/0-8     [000] d... 79547.939166: sched_switch: prev_comm=rcuos/0 prev_pid=8 prev_prio=120 prev_state=S ==> next_comm=swapper/0 next_pid=0 next_prio=120
          <idle>-0     [000] d... 79547.942139: sched_switch: prev_comm=swapper/0 prev_pid=0 prev_prio=120 prev_state=R ==> next_comm=rcu_sched next_pid=7 next_prio=120
       rcu_sched-7     [000] d... 79547.942143: sched_switch: prev_comm=rcu_sched prev_pid=7 prev_prio=120 prev_state=S ==> next_comm=swapper/0 next_pid=0 next_prio=120
          <idle>-0     [000] dNs. 79547.945137: sched_wakeup: comm=kworker/0:0 pid=4455 prio=120 success=1 target_cpu=000
          <idle>-0     [000] dNs. 79547.945139: sched_wakeup: comm=rcu_sched pid=7 prio=120 success=1 target_cpu=001
          <idle>-0     [000] d... 79547.945146: sched_switch: prev_comm=swapper/0 prev_pid=0 prev_prio=120 prev_state=R ==> next_comm=kworker/0:0 next_pid=4455 next_prio=120
           <...>-4455  [000] d... 79547.945151: sched_switch: prev_comm=kworker/0:0 prev_pid=4455 prev_prio=120 prev_state=S ==> next_comm=swapper/0 next_pid=0 next_prio=120
          <idle>-0     [000] d... 79547.951152: sched_switch: prev_comm=swapper/0 prev_pid=0 prev_prio=120 prev_state=R ==> next_comm=rcuos/0 next_pid=8 next_prio=120
         rcuos/0-8     [000] d... 79547.951155: sched_wakeup: comm=rcuos/1 pid=9 prio=120 success=1 target_cpu=004
         rcuos/0-8     [000] d... 79547.951158: sched_switch: prev_comm=rcuos/0 prev_pid=8 prev_prio=120 prev_state=S ==> next_comm=swapper/0 next_pid=0 next_prio=120
          <idle>-0     [000] d... 79547.960147: sched_switch: prev_comm=swapper/0 prev_pid=0 prev_prio=120 prev_state=R ==> next_comm=rcu_sched next_pid=7 next_prio=120
       rcu_sched-7     [000] d... 79547.960151: sched_switch: prev_comm=rcu_sched prev_pid=7 prev_prio=120 prev_state=S ==> next_comm=swapper/0 next_pid=0 next_prio=120
          <idle>-0     [000] dNs. 79547.963146: sched_wakeup: comm=kworker/0:0 pid=4455 prio=120 success=1 target_cpu=000
          <idle>-0     [000] dNs. 79547.963148: sched_wakeup: comm=rcu_sched pid=7 prio=120 success=1 target_cpu=001
          <idle>-0     [000] d... 79547.963153: sched_switch: prev_comm=swapper/0 prev_pid=0 prev_prio=120 prev_state=R ==> next_comm=kworker/0:0 next_pid=4455 next_prio=120
           <...>-4455  [000] d... 79547.963157: sched_switch: prev_comm=kworker/0:0 prev_pid=4455 prev_prio=120 prev_state=S ==> next_comm=swapper/0 next_pid=0 next_prio=120
          <idle>-0     [000] d... 79548.061209: sched_switch: prev_comm=swapper/0 prev_pid=0 prev_prio=120 prev_state=R ==> next_comm=rcu_sched next_pid=7 next_prio=120
       rcu_sched-7     [000] d... 79548.061213: sched_wakeup: comm=rcuos/4 pid=12 prio=120 success=1 target_cpu=001
       rcu_sched-7     [000] d... 79548.061215: sched_switch: prev_comm=rcu_sched prev_pid=7 prev_prio=120 prev_state=S ==> next_comm=swapper/0 next_pid=0 next_prio=120
          <idle>-0     [000] dNh. 79548.150031: sched_wakeup: comm=3on6 pid=6229 prio=120 success=1 target_cpu=000
          <idle>-0     [000] d... 79548.150035: sched_switch: prev_comm=swapper/0 prev_pid=0 prev_prio=120 prev_state=R ==> next_comm=3on6 next_pid=6229 next_prio=120
            3on6-6229  [000] .... 79548.150038: sys_nanosleep -> 0x0
            3on6-6229  [000] d... 79548.150047: sched_wakeup: comm=kworker/0:0 pid=4455 prio=120 success=1 target_cpu=000
            3on6-6229  [000] .... 79548.150058: sys_nanosleep(rqtp: 7f5fa8582d40, rmtp: 7f5fa8582d40)
            3on6-6229  [000] d... 79548.150060: sched_switch: prev_comm=3on6 prev_pid=6229 prev_prio=120 prev_state=S ==> next_comm=kworker/0:0 next_pid=4455 next_prio=120
           <...>-4455  [000] d... 79548.150065: sched_wakeup: comm=tmux pid=2397 prio=120 success=1 target_cpu=004
           <...>-4455  [000] d... 79548.150070: sched_switch: prev_comm=kworker/0:0 prev_pid=4455 prev_prio=120 prev_state=S ==> next_comm=swapper/0 next_pid=0 next_prio=120
          <idle>-0     [000] d... 79548.260997: sched_switch: prev_comm=swapper/0 prev_pid=0 prev_prio=120 prev_state=R ==> next_comm=usb-storage next_pid=350 next_prio=120
     usb-storage-350   [000] d... 79548.261009: sched_switch: prev_comm=usb-storage prev_pid=350 prev_prio=120 prev_state=S ==> next_comm=swapper/0 next_pid=0 next_prio=120
          <idle>-0     [000] d... 79548.261615: sched_switch: prev_comm=swapper/0 prev_pid=0 prev_prio=120 prev_state=R ==> next_comm=usb-storage next_pid=350 next_prio=120
     usb-storage-350   [000] d... 79548.261621: sched_switch: prev_comm=usb-storage prev_pid=350 prev_prio=120 prev_state=S ==> next_comm=swapper/0 next_pid=0 next_prio=120
          <idle>-0     [000] d... 79548.262239: sched_switch: prev_comm=swapper/0 prev_pid=0 prev_prio=120 prev_state=R ==> next_comm=usb-storage next_pid=350 next_prio=120
     usb-storage-350   [000] d... 79548.262245: sched_switch: prev_comm=usb-storage prev_pid=350 prev_prio=120 prev_state=S ==> next_comm=swapper/0 next_pid=0 next_prio=120
          <idle>-0     [000] dNh. 79548.267009: sched_wakeup: comm=chrome pid=15027 prio=120 success=1 target_cpu=000
          <idle>-0     [000] d... 79548.267013: sched_switch: prev_comm=swapper/0 prev_pid=0 prev_prio=120 prev_state=R ==> next_comm=chrome next_pid=15027 next_prio=120
          chrome-15027 [000] d... 79548.267077: sched_switch: prev_comm=chrome prev_pid=15027 prev_prio=120 prev_state=S ==> next_comm=swapper/0 next_pid=0 next_prio=120
          <idle>-0     [000] dNh. 79548.650562: sched_wakeup: comm=watchdog/0 pid=26 prio=0 success=1 target_cpu=000
          <idle>-0     [000] d... 79548.650567: sched_switch: prev_comm=swapper/0 prev_pid=0 prev_prio=120 prev_state=R ==> next_comm=watchdog/0 next_pid=26 next_prio=0
      watchdog/0-26    [000] d... 79548.650570: sched_switch: prev_comm=watchdog/0 prev_pid=26 prev_prio=0 prev_state=S ==> next_comm=swapper/0 next_pid=0 next_prio=120
          <idle>-0     [000] dNh. 79548.767881: sched_wakeup: comm=chrome pid=15027 prio=120 success=1 target_cpu=000
          <idle>-0     [000] d... 79548.767885: sched_switch: prev_comm=swapper/0 prev_pid=0 prev_prio=120 prev_state=R ==> next_comm=chrome next_pid=15027 next_prio=120
          chrome-15027 [000] d... 79548.767928: sched_switch: prev_comm=chrome prev_pid=15027 prev_prio=120 prev_state=S ==> next_comm=swapper/0 next_pid=0 next_prio=120
          <idle>-0     [000] d... 79548.782118: sched_switch: prev_comm=swapper/0 prev_pid=0 prev_prio=120 prev_state=R ==> next_comm=chrome next_pid=15027 next_prio=120
          chrome-15027 [000] d... 79548.782289: sched_wakeup: comm=Chrome_IOThread pid=15064 prio=120 success=1 target_cpu=002
          chrome-15027 [000] d... 79548.782331: sched_switch: prev_comm=chrome prev_pid=15027 prev_prio=120 prev_state=S ==> next_comm=swapper/0 next_pid=0 next_prio=120
          <idle>-0     [000] d... 79548.900736: sched_switch: prev_comm=swapper/0 prev_pid=0 prev_prio=120 prev_state=R ==> next_comm=rcu_sched next_pid=7 next_prio=120
       rcu_sched-7     [000] d... 79548.900740: sched_switch: prev_comm=rcu_sched prev_pid=7 prev_prio=120 prev_state=S ==> next_comm=swapper/0 next_pid=0 next_prio=120
          <idle>-0     [000] dNs. 79548.903713: sched_wakeup: comm=kworker/0:0 pid=4455 prio=120 success=1 target_cpu=000
          <idle>-0     [000] dNs. 79548.903721: sched_wakeup: comm=rcu_sched pid=7 prio=120 success=1 target_cpu=001
          <idle>-0     [000] d... 79548.903727: sched_switch: prev_comm=swapper/0 prev_pid=0 prev_prio=120 prev_state=R ==> next_comm=kworker/0:0 next_pid=4455 next_prio=120
           <...>-4455  [000] d... 79548.903735: sched_switch: prev_comm=kworker/0:0 prev_pid=4455 prev_prio=120 prev_state=S ==> next_comm=swapper/0 next_pid=0 next_prio=120
          <idle>-0     [000] d... 79548.923442: sched_switch: prev_comm=swapper/0 prev_pid=0 prev_prio=120 prev_state=R ==> next_comm=sshd next_pid=25954 next_prio=120
           <...>-25954 [000] d... 79548.923510: sched_switch: prev_comm=sshd prev_pid=25954 prev_prio=120 prev_state=S ==> next_comm=swapper/0 next_pid=0 next_prio=120
          <idle>-0     [000] d... 79548.923848: sched_switch: prev_comm=swapper/0 prev_pid=0 prev_prio=120 prev_state=R ==> next_comm=sh next_pid=6398 next_prio=120
           <...>-6398  [000] d... 79548.923862: sched_switch: prev_comm=sh prev_pid=6398 prev_prio=120 prev_state=S ==> next_comm=swapper/0 next_pid=0 next_prio=120
          <idle>-0     [000] d... 79548.924062: sched_switch: prev_comm=swapper/0 prev_pid=0 prev_prio=120 prev_state=R ==> next_comm=sh next_pid=6398 next_prio=120
           <...>-6398  [000] .... 79548.924321: sched_process_exit: comm=sh pid=6398 prio=120
           <...>-6398  [000] d... 79548.924347: sched_switch: prev_comm=sh prev_pid=6398 prev_prio=120 prev_state=x ==> next_comm=swapper/0 next_pid=0 next_prio=120
          <idle>-0     [000] d... 79548.924742: sched_switch: prev_comm=swapper/0 prev_pid=0 prev_prio=120 prev_state=R ==> next_comm=rcuos/4 next_pid=12 next_prio=120
         rcuos/4-12    [000] d... 79548.924745: sched_switch: prev_comm=rcuos/4 prev_pid=12 prev_prio=120 prev_state=S ==> next_comm=swapper/0 next_pid=0 next_prio=120
          <idle>-0     [000] d... 79548.926669: sched_switch: prev_comm=swapper/0 prev_pid=0 prev_prio=120 prev_state=R ==> next_comm=sh next_pid=6400 next_prio=120
           <...>-6400  [000] d... 79548.926686: sched_switch: prev_comm=sh prev_pid=6400 prev_prio=120 prev_state=S ==> next_comm=swapper/0 next_pid=0 next_prio=120
          <idle>-0     [000] d... 79548.926692: sched_switch: prev_comm=swapper/0 prev_pid=0 prev_prio=120 prev_state=R ==> next_comm=sh next_pid=6400 next_prio=120
           <...>-6400  [000] d... 79548.926700: sched_switch: prev_comm=sh prev_pid=6400 prev_prio=120 prev_state=S ==> next_comm=swapper/0 next_pid=0 next_prio=120
          <idle>-0     [000] d... 79548.926777: sched_switch: prev_comm=swapper/0 prev_pid=0 prev_prio=120 prev_state=R ==> next_comm=sh next_pid=6400 next_prio=120
           <...>-6400  [000] .... 79548.927035: sched_process_exit: comm=sh pid=6400 prio=120
           <...>-6400  [000] d... 79548.927047: sched_wakeup: comm=tmux pid=2397 prio=120 success=1 target_cpu=004
           <...>-6400  [000] d... 79548.927062: sched_switch: prev_comm=sh prev_pid=6400 prev_prio=120 prev_state=x ==> next_comm=swapper/0 next_pid=0 next_prio=120
          <idle>-0     [000] d... 79548.927742: sched_switch: prev_comm=swapper/0 prev_pid=0 prev_prio=120 prev_state=R ==> next_comm=rcuos/6 next_pid=14 next_prio=120
         rcuos/6-14    [000] d... 79548.927746: sched_wakeup: comm=rcuos/7 pid=15 prio=120 success=1 target_cpu=003
         rcuos/6-14    [000] d... 79548.927749: sched_switch: prev_comm=rcuos/6 prev_pid=14 prev_prio=120 prev_state=S ==> next_comm=swapper/0 next_pid=0 next_prio=120
          <idle>-0     [000] d... 79548.928361: sched_switch: prev_comm=swapper/0 prev_pid=0 prev_prio=120 prev_state=R ==> next_comm=sshd next_pid=25954 next_prio=120
           <...>-25954 [000] d... 79548.928410: sched_switch: prev_comm=sshd prev_pid=25954 prev_prio=120 prev_state=S ==> next_comm=swapper/0 next_pid=0 next_prio=120
          <idle>-0     [000] d... 79548.930735: sched_switch: prev_comm=swapper/0 prev_pid=0 prev_prio=120 prev_state=R ==> next_comm=rcu_sched next_pid=7 next_prio=120
       rcu_sched-7     [000] d... 79548.930739: sched_switch: prev_comm=rcu_sched prev_pid=7 prev_prio=120 prev_state=S ==> next_comm=swapper/0 next_pid=0 next_prio=120
          <idle>-0     [000] dNs. 79548.933732: sched_wakeup: comm=kworker/0:0 pid=4455 prio=120 success=1 target_cpu=000
          <idle>-0     [000] dNs. 79548.933734: sched_wakeup: comm=rcu_sched pid=7 prio=120 success=1 target_cpu=001
          <idle>-0     [000] d... 79548.933741: sched_switch: prev_comm=swapper/0 prev_pid=0 prev_prio=120 prev_state=R ==> next_comm=kworker/0:0 next_pid=4455 next_prio=120
           <...>-4455  [000] d... 79548.933747: sched_switch: prev_comm=kworker/0:0 prev_pid=4455 prev_prio=120 prev_state=S ==> next_comm=swapper/0 next_pid=0 next_prio=120
          <idle>-0     [000] d... 79548.939749: sched_switch: prev_comm=swapper/0 prev_pid=0 prev_prio=120 prev_state=R ==> next_comm=rcuos/6 next_pid=14 next_prio=120
         rcuos/6-14    [000] d... 79548.939752: sched_wakeup: comm=rcuos/7 pid=15 prio=120 success=1 target_cpu=003
         rcuos/6-14    [000] d... 79548.939760: sched_switch: prev_comm=rcuos/6 prev_pid=14 prev_prio=120 prev_state=S ==> next_comm=swapper/0 next_pid=0 next_prio=120
          <idle>-0     [000] d... 79548.948745: sched_switch: prev_comm=swapper/0 prev_pid=0 prev_prio=120 prev_state=R ==> next_comm=rcu_sched next_pid=7 next_prio=120
       rcu_sched-7     [000] d... 79548.948749: sched_switch: prev_comm=rcu_sched prev_pid=7 prev_prio=120 prev_state=S ==> next_comm=swapper/0 next_pid=0 next_prio=120
          <idle>-0     [000] dNs. 79548.951740: sched_wakeup: comm=kworker/0:0 pid=4455 prio=120 success=1 target_cpu=000
          <idle>-0     [000] dNs. 79548.951742: sched_wakeup: comm=rcu_sched pid=7 prio=120 success=1 target_cpu=001
          <idle>-0     [000] d... 79548.951747: sched_switch: prev_comm=swapper/0 prev_pid=0 prev_prio=120 prev_state=R ==> next_comm=kworker/0:0 next_pid=4455 next_prio=120
           <...>-4455  [000] d... 79548.951751: sched_switch: prev_comm=kworker/0:0 prev_pid=4455 prev_prio=120 prev_state=S ==> next_comm=swapper/0 next_pid=0 next_prio=120
          <idle>-0     [000] d... 79548.951763: sched_switch: prev_comm=swapper/0 prev_pid=0 prev_prio=120 prev_state=R ==> next_comm=rcuos/3 next_pid=11 next_prio=120
         rcuos/3-11    [000] d... 79548.951766: sched_switch: prev_comm=rcuos/3 prev_pid=11 prev_prio=120 prev_state=S ==> next_comm=swapper/0 next_pid=0 next_prio=120
          <idle>-0     [000] d... 79548.963761: sched_switch: prev_comm=swapper/0 prev_pid=0 prev_prio=120 prev_state=R ==> next_comm=rcuos/2 next_pid=10 next_prio=120
         rcuos/2-10    [000] d... 79548.963764: sched_wakeup: comm=rcuos/3 pid=11 prio=120 success=1 target_cpu=002
         rcuos/2-10    [000] d... 79548.963766: sched_switch: prev_comm=rcuos/2 prev_pid=10 prev_prio=120 prev_state=S ==> next_comm=swapper/0 next_pid=0 next_prio=120
          <idle>-0     [000] dNs. 79549.220903: sched_wakeup: comm=kworker/0:0 pid=4455 prio=120 success=1 target_cpu=000
          <idle>-0     [000] d... 79549.220914: sched_switch: prev_comm=swapper/0 prev_pid=0 prev_prio=120 prev_state=R ==> next_comm=kworker/0:0 next_pid=4455 next_prio=120
           <...>-4455  [000] d... 79549.220918: sched_switch: prev_comm=kworker/0:0 prev_pid=4455 prev_prio=120 prev_state=S ==> next_comm=swapper/0 next_pid=0 next_prio=120
          <idle>-0     [000] dNh. 79549.269112: sched_wakeup: comm=chrome pid=15027 prio=120 success=1 target_cpu=000
          <idle>-0     [000] d... 79549.269115: sched_switch: prev_comm=swapper/0 prev_pid=0 prev_prio=120 prev_state=R ==> next_comm=chrome next_pid=15027 next_prio=120
          chrome-15027 [000] d... 79549.269176: sched_switch: prev_comm=chrome prev_pid=15027 prev_prio=120 prev_state=S ==> next_comm=swapper/0 next_pid=0 next_prio=120
          <idle>-0     [000] dNh. 79549.511568: sched_wakeup: comm=chrome pid=15027 prio=120 success=1 target_cpu=000
          <idle>-0     [000] d... 79549.511572: sched_switch: prev_comm=swapper/0 prev_pid=0 prev_prio=120 prev_state=R ==> next_comm=chrome next_pid=15027 next_prio=120
          chrome-15027 [000] d... 79549.511598: sched_wakeup: comm=Chrome_IOThread pid=15064 prio=120 success=1 target_cpu=002
          chrome-15027 [000] d... 79549.511626: sched_switch: prev_comm=chrome prev_pid=15027 prev_prio=120 prev_state=S ==> next_comm=swapper/0 next_pid=0 next_prio=120
          <idle>-0     [000] d... 79549.511779: sched_switch: prev_comm=swapper/0 prev_pid=0 prev_prio=120 prev_state=R ==> next_comm=rcuos/2 next_pid=10 next_prio=120
         rcuos/2-10    [000] d... 79549.511783: sched_wakeup: comm=rcu_sched pid=7 prio=120 success=1 target_cpu=005
         rcuos/2-10    [000] d... 79549.511784: sched_switch: prev_comm=rcuos/2 prev_pid=10 prev_prio=120 prev_state=S ==> next_comm=swapper/0 next_pid=0 next_prio=120
          <idle>-0     [000] d... 79549.514088: sched_switch: prev_comm=swapper/0 prev_pid=0 prev_prio=120 prev_state=R ==> next_comm=rcu_sched next_pid=7 next_prio=120
       rcu_sched-7     [000] d... 79549.514095: sched_switch: prev_comm=rcu_sched prev_pid=7 prev_prio=120 prev_state=S ==> next_comm=swapper/0 next_pid=0 next_prio=120
          <idle>-0     [000] dNs. 79549.517086: sched_wakeup: comm=kworker/0:0 pid=4455 prio=120 success=1 target_cpu=000
          <idle>-0     [000] dNs. 79549.517090: sched_wakeup: comm=rcu_sched pid=7 prio=120 success=1 target_cpu=001
          <idle>-0     [000] d... 79549.517095: sched_switch: prev_comm=swapper/0 prev_pid=0 prev_prio=120 prev_state=R ==> next_comm=kworker/0:0 next_pid=4455 next_prio=120
           <...>-4455  [000] d... 79549.517099: sched_switch: prev_comm=kworker/0:0 prev_pid=4455 prev_prio=120 prev_state=S ==> next_comm=swapper/0 next_pid=0 next_prio=120
          <idle>-0     [000] dNh. 79549.770042: sched_wakeup: comm=chrome pid=15027 prio=120 success=1 target_cpu=000
          <idle>-0     [000] d... 79549.770045: sched_switch: prev_comm=swapper/0 prev_pid=0 prev_prio=120 prev_state=R ==> next_comm=chrome next_pid=15027 next_prio=120
          chrome-15027 [000] d... 79549.770091: sched_switch: prev_comm=chrome prev_pid=15027 prev_prio=120 prev_state=S ==> next_comm=swapper/0 next_pid=0 next_prio=120
          <idle>-0     [000] d... 79549.783218: sched_switch: prev_comm=swapper/0 prev_pid=0 prev_prio=120 prev_state=R ==> next_comm=chrome next_pid=15027 next_prio=120
          chrome-15027 [000] d.s. 79549.783243: sched_wakeup: comm=kworker/0:0 pid=4455 prio=120 success=1 target_cpu=000
          chrome-15027 [000] d... 79549.783403: sched_wakeup: comm=Chrome_IOThread pid=15064 prio=120 success=1 target_cpu=002
          chrome-15027 [000] d... 79549.783444: sched_switch: prev_comm=chrome prev_pid=15027 prev_prio=120 prev_state=S ==> next_comm=kworker/0:0 next_pid=4455 next_prio=120
           <...>-4455  [000] d... 79549.783453: sched_switch: prev_comm=kworker/0:0 prev_pid=4455 prev_prio=120 prev_state=S ==> next_comm=swapper/0 next_pid=0 next_prio=120
          <idle>-0     [000] dNh. 79549.803508: sched_wakeup: comm=chrome pid=15027 prio=120 success=1 target_cpu=000
          <idle>-0     [000] d... 79549.803513: sched_switch: prev_comm=swapper/0 prev_pid=0 prev_prio=120 prev_state=R ==> next_comm=chrome next_pid=15027 next_prio=120
          chrome-15027 [000] d... 79549.803620: sched_wakeup: comm=rcuos/0 pid=8 prio=120 success=1 target_cpu=001
          chrome-15027 [000] d.s. 79549.804257: sched_wakeup: comm=kworker/0:0 pid=4455 prio=120 success=1 target_cpu=000
          chrome-15027 [000] d... 79549.804677: sched_switch: prev_comm=chrome prev_pid=15027 prev_prio=120 prev_state=S ==> next_comm=kworker/0:0 next_pid=4455 next_prio=120
           <...>-4455  [000] d... 79549.804686: sched_switch: prev_comm=kworker/0:0 prev_pid=4455 prev_prio=120 prev_state=S ==> next_comm=swapper/0 next_pid=0 next_prio=120
          <idle>-0     [000] d... 79549.812264: sched_switch: prev_comm=swapper/0 prev_pid=0 prev_prio=120 prev_state=R ==> next_comm=rcu_sched next_pid=7 next_prio=120
       rcu_sched-7     [000] d... 79549.812269: sched_switch: prev_comm=rcu_sched prev_pid=7 prev_prio=120 prev_state=S ==> next_comm=swapper/0 next_pid=0 next_prio=120
          <idle>-0     [000] dNs. 79549.815262: sched_wakeup: comm=kworker/0:0 pid=4455 prio=120 success=1 target_cpu=000
          <idle>-0     [000] dNs. 79549.815264: sched_wakeup: comm=rcu_sched pid=7 prio=120 success=1 target_cpu=001
          <idle>-0     [000] d... 79549.815270: sched_switch: prev_comm=swapper/0 prev_pid=0 prev_prio=120 prev_state=R ==> next_comm=kworker/0:0 next_pid=4455 next_prio=120
           <...>-4455  [000] d... 79549.815274: sched_switch: prev_comm=kworker/0:0 prev_pid=4455 prev_prio=120 prev_state=S ==> next_comm=swapper/0 next_pid=0 next_prio=120
          <idle>-0     [000] dNh. 79549.915856: sched_wakeup: comm=chrome pid=15027 prio=120 success=1 target_cpu=000
          <idle>-0     [000] d... 79549.915859: sched_switch: prev_comm=swapper/0 prev_pid=0 prev_prio=120 prev_state=R ==> next_comm=chrome next_pid=15027 next_prio=120
          chrome-15027 [000] d... 79549.915904: sched_switch: prev_comm=chrome prev_pid=15027 prev_prio=120 prev_state=S ==> next_comm=swapper/0 next_pid=0 next_prio=120
          <idle>-0     [000] d... 79549.924791: sched_switch: prev_comm=swapper/0 prev_pid=0 prev_prio=120 prev_state=R ==> next_comm=rcuos/2 next_pid=10 next_prio=120
         rcuos/2-10    [000] d... 79549.924797: sched_switch: prev_comm=rcuos/2 prev_pid=10 prev_prio=120 prev_state=S ==> next_comm=swapper/0 next_pid=0 next_prio=120
          <idle>-0     [000] d... 79549.925744: sched_switch: prev_comm=swapper/0 prev_pid=0 prev_prio=120 prev_state=R ==> next_comm=sshd next_pid=25954 next_prio=120
           <...>-25954 [000] d... 79549.925809: sched_switch: prev_comm=sshd prev_pid=25954 prev_prio=120 prev_state=S ==> next_comm=swapper/0 next_pid=0 next_prio=120
          <idle>-0     [000] d... 79549.926043: sched_switch: prev_comm=swapper/0 prev_pid=0 prev_prio=120 prev_state=R ==> next_comm=sh next_pid=6406 next_prio=120
           <...>-6406  [000] d... 79549.926057: sched_switch: prev_comm=sh prev_pid=6406 prev_prio=120 prev_state=S ==> next_comm=swapper/0 next_pid=0 next_prio=120
          <idle>-0     [000] d... 79549.926281: sched_switch: prev_comm=swapper/0 prev_pid=0 prev_prio=120 prev_state=R ==> next_comm=sh next_pid=6406 next_prio=120
           <...>-6406  [000] dNs. 79549.926329: sched_wakeup: comm=kworker/0:0 pid=4455 prio=120 success=1 target_cpu=000
           <...>-6406  [000] d... 79549.926333: sched_switch: prev_comm=sh prev_pid=6406 prev_prio=120 prev_state=R ==> next_comm=kworker/0:0 next_pid=4455 next_prio=120
           <...>-4455  [000] d... 79549.926338: sched_switch: prev_comm=kworker/0:0 prev_pid=4455 prev_prio=120 prev_state=S ==> next_comm=sh next_pid=6406 next_prio=120
           <...>-6406  [000] .... 79549.926577: sched_process_exit: comm=sh pid=6406 prio=120
           <...>-6406  [000] d... 79549.926608: sched_switch: prev_comm=sh prev_pid=6406 prev_prio=120 prev_state=x ==> next_comm=swapper/0 next_pid=0 next_prio=120
          <idle>-0     [000] d... 79549.929358: sched_switch: prev_comm=swapper/0 prev_pid=0 prev_prio=120 prev_state=R ==> next_comm=tmux next_pid=2397 next_prio=120
            tmux-2397  [000] d... 79549.930651: sched_switch: prev_comm=tmux prev_pid=2397 prev_prio=120 prev_state=S ==> next_comm=swapper/0 next_pid=0 next_prio=120
          <idle>-0     [000] d... 79549.934354: sched_switch: prev_comm=swapper/0 prev_pid=0 prev_prio=120 prev_state=R ==> next_comm=rcuos/2 next_pid=10 next_prio=120
         rcuos/2-10    [000] d... 79549.934358: sched_switch: prev_comm=rcuos/2 prev_pid=10 prev_prio=120 prev_state=S ==> next_comm=swapper/0 next_pid=0 next_prio=120
          <idle>-0     [000] d... 79549.934367: sched_switch: prev_comm=swapper/0 prev_pid=0 prev_prio=120 prev_state=R ==> next_comm=rcuos/7 next_pid=15 next_prio=120
         rcuos/7-15    [000] d... 79549.934371: sched_switch: prev_comm=rcuos/7 prev_pid=15 prev_prio=120 prev_state=S ==> next_comm=swapper/0 next_pid=0 next_prio=120
          <idle>-0     [000] d... 79549.940351: sched_switch: prev_comm=swapper/0 prev_pid=0 prev_prio=120 prev_state=R ==> next_comm=rcuos/4 next_pid=12 next_prio=120
         rcuos/4-12    [000] d... 79549.940355: sched_wakeup: comm=rcuos/5 pid=13 prio=120 success=1 target_cpu=003
         rcuos/4-12    [000] d... 79549.940410: sched_switch: prev_comm=rcuos/4 prev_pid=12 prev_prio=120 prev_state=S ==> next_comm=swapper/0 next_pid=0 next_prio=120
          <idle>-0     [000] d... 79549.943344: sched_switch: prev_comm=swapper/0 prev_pid=0 prev_prio=120 prev_state=R ==> next_comm=rcu_sched next_pid=7 next_prio=120
       rcu_sched-7     [000] d... 79549.943348: sched_switch: prev_comm=rcu_sched prev_pid=7 prev_prio=120 prev_state=S ==> next_comm=swapper/0 next_pid=0 next_prio=120
          <idle>-0     [000] dNs. 79549.946341: sched_wakeup: comm=kworker/0:0 pid=4455 prio=120 success=1 target_cpu=000
          <idle>-0     [000] dNs. 79549.946343: sched_wakeup: comm=rcu_sched pid=7 prio=120 success=1 target_cpu=001
          <idle>-0     [000] d... 79549.946351: sched_switch: prev_comm=swapper/0 prev_pid=0 prev_prio=120 prev_state=R ==> next_comm=kworker/0:0 next_pid=4455 next_prio=120
           <...>-4455  [000] d... 79549.946356: sched_switch: prev_comm=kworker/0:0 prev_pid=4455 prev_prio=120 prev_state=S ==> next_comm=swapper/0 next_pid=0 next_prio=120
          <idle>-0     [000] d... 79549.946361: sched_switch: prev_comm=swapper/0 prev_pid=0 prev_prio=120 prev_state=R ==> next_comm=rcuos/7 next_pid=15 next_prio=120
         rcuos/7-15    [000] d... 79549.946370: sched_switch: prev_comm=rcuos/7 prev_pid=15 prev_prio=120 prev_state=S ==> next_comm=swapper/0 next_pid=0 next_prio=120
          <idle>-0     [000] d... 79549.952358: sched_switch: prev_comm=swapper/0 prev_pid=0 prev_prio=120 prev_state=R ==> next_comm=rcuos/4 next_pid=12 next_prio=120
         rcuos/4-12    [000] d... 79549.952361: sched_wakeup: comm=rcuos/5 pid=13 prio=120 success=1 target_cpu=003
         rcuos/4-12    [000] d... 79549.952365: sched_switch: prev_comm=rcuos/4 prev_pid=12 prev_prio=120 prev_state=S ==> next_comm=swapper/0 next_pid=0 next_prio=120
          <idle>-0     [000] d... 79549.958360: sched_switch: prev_comm=swapper/0 prev_pid=0 prev_prio=120 prev_state=R ==> next_comm=rcuos/0 next_pid=8 next_prio=120
         rcuos/0-8     [000] d... 79549.958363: sched_wakeup: comm=rcuos/1 pid=9 prio=120 success=1 target_cpu=003
         rcuos/0-8     [000] d... 79549.958365: sched_switch: prev_comm=rcuos/0 prev_pid=8 prev_prio=120 prev_state=S ==> next_comm=swapper/0 next_pid=0 next_prio=120
          <idle>-0     [000] d... 79549.961353: sched_switch: prev_comm=swapper/0 prev_pid=0 prev_prio=120 prev_state=R ==> next_comm=rcu_sched next_pid=7 next_prio=120
       rcu_sched-7     [000] d... 79549.961357: sched_switch: prev_comm=rcu_sched prev_pid=7 prev_prio=120 prev_state=S ==> next_comm=swapper/0 next_pid=0 next_prio=120
          <idle>-0     [000] dNs. 79549.964350: sched_wakeup: comm=kworker/0:0 pid=4455 prio=120 success=1 target_cpu=000
          <idle>-0     [000] dNs. 79549.964352: sched_wakeup: comm=rcu_sched pid=7 prio=120 success=1 target_cpu=001
          <idle>-0     [000] d... 79549.964357: sched_switch: prev_comm=swapper/0 prev_pid=0 prev_prio=120 prev_state=R ==> next_comm=kworker/0:0 next_pid=4455 next_prio=120
           <...>-4455  [000] d... 79549.964361: sched_switch: prev_comm=kworker/0:0 prev_pid=4455 prev_prio=120 prev_state=S ==> next_comm=swapper/0 next_pid=0 next_prio=120
          <idle>-0     [000] d... 79549.970368: sched_switch: prev_comm=swapper/0 prev_pid=0 prev_prio=120 prev_state=R ==> next_comm=rcuos/0 next_pid=8 next_prio=120
         rcuos/0-8     [000] d... 79549.970371: sched_switch: prev_comm=rcuos/0 prev_pid=8 prev_prio=120 prev_state=S ==> next_comm=swapper/0 next_pid=0 next_prio=120
          <idle>-0     [000] dNh. 79550.151010: sched_wakeup: comm=3on6 pid=6211 prio=120 success=1 target_cpu=000
          <idle>-0     [000] d... 79550.151013: sched_switch: prev_comm=swapper/0 prev_pid=0 prev_prio=120 prev_state=R ==> next_comm=3on6 next_pid=6211 next_prio=120
            3on6-6211  [000] .... 79550.151015: sys_nanosleep -> 0x0
            3on6-6211  [000] d... 79550.151026: sched_wakeup: comm=kworker/0:0 pid=4455 prio=120 success=1 target_cpu=000
            3on6-6211  [000] .... 79550.151038: sys_nanosleep(rqtp: 7f5fa9584d40, rmtp: 7f5fa9584d40)
            3on6-6211  [000] d... 79550.151041: sched_switch: prev_comm=3on6 prev_pid=6211 prev_prio=120 prev_state=S ==> next_comm=kworker/0:0 next_pid=4455 next_prio=120
           <...>-4455  [000] d... 79550.151045: sched_wakeup: comm=tmux pid=2397 prio=120 success=1 target_cpu=001
           <...>-4455  [000] d... 79550.151051: sched_switch: prev_comm=kworker/0:0 prev_pid=4455 prev_prio=120 prev_state=S ==> next_comm=swapper/0 next_pid=0 next_prio=120
          <idle>-0     [000] dNh. 79550.151318: sched_wakeup: comm=3on6 pid=6229 prio=120 success=1 target_cpu=000
          <idle>-0     [000] d... 79550.151322: sched_switch: prev_comm=swapper/0 prev_pid=0 prev_prio=120 prev_state=R ==> next_comm=3on6 next_pid=6229 next_prio=120
            3on6-6229  [000] .... 79550.151324: sys_nanosleep -> 0x0
            3on6-6229  [000] d... 79550.151329: sched_wakeup: comm=kworker/0:0 pid=4455 prio=120 success=1 target_cpu=000
            3on6-6229  [000] .... 79550.151337: sys_nanosleep(rqtp: 7f5fa8582d40, rmtp: 7f5fa8582d40)
            3on6-6229  [000] d... 79550.151339: sched_switch: prev_comm=3on6 prev_pid=6229 prev_prio=120 prev_state=S ==> next_comm=kworker/0:0 next_pid=4455 next_prio=120
           <...>-4455  [000] d... 79550.151344: sched_switch: prev_comm=kworker/0:0 prev_pid=4455 prev_prio=120 prev_state=S ==> next_comm=swapper/0 next_pid=0 next_prio=120
          <idle>-0     [000] d... 79550.151400: sched_switch: prev_comm=swapper/0 prev_pid=0 prev_prio=120 prev_state=R ==> next_comm=sshd next_pid=25954 next_prio=120
           <...>-25954 [000] d.s. 79550.151466: sched_wakeup: comm=kworker/0:0 pid=4455 prio=120 success=1 target_cpu=000
           <...>-25954 [000] d... 79550.151489: sched_switch: prev_comm=sshd prev_pid=25954 prev_prio=120 prev_state=S ==> next_comm=kworker/0:0 next_pid=4455 next_prio=120
           <...>-4455  [000] d... 79550.151496: sched_switch: prev_comm=kworker/0:0 prev_pid=4455 prev_prio=120 prev_state=S ==> next_comm=swapper/0 next_pid=0 next_prio=120
          <idle>-0     [000] d... 79550.151736: sched_switch: prev_comm=swapper/0 prev_pid=0 prev_prio=120 prev_state=R ==> next_comm=sshd next_pid=25954 next_prio=120
           <...>-25954 [000] d... 79550.151782: sched_switch: prev_comm=sshd prev_pid=25954 prev_prio=120 prev_state=S ==> next_comm=swapper/0 next_pid=0 next_prio=120
          <idle>-0     [000] dNh. 79550.271476: sched_wakeup: comm=chrome pid=15027 prio=120 success=1 target_cpu=000
          <idle>-0     [000] d... 79550.271480: sched_switch: prev_comm=swapper/0 prev_pid=0 prev_prio=120 prev_state=R ==> next_comm=chrome next_pid=15027 next_prio=120
          chrome-15027 [000] d.s. 79550.271537: sched_wakeup: comm=kworker/0:0 pid=4455 prio=120 success=1 target_cpu=000
          chrome-15027 [000] d... 79550.271559: sched_switch: prev_comm=chrome prev_pid=15027 prev_prio=120 prev_state=S ==> next_comm=kworker/0:0 next_pid=4455 next_prio=120
           <...>-4455  [000] d... 79550.271570: sched_switch: prev_comm=kworker/0:0 prev_pid=4455 prev_prio=120 prev_state=S ==> next_comm=swapper/0 next_pid=0 next_prio=120
          <idle>-0     [000] d... 79550.310262: sched_switch: prev_comm=swapper/0 prev_pid=0 prev_prio=120 prev_state=R ==> next_comm=usb-storage next_pid=350 next_prio=120
     usb-storage-350   [000] d... 79550.310274: sched_switch: prev_comm=usb-storage prev_pid=350 prev_prio=120 prev_state=S ==> next_comm=swapper/0 next_pid=0 next_prio=120
          <idle>-0     [000] d... 79550.310879: sched_switch: prev_comm=swapper/0 prev_pid=0 prev_prio=120 prev_state=R ==> next_comm=usb-storage next_pid=350 next_prio=120
     usb-storage-350   [000] d... 79550.310886: sched_switch: prev_comm=usb-storage prev_pid=350 prev_prio=120 prev_state=S ==> next_comm=swapper/0 next_pid=0 next_prio=120
          <idle>-0     [000] d... 79550.311503: sched_switch: prev_comm=swapper/0 prev_pid=0 prev_prio=120 prev_state=R ==> next_comm=usb-storage next_pid=350 next_prio=120
     usb-storage-350   [000] d... 79550.311509: sched_switch: prev_comm=usb-storage prev_pid=350 prev_prio=120 prev_state=S ==> next_comm=swapper/0 next_pid=0 next_prio=120
          <idle>-0     [000] d... 79550.333578: sched_switch: prev_comm=swapper/0 prev_pid=0 prev_prio=120 prev_state=R ==> next_comm=rcu_sched next_pid=7 next_prio=120
       rcu_sched-7     [000] d... 79550.333582: sched_switch: prev_comm=rcu_sched prev_pid=7 prev_prio=120 prev_state=S ==> next_comm=swapper/0 next_pid=0 next_prio=120
          <idle>-0     [000] dNs. 79550.336576: sched_wakeup: comm=kworker/0:0 pid=4455 prio=120 success=1 target_cpu=000
          <idle>-0     [000] dNs. 79550.336579: sched_wakeup: comm=rcu_sched pid=7 prio=120 success=1 target_cpu=001
          <idle>-0     [000] d... 79550.336586: sched_switch: prev_comm=swapper/0 prev_pid=0 prev_prio=120 prev_state=R ==> next_comm=kworker/0:0 next_pid=4455 next_prio=120
           <...>-4455  [000] d... 79550.336590: sched_switch: prev_comm=kworker/0:0 prev_pid=4455 prev_prio=120 prev_state=S ==> next_comm=swapper/0 next_pid=0 next_prio=120
          <idle>-0     [000] d... 79550.517832: sched_switch: prev_comm=swapper/0 prev_pid=0 prev_prio=120 prev_state=R ==> next_comm=NSS SSL ThreadW next_pid=15189 next_prio=120
           <...>-15189 [000] .... 79550.517834: sys_futex -> 0x0
           <...>-15189 [000] .... 79550.517842: sys_futex(uaddr: c3c5e708208, op: 81, val: 1, utime: 1f5b7c4, uaddr2: 0, val3: 3b96a99557de99)
           <...>-15189 [000] .... 79550.517842: sys_futex -> 0x0
           <...>-15189 [000] d... 79550.517896: sched_wakeup: comm=Chrome_IOThread pid=15064 prio=120 success=1 target_cpu=002
           <...>-15189 [000] .... 79550.517907: sys_futex(uaddr: c3c5e708234, op: 80, val: cc09, utime: 0, uaddr2: c3c5e708200, val3: 6604)
           <...>-15189 [000] d... 79550.517910: sched_switch: prev_comm=NSS SSL ThreadW prev_pid=15189 prev_prio=120 prev_state=S ==> next_comm=swapper/0 next_pid=0 next_prio=120
          <idle>-0     [000] d... 79550.517950: sched_switch: prev_comm=swapper/0 prev_pid=0 prev_prio=120 prev_state=R ==> next_comm=NSS SSL ThreadW next_pid=15189 next_prio=120
           <...>-15189 [000] .... 79550.517951: sys_futex -> 0x0
           <...>-15189 [000] .... 79550.517954: sys_futex(uaddr: c3c5e708208, op: 81, val: 1, utime: 1f5b7c4, uaddr2: 0, val3: 3b96a99557de99)
           <...>-15189 [000] .... 79550.517955: sys_futex -> 0x0
           <...>-15189 [000] d... 79550.517967: sched_wakeup: comm=Chrome_IOThread pid=15064 prio=120 success=1 target_cpu=002
           <...>-15189 [000] .... 79550.517972: sys_futex(uaddr: c3c5e708234, op: 80, val: cc0b, utime: 0, uaddr2: c3c5e708200, val3: 6605)
           <...>-15189 [000] d... 79550.517974: sched_switch: prev_comm=NSS SSL ThreadW prev_pid=15189 prev_prio=120 prev_state=S ==> next_comm=swapper/0 next_pid=0 next_prio=120
          <idle>-0     [000] d... 79550.525515: sched_switch: prev_comm=swapper/0 prev_pid=0 prev_prio=120 prev_state=R ==> next_comm=NSS SSL ThreadW next_pid=15189 next_prio=120
