          <idle>-0     [000] d... 79532.910103: sched_switch: prev_comm=swapper/0 prev_pid=0 prev_prio=120 prev_state=R ==> next_comm=rcuos/1 next_pid=9 next_prio=120
         rcuos/1-9     [000] d.s. 79532.910111: sched_wakeup: comm=rcuos/0 pid=8 prio=120 success=1 target_cpu=003
         rcuos/1-9     [000] d... 79532.910129: sched_switch: prev_comm=rcuos/1 prev_pid=9 prev_prio=120 prev_state=S ==> next_comm=swapper/0 next_pid=0 next_prio=120
          <idle>-0     [000] dNs. 79532.913082: sched_wakeup: comm=kworker/0:0 pid=4455 prio=120 success=1 target_cpu=000
          <idle>-0     [000] dNs. 79532.913084: sched_wakeup: comm=rcu_sched pid=7 prio=120 success=1 target_cpu=001
          <idle>-0     [000] d... 79532.913091: sched_switch: prev_comm=swapper/0 prev_pid=0 prev_prio=120 prev_state=R ==> next_comm=kworker/0:0 next_pid=4455 next_prio=120
           <...>-4455  [000] d... 79532.913096: sched_switch: prev_comm=kworker/0:0 prev_pid=4455 prev_prio=120 prev_state=S ==> next_comm=swapper/0 next_pid=0 next_prio=120
          <idle>-0     [000] d... 79532.916105: sched_switch: prev_comm=swapper/0 prev_pid=0 prev_prio=120 prev_state=R ==> next_comm=rcuos/3 next_pid=11 next_prio=120
         rcuos/3-11    [000] d... 79532.916110: sched_switch: prev_comm=rcuos/3 prev_pid=11 prev_prio=120 prev_state=S ==> next_comm=swapper/0 next_pid=0 next_prio=120
          <idle>-0     [000] d... 79532.928094: sched_switch: prev_comm=swapper/0 prev_pid=0 prev_prio=120 prev_state=R ==> next_comm=rcu_sched next_pid=7 next_prio=120
       rcu_sched-7     [000] d... 79532.928099: sched_wakeup: comm=rcuos/2 pid=10 prio=120 success=1 target_cpu=001
       rcu_sched-7     [000] d... 79532.928102: sched_switch: prev_comm=rcu_sched prev_pid=7 prev_prio=120 prev_state=S ==> next_comm=swapper/0 next_pid=0 next_prio=120
          <idle>-0     [000] d... 79532.928109: sched_switch: prev_comm=swapper/0 prev_pid=0 prev_prio=120 prev_state=R ==> next_comm=rcuos/3 next_pid=11 next_prio=120
         rcuos/3-11    [000] d... 79532.928112: sched_switch: prev_comm=rcuos/3 prev_pid=11 prev_prio=120 prev_state=S ==> next_comm=swapper/0 next_pid=0 next_prio=120
          <idle>-0     [000] dNs. 79532.931090: sched_wakeup: comm=kworker/0:0 pid=4455 prio=120 success=1 target_cpu=000
          <idle>-0     [000] dNs. 79532.931092: sched_wakeup: comm=rcu_sched pid=7 prio=120 success=1 target_cpu=001
          <idle>-0     [000] d... 79532.931098: sched_switch: prev_comm=swapper/0 prev_pid=0 prev_prio=120 prev_state=R ==> next_comm=kworker/0:0 next_pid=4455 next_prio=120
           <...>-4455  [000] d... 79532.931102: sched_switch: prev_comm=kworker/0:0 prev_pid=4455 prev_prio=120 prev_state=S ==> next_comm=swapper/0 next_pid=0 next_prio=120
          <idle>-0     [000] d... 79532.934118: sched_switch: prev_comm=swapper/0 prev_pid=0 prev_prio=120 prev_state=R ==> next_comm=rcuos/1 next_pid=9 next_prio=120
         rcuos/1-9     [000] d... 79532.934121: sched_switch: prev_comm=rcuos/1 prev_pid=9 prev_prio=120 prev_state=S ==> next_comm=swapper/0 next_pid=0 next_prio=120
          <idle>-0     [000] d... 79533.043166: sched_switch: prev_comm=swapper/0 prev_pid=0 prev_prio=120 prev_state=R ==> next_comm=rcu_sched next_pid=7 next_prio=120
       rcu_sched-7     [000] d... 79533.043170: sched_switch: prev_comm=rcu_sched prev_pid=7 prev_prio=120 prev_state=S ==> next_comm=swapper/0 next_pid=0 next_prio=120
          <idle>-0     [000] dNs. 79533.046159: sched_wakeup: comm=kworker/0:0 pid=4455 prio=120 success=1 target_cpu=000
          <idle>-0     [000] dNs. 79533.046162: sched_wakeup: comm=rcu_sched pid=7 prio=120 success=1 target_cpu=001
          <idle>-0     [000] d... 79533.046168: sched_switch: prev_comm=swapper/0 prev_pid=0 prev_prio=120 prev_state=R ==> next_comm=kworker/0:0 next_pid=4455 next_prio=120
           <...>-4455  [000] d... 79533.046171: sched_switch: prev_comm=kworker/0:0 prev_pid=4455 prev_prio=120 prev_state=S ==> next_comm=swapper/0 next_pid=0 next_prio=120
          <idle>-0     [000] dNs. 79533.140218: sched_wakeup: comm=kworker/0:0 pid=4455 prio=120 success=1 target_cpu=000
          <idle>-0     [000] d... 79533.140223: sched_switch: prev_comm=swapper/0 prev_pid=0 prev_prio=120 prev_state=R ==> next_comm=kworker/0:0 next_pid=4455 next_prio=120
           <...>-4455  [000] d... 79533.140226: sched_switch: prev_comm=kworker/0:0 prev_pid=4455 prev_prio=120 prev_state=S ==> next_comm=swapper/0 next_pid=0 next_prio=120
          <idle>-0     [000] dNh. 79533.140509: sched_wakeup: comm=3on6 pid=6211 prio=120 success=1 target_cpu=000
          <idle>-0     [000] d... 79533.140513: sched_switch: prev_comm=swapper/0 prev_pid=0 prev_prio=120 prev_state=R ==> next_comm=3on6 next_pid=6211 next_prio=120
            3on6-6211  [000] .... 79533.140516: sys_nanosleep -> 0x0
            3on6-6211  [000] d... 79533.140526: sched_wakeup: comm=kworker/0:0 pid=4455 prio=120 success=1 target_cpu=000
            3on6-6211  [000] .... 79533.140536: sys_nanosleep(rqtp: 7f5fa9584d40, rmtp: 7f5fa9584d40)
            3on6-6211  [000] d... 79533.140538: sched_switch: prev_comm=3on6 prev_pid=6211 prev_prio=120 prev_state=S ==> next_comm=kworker/0:0 next_pid=4455 next_prio=120
           <...>-4455  [000] d... 79533.140543: sched_wakeup: comm=tmux pid=2397 prio=120 success=1 target_cpu=004
           <...>-4455  [000] d... 79533.140549: sched_switch: prev_comm=kworker/0:0 prev_pid=4455 prev_prio=120 prev_state=S ==> next_comm=swapper/0 next_pid=0 next_prio=120
          <idle>-0     [000] d... 79533.140898: sched_switch: prev_comm=swapper/0 prev_pid=0 prev_prio=120 prev_state=R ==> next_comm=sshd next_pid=25954 next_prio=120
           <...>-25954 [000] d... 79533.140969: sched_switch: prev_comm=sshd prev_pid=25954 prev_prio=120 prev_state=S ==> next_comm=swapper/0 next_pid=0 next_prio=120
          <idle>-0     [000] dNs. 79533.213265: sched_wakeup: comm=kworker/0:0 pid=4455 prio=120 success=1 target_cpu=000
          <idle>-0     [000] dNs. 79533.213269: sched_wakeup: comm=kworker/u16:0 pid=3801 prio=120 success=1 target_cpu=001
          <idle>-0     [000] d... 79533.213277: sched_switch: prev_comm=swapper/0 prev_pid=0 prev_prio=120 prev_state=R ==> next_comm=kworker/0:0 next_pid=4455 next_prio=120
           <...>-4455  [000] d... 79533.213285: sched_switch: prev_comm=kworker/0:0 prev_pid=4455 prev_prio=120 prev_state=S ==> next_comm=swapper/0 next_pid=0 next_prio=120
          <idle>-0     [000] d... 79533.893317: sched_switch: prev_comm=swapper/0 prev_pid=0 prev_prio=120 prev_state=R ==> next_comm=sh next_pid=6281 next_prio=120
           <...>-6281  [000] d... 79533.893470: sched_switch: prev_comm=sh prev_pid=6281 prev_prio=120 prev_state=D ==> next_comm=swapper/0 next_pid=0 next_prio=120
          <idle>-0     [000] dN.. 79533.893480: sched_wakeup: comm=sh pid=6281 prio=120 success=1 target_cpu=000
          <idle>-0     [000] d... 79533.893481: sched_switch: prev_comm=swapper/0 prev_pid=0 prev_prio=120 prev_state=R ==> next_comm=sh next_pid=6282 next_prio=120
           <...>-6282  [000] d... 79533.893632: sched_switch: prev_comm=sh prev_pid=6282 prev_prio=120 prev_state=D ==> next_comm=sh next_pid=6281 next_prio=120
           <...>-6281  [000] d... 79533.893658: sched_switch: prev_comm=sh prev_pid=6281 prev_prio=120 prev_state=D ==> next_comm=swapper/0 next_pid=0 next_prio=120
          <idle>-0     [000] d... 79533.893664: sched_switch: prev_comm=swapper/0 prev_pid=0 prev_prio=120 prev_state=R ==> next_comm=sh next_pid=6281 next_prio=120
           <...>-6281  [000] dNs. 79533.893674: sched_wakeup: comm=kworker/0:0 pid=4455 prio=120 success=1 target_cpu=000
           <...>-6281  [000] d... 79533.893681: sched_switch: prev_comm=sh prev_pid=6281 prev_prio=120 prev_state=R ==> next_comm=kworker/0:0 next_pid=4455 next_prio=120
           <...>-4455  [000] d... 79533.893685: sched_switch: prev_comm=kworker/0:0 prev_pid=4455 prev_prio=120 prev_state=D ==> next_comm=sh next_pid=6281 next_prio=120
           <...>-6281  [000] d... 79533.893689: sched_switch: prev_comm=sh prev_pid=6281 prev_prio=120 prev_state=R ==> next_comm=kworker/0:0 next_pid=4455 next_prio=120
           <...>-4455  [000] d... 79533.893692: sched_switch: prev_comm=kworker/0:0 prev_pid=4455 prev_prio=120 prev_state=S ==> next_comm=sh next_pid=6281 next_prio=120
           <...>-6281  [000] d... 79533.894211: sched_wakeup: comm=cut pid=6282 prio=120 success=1 target_cpu=001
           <...>-6281  [000] d... 79533.894219: sched_switch: prev_comm=uname prev_pid=6281 prev_prio=120 prev_state=D ==> next_comm=swapper/0 next_pid=0 next_prio=120
          <idle>-0     [000] d... 79533.894227: sched_switch: prev_comm=swapper/0 prev_pid=0 prev_prio=120 prev_state=R ==> next_comm=uname next_pid=6281 next_prio=120
           <...>-6281  [000] d... 79533.894230: sched_wakeup: comm=cut pid=6282 prio=120 success=1 target_cpu=001
           <...>-6281  [000] .... 79533.894360: sched_process_exit: comm=uname pid=6281 prio=120
           <...>-6281  [000] d... 79533.894376: sched_wakeup: comm=sh pid=6278 prio=120 success=1 target_cpu=002
           <...>-6281  [000] d... 79533.894378: sched_switch: prev_comm=uname prev_pid=6281 prev_prio=120 prev_state=x ==> next_comm=swapper/0 next_pid=0 next_prio=120
          <idle>-0     [000] d... 79533.896685: sched_switch: prev_comm=swapper/0 prev_pid=0 prev_prio=120 prev_state=R ==> next_comm=rcuos/4 next_pid=12 next_prio=120
         rcuos/4-12    [000] d... 79533.896689: sched_switch: prev_comm=rcuos/4 prev_pid=12 prev_prio=120 prev_state=S ==> next_comm=swapper/0 next_pid=0 next_prio=120
          <idle>-0     [000] d... 79533.897105: sched_switch: prev_comm=swapper/0 prev_pid=0 prev_prio=120 prev_state=R ==> next_comm=sh next_pid=6280 next_prio=120
           <...>-6280  [000] d... 79533.897131: sched_switch: prev_comm=sh prev_pid=6280 prev_prio=120 prev_state=S ==> next_comm=swapper/0 next_pid=0 next_prio=120
          <idle>-0     [000] d... 79533.897193: sched_switch: prev_comm=swapper/0 prev_pid=0 prev_prio=120 prev_state=R ==> next_comm=sh next_pid=6280 next_prio=120
           <...>-6280  [000] .... 79533.897455: sched_process_exit: comm=sh pid=6280 prio=120
           <...>-6280  [000] d... 79533.897467: sched_wakeup: comm=tmux pid=2397 prio=120 success=1 target_cpu=004
           <...>-6280  [000] d... 79533.897482: sched_switch: prev_comm=sh prev_pid=6280 prev_prio=120 prev_state=x ==> next_comm=swapper/0 next_pid=0 next_prio=120
          <idle>-0     [000] d... 79533.899692: sched_switch: prev_comm=swapper/0 prev_pid=0 prev_prio=120 prev_state=R ==> next_comm=rcuos/0 next_pid=8 next_prio=120
         rcuos/0-8     [000] d... 79533.899696: sched_wakeup: comm=rcuos/1 pid=9 prio=120 success=1 target_cpu=002
         rcuos/0-8     [000] d... 79533.899698: sched_switch: prev_comm=rcuos/0 prev_pid=8 prev_prio=120 prev_state=S ==> next_comm=swapper/0 next_pid=0 next_prio=120
          <idle>-0     [000] d... 79533.902681: sched_switch: prev_comm=swapper/0 prev_pid=0 prev_prio=120 prev_state=R ==> next_comm=rcu_sched next_pid=7 next_prio=120
       rcu_sched-7     [000] d... 79533.902685: sched_switch: prev_comm=rcu_sched prev_pid=7 prev_prio=120 prev_state=S ==> next_comm=swapper/0 next_pid=0 next_prio=120
          <idle>-0     [000] dNs. 79533.905679: sched_wakeup: comm=kworker/0:0 pid=4455 prio=120 success=1 target_cpu=000
          <idle>-0     [000] dNs. 79533.905681: sched_wakeup: comm=rcu_sched pid=7 prio=120 success=1 target_cpu=001
          <idle>-0     [000] d... 79533.905688: sched_switch: prev_comm=swapper/0 prev_pid=0 prev_prio=120 prev_state=R ==> next_comm=kworker/0:0 next_pid=4455 next_prio=120
           <...>-4455  [000] d... 79533.905693: sched_switch: prev_comm=kworker/0:0 prev_pid=4455 prev_prio=120 prev_state=S ==> next_comm=swapper/0 next_pid=0 next_prio=120
          <idle>-0     [000] d... 79533.911700: sched_switch: prev_comm=swapper/0 prev_pid=0 prev_prio=120 prev_state=R ==> next_comm=rcuos/0 next_pid=8 next_prio=120
         rcuos/0-8     [000] d... 79533.911703: sched_wakeup: comm=rcuos/1 pid=9 prio=120 success=1 target_cpu=002
         rcuos/0-8     [000] d... 79533.911720: sched_switch: prev_comm=rcuos/0 prev_pid=8 prev_prio=120 prev_state=S ==> next_comm=swapper/0 next_pid=0 next_prio=120
          <idle>-0     [000] d... 79533.916400: sched_switch: prev_comm=swapper/0 prev_pid=0 prev_prio=120 prev_state=R ==> next_comm=usb-storage next_pid=350 next_prio=120
     usb-storage-350   [000] d... 79533.916411: sched_switch: prev_comm=usb-storage prev_pid=350 prev_prio=120 prev_state=S ==> next_comm=swapper/0 next_pid=0 next_prio=120
          <idle>-0     [000] d... 79533.917016: sched_switch: prev_comm=swapper/0 prev_pid=0 prev_prio=120 prev_state=R ==> next_comm=usb-storage next_pid=350 next_prio=120
     usb-storage-350   [000] d... 79533.917023: sched_switch: prev_comm=usb-storage prev_pid=350 prev_prio=120 prev_state=S ==> next_comm=swapper/0 next_pid=0 next_prio=120
          <idle>-0     [000] d... 79533.917640: sched_switch: prev_comm=swapper/0 prev_pid=0 prev_prio=120 prev_state=R ==> next_comm=usb-storage next_pid=350 next_prio=120
     usb-storage-350   [000] d... 79533.917646: sched_switch: prev_comm=usb-storage prev_pid=350 prev_prio=120 prev_state=S ==> next_comm=swapper/0 next_pid=0 next_prio=120
          <idle>-0     [000] d... 79533.920697: sched_switch: prev_comm=swapper/0 prev_pid=0 prev_prio=120 prev_state=R ==> next_comm=rcuos/0 next_pid=8 next_prio=120
         rcuos/0-8     [000] d... 79533.920700: sched_switch: prev_comm=rcuos/0 prev_pid=8 prev_prio=120 prev_state=S ==> next_comm=swapper/0 next_pid=0 next_prio=120
          <idle>-0     [000] d... 79533.923692: sched_switch: prev_comm=swapper/0 prev_pid=0 prev_prio=120 prev_state=R ==> next_comm=rcu_sched next_pid=7 next_prio=120
       rcu_sched-7     [000] d... 79533.923696: sched_switch: prev_comm=rcu_sched prev_pid=7 prev_prio=120 prev_state=S ==> next_comm=swapper/0 next_pid=0 next_prio=120
          <idle>-0     [000] dNs. 79533.926691: sched_wakeup: comm=kworker/0:0 pid=4455 prio=120 success=1 target_cpu=000
          <idle>-0     [000] dNs. 79533.926693: sched_wakeup: comm=rcu_sched pid=7 prio=120 success=1 target_cpu=001
          <idle>-0     [000] d... 79533.926699: sched_switch: prev_comm=swapper/0 prev_pid=0 prev_prio=120 prev_state=R ==> next_comm=kworker/0:0 next_pid=4455 next_prio=120
           <...>-4455  [000] d... 79533.926703: sched_switch: prev_comm=kworker/0:0 prev_pid=4455 prev_prio=120 prev_state=S ==> next_comm=swapper/0 next_pid=0 next_prio=120
          <idle>-0     [000] dNh. 79534.141221: sched_wakeup: comm=3on6 pid=6220 prio=120 success=1 target_cpu=000
          <idle>-0     [000] d... 79534.141224: sched_switch: prev_comm=swapper/0 prev_pid=0 prev_prio=120 prev_state=R ==> next_comm=3on6 next_pid=6220 next_prio=120
            3on6-6220  [000] .... 79534.141228: sys_nanosleep -> 0x0
            3on6-6220  [000] d... 79534.141238: sched_wakeup: comm=kworker/0:0 pid=4455 prio=120 success=1 target_cpu=000
            3on6-6220  [000] .... 79534.141249: sys_nanosleep(rqtp: 7f5fa8d83d40, rmtp: 7f5fa8d83d40)
            3on6-6220  [000] d... 79534.141251: sched_switch: prev_comm=3on6 prev_pid=6220 prev_prio=120 prev_state=S ==> next_comm=kworker/0:0 next_pid=4455 next_prio=120
           <...>-4455  [000] d... 79534.141256: sched_wakeup: comm=tmux pid=2397 prio=120 success=1 target_cpu=004
           <...>-4455  [000] d... 79534.141261: sched_switch: prev_comm=kworker/0:0 prev_pid=4455 prev_prio=120 prev_state=S ==> next_comm=swapper/0 next_pid=0 next_prio=120
          <idle>-0     [000] d... 79534.507341: sched_switch: prev_comm=swapper/0 prev_pid=0 prev_prio=120 prev_state=R ==> next_comm=NSS SSL ThreadW next_pid=15189 next_prio=120
           <...>-15189 [000] .... 79534.507343: sys_futex -> 0x0
           <...>-15189 [000] .... 79534.507351: sys_futex(uaddr: c3c5e708208, op: 81, val: 1, utime: 1f5a836, uaddr2: 0, val3: 3b84118a740218)
           <...>-15189 [000] .... 79534.507352: sys_futex -> 0x0
           <...>-15189 [000] d... 79534.507405: sched_wakeup: comm=Chrome_IOThread pid=15064 prio=120 success=1 target_cpu=002
           <...>-15189 [000] .... 79534.507418: sys_futex(uaddr: c3c5e708234, op: 80, val: cbf9, utime: 0, uaddr2: c3c5e708200, val3: 65fc)
           <...>-15189 [000] d... 79534.507421: sched_switch: prev_comm=NSS SSL ThreadW prev_pid=15189 prev_prio=120 prev_state=S ==> next_comm=swapper/0 next_pid=0 next_prio=120
          <idle>-0     [000] d... 79534.507459: sched_switch: prev_comm=swapper/0 prev_pid=0 prev_prio=120 prev_state=R ==> next_comm=NSS SSL ThreadW next_pid=15189 next_prio=120
           <...>-15189 [000] .... 79534.507460: sys_futex -> 0x0
           <...>-15189 [000] .... 79534.507463: sys_futex(uaddr: c3c5e708208, op: 81, val: 1, utime: 1f5a836, uaddr2: 0, val3: 3b84118a740218)
           <...>-15189 [000] .... 79534.507464: sys_futex -> 0x0
           <...>-15189 [000] d... 79534.507477: sched_wakeup: comm=Chrome_IOThread pid=15064 prio=120 success=1 target_cpu=002
           <...>-15189 [000] .... 79534.507482: sys_futex(uaddr: c3c5e708234, op: 80, val: cbfb, utime: 0, uaddr2: c3c5e708200, val3: 65fd)
           <...>-15189 [000] d... 79534.507484: sched_switch: prev_comm=NSS SSL ThreadW prev_pid=15189 prev_prio=120 prev_state=S ==> next_comm=swapper/0 next_pid=0 next_prio=120
          <idle>-0     [000] d... 79534.512368: sched_switch: prev_comm=swapper/0 prev_pid=0 prev_prio=120 prev_state=R ==> next_comm=NSS SSL ThreadW next_pid=15189 next_prio=120
           <...>-15189 [000] .... 79534.512369: sys_futex -> 0x0
           <...>-15189 [000] .... 79534.512371: sys_futex(uaddr: c3c5e708208, op: 81, val: 1, utime: 1f5a83c, uaddr2: 0, val3: 35930e86bf18)
           <...>-15189 [000] .... 79534.512371: sys_futex -> 0x0
           <...>-15189 [000] d... 79534.512406: sched_wakeup: comm=Chrome_IOThread pid=15064 prio=120 success=1 target_cpu=002
           <...>-15189 [000] .... 79534.512418: sys_futex(uaddr: c3c5e708234, op: 80, val: cbfd, utime: 0, uaddr2: c3c5e708200, val3: 65fe)
           <...>-15189 [000] d... 79534.512420: sched_switch: prev_comm=NSS SSL ThreadW prev_pid=15189 prev_prio=120 prev_state=S ==> next_comm=swapper/0 next_pid=0 next_prio=120
          <idle>-0     [000] d... 79534.512466: sched_switch: prev_comm=swapper/0 prev_pid=0 prev_prio=120 prev_state=R ==> next_comm=NSS SSL ThreadW next_pid=15189 next_prio=120
           <...>-15189 [000] .... 79534.512467: sys_futex -> 0x0
           <...>-15189 [000] .... 79534.512470: sys_futex(uaddr: c3c5e708208, op: 81, val: 1, utime: 1f5a83c, uaddr2: 0, val3: 35930e86bf18)
           <...>-15189 [000] .... 79534.512470: sys_futex -> 0x0
           <...>-15189 [000] d... 79534.512479: sched_wakeup: comm=Chrome_IOThread pid=15064 prio=120 success=1 target_cpu=002
           <...>-15189 [000] .... 79534.512483: sys_futex(uaddr: c3c5e708234, op: 80, val: cbff, utime: 0, uaddr2: c3c5e708200, val3: 65ff)
           <...>-15189 [000] d... 79534.512485: sched_switch: prev_comm=NSS SSL ThreadW prev_pid=15189 prev_prio=120 prev_state=S ==> next_comm=swapper/0 next_pid=0 next_prio=120
          <idle>-0     [000] d... 79534.518063: sched_switch: prev_comm=swapper/0 prev_pid=0 prev_prio=120 prev_state=R ==> next_comm=rcuos/2 next_pid=10 next_prio=120
         rcuos/2-10    [000] d... 79534.518066: sched_switch: prev_comm=rcuos/2 prev_pid=10 prev_prio=120 prev_state=S ==> next_comm=swapper/0 next_pid=0 next_prio=120
          <idle>-0     [000] d... 79534.893717: sched_switch: prev_comm=swapper/0 prev_pid=0 prev_prio=120 prev_state=R ==> next_comm=rcuos/0 next_pid=8 next_prio=120
         rcuos/0-8     [000] d... 79534.893720: sched_switch: prev_comm=rcuos/0 prev_pid=8 prev_prio=120 prev_state=S ==> next_comm=swapper/0 next_pid=0 next_prio=120
          <idle>-0     [000] d... 79534.894703: sched_switch: prev_comm=swapper/0 prev_pid=0 prev_prio=120 prev_state=R ==> next_comm=rcuos/2 next_pid=10 next_prio=120
         rcuos/2-10    [000] d... 79534.894708: sched_switch: prev_comm=rcuos/2 prev_pid=10 prev_prio=120 prev_state=S ==> next_comm=swapper/0 next_pid=0 next_prio=120
          <idle>-0     [000] d... 79534.895111: sched_switch: prev_comm=swapper/0 prev_pid=0 prev_prio=120 prev_state=R ==> next_comm=sh next_pid=6289 next_prio=120
           <...>-6289  [000] dNs. 79534.895277: sched_wakeup: comm=kworker/0:0 pid=4455 prio=120 success=1 target_cpu=000
           <...>-6289  [000] d... 79534.895287: sched_switch: prev_comm=sh prev_pid=6289 prev_prio=120 prev_state=R ==> next_comm=kworker/0:0 next_pid=4455 next_prio=120
           <...>-4455  [000] d... 79534.895296: sched_switch: prev_comm=kworker/0:0 prev_pid=4455 prev_prio=120 prev_state=S ==> next_comm=sh next_pid=6289 next_prio=120
           <...>-6289  [000] .... 79534.895947: sched_process_exit: comm=uname pid=6289 prio=120
           <...>-6289  [000] d... 79534.895966: sched_wakeup: comm=sh pid=6286 prio=120 success=1 target_cpu=003
           <...>-6289  [000] d... 79534.895968: sched_switch: prev_comm=uname prev_pid=6289 prev_prio=120 prev_state=x ==> next_comm=swapper/0 next_pid=0 next_prio=120
          <idle>-0     [000] d... 79534.898805: sched_switch: prev_comm=swapper/0 prev_pid=0 prev_prio=120 prev_state=R ==> next_comm=sh next_pid=6288 next_prio=120
           <...>-6288  [000] d... 79534.898823: sched_switch: prev_comm=sh prev_pid=6288 prev_prio=120 prev_state=S ==> next_comm=swapper/0 next_pid=0 next_prio=120
          <idle>-0     [000] d... 79534.898833: sched_switch: prev_comm=swapper/0 prev_pid=0 prev_prio=120 prev_state=R ==> next_comm=sh next_pid=6288 next_prio=120
           <...>-6288  [000] d... 79534.898841: sched_switch: prev_comm=sh prev_pid=6288 prev_prio=120 prev_state=S ==> next_comm=swapper/0 next_pid=0 next_prio=120
          <idle>-0     [000] d... 79534.898898: sched_switch: prev_comm=swapper/0 prev_pid=0 prev_prio=120 prev_state=R ==> next_comm=sh next_pid=6288 next_prio=120
           <...>-6288  [000] .... 79534.899156: sched_process_exit: comm=sh pid=6288 prio=120
           <...>-6288  [000] d... 79534.899168: sched_wakeup: comm=tmux pid=2397 prio=120 success=1 target_cpu=004
           <...>-6288  [000] d... 79534.899183: sched_switch: prev_comm=sh prev_pid=6288 prev_prio=120 prev_state=x ==> next_comm=swapper/0 next_pid=0 next_prio=120
          <idle>-0     [000] d... 79534.901294: sched_switch: prev_comm=swapper/0 prev_pid=0 prev_prio=120 prev_state=R ==> next_comm=rcuos/2 next_pid=10 next_prio=120
         rcuos/2-10    [000] d... 79534.901298: sched_switch: prev_comm=rcuos/2 prev_pid=10 prev_prio=120 prev_state=S ==> next_comm=swapper/0 next_pid=0 next_prio=120
          <idle>-0     [000] d... 79534.904284: sched_switch: prev_comm=swapper/0 prev_pid=0 prev_prio=120 prev_state=R ==> next_comm=rcu_sched next_pid=7 next_prio=120
       rcu_sched-7     [000] d... 79534.904288: sched_switch: prev_comm=rcu_sched prev_pid=7 prev_prio=120 prev_state=S ==> next_comm=swapper/0 next_pid=0 next_prio=120
          <idle>-0     [000] dNs. 79534.907283: sched_wakeup: comm=kworker/0:0 pid=4455 prio=120 success=1 target_cpu=000
          <idle>-0     [000] dNs. 79534.907285: sched_wakeup: comm=rcu_sched pid=7 prio=120 success=1 target_cpu=001
          <idle>-0     [000] d... 79534.907291: sched_switch: prev_comm=swapper/0 prev_pid=0 prev_prio=120 prev_state=R ==> next_comm=kworker/0:0 next_pid=4455 next_prio=120
           <...>-4455  [000] d... 79534.907296: sched_switch: prev_comm=kworker/0:0 prev_pid=4455 prev_prio=120 prev_state=S ==> next_comm=swapper/0 next_pid=0 next_prio=120
          <idle>-0     [000] d... 79534.913306: sched_switch: prev_comm=swapper/0 prev_pid=0 prev_prio=120 prev_state=R ==> next_comm=rcuos/2 next_pid=10 next_prio=120
         rcuos/2-10    [000] d... 79534.913309: sched_wakeup: comm=rcuos/3 pid=11 prio=120 success=1 target_cpu=002
         rcuos/2-10    [000] d... 79534.913327: sched_switch: prev_comm=rcuos/2 prev_pid=10 prev_prio=120 prev_state=S ==> next_comm=swapper/0 next_pid=0 next_prio=120
          <idle>-0     [000] d... 79534.922295: sched_switch: prev_comm=swapper/0 prev_pid=0 prev_prio=120 prev_state=R ==> next_comm=rcu_sched next_pid=7 next_prio=120
       rcu_sched-7     [000] d... 79534.922298: sched_switch: prev_comm=rcu_sched prev_pid=7 prev_prio=120 prev_state=S ==> next_comm=swapper/0 next_pid=0 next_prio=120
          <idle>-0     [000] dNs. 79534.925291: sched_wakeup: comm=kworker/0:0 pid=4455 prio=120 success=1 target_cpu=000
          <idle>-0     [000] dNs. 79534.925293: sched_wakeup: comm=rcu_sched pid=7 prio=120 success=1 target_cpu=001
          <idle>-0     [000] d... 79534.925299: sched_switch: prev_comm=swapper/0 prev_pid=0 prev_prio=120 prev_state=R ==> next_comm=kworker/0:0 next_pid=4455 next_prio=120
           <...>-4455  [000] d... 79534.925303: sched_switch: prev_comm=kworker/0:0 prev_pid=4455 prev_prio=120 prev_state=S ==> next_comm=swapper/0 next_pid=0 next_prio=120
          <idle>-0     [000] d... 79534.931318: sched_switch: prev_comm=swapper/0 prev_pid=0 prev_prio=120 prev_state=R ==> next_comm=rcuos/3 next_pid=11 next_prio=120
         rcuos/3-11    [000] d... 79534.931321: sched_switch: prev_comm=rcuos/3 prev_pid=11 prev_prio=120 prev_state=S ==> next_comm=swapper/0 next_pid=0 next_prio=120
          <idle>-0     [000] d... 79535.212474: sched_switch: prev_comm=swapper/0 prev_pid=0 prev_prio=120 prev_state=R ==> next_comm=rcu_sched next_pid=7 next_prio=120
       rcu_sched-7     [000] d... 79535.212479: sched_wakeup: comm=rcuos/2 pid=10 prio=120 success=1 target_cpu=002
       rcu_sched-7     [000] d... 79535.212481: sched_switch: prev_comm=rcu_sched prev_pid=7 prev_prio=120 prev_state=S ==> next_comm=swapper/0 next_pid=0 next_prio=120
          <idle>-0     [000] dNs. 79535.716771: sched_wakeup: comm=kworker/0:0 pid=4455 prio=120 success=1 target_cpu=000
          <idle>-0     [000] d... 79535.716784: sched_switch: prev_comm=swapper/0 prev_pid=0 prev_prio=120 prev_state=R ==> next_comm=kworker/0:0 next_pid=4455 next_prio=120
           <...>-4455  [000] d... 79535.716788: sched_switch: prev_comm=kworker/0:0 prev_pid=4455 prev_prio=120 prev_state=S ==> next_comm=swapper/0 next_pid=0 next_prio=120
          <idle>-0     [000] d... 79535.894984: sched_switch: prev_comm=swapper/0 prev_pid=0 prev_prio=120 prev_state=R ==> next_comm=rcu_sched next_pid=7 next_prio=120
       rcu_sched-7     [000] d... 79535.894987: sched_switch: prev_comm=rcu_sched prev_pid=7 prev_prio=120 prev_state=S ==> next_comm=swapper/0 next_pid=0 next_prio=120
          <idle>-0     [000] dNs. 79535.897878: sched_wakeup: comm=kworker/0:0 pid=4455 prio=120 success=1 target_cpu=000
          <idle>-0     [000] dNs. 79535.897882: sched_wakeup: comm=rcu_sched pid=7 prio=120 success=1 target_cpu=003
          <idle>-0     [000] d... 79535.897887: sched_switch: prev_comm=swapper/0 prev_pid=0 prev_prio=120 prev_state=R ==> next_comm=kworker/0:0 next_pid=4455 next_prio=120
           <...>-4455  [000] d... 79535.897896: sched_switch: prev_comm=kworker/0:0 prev_pid=4455 prev_prio=120 prev_state=S ==> next_comm=swapper/0 next_pid=0 next_prio=120
          <idle>-0     [000] d... 79535.898037: sched_switch: prev_comm=swapper/0 prev_pid=0 prev_prio=120 prev_state=R ==> next_comm=sh next_pid=6294 next_prio=120
           <...>-6294  [000] d... 79535.898052: sched_switch: prev_comm=sh prev_pid=6294 prev_prio=120 prev_state=S ==> next_comm=swapper/0 next_pid=0 next_prio=120
          <idle>-0     [000] d... 79535.898262: sched_switch: prev_comm=swapper/0 prev_pid=0 prev_prio=120 prev_state=R ==> next_comm=sh next_pid=6294 next_prio=120
           <...>-6294  [000] .... 79535.898522: sched_process_exit: comm=sh pid=6294 prio=120
           <...>-6294  [000] d... 79535.898548: sched_switch: prev_comm=sh prev_pid=6294 prev_prio=120 prev_state=x ==> next_comm=swapper/0 next_pid=0 next_prio=120
          <idle>-0     [000] d... 79535.900895: sched_switch: prev_comm=swapper/0 prev_pid=0 prev_prio=120 prev_state=R ==> next_comm=rcuos/4 next_pid=12 next_prio=120
         rcuos/4-12    [000] d... 79535.900899: sched_switch: prev_comm=rcuos/4 prev_pid=12 prev_prio=120 prev_state=S ==> next_comm=swapper/0 next_pid=0 next_prio=120
          <idle>-0     [000] d... 79535.901373: sched_switch: prev_comm=swapper/0 prev_pid=0 prev_prio=120 prev_state=R ==> next_comm=tmux next_pid=2397 next_prio=120
            tmux-2397  [000] d... 79535.902664: sched_switch: prev_comm=tmux prev_pid=2397 prev_prio=120 prev_state=S ==> next_comm=swapper/0 next_pid=0 next_prio=120
          <idle>-0     [000] d... 79535.903890: sched_switch: prev_comm=swapper/0 prev_pid=0 prev_prio=120 prev_state=R ==> next_comm=rcu_sched next_pid=7 next_prio=120
       rcu_sched-7     [000] d... 79535.903895: sched_switch: prev_comm=rcu_sched prev_pid=7 prev_prio=120 prev_state=S ==> next_comm=swapper/0 next_pid=0 next_prio=120
          <idle>-0     [000] dNs. 79535.906885: sched_wakeup: comm=kworker/0:0 pid=4455 prio=120 success=1 target_cpu=000
          <idle>-0     [000] dNs. 79535.906888: sched_wakeup: comm=rcu_sched pid=7 prio=120 success=1 target_cpu=001
          <idle>-0     [000] d... 79535.906895: sched_switch: prev_comm=swapper/0 prev_pid=0 prev_prio=120 prev_state=R ==> next_comm=kworker/0:0 next_pid=4455 next_prio=120
           <...>-4455  [000] d... 79535.906903: sched_switch: prev_comm=kworker/0:0 prev_pid=4455 prev_prio=120 prev_state=S ==> next_comm=swapper/0 next_pid=0 next_prio=120
          <idle>-0     [000] d... 79535.906908: sched_switch: prev_comm=swapper/0 prev_pid=0 prev_prio=120 prev_state=R ==> next_comm=rcuos/1 next_pid=9 next_prio=120
         rcuos/1-9     [000] d... 79535.906911: sched_switch: prev_comm=rcuos/1 prev_pid=9 prev_prio=120 prev_state=S ==> next_comm=swapper/0 next_pid=0 next_prio=120
          <idle>-0     [000] d... 79535.912903: sched_switch: prev_comm=swapper/0 prev_pid=0 prev_prio=120 prev_state=R ==> next_comm=rcuos/4 next_pid=12 next_prio=120
         rcuos/4-12    [000] d... 79535.912906: sched_wakeup: comm=rcuos/5 pid=13 prio=120 success=1 target_cpu=003
         rcuos/4-12    [000] d... 79535.912956: sched_switch: prev_comm=rcuos/4 prev_pid=12 prev_prio=120 prev_state=S ==> next_comm=swapper/0 next_pid=0 next_prio=120
          <idle>-0     [000] d... 79535.918907: sched_switch: prev_comm=swapper/0 prev_pid=0 prev_prio=120 prev_state=R ==> next_comm=rcuos/0 next_pid=8 next_prio=120
         rcuos/0-8     [000] d... 79535.918910: sched_wakeup: comm=rcuos/1 pid=9 prio=120 success=1 target_cpu=001
         rcuos/0-8     [000] d... 79535.918942: sched_switch: prev_comm=rcuos/0 prev_pid=8 prev_prio=120 prev_state=S ==> next_comm=swapper/0 next_pid=0 next_prio=120
          <idle>-0     [000] d... 79535.921897: sched_switch: prev_comm=swapper/0 prev_pid=0 prev_prio=120 prev_state=R ==> next_comm=rcu_sched next_pid=7 next_prio=120
       rcu_sched-7     [000] d... 79535.921901: sched_switch: prev_comm=rcu_sched prev_pid=7 prev_prio=120 prev_state=S ==> next_comm=swapper/0 next_pid=0 next_prio=120
          <idle>-0     [000] dNs. 79535.924894: sched_wakeup: comm=kworker/0:0 pid=4455 prio=120 success=1 target_cpu=000
          <idle>-0     [000] dNs. 79535.924896: sched_wakeup: comm=rcu_sched pid=7 prio=120 success=1 target_cpu=001
          <idle>-0     [000] d... 79535.924902: sched_switch: prev_comm=swapper/0 prev_pid=0 prev_prio=120 prev_state=R ==> next_comm=kworker/0:0 next_pid=4455 next_prio=120
           <...>-4455  [000] d... 79535.924909: sched_switch: prev_comm=kworker/0:0 prev_pid=4455 prev_prio=120 prev_state=S ==> next_comm=swapper/0 next_pid=0 next_prio=120
          <idle>-0     [000] d... 79535.930911: sched_switch: prev_comm=swapper/0 prev_pid=0 prev_prio=120 prev_state=R ==> next_comm=rcuos/0 next_pid=8 next_prio=120
         rcuos/0-8     [000] d... 79535.930914: sched_wakeup: comm=rcuos/1 pid=9 prio=120 success=1 target_cpu=001
         rcuos/0-8     [000] d... 79535.930916: sched_switch: prev_comm=rcuos/0 prev_pid=8 prev_prio=120 prev_state=S ==> next_comm=swapper/0 next_pid=0 next_prio=120
          <idle>-0     [000] d... 79535.939907: sched_switch: prev_comm=swapper/0 prev_pid=0 prev_prio=120 prev_state=R ==> next_comm=rcu_sched next_pid=7 next_prio=120
       rcu_sched-7     [000] d... 79535.939911: sched_switch: prev_comm=rcu_sched prev_pid=7 prev_prio=120 prev_state=S ==> next_comm=swapper/0 next_pid=0 next_prio=120
          <idle>-0     [000] dNs. 79535.942904: sched_wakeup: comm=kworker/0:0 pid=4455 prio=120 success=1 target_cpu=000
          <idle>-0     [000] dNs. 79535.942906: sched_wakeup: comm=rcu_sched pid=7 prio=120 success=1 target_cpu=001
          <idle>-0     [000] d... 79535.942912: sched_switch: prev_comm=swapper/0 prev_pid=0 prev_prio=120 prev_state=R ==> next_comm=kworker/0:0 next_pid=4455 next_prio=120
           <...>-4455  [000] d... 79535.942915: sched_switch: prev_comm=kworker/0:0 prev_pid=4455 prev_prio=120 prev_state=S ==> next_comm=swapper/0 next_pid=0 next_prio=120
          <idle>-0     [000] d... 79535.965664: sched_switch: prev_comm=swapper/0 prev_pid=0 prev_prio=120 prev_state=R ==> next_comm=usb-storage next_pid=350 next_prio=120
     usb-storage-350   [000] d... 79535.965675: sched_switch: prev_comm=usb-storage prev_pid=350 prev_prio=120 prev_state=S ==> next_comm=swapper/0 next_pid=0 next_prio=120
          <idle>-0     [000] d... 79535.966281: sched_switch: prev_comm=swapper/0 prev_pid=0 prev_prio=120 prev_state=R ==> next_comm=usb-storage next_pid=350 next_prio=120
     usb-storage-350   [000] d... 79535.966288: sched_switch: prev_comm=usb-storage prev_pid=350 prev_prio=120 prev_state=S ==> next_comm=swapper/0 next_pid=0 next_prio=120
          <idle>-0     [000] d... 79535.966905: sched_switch: prev_comm=swapper/0 prev_pid=0 prev_prio=120 prev_state=R ==> next_comm=usb-storage next_pid=350 next_prio=120
     usb-storage-350   [000] d... 79535.966911: sched_switch: prev_comm=usb-storage prev_pid=350 prev_prio=120 prev_state=S ==> next_comm=swapper/0 next_pid=0 next_prio=120
          <idle>-0     [000] dNs. 79535.966917: sched_wakeup: comm=kworker/0:0 pid=4455 prio=120 success=1 target_cpu=000
          <idle>-0     [000] d... 79535.966921: sched_switch: prev_comm=swapper/0 prev_pid=0 prev_prio=120 prev_state=R ==> next_comm=kworker/0:0 next_pid=4455 next_prio=120
           <...>-4455  [000] d... 79535.966924: sched_switch: prev_comm=kworker/0:0 prev_pid=4455 prev_prio=120 prev_state=S ==> next_comm=swapper/0 next_pid=0 next_prio=120
          <idle>-0     [000] dNh. 79536.142440: sched_wakeup: comm=3on6 pid=6229 prio=120 success=1 target_cpu=000
          <idle>-0     [000] d... 79536.142444: sched_switch: prev_comm=swapper/0 prev_pid=0 prev_prio=120 prev_state=R ==> next_comm=3on6 next_pid=6229 next_prio=120
            3on6-6229  [000] .... 79536.142446: sys_nanosleep -> 0x0
            3on6-6229  [000] d... 79536.142458: sched_wakeup: comm=kworker/0:0 pid=4455 prio=120 success=1 target_cpu=000
            3on6-6229  [000] .... 79536.142469: sys_nanosleep(rqtp: 7f5fa8582d40, rmtp: 7f5fa8582d40)
            3on6-6229  [000] d... 79536.142471: sched_switch: prev_comm=3on6 prev_pid=6229 prev_prio=120 prev_state=S ==> next_comm=kworker/0:0 next_pid=4455 next_prio=120
           <...>-4455  [000] d... 79536.142476: sched_wakeup: comm=tmux pid=2397 prio=120 success=1 target_cpu=001
           <...>-4455  [000] d... 79536.142481: sched_switch: prev_comm=kworker/0:0 prev_pid=4455 prev_prio=120 prev_state=S ==> next_comm=swapper/0 next_pid=0 next_prio=120
          <idle>-0     [000] dNh. 79536.643329: sched_wakeup: comm=watchdog/0 pid=26 prio=0 success=1 target_cpu=000
          <idle>-0     [000] d... 79536.643334: sched_switch: prev_comm=swapper/0 prev_pid=0 prev_prio=120 prev_state=R ==> next_comm=watchdog/0 next_pid=26 next_prio=0
      watchdog/0-26    [000] d... 79536.643338: sched_switch: prev_comm=watchdog/0 prev_pid=26 prev_prio=0 prev_state=S ==> next_comm=swapper/0 next_pid=0 next_prio=120
          <idle>-0     [000] d... 79536.651347: sched_switch: prev_comm=swapper/0 prev_pid=0 prev_prio=120 prev_state=R ==> next_comm=rcuos/2 next_pid=10 next_prio=120
         rcuos/2-10    [000] d... 79536.651350: sched_switch: prev_comm=rcuos/2 prev_pid=10 prev_prio=120 prev_state=S ==> next_comm=swapper/0 next_pid=0 next_prio=120
          <idle>-0     [000] d... 79536.897025: sched_switch: prev_comm=swapper/0 prev_pid=0 prev_prio=120 prev_state=R ==> next_comm=rcuos/0 next_pid=8 next_prio=120
         rcuos/0-8     [000] d... 79536.897029: sched_wakeup: comm=rcu_sched pid=7 prio=120 success=1 target_cpu=005
         rcuos/0-8     [000] d... 79536.897033: sched_switch: prev_comm=rcuos/0 prev_pid=8 prev_prio=120 prev_state=S ==> next_comm=swapper/0 next_pid=0 next_prio=120
          <idle>-0     [000] d... 79536.897490: sched_switch: prev_comm=swapper/0 prev_pid=0 prev_prio=120 prev_state=R ==> next_comm=tmux next_pid=6302 next_prio=120
           <...>-6302  [000] dNs. 79536.898484: sched_wakeup: comm=kworker/0:0 pid=4455 prio=120 success=1 target_cpu=000
           <...>-6302  [000] d... 79536.898498: sched_switch: prev_comm=sh prev_pid=6302 prev_prio=120 prev_state=R ==> next_comm=kworker/0:0 next_pid=4455 next_prio=120
           <...>-4455  [000] d... 79536.898507: sched_switch: prev_comm=kworker/0:0 prev_pid=4455 prev_prio=120 prev_state=S ==> next_comm=sh next_pid=6302 next_prio=120
           <...>-6302  [000] d... 79536.898713: sched_wakeup: comm=tmux pid=6304 prio=120 success=1 target_cpu=002
           <...>-6302  [000] d... 79536.899205: sched_wakeup_new: comm=sh pid=6305 prio=120 success=1 target_cpu=002
           <...>-6302  [000] d... 79536.899367: sched_wakeup_new: comm=sh pid=6306 prio=120 success=1 target_cpu=003
           <...>-6302  [000] d... 79536.899425: sched_switch: prev_comm=sh prev_pid=6302 prev_prio=120 prev_state=S ==> next_comm=swapper/0 next_pid=0 next_prio=120
          <idle>-0     [000] d... 79536.899492: sched_switch: prev_comm=swapper/0 prev_pid=0 prev_prio=120 prev_state=R ==> next_comm=rcu_sched next_pid=7 next_prio=120
       rcu_sched-7     [000] d... 79536.899502: sched_switch: prev_comm=rcu_sched prev_pid=7 prev_prio=120 prev_state=S ==> next_comm=swapper/0 next_pid=0 next_prio=120
          <idle>-0     [000] d... 79536.900387: sched_switch: prev_comm=swapper/0 prev_pid=0 prev_prio=120 prev_state=R ==> next_comm=sh next_pid=6302 next_prio=120
           <...>-6302  [000] d... 79536.900399: sched_switch: prev_comm=sh prev_pid=6302 prev_prio=120 prev_state=S ==> next_comm=swapper/0 next_pid=0 next_prio=120
          <idle>-0     [000] dNs. 79536.902485: sched_wakeup: comm=rcu_sched pid=7 prio=120 success=1 target_cpu=000
          <idle>-0     [000] d... 79536.902491: sched_switch: prev_comm=swapper/0 prev_pid=0 prev_prio=120 prev_state=R ==> next_comm=rcu_sched next_pid=7 next_prio=120
       rcu_sched-7     [000] d... 79536.902495: sched_wakeup: comm=rcuos/0 pid=8 prio=120 success=1 target_cpu=002
       rcu_sched-7     [000] d... 79536.902498: sched_switch: prev_comm=rcu_sched prev_pid=7 prev_prio=120 prev_state=S ==> next_comm=swapper/0 next_pid=0 next_prio=120
          <idle>-0     [000] d... 79536.903131: sched_switch: prev_comm=swapper/0 prev_pid=0 prev_prio=120 prev_state=R ==> next_comm=sh next_pid=6304 next_prio=120
           <...>-6304  [000] d... 79536.903156: sched_switch: prev_comm=sh prev_pid=6304 prev_prio=120 prev_state=S ==> next_comm=swapper/0 next_pid=0 next_prio=120
          <idle>-0     [000] d... 79536.903212: sched_switch: prev_comm=swapper/0 prev_pid=0 prev_prio=120 prev_state=R ==> next_comm=sh next_pid=6304 next_prio=120
           <...>-6304  [000] .... 79536.903468: sched_process_exit: comm=sh pid=6304 prio=120
           <...>-6304  [000] dNs. 79536.903486: sched_wakeup: comm=kworker/0:0 pid=4455 prio=120 success=1 target_cpu=000
           <...>-6304  [000] dN.. 79536.903493: sched_wakeup: comm=tmux pid=2397 prio=120 success=1 target_cpu=001
           <...>-6304  [000] d... 79536.903497: sched_switch: prev_comm=sh prev_pid=6304 prev_prio=120 prev_state=R ==> next_comm=kworker/0:0 next_pid=4455 next_prio=120
           <...>-4455  [000] d... 79536.903507: sched_switch: prev_comm=kworker/0:0 prev_pid=4455 prev_prio=120 prev_state=S ==> next_comm=sh next_pid=6304 next_prio=120
           <...>-6304  [000] d... 79536.903522: sched_switch: prev_comm=sh prev_pid=6304 prev_prio=120 prev_state=x ==> next_comm=swapper/0 next_pid=0 next_prio=120
          <idle>-0     [000] dNs. 79536.905485: sched_wakeup: comm=rcu_sched pid=7 prio=120 success=1 target_cpu=000
          <idle>-0     [000] d... 79536.905489: sched_switch: prev_comm=swapper/0 prev_pid=0 prev_prio=120 prev_state=R ==> next_comm=rcu_sched next_pid=7 next_prio=120
       rcu_sched-7     [000] d... 79536.905493: sched_wakeup: comm=rcuos/2 pid=10 prio=120 success=1 target_cpu=003
       rcu_sched-7     [000] d... 79536.905495: sched_wakeup: comm=rcuos/4 pid=12 prio=120 success=1 target_cpu=001
       rcu_sched-7     [000] d... 79536.905497: sched_wakeup: comm=rcuos/6 pid=14 prio=120 success=1 target_cpu=002
       rcu_sched-7     [000] d... 79536.905500: sched_switch: prev_comm=rcu_sched prev_pid=7 prev_prio=120 prev_state=S ==> next_comm=swapper/0 next_pid=0 next_prio=120
          <idle>-0     [000] dNs. 79536.908485: sched_wakeup: comm=rcu_sched pid=7 prio=120 success=1 target_cpu=000
          <idle>-0     [000] d... 79536.908488: sched_switch: prev_comm=swapper/0 prev_pid=0 prev_prio=120 prev_state=R ==> next_comm=rcu_sched next_pid=7 next_prio=120
       rcu_sched-7     [000] d... 79536.908492: sched_wakeup: comm=rcuos/0 pid=8 prio=120 success=1 target_cpu=002
       rcu_sched-7     [000] d... 79536.908494: sched_switch: prev_comm=rcu_sched prev_pid=7 prev_prio=120 prev_state=S ==> next_comm=swapper/0 next_pid=0 next_prio=120
          <idle>-0     [000] dNs. 79536.911486: sched_wakeup: comm=rcu_sched pid=7 prio=120 success=1 target_cpu=000
          <idle>-0     [000] d... 79536.911492: sched_switch: prev_comm=swapper/0 prev_pid=0 prev_prio=120 prev_state=R ==> next_comm=rcu_sched next_pid=7 next_prio=120
       rcu_sched-7     [000] d... 79536.911495: sched_wakeup: comm=rcuos/6 pid=14 prio=120 success=1 target_cpu=002
       rcu_sched-7     [000] d... 79536.911496: sched_wakeup: comm=rcuos/4 pid=12 prio=120 success=1 target_cpu=001
       rcu_sched-7     [000] d... 79536.911498: sched_wakeup: comm=rcuos/2 pid=10 prio=120 success=1 target_cpu=003
       rcu_sched-7     [000] d... 79536.911500: sched_switch: prev_comm=rcu_sched prev_pid=7 prev_prio=120 prev_state=S ==> next_comm=swapper/0 next_pid=0 next_prio=120
          <idle>-0     [000] d... 79536.911511: sched_switch: prev_comm=swapper/0 prev_pid=0 prev_prio=120 prev_state=R ==> next_comm=rcuos/3 next_pid=11 next_prio=120
         rcuos/3-11    [000] d... 79536.911521: sched_switch: prev_comm=rcuos/3 prev_pid=11 prev_prio=120 prev_state=S ==> next_comm=swapper/0 next_pid=0 next_prio=120
          <idle>-0     [000] dNs. 79536.914489: sched_wakeup: comm=kworker/0:0 pid=4455 prio=120 success=1 target_cpu=000
          <idle>-0     [000] dNs. 79536.914491: sched_wakeup: comm=rcu_sched pid=7 prio=120 success=1 target_cpu=001
          <idle>-0     [000] d... 79536.914495: sched_switch: prev_comm=swapper/0 prev_pid=0 prev_prio=120 prev_state=R ==> next_comm=kworker/0:0 next_pid=4455 next_prio=120
           <...>-4455  [000] d... 79536.914500: sched_switch: prev_comm=kworker/0:0 prev_pid=4455 prev_prio=120 prev_state=S ==> next_comm=swapper/0 next_pid=0 next_prio=120
          <idle>-0     [000] d... 79536.923521: sched_switch: prev_comm=swapper/0 prev_pid=0 prev_prio=120 prev_state=R ==> next_comm=rcuos/3 next_pid=11 next_prio=120
         rcuos/3-11    [000] d... 79536.923524: sched_switch: prev_comm=rcuos/3 prev_pid=11 prev_prio=120 prev_state=S ==> next_comm=swapper/0 next_pid=0 next_prio=120
          <idle>-0     [000] d... 79536.929506: sched_switch: prev_comm=swapper/0 prev_pid=0 prev_prio=120 prev_state=R ==> next_comm=rcu_sched next_pid=7 next_prio=120
       rcu_sched-7     [000] d... 79536.929510: sched_wakeup: comm=rcuos/0 pid=8 prio=120 success=1 target_cpu=003
       rcu_sched-7     [000] d... 79536.929512: sched_switch: prev_comm=rcu_sched prev_pid=7 prev_prio=120 prev_state=S ==> next_comm=swapper/0 next_pid=0 next_prio=120
          <idle>-0     [000] dNs. 79536.932500: sched_wakeup: comm=kworker/0:0 pid=4455 prio=120 success=1 target_cpu=000
          <idle>-0     [000] dNs. 79536.932502: sched_wakeup: comm=rcu_sched pid=7 prio=120 success=1 target_cpu=001
          <idle>-0     [000] d... 79536.932507: sched_switch: prev_comm=swapper/0 prev_pid=0 prev_prio=120 prev_state=R ==> next_comm=kworker/0:0 next_pid=4455 next_prio=120
           <...>-4455  [000] d... 79536.932511: sched_switch: prev_comm=kworker/0:0 prev_pid=4455 prev_prio=120 prev_state=S ==> next_comm=swapper/0 next_pid=0 next_prio=120
          <idle>-0     [000] d... 79536.935524: sched_switch: prev_comm=swapper/0 prev_pid=0 prev_prio=120 prev_state=R ==> next_comm=rcuos/3 next_pid=11 next_prio=120
         rcuos/3-11    [000] d... 79536.935528: sched_switch: prev_comm=rcuos/3 prev_pid=11 prev_prio=120 prev_state=S ==> next_comm=swapper/0 next_pid=0 next_prio=120
          <idle>-0     [000] dNh. 79537.143005: sched_wakeup: comm=3on6 pid=6211 prio=120 success=1 target_cpu=000
          <idle>-0     [000] d... 79537.143009: sched_switch: prev_comm=swapper/0 prev_pid=0 prev_prio=120 prev_state=R ==> next_comm=3on6 next_pid=6211 next_prio=120
            3on6-6211  [000] .... 79537.143012: sys_nanosleep -> 0x0
            3on6-6211  [000] d... 79537.143021: sched_wakeup: comm=kworker/0:0 pid=4455 prio=120 success=1 target_cpu=000
            3on6-6211  [000] .... 79537.143032: sys_nanosleep(rqtp: 7f5fa9584d40, rmtp: 7f5fa9584d40)
            3on6-6211  [000] d... 79537.143035: sched_switch: prev_comm=3on6 prev_pid=6211 prev_prio=120 prev_state=S ==> next_comm=kworker/0:0 next_pid=4455 next_prio=120
           <...>-4455  [000] d... 79537.143039: sched_wakeup: comm=tmux pid=2397 prio=120 success=1 target_cpu=001
           <...>-4455  [000] d... 79537.143044: sched_switch: prev_comm=kworker/0:0 prev_pid=4455 prev_prio=120 prev_state=S ==> next_comm=swapper/0 next_pid=0 next_prio=120
          <idle>-0     [000] dNh. 79537.143111: sched_wakeup: comm=3on6 pid=6220 prio=120 success=1 target_cpu=000
          <idle>-0     [000] d... 79537.143115: sched_switch: prev_comm=swapper/0 prev_pid=0 prev_prio=120 prev_state=R ==> next_comm=3on6 next_pid=6220 next_prio=120
            3on6-6220  [000] .... 79537.143117: sys_nanosleep -> 0x0
            3on6-6220  [000] d... 79537.143122: sched_wakeup: comm=kworker/0:0 pid=4455 prio=120 success=1 target_cpu=000
            3on6-6220  [000] .... 79537.143131: sys_nanosleep(rqtp: 7f5fa8d83d40, rmtp: 7f5fa8d83d40)
            3on6-6220  [000] d... 79537.143133: sched_switch: prev_comm=3on6 prev_pid=6220 prev_prio=120 prev_state=S ==> next_comm=kworker/0:0 next_pid=4455 next_prio=120
           <...>-4455  [000] d... 79537.143138: sched_switch: prev_comm=kworker/0:0 prev_pid=4455 prev_prio=120 prev_state=S ==> next_comm=swapper/0 next_pid=0 next_prio=120
          <idle>-0     [000] dNs. 79537.277711: sched_wakeup: comm=kworker/0:0 pid=4455 prio=120 success=1 target_cpu=000
          <idle>-0     [000] dNs. 79537.277716: sched_wakeup: comm=kworker/u16:0 pid=3801 prio=120 success=1 target_cpu=005
          <idle>-0     [000] d... 79537.277722: sched_switch: prev_comm=swapper/0 prev_pid=0 prev_prio=120 prev_state=R ==> next_comm=kworker/0:0 next_pid=4455 next_prio=120
           <...>-4455  [000] d... 79537.277726: sched_switch: prev_comm=kworker/0:0 prev_pid=4455 prev_prio=120 prev_state=S ==> next_comm=swapper/0 next_pid=0 next_prio=120
          <idle>-0     [000] d... 79537.348483: sched_switch: prev_comm=swapper/0 prev_pid=0 prev_prio=120 prev_state=R ==> next_comm=pool next_pid=1839 next_prio=120
            pool-1839  [000] .... 79537.348486: sys_futex -> 0x0
            pool-1839  [000] d... 79537.348523: sched_wakeup: comm=rcuos/0 pid=8 prio=120 success=1 target_cpu=003
            pool-1839  [000] .... 79537.348568: sys_futex(uaddr: 17c1850, op: 0, val: 3df3, utime: 0, uaddr2: 7fb05801e7d0, val3: 17c1858)
            pool-1839  [000] d... 79537.348572: sched_switch: prev_comm=pool prev_pid=1839 prev_prio=120 prev_state=S ==> next_comm=swapper/0 next_pid=0 next_prio=120
          <idle>-0     [000] d... 79537.359770: sched_switch: prev_comm=swapper/0 prev_pid=0 prev_prio=120 prev_state=R ==> next_comm=rcu_sched next_pid=7 next_prio=120
       rcu_sched-7     [000] d... 79537.359775: sched_wakeup: comm=rcuos/0 pid=8 prio=120 success=1 target_cpu=001
       rcu_sched-7     [000] d... 79537.359777: sched_switch: prev_comm=rcu_sched prev_pid=7 prev_prio=120 prev_state=S ==> next_comm=swapper/0 next_pid=0 next_prio=120
          <idle>-0     [000] d... 79537.873925: sched_switch: prev_comm=swapper/0 prev_pid=0 prev_prio=120 prev_state=R ==> next_comm=WorkerPool/116 next_pid=21341 next_prio=120
           <...>-21341 [000] .... 79537.873929: sys_futex -> 0x0
           <...>-21341 [000] .... 79537.873933: sys_futex(uaddr: 1207aecf8718, op: 81, val: 1, utime: 7f04b77ca990, uaddr2: 0, val3: 3c4)
           <...>-21341 [000] .... 79537.873934: sys_futex -> 0x0
           <...>-21341 [000] d.s. 79537.874071: sched_wakeup: comm=kworker/0:0 pid=4455 prio=120 success=1 target_cpu=000
           <...>-21341 [000] .... 79537.874621: sys_futex(uaddr: 1207aecf8744, op: 89, val: 78a, utime: 7f04b77ca990, uaddr2: 1207aecf8718, val3: ffffffff)
