8300
# tracer: nop
#
# entries-in-buffer/entries-written: 13548/13548   #P:8
#
#                              _-----=> irqs-off
#                             / _----=> need-resched
#                            | / _---=> hardirq/softirq
#                            || / _--=> preempt-depth
#                            ||| /     delay
#           TASK-PID   CPU#  ||||    TIMESTAMP  FUNCTION
#              | |       |   ||||       |         |
           <...>-8300  [000] d... 577869.727439: sched_wakeup: comm=rcuos/0 pid=8 prio=120 success=1 target_cpu=004
           <...>-8300  [000] .... 577869.728082: sys_nanosleep(rqtp: 7fffc2877070, rmtp: 7fffc2877070)
         rcuos/0-8     [000] d... 577869.733418: sched_wakeup: comm=rcu_sched pid=7 prio=120 success=1 target_cpu=005
          <idle>-0     [000] dNs. 577869.739405: sched_wakeup: comm=kworker/0:1 pid=1492 prio=120 success=1 target_cpu=000
          <idle>-0     [000] dNs. 577869.739407: sched_wakeup: comm=rcu_sched pid=7 prio=120 success=1 target_cpu=001
          <idle>-0     [000] dNs. 577869.864478: sched_wakeup: comm=kworker/0:1 pid=1492 prio=120 success=1 target_cpu=000
          <idle>-0     [000] dNs. 577869.864483: sched_wakeup: comm=kworker/u16:0 pid=8656 prio=120 success=1 target_cpu=001
           <...>-8309  [000] d... 577869.907182: sched_wakeup: comm=uname pid=8308 prio=120 success=1 target_cpu=004
           <...>-8309  [000] dNs. 577869.907507: sched_wakeup: comm=kworker/0:1 pid=1492 prio=120 success=1 target_cpu=000
           <...>-8309  [000] .... 577869.907960: sched_process_exit: comm=cut pid=8309 prio=120
           <...>-8309  [000] d... 577869.907977: sched_wakeup: comm=sh pid=8305 prio=120 success=1 target_cpu=001
           <...>-8311  [000] d.s2 577869.909506: sched_wakeup: comm=rcu_sched pid=7 prio=120 success=1 target_cpu=001
           <...>-8313  [000] d... 577869.911778: sched_wakeup_new: comm=sh pid=8316 prio=120 success=1 target_cpu=007
           <...>-8313  [000] d... 577869.911940: sched_wakeup_new: comm=sh pid=8317 prio=120 success=1 target_cpu=001
           <...>-8318  [000] dN.. 577869.913937: sched_wakeup: comm=migration/0 pid=25 prio=0 success=1 target_cpu=000
           <...>-8318  [000] d... 577869.915837: sched_wakeup: comm=cut pid=8319 prio=120 success=1 target_cpu=002
           <...>-8318  [000] .... 577869.916148: sched_process_exit: comm=uptime pid=8318 prio=120
           <...>-8318  [000] d... 577869.916177: sched_wakeup: comm=sh pid=8315 prio=120 success=1 target_cpu=005
       rcu_sched-7     [000] d... 577869.920525: sched_wakeup: comm=rcuos/2 pid=10 prio=120 success=1 target_cpu=002
          <idle>-0     [000] dNs. 577869.923516: sched_wakeup: comm=kworker/0:1 pid=1492 prio=120 success=1 target_cpu=000
          <idle>-0     [000] dNs. 577869.923518: sched_wakeup: comm=rcu_sched pid=7 prio=120 success=1 target_cpu=001
       rcu_sched-7     [000] d... 577869.938532: sched_wakeup: comm=rcuos/4 pid=12 prio=120 success=1 target_cpu=001
       rcu_sched-7     [000] d... 577869.938534: sched_wakeup: comm=rcuos/0 pid=8 prio=120 success=1 target_cpu=003
       rcu_sched-7     [000] d... 577869.938535: sched_wakeup: comm=rcuos/6 pid=14 prio=120 success=1 target_cpu=004
          <idle>-0     [000] dNs. 577869.941524: sched_wakeup: comm=kworker/0:1 pid=1492 prio=120 success=1 target_cpu=000
          <idle>-0     [000] dNs. 577869.941526: sched_wakeup: comm=rcu_sched pid=7 prio=120 success=1 target_cpu=001
       rcu_sched-7     [000] d... 577869.956542: sched_wakeup: comm=rcuos/2 pid=10 prio=120 success=1 target_cpu=003
          <idle>-0     [000] dNs. 577870.108624: sched_wakeup: comm=kworker/0:1 pid=1492 prio=120 success=1 target_cpu=000
          <idle>-0     [000] dNs. 577870.108627: sched_wakeup: comm=rcu_sched pid=7 prio=120 success=1 target_cpu=001
       rcu_sched-7     [000] d... 577870.611939: sched_wakeup: comm=rcuos/2 pid=10 prio=120 success=1 target_cpu=001
          <idle>-0     [000] dNs. 577870.614929: sched_wakeup: comm=kworker/0:1 pid=1492 prio=120 success=1 target_cpu=000
          <idle>-0     [000] dNs. 577870.614934: sched_wakeup: comm=rcu_sched pid=7 prio=120 success=1 target_cpu=001
          <idle>-0     [000] dNh. 577870.728744: sched_wakeup: comm=tmut pid=8300 prio=120 success=1 target_cpu=000
           <...>-8300  [000] .... 577870.728751: sys_nanosleep -> 0x0
           <...>-8300  [000] d... 577870.728836: sched_wakeup_new: comm=tmut pid=8321 prio=120 success=1 target_cpu=000
           <...>-8300  [000] .... 577870.728839: sys_nanosleep(rqtp: 7fffc2877070, rmtp: 7fffc2877070)
           <...>-8321  [000] d... 577870.728881: sched_wakeup: comm=kworker/0:1 pid=1492 prio=120 success=1 target_cpu=000
           <...>-8321  [000] .... 577870.728886: sys_nanosleep(rqtp: 7f7902744d50, rmtp: 7f7902744d50)
     kworker/0:1-1492  [000] d... 577870.728894: sched_wakeup: comm=tmux pid=2397 prio=120 success=1 target_cpu=003
       rcu_sched-7     [000] d... 577870.873096: sched_wakeup: comm=rcuos/2 pid=10 prio=120 success=1 target_cpu=001
          <idle>-0     [000] dNs. 577870.908109: sched_wakeup: comm=kworker/0:1 pid=1492 prio=120 success=1 target_cpu=000
          <idle>-0     [000] dNs. 577870.908113: sched_wakeup: comm=rcu_sched pid=7 prio=120 success=1 target_cpu=005
           <...>-8328  [000] dN.. 577870.910454: sched_wakeup: comm=migration/0 pid=25 prio=0 success=1 target_cpu=000
         rcuos/2-10    [000] d... 577870.911123: sched_wakeup: comm=rcuos/3 pid=11 prio=120 success=1 target_cpu=005
          <idle>-0     [000] dNs. 577870.921115: sched_wakeup: comm=kworker/0:1 pid=1492 prio=120 success=1 target_cpu=000
          <idle>-0     [000] dNs. 577870.921117: sched_wakeup: comm=rcu_sched pid=7 prio=120 success=1 target_cpu=001
         rcuos/4-12    [000] d... 577870.927143: sched_wakeup: comm=rcuos/5 pid=13 prio=120 success=1 target_cpu=003
         rcuos/4-12    [000] d.s. 577870.927159: sched_wakeup: comm=rcuos/0 pid=8 prio=120 success=1 target_cpu=001
          <idle>-0     [000] dNs. 577870.939124: sched_wakeup: comm=kworker/0:1 pid=1492 prio=120 success=1 target_cpu=000
          <idle>-0     [000] dNs. 577870.939126: sched_wakeup: comm=rcu_sched pid=7 prio=120 success=1 target_cpu=001
          <idle>-0     [000] dNs. 577871.051191: sched_wakeup: comm=kworker/0:1 pid=1492 prio=120 success=1 target_cpu=000
          <idle>-0     [000] dNs. 577871.051194: sched_wakeup: comm=rcu_sched pid=7 prio=120 success=1 target_cpu=001
          <idle>-0     [000] dNs. 577871.113228: sched_wakeup: comm=kworker/0:1 pid=1492 prio=120 success=1 target_cpu=000
          <idle>-0     [000] dNs. 577871.113230: sched_wakeup: comm=rcu_sched pid=7 prio=120 success=1 target_cpu=001
          <idle>-0     [000] dNs. 577871.613530: sched_wakeup: comm=kworker/0:1 pid=1492 prio=120 success=1 target_cpu=000
          <idle>-0     [000] dNs. 577871.613535: sched_wakeup: comm=rcu_sched pid=7 prio=120 success=1 target_cpu=001
          <idle>-0     [000] dNh. 577871.729500: sched_wakeup: comm=tmut pid=8300 prio=120 success=1 target_cpu=000
           <...>-8300  [000] .... 577871.729507: sys_nanosleep -> 0x0
           <...>-8300  [000] d... 577871.729543: sched_wakeup_new: comm=tmut pid=8330 prio=120 success=1 target_cpu=000
           <...>-8300  [000] .... 577871.729546: sys_nanosleep(rqtp: 7fffc2877070, rmtp: 7fffc2877070)
           <...>-8330  [000] .... 577871.729552: sys_futex(uaddr: 6010c0, op: 80, val: 2, utime: 0, uaddr2: 6010c0, val3: 0)
          <idle>-0     [000] dNs. 577871.841673: sched_wakeup: comm=kworker/0:1 pid=1492 prio=120 success=1 target_cpu=000
          <idle>-0     [000] dNs. 577872.114832: sched_wakeup: comm=kworker/0:1 pid=1492 prio=120 success=1 target_cpu=000
          <idle>-0     [000] dNs. 577872.114835: sched_wakeup: comm=rcu_sched pid=7 prio=120 success=1 target_cpu=001
          <idle>-0     [000] dNh. 577872.472666: sched_wakeup: comm=goa-daemon pid=1835 prio=120 success=1 target_cpu=000
      goa-daemon-1835  [000] .... 577872.472691: sys_futex(uaddr: 17c1850, op: 1, val: 1, utime: 0, uaddr2: 31ee20533672ee, val3: 17c1d10)
      goa-daemon-1835  [000] d... 577872.472698: sched_wakeup: comm=pool pid=1839 prio=120 success=1 target_cpu=002
      goa-daemon-1835  [000] .... 577872.472698: sys_futex -> 0x1
         rcuos/2-10    [000] d... 577872.478075: sched_wakeup: comm=rcu_sched pid=7 prio=120 success=1 target_cpu=005
          <idle>-0     [000] dNs. 577872.484055: sched_wakeup: comm=kworker/0:1 pid=1492 prio=120 success=1 target_cpu=000
          <idle>-0     [000] dNs. 577872.484060: sched_wakeup: comm=rcu_sched pid=7 prio=120 success=1 target_cpu=001
         rcuos/2-10    [000] d... 577872.621156: sched_wakeup: comm=rcuos/3 pid=11 prio=120 success=1 target_cpu=005
          <idle>-0     [000] dNh. 577872.730207: sched_wakeup: comm=tmut pid=8300 prio=120 success=1 target_cpu=000
           <...>-8300  [000] .... 577872.730212: sys_nanosleep -> 0x0
           <...>-8300  [000] d... 577872.730251: sched_wakeup_new: comm=tmut pid=8334 prio=120 success=1 target_cpu=000
           <...>-8300  [000] .... 577872.730255: sys_nanosleep(rqtp: 7fffc2877070, rmtp: 7fffc2877070)
           <...>-8334  [000] .... 577872.730261: sys_futex(uaddr: 6010c0, op: 80, val: 2, utime: 0, uaddr2: 6010c0, val3: 0)
          <idle>-0     [000] dNh. 577872.768229: sched_wakeup: comm=watchdog/0 pid=26 prio=0 success=1 target_cpu=000
         rcuos/2-10    [000] d... 577872.908006: sched_wakeup: comm=rcu_sched pid=7 prio=120 success=1 target_cpu=005
           <...>-8335  [000] .... 577872.912101: sched_process_exit: comm=sh pid=8335 prio=120
          <idle>-0     [000] dNs. 577872.913317: sched_wakeup: comm=kworker/0:1 pid=1492 prio=120 success=1 target_cpu=000
          <idle>-0     [000] dNs. 577872.913323: sched_wakeup: comm=rcu_sched pid=7 prio=120 success=1 target_cpu=001
          <idle>-0     [000] dNs. 577872.913326: sched_wakeup: comm=ksoftirqd/0 pid=3 prio=120 success=1 target_cpu=000
           <...>-8342  [000] d... 577872.914776: sched_wakeup: comm=cut pid=8343 prio=120 success=1 target_cpu=002
           <...>-8342  [000] .... 577872.914969: sched_process_exit: comm=cut pid=8342 prio=120
           <...>-8342  [000] d... 577872.914988: sched_wakeup: comm=sh pid=8337 prio=120 success=1 target_cpu=001
           <...>-8345  [000] .... 577872.917254: sched_process_exit: comm=sh pid=8345 prio=120
           <...>-8350  [000] dN.. 577872.918233: sched_wakeup: comm=migration/0 pid=25 prio=0 success=1 target_cpu=000
         rcuos/4-12    [000] d... 577872.937349: sched_wakeup: comm=rcuos/5 pid=13 prio=120 success=1 target_cpu=005
          <idle>-0     [000] dNs. 577872.943334: sched_wakeup: comm=kworker/0:1 pid=1492 prio=120 success=1 target_cpu=000
          <idle>-0     [000] dNs. 577872.943337: sched_wakeup: comm=rcu_sched pid=7 prio=120 success=1 target_cpu=001
         rcuos/4-12    [000] d... 577872.949353: sched_wakeup: comm=rcuos/5 pid=13 prio=120 success=1 target_cpu=005
         rcuos/2-10    [000] d... 577872.955355: sched_wakeup: comm=rcuos/3 pid=11 prio=120 success=1 target_cpu=001
          <idle>-0     [000] dNs. 577872.961343: sched_wakeup: comm=kworker/0:1 pid=1492 prio=120 success=1 target_cpu=000
          <idle>-0     [000] dNs. 577872.961345: sched_wakeup: comm=rcu_sched pid=7 prio=120 success=1 target_cpu=001
         rcuos/2-10    [000] d... 577873.111144: sched_wakeup: comm=rcu_sched pid=7 prio=120 success=1 target_cpu=001
         rcuos/2-10    [000] d... 577873.116457: sched_wakeup: comm=rcuos/3 pid=11 prio=120 success=1 target_cpu=001
         rcuos/2-10    [000] d... 577873.116459: sched_wakeup: comm=rcu_sched pid=7 prio=120 success=1 target_cpu=003
         rcuos/2-10    [000] d... 577873.122456: sched_wakeup: comm=rcuos/3 pid=11 prio=120 success=1 target_cpu=001
          <idle>-0     [000] dNh. 577873.166245: sched_wakeup: comm=gmain pid=20788 prio=120 success=1 target_cpu=000
         rcuos/2-10    [000] d... 577873.166964: sched_wakeup: comm=rcu_sched pid=7 prio=120 success=1 target_cpu=005
          <idle>-0     [000] dNs. 577873.172470: sched_wakeup: comm=kworker/0:1 pid=1492 prio=120 success=1 target_cpu=000
          <idle>-0     [000] dNs. 577873.172473: sched_wakeup: comm=rcu_sched pid=7 prio=120 success=1 target_cpu=001
          <idle>-0     [000] dNs. 577873.617738: sched_wakeup: comm=kworker/0:1 pid=1492 prio=120 success=1 target_cpu=000
          <idle>-0     [000] dNs. 577873.617743: sched_wakeup: comm=rcu_sched pid=7 prio=120 success=1 target_cpu=001
          <idle>-0     [000] dNh. 577873.730753: sched_wakeup: comm=tmut pid=8321 prio=120 success=1 target_cpu=000
           <...>-8321  [000] .... 577873.730759: sys_nanosleep -> 0x0
           <...>-8321  [000] d... 577873.730772: sched_wakeup: comm=kworker/0:1 pid=1492 prio=120 success=1 target_cpu=000
           <...>-8321  [000] .... 577873.730779: sys_futex(uaddr: 6010c0, op: 81, val: 1, utime: 12e, uaddr2: 0, val3: 7f7902745700)
           <...>-8321  [000] d... 577873.730782: sched_wakeup: comm=tmut pid=8330 prio=120 success=1 target_cpu=000
           <...>-8321  [000] .... 577873.730783: sys_futex -> 0x1
           <...>-8321  [000] .... 577873.730818: sched_process_exit: comm=tmut pid=8321 prio=120
     kworker/0:1-1492  [000] d... 577873.730838: sched_wakeup: comm=tmux pid=2397 prio=120 success=1 target_cpu=003
           <...>-8330  [000] .... 577873.730844: sys_futex -> 0x0
           <...>-8330  [000] d... 577873.730850: sched_wakeup: comm=kworker/0:1 pid=1492 prio=120 success=1 target_cpu=000
           <...>-8330  [000] .... 577873.730855: sys_nanosleep(rqtp: 7f7901f43d50, rmtp: 7f7901f43d50)
          <idle>-0     [000] dN.. 577873.730868: sched_wakeup: comm=rcuos/0 pid=8 prio=120 success=1 target_cpu=000
         rcuos/0-8     [000] d... 577873.730874: sched_wakeup: comm=rcu_sched pid=7 prio=120 success=1 target_cpu=005
          <idle>-0     [000] dNh. 577873.730912: sched_wakeup: comm=tmut pid=8300 prio=120 success=1 target_cpu=000
           <...>-8300  [000] .... 577873.730917: sys_nanosleep -> 0x0
           <...>-8300  [000] .... 577873.730920: sys_nanosleep(rqtp: 7fffc2877070, rmtp: 7fffc2877070)
          <idle>-0     [000] dNs. 577873.736810: sched_wakeup: comm=rcu_sched pid=7 prio=120 success=1 target_cpu=000
       rcu_sched-7     [000] d... 577873.736819: sched_wakeup: comm=rcuos/0 pid=8 prio=120 success=1 target_cpu=001
          <idle>-0     [000] dNs. 577873.753820: sched_wakeup: comm=kworker/0:1 pid=1492 prio=120 success=1 target_cpu=000
          <idle>-0     [000] dNs. 577873.753822: sched_wakeup: comm=rcu_sched pid=7 prio=120 success=1 target_cpu=001
         rcuos/2-10    [000] d... 577873.762845: sched_wakeup: comm=rcuos/3 pid=11 prio=120 success=1 target_cpu=001
         rcuos/2-10    [000] d... 577873.908778: sched_wakeup: comm=rcu_sched pid=7 prio=120 success=1 target_cpu=005
           <...>-8352  [000] dNs. 577873.913919: sched_wakeup: comm=kworker/0:1 pid=1492 prio=120 success=1 target_cpu=000
           <...>-8352  [000] dNs. 577873.913925: sched_wakeup: comm=rcu_sched pid=7 prio=120 success=1 target_cpu=001
           <...>-8352  [000] .... 577873.914145: sched_process_exit: comm=sh pid=8352 prio=120
           <...>-8354  [000] .... 577873.915956: sched_process_exit: comm=sh pid=8354 prio=120
         rcuos/6-14    [000] d... 577873.928947: sched_wakeup: comm=rcuos/7 pid=15 prio=120 success=1 target_cpu=003
          <idle>-0     [000] dNs. 577873.934931: sched_wakeup: comm=kworker/0:1 pid=1492 prio=120 success=1 target_cpu=000
          <idle>-0     [000] dNs. 577873.934933: sched_wakeup: comm=rcu_sched pid=7 prio=120 success=1 target_cpu=001
         rcuos/2-10    [000] d... 577873.946953: sched_wakeup: comm=rcuos/3 pid=11 prio=120 success=1 target_cpu=001
          <idle>-0     [000] dNs. 577873.952940: sched_wakeup: comm=kworker/0:1 pid=1492 prio=120 success=1 target_cpu=000
          <idle>-0     [000] dNs. 577873.952942: sched_wakeup: comm=rcu_sched pid=7 prio=120 success=1 target_cpu=001
         rcuos/2-10    [000] d... 577874.112708: sched_wakeup: comm=rcu_sched pid=7 prio=120 success=1 target_cpu=001
         rcuos/2-10    [000] d... 577874.118061: sched_wakeup: comm=rcuos/3 pid=11 prio=120 success=1 target_cpu=001
         rcuos/2-10    [000] d... 577874.118063: sched_wakeup: comm=rcu_sched pid=7 prio=120 success=1 target_cpu=003
         rcuos/2-10    [000] d... 577874.124059: sched_wakeup: comm=rcuos/3 pid=11 prio=120 success=1 target_cpu=001
          <idle>-0     [000] dNh. 577874.516445: sched_wakeup: comm=gnome-settings- pid=1729 prio=120 success=1 target_cpu=000
           <...>-1729  [000] d... 577874.516507: sched_wakeup: comm=Xorg.bin pid=1093 prio=120 success=1 target_cpu=001
         rcuos/2-10    [000] d... 577874.613717: sched_wakeup: comm=rcu_sched pid=7 prio=120 success=1 target_cpu=005
          <idle>-0     [000] dNs. 577874.619344: sched_wakeup: comm=kworker/0:1 pid=1492 prio=120 success=1 target_cpu=000
          <idle>-0     [000] dNs. 577874.619350: sched_wakeup: comm=rcu_sched pid=7 prio=120 success=1 target_cpu=001
          <idle>-0     [000] dN.. 577874.877492: sched_wakeup: comm=ksoftirqd/0 pid=3 prio=120 success=1 target_cpu=000
          <idle>-0     [000] dN.. 577874.910932: sched_wakeup: comm=rcuos/6 pid=14 prio=120 success=1 target_cpu=000
           <...>-8366  [000] dNs. 577874.916525: sched_wakeup: comm=kworker/0:1 pid=1492 prio=120 success=1 target_cpu=000
           <...>-8366  [000] dNs. 577874.916531: sched_wakeup: comm=rcu_sched pid=7 prio=120 success=1 target_cpu=001
           <...>-8366  [000] d... 577874.916948: sched_wakeup: comm=tmux pid=2397 prio=120 success=1 target_cpu=003
           <...>-8366  [000] d... 577874.917895: sched_wakeup_new: comm=sh pid=8371 prio=120 success=1 target_cpu=001
           <...>-8366  [000] d... 577874.918045: sched_wakeup_new: comm=sh pid=8372 prio=120 success=1 target_cpu=002
           <...>-8372  [000] d... 577874.918503: sched_wakeup: comm=uname pid=8371 prio=120 success=1 target_cpu=004
           <...>-8372  [000] .... 577874.919208: sched_process_exit: comm=cut pid=8372 prio=120
           <...>-8372  [000] d... 577874.919224: sched_wakeup: comm=sh pid=8366 prio=120 success=1 target_cpu=001
           <...>-8374  [000] dN.. 577874.920353: sched_wakeup: comm=migration/0 pid=25 prio=0 success=1 target_cpu=000
         rcuos/0-8     [000] d... 577874.922542: sched_wakeup: comm=rcuos/1 pid=9 prio=120 success=1 target_cpu=002
         rcuos/0-8     [000] d... 577874.932552: sched_wakeup: comm=rcuos/1 pid=9 prio=120 success=1 target_cpu=003
       rcu_sched-7     [000] d... 577874.938547: sched_wakeup: comm=rcuos/2 pid=10 prio=120 success=1 target_cpu=004
          <idle>-0     [000] dNs. 577874.941538: sched_wakeup: comm=kworker/0:1 pid=1492 prio=120 success=1 target_cpu=000
          <idle>-0     [000] dNs. 577874.941540: sched_wakeup: comm=rcu_sched pid=7 prio=120 success=1 target_cpu=001
       rcu_sched-7     [000] d... 577874.956554: sched_wakeup: comm=rcuos/4 pid=12 prio=120 success=1 target_cpu=001
       rcu_sched-7     [000] d... 577874.956556: sched_wakeup: comm=rcuos/0 pid=8 prio=120 success=1 target_cpu=002
          <idle>-0     [000] dNs. 577874.959547: sched_wakeup: comm=kworker/0:1 pid=1492 prio=120 success=1 target_cpu=000
          <idle>-0     [000] dNs. 577874.959549: sched_wakeup: comm=rcu_sched pid=7 prio=120 success=1 target_cpu=001
       rcu_sched-7     [000] d... 577875.125657: sched_wakeup: comm=rcuos/2 pid=10 prio=120 success=1 target_cpu=001
          <idle>-0     [000] dNs. 577875.617943: sched_wakeup: comm=kworker/0:1 pid=1492 prio=120 success=1 target_cpu=000
          <idle>-0     [000] dNs. 577875.617949: sched_wakeup: comm=rcu_sched pid=7 prio=120 success=1 target_cpu=001
       rcu_sched-7     [000] d... 577875.626962: sched_wakeup: comm=rcuos/2 pid=10 prio=120 success=1 target_cpu=003
          <idle>-0     [000] dNs. 577875.844082: sched_wakeup: comm=kworker/0:1 pid=1492 prio=120 success=1 target_cpu=000
          <idle>-0     [000] dNs. 577875.915125: sched_wakeup: comm=kworker/0:1 pid=1492 prio=120 success=1 target_cpu=000
          <idle>-0     [000] dNs. 577875.915128: sched_wakeup: comm=rcu_sched pid=7 prio=120 success=1 target_cpu=001
           <...>-8383  [000] dN.. 577875.917004: sched_wakeup: comm=migration/0 pid=25 prio=0 success=1 target_cpu=000
           <...>-8378  [000] .... 577875.919453: sched_process_exit: comm=sh pid=8378 prio=120
           <...>-8387  [000] dNs. 577875.921132: sched_wakeup: comm=kworker/0:1 pid=1492 prio=120 success=1 target_cpu=000
           <...>-8387  [000] d... 577875.922103: sched_wakeup_new: comm=sh pid=8390 prio=120 success=1 target_cpu=007
           <...>-8387  [000] d.s. 577875.922129: sched_wakeup: comm=rcu_sched pid=7 prio=120 success=1 target_cpu=001
           <...>-8387  [000] d... 577875.922278: sched_wakeup_new: comm=sh pid=8391 prio=120 success=1 target_cpu=001
           <...>-8387  [000] d... 577875.922418: sched_wakeup_new: comm=sh pid=8392 prio=120 success=1 target_cpu=007
           <...>-8387  [000] .... 577875.924634: sched_process_exit: comm=sh pid=8387 prio=120
         rcuos/4-12    [000] d... 577875.933160: sched_wakeup: comm=rcuos/5 pid=13 prio=120 success=1 target_cpu=003
         rcuos/2-10    [000] d... 577875.945161: sched_wakeup: comm=rcuos/3 pid=11 prio=120 success=1 target_cpu=001
          <idle>-0     [000] dNs. 577875.951147: sched_wakeup: comm=kworker/0:1 pid=1492 prio=120 success=1 target_cpu=000
          <idle>-0     [000] dNs. 577875.951149: sched_wakeup: comm=rcu_sched pid=7 prio=120 success=1 target_cpu=001
         rcuos/2-10    [000] d... 577876.116348: sched_wakeup: comm=rcu_sched pid=7 prio=120 success=1 target_cpu=001
         rcuos/2-10    [000] d... 577876.122269: sched_wakeup: comm=rcuos/3 pid=11 prio=120 success=1 target_cpu=001
         rcuos/2-10    [000] d... 577876.122271: sched_wakeup: comm=rcu_sched pid=7 prio=120 success=1 target_cpu=003
         rcuos/2-10    [000] d... 577876.128268: sched_wakeup: comm=rcuos/3 pid=11 prio=120 success=1 target_cpu=001
         rcuos/2-10    [000] d... 577876.617353: sched_wakeup: comm=rcu_sched pid=7 prio=120 success=1 target_cpu=005
          <idle>-0     [000] dNs. 577876.622551: sched_wakeup: comm=kworker/0:1 pid=1492 prio=120 success=1 target_cpu=000
          <idle>-0     [000] dNs. 577876.622556: sched_wakeup: comm=rcu_sched pid=7 prio=120 success=1 target_cpu=001
         rcuos/2-10    [000] d... 577876.628573: sched_wakeup: comm=rcuos/3 pid=11 prio=120 success=1 target_cpu=001
         rcuos/2-10    [000] d... 577876.639501: sched_wakeup: comm=rcu_sched pid=7 prio=120 success=1 target_cpu=005
          <idle>-0     [000] dNs. 577876.644562: sched_wakeup: comm=kworker/0:1 pid=1492 prio=120 success=1 target_cpu=000
          <idle>-0     [000] dNs. 577876.644564: sched_wakeup: comm=rcu_sched pid=7 prio=120 success=1 target_cpu=001
          <idle>-0     [000] dNs. 577876.662575: sched_wakeup: comm=kworker/0:1 pid=1492 prio=120 success=1 target_cpu=000
          <idle>-0     [000] dNs. 577876.662578: sched_wakeup: comm=rcu_sched pid=7 prio=120 success=1 target_cpu=001
          <idle>-0     [000] dNh. 577876.732724: sched_wakeup: comm=tmut pid=8330 prio=120 success=1 target_cpu=000
           <...>-8330  [000] .... 577876.732731: sys_nanosleep -> 0x0
           <...>-8330  [000] d... 577876.732745: sched_wakeup: comm=kworker/0:1 pid=1492 prio=120 success=1 target_cpu=000
           <...>-8330  [000] .... 577876.732749: sys_futex(uaddr: 6010c0, op: 81, val: 1, utime: 0, uaddr2: 0, val3: 7f7901f44700)
           <...>-8330  [000] d... 577876.732753: sched_wakeup: comm=tmut pid=8334 prio=120 success=1 target_cpu=000
           <...>-8330  [000] .... 577876.732754: sys_futex -> 0x1
           <...>-8330  [000] .... 577876.732771: sched_process_exit: comm=tmut pid=8330 prio=120
           <...>-8334  [000] .... 577876.732788: sys_futex -> 0x0
           <...>-8334  [000] .... 577876.732796: sys_nanosleep(rqtp: 7f7901742d50, rmtp: 7f7901742d50)
     kworker/0:1-1492  [000] d... 577876.732804: sched_wakeup: comm=tmux pid=2397 prio=120 success=1 target_cpu=003
          <idle>-0     [000] dN.. 577876.732815: sched_wakeup: comm=rcuos/0 pid=8 prio=120 success=1 target_cpu=000
         rcuos/0-8     [000] d... 577876.732822: sched_wakeup: comm=rcu_sched pid=7 prio=120 success=1 target_cpu=001
          <idle>-0     [000] dNh. 577876.770639: sched_wakeup: comm=watchdog/0 pid=26 prio=0 success=1 target_cpu=000
          <idle>-0     [000] dNs. 577876.876703: sched_wakeup: comm=kworker/0:1 pid=1492 prio=120 success=1 target_cpu=000
          <idle>-0     [000] dNs. 577876.876707: sched_wakeup: comm=rcu_sched pid=7 prio=120 success=1 target_cpu=001
           <...>-8399  [000] dN.. 577876.918336: sched_wakeup: comm=migration/0 pid=25 prio=0 success=1 target_cpu=000
           <...>-8402  [000] dN.. 577876.918630: sched_wakeup: comm=migration/0 pid=25 prio=0 success=1 target_cpu=000
       rcu_sched-7     [000] d... 577876.918741: sched_wakeup: comm=rcuos/2 pid=10 prio=120 success=1 target_cpu=002
           <...>-8396  [000] dNs. 577876.920732: sched_wakeup: comm=kworker/0:1 pid=1492 prio=120 success=1 target_cpu=000
           <...>-8396  [000] dNh. 577876.920749: sched_wakeup: comm=kworker/0:1 pid=1492 prio=120 success=1 target_cpu=000
     kworker/0:1-1492  [000] d... 577876.920754: sched_wakeup: comm=kworker/4:1 pid=7729 prio=120 success=1 target_cpu=004
           <...>-8396  [000] .... 577876.920995: sched_process_exit: comm=sh pid=8396 prio=120
          <idle>-0     [000] dNs. 577876.921731: sched_wakeup: comm=rcu_sched pid=7 prio=120 success=1 target_cpu=000
       rcu_sched-7     [000] d... 577876.922742: sched_wakeup: comm=rcuos/4 pid=12 prio=120 success=1 target_cpu=001
       rcu_sched-7     [000] d... 577876.922743: sched_wakeup: comm=rcuos/0 pid=8 prio=120 success=1 target_cpu=002
       rcu_sched-7     [000] d... 577876.922746: sched_wakeup: comm=rcuos/6 pid=14 prio=120 success=1 target_cpu=000
         rcuos/6-14    [000] d... 577876.922754: sched_wakeup: comm=rcuos/7 pid=15 prio=120 success=1 target_cpu=000
          <idle>-0     [000] dNs. 577876.925731: sched_wakeup: comm=rcu_sched pid=7 prio=120 success=1 target_cpu=000
          <idle>-0     [000] dNs. 577876.928734: sched_wakeup: comm=rcu_sched pid=7 prio=120 success=1 target_cpu=000
       rcu_sched-7     [000] d... 577876.928744: sched_wakeup: comm=rcuos/2 pid=10 prio=120 success=1 target_cpu=002
          <idle>-0     [000] dNs. 577876.931735: sched_wakeup: comm=kworker/0:1 pid=1492 prio=120 success=1 target_cpu=000
          <idle>-0     [000] dNs. 577876.931738: sched_wakeup: comm=rcu_sched pid=7 prio=120 success=1 target_cpu=001
         rcuos/6-14    [000] d... 577876.934757: sched_wakeup: comm=rcuos/7 pid=15 prio=120 success=1 target_cpu=001
       rcu_sched-7     [000] d... 577876.946756: sched_wakeup: comm=rcuos/0 pid=8 prio=120 success=1 target_cpu=003
       rcu_sched-7     [000] d... 577876.946757: sched_wakeup: comm=rcuos/6 pid=14 prio=120 success=1 target_cpu=001
       rcu_sched-7     [000] d... 577876.946759: sched_wakeup: comm=rcuos/4 pid=12 prio=120 success=1 target_cpu=004
          <idle>-0     [000] dNs. 577876.949747: sched_wakeup: comm=kworker/0:1 pid=1492 prio=120 success=1 target_cpu=000
          <idle>-0     [000] dNs. 577876.949749: sched_wakeup: comm=rcu_sched pid=7 prio=120 success=1 target_cpu=001
         rcuos/0-8     [000] d... 577876.958771: sched_wakeup: comm=rcu_sched pid=7 prio=120 success=1 target_cpu=004
       rcu_sched-7     [000] d... 577876.964765: sched_wakeup: comm=rcuos/0 pid=8 prio=120 success=1 target_cpu=001
       rcu_sched-7     [000] d... 577876.964766: sched_wakeup: comm=rcuos/4 pid=12 prio=120 success=1 target_cpu=002
          <idle>-0     [000] dNs. 577877.107841: sched_wakeup: comm=kworker/0:1 pid=1492 prio=120 success=1 target_cpu=000
          <idle>-0     [000] dNs. 577877.107844: sched_wakeup: comm=rcu_sched pid=7 prio=120 success=1 target_cpu=001
       rcu_sched-7     [000] d... 577877.123862: sched_wakeup: comm=rcuos/2 pid=10 prio=120 success=1 target_cpu=001
          <idle>-0     [000] dNh. 577877.168688: sched_wakeup: comm=gmain pid=20788 prio=120 success=1 target_cpu=000
       rcu_sched-7     [000] d... 577877.322981: sched_wakeup: comm=rcuos/2 pid=10 prio=120 success=1 target_cpu=001
          <idle>-0     [000] dNs. 577877.325975: sched_wakeup: comm=kworker/0:1 pid=1492 prio=120 success=1 target_cpu=000
          <idle>-0     [000] dNs. 577877.325979: sched_wakeup: comm=rcu_sched pid=7 prio=120 success=1 target_cpu=001
          <idle>-0     [000] dNh. 577877.475725: sched_wakeup: comm=goa-daemon pid=1835 prio=120 success=1 target_cpu=000
      goa-daemon-1835  [000] .... 577877.475747: sys_futex(uaddr: 17c1850, op: 1, val: 1, utime: 0, uaddr2: 31ef25a2b5cb19, val3: 17c1d10)
      goa-daemon-1835  [000] d... 577877.475752: sched_wakeup: comm=pool pid=1839 prio=120 success=1 target_cpu=002
      goa-daemon-1835  [000] .... 577877.475752: sys_futex -> 0x1
          <idle>-0     [000] dNs. 577877.481067: sched_wakeup: comm=kworker/0:1 pid=1492 prio=120 success=1 target_cpu=000
          <idle>-0     [000] dNs. 577877.481070: sched_wakeup: comm=rcu_sched pid=7 prio=120 success=1 target_cpu=001
          <idle>-0     [000] dNs. 577877.625154: sched_wakeup: comm=kworker/0:1 pid=1492 prio=120 success=1 target_cpu=000
          <idle>-0     [000] dNs. 577877.625156: sched_wakeup: comm=rcu_sched pid=7 prio=120 success=1 target_cpu=001
          <idle>-0     [000] dNh. 577877.664720: sched_wakeup: comm=gnome-software pid=20904 prio=120 success=1 target_cpu=000
           <...>-20904 [000] d... 577877.664818: sched_wakeup: comm=mission-control pid=1845 prio=120 success=1 target_cpu=005
           <...>-20904 [000] d... 577877.664827: sched_wakeup: comm=mission-control pid=1845 prio=120 success=1 target_cpu=005
          <idle>-0     [000] dNs. 577877.705204: sched_wakeup: comm=kworker/0:1 pid=1492 prio=120 success=1 target_cpu=000
          <idle>-0     [000] dNs. 577877.705207: sched_wakeup: comm=rcu_sched pid=7 prio=120 success=1 target_cpu=001
          <idle>-0     [000] dNs. 577878.125455: sched_wakeup: comm=kworker/0:1 pid=1492 prio=120 success=1 target_cpu=000
          <idle>-0     [000] dNs. 577878.125459: sched_wakeup: comm=rcu_sched pid=7 prio=120 success=1 target_cpu=001
          <idle>-0     [000] dNs. 577878.175485: sched_wakeup: comm=kworker/0:1 pid=1492 prio=120 success=1 target_cpu=000
          <idle>-0     [000] dNs. 577878.175487: sched_wakeup: comm=rcu_sched pid=7 prio=120 success=1 target_cpu=001
          <idle>-0     [000] dNs. 577878.339583: sched_wakeup: comm=kworker/0:1 pid=1492 prio=120 success=1 target_cpu=000
          <idle>-0     [000] dNs. 577878.339586: sched_wakeup: comm=rcu_sched pid=7 prio=120 success=1 target_cpu=001
          <idle>-0     [000] dNs. 577878.545708: sched_wakeup: comm=kworker/0:1 pid=1492 prio=120 success=1 target_cpu=000
          <idle>-0     [000] dNs. 577878.545711: sched_wakeup: comm=rcu_sched pid=7 prio=120 success=1 target_cpu=001
          <idle>-0     [000] dNs. 577878.626758: sched_wakeup: comm=kworker/0:1 pid=1492 prio=120 success=1 target_cpu=000
          <idle>-0     [000] dNs. 577878.626760: sched_wakeup: comm=rcu_sched pid=7 prio=120 success=1 target_cpu=001
          <idle>-0     [000] dNh. 577878.733992: sched_wakeup: comm=tmut pid=8300 prio=120 success=1 target_cpu=000
           <...>-8300  [000] .... 577878.733998: sys_nanosleep -> 0x0
           <...>-8300  [000] .... 577878.734006: sys_futex(uaddr: 7f79017439d0, op: 0, val: 208e, utime: 0, uaddr2: 0, val3: 7f7901743700)
          <idle>-0     [000] dNs. 577879.128061: sched_wakeup: comm=kworker/0:1 pid=1492 prio=120 success=1 target_cpu=000
          <idle>-0     [000] dNs. 577879.128065: sched_wakeup: comm=rcu_sched pid=7 prio=120 success=1 target_cpu=001
          <idle>-0     [000] dNs. 577879.264141: sched_wakeup: comm=kworker/0:1 pid=1492 prio=120 success=1 target_cpu=000
          <idle>-0     [000] dNs. 577879.264144: sched_wakeup: comm=rcu_sched pid=7 prio=120 success=1 target_cpu=001
         rcuos/2-10    [000] d... 577879.464987: sched_wakeup: comm=rcu_sched pid=7 prio=120 success=1 target_cpu=005
          <idle>-0     [000] dNs. 577879.470265: sched_wakeup: comm=kworker/0:1 pid=1492 prio=120 success=1 target_cpu=000
          <idle>-0     [000] dNs. 577879.470268: sched_wakeup: comm=rcu_sched pid=7 prio=120 success=1 target_cpu=001
          <idle>-0     [000] dNs. 577879.628360: sched_wakeup: comm=kworker/0:1 pid=1492 prio=120 success=1 target_cpu=000
          <idle>-0     [000] dNs. 577879.628363: sched_wakeup: comm=rcu_sched pid=7 prio=120 success=1 target_cpu=001
          <idle>-0     [000] dNh. 577879.734663: sched_wakeup: comm=tmut pid=8334 prio=120 success=1 target_cpu=000
           <...>-8334  [000] .... 577879.734669: sys_nanosleep -> 0x0
           <...>-8334  [000] d... 577879.734680: sched_wakeup: comm=kworker/0:1 pid=1492 prio=120 success=1 target_cpu=000
           <...>-8334  [000] .... 577879.734683: sys_futex(uaddr: 6010c0, op: 81, val: 1, utime: 0, uaddr2: 0, val3: 7f7901743700)
           <...>-8334  [000] .... 577879.734684: sys_futex -> 0x0
           <...>-8334  [000] dN.. 577879.734700: sched_wakeup: comm=tmut pid=8300 prio=120 success=1 target_cpu=000
           <...>-8300  [000] .... 577879.734702: sys_futex -> 0x0
           <...>-8300  [000] .... 577879.734754: sched_process_exit: comm=tmut pid=8300 prio=120
           <...>-8334  [000] .... 577879.734899: sched_process_exit: comm=tmut pid=8334 prio=120
           <...>-8334  [000] d... 577879.734907: sched_wakeup: comm=rcuos/0 pid=8 prio=120 success=1 target_cpu=001
           <...>-8334  [000] d... 577879.734925: sched_wakeup: comm=bash pid=28818 prio=120 success=1 target_cpu=004
     kworker/0:1-1492  [000] d... 577879.734932: sched_wakeup: comm=tmux pid=2397 prio=120 success=1 target_cpu=003
          <idle>-0     [000] dNs. 577879.746434: sched_wakeup: comm=kworker/0:1 pid=1492 prio=120 success=1 target_cpu=000
          <idle>-0     [000] dNs. 577879.746437: sched_wakeup: comm=rcu_sched pid=7 prio=120 success=1 target_cpu=001
          <idle>-0     [000] dNs. 577879.764443: sched_wakeup: comm=kworker/0:1 pid=1492 prio=120 success=1 target_cpu=000
          <idle>-0     [000] dNs. 577879.764445: sched_wakeup: comm=rcu_sched pid=7 prio=120 success=1 target_cpu=001
          <idle>-0     [000] dNs. 577879.846493: sched_wakeup: comm=kworker/0:1 pid=1492 prio=120 success=1 target_cpu=000
         rcuos/2-10    [000] d... 577879.987594: sched_wakeup: comm=rcuos/3 pid=11 prio=120 success=1 target_cpu=001
         rcuos/2-10    [000] d... 577880.115441: sched_wakeup: comm=rcu_sched pid=7 prio=120 success=1 target_cpu=005
          <idle>-0     [000] dNs. 577880.120656: sched_wakeup: comm=kworker/0:1 pid=1492 prio=120 success=1 target_cpu=000
          <idle>-0     [000] dNs. 577880.120659: sched_wakeup: comm=rcu_sched pid=7 prio=120 success=1 target_cpu=001
          <idle>-0     [000] dNs. 577880.132665: sched_wakeup: comm=kworker/0:1 pid=1492 prio=120 success=1 target_cpu=000
          <idle>-0     [000] dNs. 577880.132667: sched_wakeup: comm=rcu_sched pid=7 prio=120 success=1 target_cpu=001
          <idle>-0     [000] dNs. 577880.630964: sched_wakeup: comm=kworker/0:1 pid=1492 prio=120 success=1 target_cpu=000
          <idle>-0     [000] dNs. 577880.630969: sched_wakeup: comm=rcu_sched pid=7 prio=120 success=1 target_cpu=001
           <...>-8412  [000] d... 577880.687840: sched_wakeup: comm=rcuos/0 pid=8 prio=120 success=1 target_cpu=001
           <...>-8412  [000] dN.. 577880.687946: sched_wakeup: comm=migration/0 pid=25 prio=0 success=1 target_cpu=000
          <idle>-0     [000] dN.. 577880.718042: sched_wakeup: comm=rcuos/6 pid=14 prio=120 success=1 target_cpu=000
       rcu_sched-7     [000] d... 577880.723030: sched_wakeup: comm=rcuos/0 pid=8 prio=120 success=1 target_cpu=002
          <idle>-0     [000] dNs. 577880.726022: sched_wakeup: comm=kworker/0:1 pid=1492 prio=120 success=1 target_cpu=000
          <idle>-0     [000] dNs. 577880.726025: sched_wakeup: comm=rcu_sched pid=7 prio=120 success=1 target_cpu=001
         rcuos/6-14    [000] d... 577880.729044: sched_wakeup: comm=rcuos/7 pid=15 prio=120 success=1 target_cpu=001
         rcuos/5-13    [000] d.s. 577880.735058: sched_wakeup: comm=rcuos/0 pid=8 prio=120 success=1 target_cpu=001
       rcu_sched-7     [000] d... 577880.766057: sched_wakeup: comm=rcuos/2 pid=10 prio=120 success=1 target_cpu=002
          <idle>-0     [000] dNh. 577880.773051: sched_wakeup: comm=watchdog/0 pid=26 prio=0 success=1 target_cpu=000
          <idle>-0     [000] dNs. 577881.128265: sched_wakeup: comm=kworker/0:1 pid=1492 prio=120 success=1 target_cpu=000
          <idle>-0     [000] dNs. 577881.128270: sched_wakeup: comm=rcu_sched pid=7 prio=120 success=1 target_cpu=001
          <idle>-0     [000] dNh. 577881.171133: sched_wakeup: comm=gmain pid=20788 prio=120 success=1 target_cpu=000
       rcu_sched-7     [000] d... 577881.632582: sched_wakeup: comm=rcuos/2 pid=10 prio=120 success=1 target_cpu=001
          <idle>-0     [000] dNs. 577881.635571: sched_wakeup: comm=kworker/0:1 pid=1492 prio=120 success=1 target_cpu=000
          <idle>-0     [000] dNs. 577881.635576: sched_wakeup: comm=rcu_sched pid=7 prio=120 success=1 target_cpu=001
          <idle>-0     [000] dNs. 577881.859704: sched_wakeup: comm=kworker/0:1 pid=1492 prio=120 success=1 target_cpu=000
          <idle>-0     [000] dNs. 577881.859707: sched_wakeup: comm=rcu_sched pid=7 prio=120 success=1 target_cpu=001
          <idle>-0     [000] dN.. 577881.920462: sched_wakeup: comm=rcuos/6 pid=14 prio=120 success=1 target_cpu=000
           <...>-8414  [000] .... 577881.924362: sched_process_exit: comm=sh pid=8414 prio=120
           <...>-8417  [000] .... 577881.927643: sched_process_exit: comm=sh pid=8417 prio=120
          <idle>-0     [000] dNs. 577881.936756: sched_wakeup: comm=kworker/0:1 pid=1492 prio=120 success=1 target_cpu=000
          <idle>-0     [000] dNs. 577881.936758: sched_wakeup: comm=rcu_sched pid=7 prio=120 success=1 target_cpu=001
         rcuos/4-12    [000] d... 577881.942780: sched_wakeup: comm=rcuos/5 pid=13 prio=120 success=1 target_cpu=003
         rcuos/2-10    [000] d... 577881.948778: sched_wakeup: comm=rcuos/3 pid=11 prio=120 success=1 target_cpu=002
          <idle>-0     [000] dNs. 577881.954762: sched_wakeup: comm=kworker/0:1 pid=1492 prio=120 success=1 target_cpu=000
          <idle>-0     [000] dNs. 577881.954764: sched_wakeup: comm=rcu_sched pid=7 prio=120 success=1 target_cpu=001
         rcuos/2-10    [000] d... 577881.960783: sched_wakeup: comm=rcuos/3 pid=11 prio=120 success=1 target_cpu=002
          <idle>-0     [000] dNs. 577881.972772: sched_wakeup: comm=kworker/0:1 pid=1492 prio=120 success=1 target_cpu=000
          <idle>-0     [000] dNs. 577881.972774: sched_wakeup: comm=rcu_sched pid=7 prio=120 success=1 target_cpu=001
       rcu_sched-7     [000] d... 577882.139884: sched_wakeup: comm=rcuos/2 pid=10 prio=120 success=1 target_cpu=002
          <idle>-0     [000] dNs. 577882.161886: sched_wakeup: comm=kworker/0:1 pid=1492 prio=120 success=1 target_cpu=000
          <idle>-0     [000] dNs. 577882.161889: sched_wakeup: comm=rcu_sched pid=7 prio=120 success=1 target_cpu=001
          <idle>-0     [000] dNh. 577882.478774: sched_wakeup: comm=goa-daemon pid=1835 prio=120 success=1 target_cpu=000
      goa-daemon-1835  [000] .... 577882.478801: sys_futex(uaddr: 17c1850, op: 1, val: 1, utime: 0, uaddr2: 31f02af3d2ccb0, val3: 17c1d10)
      goa-daemon-1835  [000] d... 577882.478808: sched_wakeup: comm=pool pid=1839 prio=120 success=1 target_cpu=002
      goa-daemon-1835  [000] .... 577882.478809: sys_futex -> 0x1
       rcu_sched-7     [000] d... 577882.484092: sched_wakeup: comm=rcuos/2 pid=10 prio=120 success=1 target_cpu=001
          <idle>-0     [000] dNs. 577882.487085: sched_wakeup: comm=kworker/0:1 pid=1492 prio=120 success=1 target_cpu=000
          <idle>-0     [000] dNs. 577882.487089: sched_wakeup: comm=rcu_sched pid=7 prio=120 success=1 target_cpu=001
          <idle>-0     [000] dNs. 577882.638175: sched_wakeup: comm=kworker/0:1 pid=1492 prio=120 success=1 target_cpu=000
          <idle>-0     [000] dNs. 577882.638178: sched_wakeup: comm=rcu_sched pid=7 prio=120 success=1 target_cpu=001
          <idle>-0     [000] dNs. 577882.661187: sched_wakeup: comm=kworker/0:1 pid=1492 prio=120 success=1 target_cpu=000
          <idle>-0     [000] dNs. 577882.661189: sched_wakeup: comm=rcu_sched pid=7 prio=120 success=1 target_cpu=001
          <idle>-0     [000] dNs. 577883.139477: sched_wakeup: comm=kworker/0:1 pid=1492 prio=120 success=1 target_cpu=000
          <idle>-0     [000] dNs. 577883.139482: sched_wakeup: comm=rcu_sched pid=7 prio=120 success=1 target_cpu=001
          <idle>-0     [000] dNs. 577883.181501: sched_wakeup: comm=kworker/0:1 pid=1492 prio=120 success=1 target_cpu=000
          <idle>-0     [000] dNs. 577883.181503: sched_wakeup: comm=rcu_sched pid=7 prio=120 success=1 target_cpu=001
          <idle>-0     [000] dNs. 577883.640778: sched_wakeup: comm=kworker/0:1 pid=1492 prio=120 success=1 target_cpu=000
          <idle>-0     [000] dNs. 577883.640784: sched_wakeup: comm=rcu_sched pid=7 prio=120 success=1 target_cpu=001
          <idle>-0     [000] dNs. 577883.848905: sched_wakeup: comm=kworker/0:1 pid=1492 prio=120 success=1 target_cpu=000
           <...>-8425  [000] dNs. 577883.925955: sched_wakeup: comm=kworker/0:1 pid=1492 prio=120 success=1 target_cpu=000
           <...>-8425  [000] d... 577883.926231: sched_wakeup: comm=uname pid=8426 prio=120 success=1 target_cpu=004
           <...>-8425  [000] d... 577883.927152: sched_wakeup_new: comm=sh pid=8428 prio=120 success=1 target_cpu=007
           <...>-8425  [000] d... 577883.927307: sched_wakeup_new: comm=sh pid=8429 prio=120 success=1 target_cpu=001
           <...>-8425  [000] d... 577883.927446: sched_wakeup_new: comm=sh pid=8431 prio=120 success=1 target_cpu=002
          <idle>-0     [000] dNs. 577883.927953: sched_wakeup: comm=rcu_sched pid=7 prio=120 success=1 target_cpu=000
       rcu_sched-7     [000] d... 577883.927961: sched_wakeup: comm=rcuos/2 pid=10 prio=120 success=1 target_cpu=001
           <...>-8430  [000] d... 577883.930258: sched_wakeup_new: comm=sh pid=8434 prio=120 success=1 target_cpu=007
           <...>-8430  [000] d... 577883.930439: sched_wakeup_new: comm=sh pid=8435 prio=120 success=1 target_cpu=006
          <idle>-0     [000] dNs. 577883.930955: sched_wakeup: comm=rcu_sched pid=7 prio=120 success=1 target_cpu=000
           <...>-8430  [000] .... 577883.931907: sched_process_exit: comm=sh pid=8430 prio=120
          <idle>-0     [000] dNs. 577883.933958: sched_wakeup: comm=rcu_sched pid=7 prio=120 success=1 target_cpu=000
          <idle>-0     [000] dNs. 577883.933961: sched_wakeup: comm=ksoftirqd/0 pid=3 prio=120 success=1 target_cpu=000
       rcu_sched-7     [000] d... 577883.933969: sched_wakeup: comm=rcuos/4 pid=12 prio=120 success=1 target_cpu=001
       rcu_sched-7     [000] d... 577883.933971: sched_wakeup: comm=rcuos/0 pid=8 prio=120 success=1 target_cpu=005
       rcu_sched-7     [000] d... 577883.933974: sched_wakeup: comm=rcuos/6 pid=14 prio=120 success=1 target_cpu=000
         rcuos/6-14    [000] d... 577883.933986: sched_wakeup: comm=rcuos/7 pid=15 prio=120 success=1 target_cpu=001
           <...>-8433  [000] .... 577883.935584: sched_process_exit: comm=sh pid=8433 prio=120
          <idle>-0     [000] dNs. 577883.936959: sched_wakeup: comm=kworker/0:1 pid=1492 prio=120 success=1 target_cpu=000
          <idle>-0     [000] dNs. 577883.936961: sched_wakeup: comm=rcu_sched pid=7 prio=120 success=1 target_cpu=001
         rcuos/6-14    [000] d... 577883.945983: sched_wakeup: comm=rcuos/7 pid=15 prio=120 success=1 target_cpu=002
          <idle>-0     [000] dNh. 577883.949020: sched_wakeup: comm=gnome-shell pid=1799 prio=120 success=1 target_cpu=000
     gnome-shell-1799  [000] d.s. 577883.949971: sched_wakeup: comm=kworker/0:1 pid=1492 prio=120 success=1 target_cpu=000
          <idle>-0     [000] dN.. 577883.954458: sched_wakeup: comm=rcuos/6 pid=14 prio=120 success=1 target_cpu=000
          <idle>-0     [000] dNs. 577883.969979: sched_wakeup: comm=kworker/0:1 pid=1492 prio=120 success=1 target_cpu=000
          <idle>-0     [000] dNs. 577883.969982: sched_wakeup: comm=rcu_sched pid=7 prio=120 success=1 target_cpu=001
         rcuos/6-14    [000] d... 577883.976003: sched_wakeup: comm=rcu_sched pid=7 prio=120 success=1 target_cpu=003
         rcuos/6-14    [000] d... 577883.981999: sched_wakeup: comm=rcuos/7 pid=15 prio=120 success=1 target_cpu=002
          <idle>-0     [000] dNs. 577883.999995: sched_wakeup: comm=kworker/0:1 pid=1492 prio=120 success=1 target_cpu=000
          <idle>-0     [000] dNs. 577883.999997: sched_wakeup: comm=rcu_sched pid=7 prio=120 success=1 target_cpu=001
          <idle>-0     [000] dNs. 577884.138077: sched_wakeup: comm=kworker/0:1 pid=1492 prio=120 success=1 target_cpu=000
          <idle>-0     [000] dNs. 577884.138080: sched_wakeup: comm=rcu_sched pid=7 prio=120 success=1 target_cpu=001
          <idle>-0     [000] dNs. 577884.639380: sched_wakeup: comm=kworker/0:1 pid=1492 prio=120 success=1 target_cpu=000
          <idle>-0     [000] dNs. 577884.639384: sched_wakeup: comm=rcu_sched pid=7 prio=120 success=1 target_cpu=001
          <idle>-0     [000] dNh. 577884.775465: sched_wakeup: comm=watchdog/0 pid=26 prio=0 success=1 target_cpu=000
          <idle>-0     [000] dNs. 577885.140682: sched_wakeup: comm=kworker/0:1 pid=1492 prio=120 success=1 target_cpu=000
          <idle>-0     [000] dNs. 577885.140687: sched_wakeup: comm=rcu_sched pid=7 prio=120 success=1 target_cpu=001
          <idle>-0     [000] dNh. 577885.173574: sched_wakeup: comm=gmain pid=20788 prio=120 success=1 target_cpu=000
          <idle>-0     [000] dNs. 577885.640984: sched_wakeup: comm=kworker/0:1 pid=1492 prio=120 success=1 target_cpu=000
          <idle>-0     [000] dNs. 577885.640989: sched_wakeup: comm=rcu_sched pid=7 prio=120 success=1 target_cpu=001
          <idle>-0     [000] dNs. 577885.783069: sched_wakeup: comm=kworker/0:1 pid=1492 prio=120 success=1 target_cpu=000
          <idle>-0     [000] dNs. 577885.783071: sched_wakeup: comm=rcu_sched pid=7 prio=120 success=1 target_cpu=001
           <...>-8443  [000] dNs. 577885.929159: sched_wakeup: comm=kworker/0:1 pid=1492 prio=120 success=1 target_cpu=000
           <...>-8443  [000] dNs. 577885.929163: sched_wakeup: comm=kworker/0:0 pid=792 prio=120 success=1 target_cpu=000
           <...>-8443  [000] dNs. 577885.929165: sched_wakeup: comm=kworker/0:2 pid=4342 prio=120 success=1 target_cpu=000
           <...>-792   [000] .... 577885.929187: sched_process_exit: comm=kworker/dying pid=792 prio=120
           <...>-4342  [000] .... 577885.929238: sched_process_exit: comm=kworker/dying pid=4342 prio=120
           <...>-8443  [000] .... 577885.929268: sched_process_exit: comm=cut pid=8443 prio=120
           <...>-8443  [000] d... 577885.929281: sched_wakeup: comm=sh pid=8439 prio=120 success=1 target_cpu=001
           <...>-8445  [000] dN.. 577885.930118: sched_wakeup: comm=migration/0 pid=25 prio=0 success=1 target_cpu=000
           <...>-8441  [000] .... 577885.932649: sched_process_exit: comm=sh pid=8441 prio=120
           <...>-8451  [000] .... 577885.934439: sched_process_exit: comm=cut pid=8451 prio=120
           <...>-8451  [000] d... 577885.934456: sched_wakeup: comm=sh pid=8446 prio=120 success=1 target_cpu=001
         rcuos/0-8     [000] d... 577885.937189: sched_wakeup: comm=rcuos/1 pid=9 prio=120 success=1 target_cpu=002
           <...>-8449  [000] dNs. 577885.938166: sched_wakeup: comm=kworker/0:1 pid=1492 prio=120 success=1 target_cpu=000
           <...>-8449  [000] .... 577885.938242: sched_process_exit: comm=sh pid=8449 prio=120
         rcuos/0-8     [000] d... 577885.944186: sched_wakeup: comm=rcuos/1 pid=9 prio=120 success=1 target_cpu=004
       rcu_sched-7     [000] d... 577885.956187: sched_wakeup: comm=rcuos/0 pid=8 prio=120 success=1 target_cpu=001
       rcu_sched-7     [000] d... 577885.956189: sched_wakeup: comm=rcuos/4 pid=12 prio=120 success=1 target_cpu=002
          <idle>-0     [000] dNs. 577885.959177: sched_wakeup: comm=kworker/0:1 pid=1492 prio=120 success=1 target_cpu=000
          <idle>-0     [000] dNs. 577885.959179: sched_wakeup: comm=rcu_sched pid=7 prio=120 success=1 target_cpu=001
       rcu_sched-7     [000] d... 577885.974194: sched_wakeup: comm=rcuos/2 pid=10 prio=120 success=1 target_cpu=001
          <idle>-0     [000] dNs. 577886.138283: sched_wakeup: comm=kworker/0:1 pid=1492 prio=120 success=1 target_cpu=000
          <idle>-0     [000] dNs. 577886.138286: sched_wakeup: comm=rcu_sched pid=7 prio=120 success=1 target_cpu=001
          <idle>-0     [000] dNh. 577886.180017: sched_wakeup: comm=gnome-settings- pid=20691 prio=120 success=1 target_cpu=000
 gnome-settings--20691 [000] d... 577886.180113: sched_wakeup: comm=rcuos/0 pid=8 prio=120 success=1 target_cpu=001
 gnome-settings--20691 [000] d.s. 577886.180312: sched_wakeup: comm=kworker/0:1 pid=1492 prio=120 success=1 target_cpu=000
       rcu_sched-7     [000] d... 577886.185325: sched_wakeup: comm=rcuos/0 pid=8 prio=120 success=1 target_cpu=001
          <idle>-0     [000] dNs. 577886.188315: sched_wakeup: comm=kworker/0:1 pid=1492 prio=120 success=1 target_cpu=000
          <idle>-0     [000] dNs. 577886.188317: sched_wakeup: comm=rcu_sched pid=7 prio=120 success=1 target_cpu=001
