            3on6-6229  [000] dN.. 79648.212989: sched_wakeup: comm=3on6 pid=6211 prio=120 success=1 target_cpu=000
            3on6-6229  [000] d... 79648.212990: sched_switch: prev_comm=3on6 prev_pid=6229 prev_prio=120 prev_state=R ==> next_comm=3on6 next_pid=6211 next_prio=120
            3on6-6211  [000] .... 79648.212992: sys_futex -> 0x0
            3on6-6211  [000] .... 79648.213000: sys_futex(uaddr: 602490, op: 81, val: 1, utime: 0, uaddr2: 0, val3: 0)
            3on6-6211  [000] .... 79648.213001: sys_futex -> 0x0
            3on6-6211  [000] .... 79648.213007: sys_nanosleep(rqtp: 7f5fa9584d40, rmtp: 7f5fa9584d40)
            3on6-6211  [000] d... 79648.213009: sched_switch: prev_comm=3on6 prev_pid=6211 prev_prio=120 prev_state=S ==> next_comm=3on6 next_pid=6229 next_prio=120
            3on6-6229  [000] .... 79648.213010: sys_futex -> 0x1
            3on6-6229  [000] .... 79648.213015: sys_nanosleep(rqtp: 7f5fa8582d40, rmtp: 7f5fa8582d40)
            3on6-6229  [000] d... 79648.213017: sched_switch: prev_comm=3on6 prev_pid=6229 prev_prio=120 prev_state=S ==> next_comm=kworker/0:2 next_pid=6725 next_prio=120
          <idle>-0     [000] dNh. 79649.213676: sched_wakeup: comm=3on6 pid=6229 prio=120 success=1 target_cpu=000
          <idle>-0     [000] d... 79649.213679: sched_switch: prev_comm=swapper/0 prev_pid=0 prev_prio=120 prev_state=R ==> next_comm=3on6 next_pid=6229 next_prio=120
            3on6-6229  [000] .... 79649.213682: sys_nanosleep -> 0x0
            3on6-6229  [000] d... 79649.213692: sched_wakeup: comm=kworker/0:2 pid=6725 prio=120 success=1 target_cpu=000
            3on6-6229  [000] .... 79649.213696: sys_futex(uaddr: 602468, op: 80, val: 2, utime: 0, uaddr2: 602468, val3: 2)
            3on6-6229  [000] d... 79649.213699: sched_switch: prev_comm=3on6 prev_pid=6229 prev_prio=120 prev_state=S ==> next_comm=kworker/0:2 next_pid=6725 next_prio=120
          <idle>-0     [000] dNh. 79651.214805: sched_wakeup: comm=3on6 pid=6220 prio=120 success=1 target_cpu=000
          <idle>-0     [000] d... 79651.214809: sched_switch: prev_comm=swapper/0 prev_pid=0 prev_prio=120 prev_state=R ==> next_comm=3on6 next_pid=6220 next_prio=120
            3on6-6220  [000] .... 79651.214813: sys_nanosleep -> 0x0
            3on6-6220  [000] d... 79651.214825: sched_wakeup: comm=kworker/0:2 pid=6725 prio=120 success=1 target_cpu=000
            3on6-6220  [000] .... 79651.214829: sys_futex(uaddr: 602468, op: 81, val: 1, utime: 0, uaddr2: 0, val3: 1)
            3on6-6220  [000] d... 79651.214833: sched_wakeup: comm=3on6 pid=6229 prio=120 success=1 target_cpu=000
            3on6-6220  [000] .... 79651.214833: sys_futex -> 0x1
            3on6-6220  [000] .... 79651.214841: sys_nanosleep(rqtp: 7f5fa8d83d40, rmtp: 7f5fa8d83d40)
            3on6-6220  [000] d... 79651.214844: sched_switch: prev_comm=3on6 prev_pid=6220 prev_prio=120 prev_state=S ==> next_comm=3on6 next_pid=6229 next_prio=120
            3on6-6229  [000] .... 79651.214846: sys_futex -> 0x0
            3on6-6229  [000] .... 79651.214852: sys_nanosleep(rqtp: 7f5fa8582d40, rmtp: 7f5fa8582d40)
            3on6-6229  [000] d... 79651.214854: sched_switch: prev_comm=3on6 prev_pid=6229 prev_prio=120 prev_state=S ==> next_comm=kworker/0:2 next_pid=6725 next_prio=120
          <idle>-0     [000] dNh. 79652.215476: sched_wakeup: comm=3on6 pid=6211 prio=120 success=1 target_cpu=000
          <idle>-0     [000] dNh. 79652.215478: sched_wakeup: comm=3on6 pid=6220 prio=120 success=1 target_cpu=000
          <idle>-0     [000] d... 79652.215482: sched_switch: prev_comm=swapper/0 prev_pid=0 prev_prio=120 prev_state=R ==> next_comm=3on6 next_pid=6211 next_prio=120
            3on6-6211  [000] .... 79652.215485: sys_nanosleep -> 0x0
            3on6-6211  [000] d... 79652.215495: sched_wakeup: comm=kworker/0:2 pid=6725 prio=120 success=1 target_cpu=000
            3on6-6211  [000] .... 79652.215505: sys_nanosleep(rqtp: 7f5fa9584d40, rmtp: 7f5fa9584d40)
            3on6-6211  [000] d... 79652.215508: sched_switch: prev_comm=3on6 prev_pid=6211 prev_prio=120 prev_state=S ==> next_comm=3on6 next_pid=6220 next_prio=120
            3on6-6220  [000] .... 79652.215509: sys_nanosleep -> 0x0
            3on6-6220  [000] .... 79652.215519: sys_nanosleep(rqtp: 7f5fa8d83d40, rmtp: 7f5fa8d83d40)
            3on6-6220  [000] d... 79652.215520: sched_switch: prev_comm=3on6 prev_pid=6220 prev_prio=120 prev_state=S ==> next_comm=kworker/0:2 next_pid=6725 next_prio=120
          <idle>-0     [000] dNh. 79653.216165: sched_wakeup: comm=3on6 pid=6211 prio=120 success=1 target_cpu=000
          <idle>-0     [000] d... 79653.216168: sched_switch: prev_comm=swapper/0 prev_pid=0 prev_prio=120 prev_state=R ==> next_comm=3on6 next_pid=6211 next_prio=120
            3on6-6211  [000] .... 79653.216171: sys_nanosleep -> 0x0
            3on6-6211  [000] d... 79653.216181: sched_wakeup: comm=kworker/0:2 pid=6725 prio=120 success=1 target_cpu=000
            3on6-6211  [000] .... 79653.216192: sys_nanosleep(rqtp: 7f5fa9584d40, rmtp: 7f5fa9584d40)
            3on6-6211  [000] d... 79653.216194: sched_switch: prev_comm=3on6 prev_pid=6211 prev_prio=120 prev_state=S ==> next_comm=kworker/0:2 next_pid=6725 next_prio=120
          <idle>-0     [000] dNh. 79657.218661: sched_wakeup: comm=3on6 pid=6211 prio=120 success=1 target_cpu=000
          <idle>-0     [000] d... 79657.218665: sched_switch: prev_comm=swapper/0 prev_pid=0 prev_prio=120 prev_state=R ==> next_comm=3on6 next_pid=6211 next_prio=120
            3on6-6211  [000] .... 79657.218668: sys_nanosleep -> 0x0
            3on6-6211  [000] d... 79657.218680: sched_wakeup: comm=kworker/0:2 pid=6725 prio=120 success=1 target_cpu=000
            3on6-6211  [000] .... 79657.218691: sys_nanosleep(rqtp: 7f5fa9584d40, rmtp: 7f5fa9584d40)
            3on6-6211  [000] d... 79657.218693: sched_switch: prev_comm=3on6 prev_pid=6211 prev_prio=120 prev_state=S ==> next_comm=kworker/0:2 next_pid=6725 next_prio=120
          <idle>-0     [000] d... 79658.146202: sched_switch: prev_comm=swapper/0 prev_pid=0 prev_prio=120 prev_state=R ==> next_comm=sh next_pid=7274 next_prio=120
          <idle>-0     [000] d... 79658.146211: sched_switch: prev_comm=swapper/0 prev_pid=0 prev_prio=120 prev_state=R ==> next_comm=sh next_pid=7274 next_prio=120
          <idle>-0     [000] dNh. 79659.219953: sched_wakeup: comm=3on6 pid=6211 prio=120 success=1 target_cpu=000
          <idle>-0     [000] d... 79659.219956: sched_switch: prev_comm=swapper/0 prev_pid=0 prev_prio=120 prev_state=R ==> next_comm=3on6 next_pid=6211 next_prio=120
            3on6-6211  [000] .... 79659.219960: sys_nanosleep -> 0x0
            3on6-6211  [000] d... 79659.219972: sched_wakeup: comm=kworker/0:2 pid=6725 prio=120 success=1 target_cpu=000
            3on6-6211  [000] .... 79659.219984: sys_nanosleep(rqtp: 7f5fa9584d40, rmtp: 7f5fa9584d40)
            3on6-6211  [000] d... 79659.219987: sched_switch: prev_comm=3on6 prev_pid=6211 prev_prio=120 prev_state=S ==> next_comm=kworker/0:2 next_pid=6725 next_prio=120
          <idle>-0     [000] dNh. 79660.220645: sched_wakeup: comm=3on6 pid=6211 prio=120 success=1 target_cpu=000
          <idle>-0     [000] d... 79660.220649: sched_switch: prev_comm=swapper/0 prev_pid=0 prev_prio=120 prev_state=R ==> next_comm=3on6 next_pid=6211 next_prio=120
            3on6-6211  [000] .... 79660.220650: sys_nanosleep -> 0x0
            3on6-6211  [000] d... 79660.220660: sched_wakeup: comm=kworker/0:2 pid=6725 prio=120 success=1 target_cpu=000
            3on6-6211  [000] .... 79660.220670: sys_nanosleep(rqtp: 7f5fa9584d40, rmtp: 7f5fa9584d40)
            3on6-6211  [000] d... 79660.220672: sched_switch: prev_comm=3on6 prev_pid=6211 prev_prio=120 prev_state=S ==> next_comm=kworker/0:2 next_pid=6725 next_prio=120
          <idle>-0     [000] dNh. 79661.220937: sched_wakeup: comm=3on6 pid=6229 prio=120 success=1 target_cpu=000
          <idle>-0     [000] d... 79661.220940: sched_switch: prev_comm=swapper/0 prev_pid=0 prev_prio=120 prev_state=R ==> next_comm=3on6 next_pid=6229 next_prio=120
            3on6-6229  [000] .... 79661.220944: sys_nanosleep -> 0x0
            3on6-6229  [000] d... 79661.220954: sched_wakeup: comm=kworker/0:2 pid=6725 prio=120 success=1 target_cpu=000
            3on6-6229  [000] .... 79661.220958: sys_futex(uaddr: 602468, op: 81, val: 1, utime: 0, uaddr2: 0, val3: 2)
            3on6-6229  [000] .... 79661.220960: sys_futex -> 0x0
            3on6-6229  [000] .... 79661.220967: sys_nanosleep(rqtp: 7f5fa8582d40, rmtp: 7f5fa8582d40)
            3on6-6229  [000] d... 79661.220970: sched_switch: prev_comm=3on6 prev_pid=6229 prev_prio=120 prev_state=S ==> next_comm=kworker/0:2 next_pid=6725 next_prio=120
          <idle>-0     [000] dNh. 79662.221603: sched_wakeup: comm=3on6 pid=6220 prio=120 success=1 target_cpu=000
          <idle>-0     [000] d... 79662.221606: sched_switch: prev_comm=swapper/0 prev_pid=0 prev_prio=120 prev_state=R ==> next_comm=3on6 next_pid=6220 next_prio=120
            3on6-6220  [000] .... 79662.221610: sys_nanosleep -> 0x0
            3on6-6220  [000] d... 79662.221619: sched_wakeup: comm=kworker/0:2 pid=6725 prio=120 success=1 target_cpu=000
            3on6-6220  [000] .... 79662.221629: sys_nanosleep(rqtp: 7f5fa8d83d40, rmtp: 7f5fa8d83d40)
            3on6-6220  [000] d... 79662.221632: sched_switch: prev_comm=3on6 prev_pid=6220 prev_prio=120 prev_state=S ==> next_comm=kworker/0:2 next_pid=6725 next_prio=120
          <idle>-0     [000] dNh. 79664.222834: sched_wakeup: comm=3on6 pid=6229 prio=120 success=1 target_cpu=000
          <idle>-0     [000] d... 79664.222837: sched_switch: prev_comm=swapper/0 prev_pid=0 prev_prio=120 prev_state=R ==> next_comm=3on6 next_pid=6229 next_prio=120
            3on6-6229  [000] .... 79664.222841: sys_nanosleep -> 0x0
            3on6-6229  [000] d... 79664.222853: sched_wakeup: comm=kworker/0:2 pid=6725 prio=120 success=1 target_cpu=000
            3on6-6229  [000] .... 79664.222871: sys_nanosleep(rqtp: 7f5fa8582d40, rmtp: 7f5fa8582d40)
            3on6-6229  [000] d... 79664.222873: sched_switch: prev_comm=3on6 prev_pid=6229 prev_prio=120 prev_state=S ==> next_comm=kworker/0:2 next_pid=6725 next_prio=120
          <idle>-0     [000] dNh. 79664.223135: sched_wakeup: comm=3on6 pid=6211 prio=120 success=1 target_cpu=000
          <idle>-0     [000] d... 79664.223140: sched_switch: prev_comm=swapper/0 prev_pid=0 prev_prio=120 prev_state=R ==> next_comm=3on6 next_pid=6211 next_prio=120
            3on6-6211  [000] .... 79664.223141: sys_nanosleep -> 0x0
            3on6-6211  [000] d... 79664.223147: sched_wakeup: comm=kworker/0:2 pid=6725 prio=120 success=1 target_cpu=000
            3on6-6211  [000] .... 79664.223161: sys_nanosleep(rqtp: 7f5fa9584d40, rmtp: 7f5fa9584d40)
            3on6-6211  [000] d... 79664.223163: sched_switch: prev_comm=3on6 prev_pid=6211 prev_prio=120 prev_state=S ==> next_comm=kworker/0:2 next_pid=6725 next_prio=120
          <idle>-0     [000] dNh. 79665.223822: sched_wakeup: comm=3on6 pid=6211 prio=120 success=1 target_cpu=000
          <idle>-0     [000] d... 79665.223825: sched_switch: prev_comm=swapper/0 prev_pid=0 prev_prio=120 prev_state=R ==> next_comm=3on6 next_pid=6211 next_prio=120
            3on6-6211  [000] .... 79665.223827: sys_nanosleep -> 0x0
            3on6-6211  [000] d... 79665.223836: sched_wakeup: comm=kworker/0:2 pid=6725 prio=120 success=1 target_cpu=000
            3on6-6211  [000] .... 79665.223846: sys_nanosleep(rqtp: 7f5fa9584d40, rmtp: 7f5fa9584d40)
            3on6-6211  [000] d... 79665.223849: sched_switch: prev_comm=3on6 prev_pid=6211 prev_prio=120 prev_state=S ==> next_comm=kworker/0:2 next_pid=6725 next_prio=120
          <idle>-0     [000] dNh. 79666.224098: sched_wakeup: comm=3on6 pid=6220 prio=120 success=1 target_cpu=000
          <idle>-0     [000] d... 79666.224101: sched_switch: prev_comm=swapper/0 prev_pid=0 prev_prio=120 prev_state=R ==> next_comm=3on6 next_pid=6220 next_prio=120
            3on6-6220  [000] .... 79666.224105: sys_nanosleep -> 0x0
            3on6-6220  [000] d... 79666.224116: sched_wakeup: comm=kworker/0:2 pid=6725 prio=120 success=1 target_cpu=000
            3on6-6220  [000] .... 79666.224126: sys_nanosleep(rqtp: 7f5fa8d83d40, rmtp: 7f5fa8d83d40)
            3on6-6220  [000] d... 79666.224129: sched_switch: prev_comm=3on6 prev_pid=6220 prev_prio=120 prev_state=S ==> next_comm=kworker/0:2 next_pid=6725 next_prio=120
          <idle>-0     [000] dNh. 79667.224737: sched_wakeup: comm=3on6 pid=6229 prio=120 success=1 target_cpu=000
          <idle>-0     [000] d... 79667.224740: sched_switch: prev_comm=swapper/0 prev_pid=0 prev_prio=120 prev_state=R ==> next_comm=3on6 next_pid=6229 next_prio=120
            3on6-6229  [000] .... 79667.224743: sys_nanosleep -> 0x0
            3on6-6229  [000] d... 79667.224752: sched_wakeup: comm=kworker/0:2 pid=6725 prio=120 success=1 target_cpu=000
            3on6-6229  [000] .... 79667.224776: sys_nanosleep(rqtp: 7f5fa8582d40, rmtp: 7f5fa8582d40)
            3on6-6229  [000] d... 79667.224778: sched_switch: prev_comm=3on6 prev_pid=6229 prev_prio=120 prev_state=S ==> next_comm=kworker/0:2 next_pid=6725 next_prio=120
          <idle>-0     [000] dNh. 79668.225711: sched_wakeup: comm=3on6 pid=6211 prio=120 success=1 target_cpu=000
          <idle>-0     [000] d... 79668.225715: sched_switch: prev_comm=swapper/0 prev_pid=0 prev_prio=120 prev_state=R ==> next_comm=3on6 next_pid=6211 next_prio=120
            3on6-6211  [000] .... 79668.225717: sys_nanosleep -> 0x0
            3on6-6211  [000] d... 79668.225726: sched_wakeup: comm=kworker/0:2 pid=6725 prio=120 success=1 target_cpu=000
            3on6-6211  [000] .... 79668.225731: sys_futex(uaddr: 6024b8, op: 80, val: 2, utime: 0, uaddr2: 6024b8, val3: 0)
            3on6-6211  [000] d... 79668.225734: sched_switch: prev_comm=3on6 prev_pid=6211 prev_prio=120 prev_state=S ==> next_comm=kworker/0:2 next_pid=6725 next_prio=120
          <idle>-0     [000] dNh. 79669.225991: sched_wakeup: comm=3on6 pid=6220 prio=120 success=1 target_cpu=000
          <idle>-0     [000] d... 79669.225994: sched_switch: prev_comm=swapper/0 prev_pid=0 prev_prio=120 prev_state=R ==> next_comm=3on6 next_pid=6220 next_prio=120
            3on6-6220  [000] .... 79669.225997: sys_nanosleep -> 0x0
            3on6-6220  [000] d... 79669.226006: sched_wakeup: comm=kworker/0:2 pid=6725 prio=120 success=1 target_cpu=000
            3on6-6220  [000] .... 79669.226017: sys_nanosleep(rqtp: 7f5fa8d83d40, rmtp: 7f5fa8d83d40)
            3on6-6220  [000] d... 79669.226019: sched_switch: prev_comm=3on6 prev_pid=6220 prev_prio=120 prev_state=S ==> next_comm=kworker/0:2 next_pid=6725 next_prio=120
          <idle>-0     [000] dNh. 79671.227244: sched_wakeup: comm=3on6 pid=6229 prio=120 success=1 target_cpu=000
          <idle>-0     [000] d... 79671.227248: sched_switch: prev_comm=swapper/0 prev_pid=0 prev_prio=120 prev_state=R ==> next_comm=3on6 next_pid=6229 next_prio=120
            3on6-6229  [000] .... 79671.227252: sys_nanosleep -> 0x0
            3on6-6229  [000] d... 79671.227264: sched_wakeup: comm=kworker/0:2 pid=6725 prio=120 success=1 target_cpu=000
            3on6-6229  [000] .... 79671.227268: sys_futex(uaddr: 6024b8, op: 81, val: 1, utime: 0, uaddr2: 0, val3: 2)
            3on6-6229  [000] dN.. 79671.227272: sched_wakeup: comm=3on6 pid=6211 prio=120 success=1 target_cpu=000
            3on6-6229  [000] d... 79671.227273: sched_switch: prev_comm=3on6 prev_pid=6229 prev_prio=120 prev_state=R ==> next_comm=3on6 next_pid=6211 next_prio=120
            3on6-6211  [000] .... 79671.227275: sys_futex -> 0x0
            3on6-6211  [000] .... 79671.227284: sys_futex(uaddr: 6024b8, op: 81, val: 1, utime: 0, uaddr2: 0, val3: 0)
            3on6-6211  [000] .... 79671.227285: sys_futex -> 0x0
            3on6-6211  [000] .... 79671.227292: sys_nanosleep(rqtp: 7f5fa9584d40, rmtp: 7f5fa9584d40)
            3on6-6211  [000] d... 79671.227295: sched_switch: prev_comm=3on6 prev_pid=6211 prev_prio=120 prev_state=S ==> next_comm=3on6 next_pid=6229 next_prio=120
            3on6-6229  [000] .... 79671.227295: sys_futex -> 0x1
            3on6-6229  [000] .... 79671.227301: sys_nanosleep(rqtp: 7f5fa8582d40, rmtp: 7f5fa8582d40)
            3on6-6229  [000] d... 79671.227303: sched_switch: prev_comm=3on6 prev_pid=6229 prev_prio=120 prev_state=S ==> next_comm=kworker/0:2 next_pid=6725 next_prio=120
          <idle>-0     [000] dNh. 79672.227883: sched_wakeup: comm=3on6 pid=6220 prio=120 success=1 target_cpu=000
          <idle>-0     [000] d... 79672.227886: sched_switch: prev_comm=swapper/0 prev_pid=0 prev_prio=120 prev_state=R ==> next_comm=3on6 next_pid=6220 next_prio=120
            3on6-6220  [000] .... 79672.227888: sys_nanosleep -> 0x0
            3on6-6220  [000] d... 79672.227897: sched_wakeup: comm=kworker/0:2 pid=6725 prio=120 success=1 target_cpu=000
            3on6-6220  [000] .... 79672.227920: sys_nanosleep(rqtp: 7f5fa8d83d40, rmtp: 7f5fa8d83d40)
            3on6-6220  [000] d... 79672.227923: sched_switch: prev_comm=3on6 prev_pid=6220 prev_prio=120 prev_state=S ==> next_comm=kworker/0:2 next_pid=6725 next_prio=120
          <idle>-0     [000] dNh. 79672.227957: sched_wakeup: comm=3on6 pid=6229 prio=120 success=1 target_cpu=000
          <idle>-0     [000] d... 79672.227960: sched_switch: prev_comm=swapper/0 prev_pid=0 prev_prio=120 prev_state=R ==> next_comm=3on6 next_pid=6229 next_prio=120
            3on6-6229  [000] .... 79672.227962: sys_nanosleep -> 0x0
            3on6-6229  [000] d... 79672.227966: sched_wakeup: comm=kworker/0:2 pid=6725 prio=120 success=1 target_cpu=000
            3on6-6229  [000] .... 79672.227969: sys_futex(uaddr: 6024b8, op: 80, val: 2, utime: 0, uaddr2: 6024b8, val3: 2)
            3on6-6229  [000] d... 79672.227972: sched_switch: prev_comm=3on6 prev_pid=6229 prev_prio=120 prev_state=S ==> next_comm=kworker/0:2 next_pid=6725 next_prio=120
          <idle>-0     [000] dNh. 79674.229158: sched_wakeup: comm=3on6 pid=6211 prio=120 success=1 target_cpu=000
          <idle>-0     [000] d... 79674.229162: sched_switch: prev_comm=swapper/0 prev_pid=0 prev_prio=120 prev_state=R ==> next_comm=3on6 next_pid=6211 next_prio=120
            3on6-6211  [000] .... 79674.229166: sys_nanosleep -> 0x0
            3on6-6211  [000] d... 79674.229177: sched_wakeup: comm=kworker/0:2 pid=6725 prio=120 success=1 target_cpu=000
            3on6-6211  [000] .... 79674.229188: sys_nanosleep(rqtp: 7f5fa9584d40, rmtp: 7f5fa9584d40)
            3on6-6211  [000] d... 79674.229198: sched_switch: prev_comm=3on6 prev_pid=6211 prev_prio=120 prev_state=S ==> next_comm=kworker/0:2 next_pid=6725 next_prio=120
          <idle>-0     [000] dNh. 79675.229783: sched_wakeup: comm=3on6 pid=6220 prio=120 success=1 target_cpu=000
          <idle>-0     [000] d... 79675.229786: sched_switch: prev_comm=swapper/0 prev_pid=0 prev_prio=120 prev_state=R ==> next_comm=3on6 next_pid=6220 next_prio=120
            3on6-6220  [000] .... 79675.229790: sys_nanosleep -> 0x0
            3on6-6220  [000] d... 79675.229805: sched_wakeup: comm=kworker/0:2 pid=6725 prio=120 success=1 target_cpu=000
            3on6-6220  [000] .... 79675.229809: sys_futex(uaddr: 6024b8, op: 81, val: 1, utime: 0, uaddr2: 0, val3: 1)
            3on6-6220  [000] d... 79675.229813: sched_wakeup: comm=3on6 pid=6229 prio=120 success=1 target_cpu=000
            3on6-6220  [000] .... 79675.229813: sys_futex -> 0x1
            3on6-6220  [000] .... 79675.229821: sys_nanosleep(rqtp: 7f5fa8d83d40, rmtp: 7f5fa8d83d40)
            3on6-6220  [000] d... 79675.229823: sched_switch: prev_comm=3on6 prev_pid=6220 prev_prio=120 prev_state=S ==> next_comm=3on6 next_pid=6229 next_prio=120
            3on6-6229  [000] .... 79675.229826: sys_futex -> 0x0
            3on6-6229  [000] .... 79675.229832: sys_nanosleep(rqtp: 7f5fa8582d40, rmtp: 7f5fa8582d40)
            3on6-6229  [000] d... 79675.229834: sched_switch: prev_comm=3on6 prev_pid=6229 prev_prio=120 prev_state=S ==> next_comm=kworker/0:2 next_pid=6725 next_prio=120
          <idle>-0     [000] dNh. 79679.232289: sched_wakeup: comm=3on6 pid=6220 prio=120 success=1 target_cpu=000
          <idle>-0     [000] dNh. 79679.232291: sched_wakeup: comm=3on6 pid=6229 prio=120 success=1 target_cpu=000
          <idle>-0     [000] d... 79679.232295: sched_switch: prev_comm=swapper/0 prev_pid=0 prev_prio=120 prev_state=R ==> next_comm=3on6 next_pid=6220 next_prio=120
            3on6-6220  [000] .... 79679.232298: sys_nanosleep -> 0x0
            3on6-6220  [000] d... 79679.232311: sched_wakeup: comm=kworker/0:2 pid=6725 prio=120 success=1 target_cpu=000
            3on6-6220  [000] .... 79679.232322: sys_nanosleep(rqtp: 7f5fa8d83d40, rmtp: 7f5fa8d83d40)
            3on6-6220  [000] d... 79679.232325: sched_switch: prev_comm=3on6 prev_pid=6220 prev_prio=120 prev_state=S ==> next_comm=3on6 next_pid=6229 next_prio=120
            3on6-6229  [000] .... 79679.232327: sys_nanosleep -> 0x0
            3on6-6229  [000] .... 79679.232332: sys_futex(uaddr: 6024b8, op: 81, val: 1, utime: 0, uaddr2: 0, val3: 2)
            3on6-6229  [000] .... 79679.232333: sys_futex -> 0x0
            3on6-6229  [000] .... 79679.232345: sys_nanosleep(rqtp: 7f5fa8582d40, rmtp: 7f5fa8582d40)
            3on6-6229  [000] d... 79679.232347: sched_switch: prev_comm=3on6 prev_pid=6229 prev_prio=120 prev_state=S ==> next_comm=kworker/0:2 next_pid=6725 next_prio=120
          <idle>-0     [000] dNh. 79680.232979: sched_wakeup: comm=3on6 pid=6220 prio=120 success=1 target_cpu=000
          <idle>-0     [000] d... 79680.232983: sched_switch: prev_comm=swapper/0 prev_pid=0 prev_prio=120 prev_state=R ==> next_comm=3on6 next_pid=6220 next_prio=120
            3on6-6220  [000] .... 79680.232986: sys_nanosleep -> 0x0
            3on6-6220  [000] d... 79680.232995: sched_wakeup: comm=kworker/0:2 pid=6725 prio=120 success=1 target_cpu=000
            3on6-6220  [000] .... 79680.233005: sys_nanosleep(rqtp: 7f5fa8d83d40, rmtp: 7f5fa8d83d40)
            3on6-6220  [000] d... 79680.233008: sched_switch: prev_comm=3on6 prev_pid=6220 prev_prio=120 prev_state=S ==> next_comm=kworker/0:2 next_pid=6725 next_prio=120
          <idle>-0     [000] dNh. 79681.233664: sched_wakeup: comm=3on6 pid=6220 prio=120 success=1 target_cpu=000
          <idle>-0     [000] d... 79681.233668: sched_switch: prev_comm=swapper/0 prev_pid=0 prev_prio=120 prev_state=R ==> next_comm=3on6 next_pid=6220 next_prio=120
            3on6-6220  [000] .... 79681.233671: sys_nanosleep -> 0x0
            3on6-6220  [000] d... 79681.233680: sched_wakeup: comm=kworker/0:2 pid=6725 prio=120 success=1 target_cpu=000
            3on6-6220  [000] .... 79681.233690: sys_nanosleep(rqtp: 7f5fa8d83d40, rmtp: 7f5fa8d83d40)
            3on6-6220  [000] d... 79681.233692: sched_switch: prev_comm=3on6 prev_pid=6220 prev_prio=120 prev_state=S ==> next_comm=kworker/0:2 next_pid=6725 next_prio=120
          <idle>-0     [000] dNh. 79683.234813: sched_wakeup: comm=3on6 pid=6229 prio=120 success=1 target_cpu=000
          <idle>-0     [000] d... 79683.234816: sched_switch: prev_comm=swapper/0 prev_pid=0 prev_prio=120 prev_state=R ==> next_comm=3on6 next_pid=6229 next_prio=120
            3on6-6229  [000] .... 79683.234820: sys_nanosleep -> 0x0
            3on6-6229  [000] d... 79683.234833: sched_wakeup: comm=kworker/0:2 pid=6725 prio=120 success=1 target_cpu=000
            3on6-6229  [000] .... 79683.234845: sys_nanosleep(rqtp: 7f5fa8582d40, rmtp: 7f5fa8582d40)
            3on6-6229  [000] d... 79683.234847: sched_switch: prev_comm=3on6 prev_pid=6229 prev_prio=120 prev_state=S ==> next_comm=kworker/0:2 next_pid=6725 next_prio=120
          <idle>-0     [000] d... 79684.216229: sched_switch: prev_comm=swapper/0 prev_pid=0 prev_prio=120 prev_state=R ==> next_comm=rcuos/6 next_pid=14 next_prio=120
          <idle>-0     [000] dNh. 79684.235272: sched_wakeup: comm=3on6 pid=6211 prio=120 success=1 target_cpu=000
          <idle>-0     [000] d... 79684.235275: sched_switch: prev_comm=swapper/0 prev_pid=0 prev_prio=120 prev_state=R ==> next_comm=3on6 next_pid=6211 next_prio=120
            3on6-6211  [000] .... 79684.235279: sys_nanosleep -> 0x0
            3on6-6211  [000] d... 79684.235288: sched_wakeup: comm=kworker/0:2 pid=6725 prio=120 success=1 target_cpu=000
            3on6-6211  [000] .... 79684.235298: sys_nanosleep(rqtp: 7f5fa9584d40, rmtp: 7f5fa9584d40)
            3on6-6211  [000] d... 79684.235301: sched_switch: prev_comm=3on6 prev_pid=6211 prev_prio=120 prev_state=S ==> next_comm=kworker/0:2 next_pid=6725 next_prio=120
          <idle>-0     [000] dNh. 79684.235501: sched_wakeup: comm=3on6 pid=6229 prio=120 success=1 target_cpu=000
          <idle>-0     [000] d... 79684.235504: sched_switch: prev_comm=swapper/0 prev_pid=0 prev_prio=120 prev_state=R ==> next_comm=3on6 next_pid=6229 next_prio=120
            3on6-6229  [000] .... 79684.235506: sys_nanosleep -> 0x0
            3on6-6229  [000] d... 79684.235511: sched_wakeup: comm=kworker/0:2 pid=6725 prio=120 success=1 target_cpu=000
            3on6-6229  [000] .... 79684.235519: sys_nanosleep(rqtp: 7f5fa8582d40, rmtp: 7f5fa8582d40)
            3on6-6229  [000] d... 79684.235521: sched_switch: prev_comm=3on6 prev_pid=6229 prev_prio=120 prev_state=S ==> next_comm=kworker/0:2 next_pid=6725 next_prio=120
          <idle>-0     [000] dNh. 79685.235959: sched_wakeup: comm=3on6 pid=6211 prio=120 success=1 target_cpu=000
          <idle>-0     [000] d... 79685.235962: sched_switch: prev_comm=swapper/0 prev_pid=0 prev_prio=120 prev_state=R ==> next_comm=3on6 next_pid=6211 next_prio=120
            3on6-6211  [000] .... 79685.235964: sys_nanosleep -> 0x0
            3on6-6211  [000] d... 79685.235975: sched_wakeup: comm=kworker/0:2 pid=6725 prio=120 success=1 target_cpu=000
            3on6-6211  [000] .... 79685.235980: sys_futex(uaddr: 6024e0, op: 80, val: 2, utime: 0, uaddr2: 6024e0, val3: 0)
            3on6-6211  [000] d... 79685.235984: sched_switch: prev_comm=3on6 prev_pid=6211 prev_prio=120 prev_state=S ==> next_comm=kworker/0:2 next_pid=6725 next_prio=120
          <idle>-0     [000] dNh. 79685.236155: sched_wakeup: comm=3on6 pid=6220 prio=120 success=1 target_cpu=000
          <idle>-0     [000] d... 79685.236158: sched_switch: prev_comm=swapper/0 prev_pid=0 prev_prio=120 prev_state=R ==> next_comm=3on6 next_pid=6220 next_prio=120
            3on6-6220  [000] .... 79685.236160: sys_nanosleep -> 0x0
            3on6-6220  [000] d... 79685.236166: sched_wakeup: comm=kworker/0:2 pid=6725 prio=120 success=1 target_cpu=000
            3on6-6220  [000] .... 79685.236176: sys_nanosleep(rqtp: 7f5fa8d83d40, rmtp: 7f5fa8d83d40)
            3on6-6220  [000] d... 79685.236178: sched_switch: prev_comm=3on6 prev_pid=6220 prev_prio=120 prev_state=S ==> next_comm=kworker/0:2 next_pid=6725 next_prio=120
          <idle>-0     [000] dNh. 79686.236835: sched_wakeup: comm=3on6 pid=6220 prio=120 success=1 target_cpu=000
          <idle>-0     [000] d... 79686.236838: sched_switch: prev_comm=swapper/0 prev_pid=0 prev_prio=120 prev_state=R ==> next_comm=3on6 next_pid=6220 next_prio=120
            3on6-6220  [000] .... 79686.236842: sys_nanosleep -> 0x0
            3on6-6220  [000] d... 79686.236851: sched_wakeup: comm=kworker/0:2 pid=6725 prio=120 success=1 target_cpu=000
            3on6-6220  [000] .... 79686.236856: sys_futex(uaddr: 6024e0, op: 80, val: 2, utime: 0, uaddr2: 6024e0, val3: 1)
            3on6-6220  [000] d... 79686.236860: sched_switch: prev_comm=3on6 prev_pid=6220 prev_prio=120 prev_state=S ==> next_comm=kworker/0:2 next_pid=6725 next_prio=120
          <idle>-0     [000] dNh. 79688.237986: sched_wakeup: comm=3on6 pid=6229 prio=120 success=1 target_cpu=000
          <idle>-0     [000] d... 79688.237990: sched_switch: prev_comm=swapper/0 prev_pid=0 prev_prio=120 prev_state=R ==> next_comm=3on6 next_pid=6229 next_prio=120
            3on6-6229  [000] .... 79688.237994: sys_nanosleep -> 0x0
            3on6-6229  [000] d... 79688.238005: sched_wakeup: comm=kworker/0:2 pid=6725 prio=120 success=1 target_cpu=000
            3on6-6229  [000] .... 79688.238009: sys_futex(uaddr: 6024e0, op: 81, val: 1, utime: 0, uaddr2: 0, val3: 2)
            3on6-6229  [000] dN.. 79688.238014: sched_wakeup: comm=3on6 pid=6211 prio=120 success=1 target_cpu=000
            3on6-6229  [000] d... 79688.238015: sched_switch: prev_comm=3on6 prev_pid=6229 prev_prio=120 prev_state=R ==> next_comm=3on6 next_pid=6211 next_prio=120
            3on6-6211  [000] .... 79688.238017: sys_futex -> 0x0
            3on6-6211  [000] .... 79688.238025: sys_nanosleep(rqtp: 7f5fa9584d40, rmtp: 7f5fa9584d40)
            3on6-6211  [000] d... 79688.238028: sched_switch: prev_comm=3on6 prev_pid=6211 prev_prio=120 prev_state=S ==> next_comm=3on6 next_pid=6229 next_prio=120
            3on6-6229  [000] .... 79688.238029: sys_futex -> 0x1
            3on6-6229  [000] .... 79688.238035: sys_nanosleep(rqtp: 7f5fa8582d40, rmtp: 7f5fa8582d40)
            3on6-6229  [000] d... 79688.238037: sched_switch: prev_comm=3on6 prev_pid=6229 prev_prio=120 prev_state=S ==> next_comm=kworker/0:2 next_pid=6725 next_prio=120
          <idle>-0     [000] dNh. 79690.239288: sched_wakeup: comm=3on6 pid=6211 prio=120 success=1 target_cpu=000
          <idle>-0     [000] d... 79690.239291: sched_switch: prev_comm=swapper/0 prev_pid=0 prev_prio=120 prev_state=R ==> next_comm=3on6 next_pid=6211 next_prio=120
            3on6-6211  [000] .... 79690.239294: sys_nanosleep -> 0x0
            3on6-6211  [000] d... 79690.239306: sched_wakeup: comm=kworker/0:2 pid=6725 prio=120 success=1 target_cpu=000
            3on6-6211  [000] .... 79690.239310: sys_futex(uaddr: 6024e0, op: 81, val: 1, utime: 0, uaddr2: 0, val3: 0)
            3on6-6211  [000] d... 79690.239314: sched_wakeup: comm=3on6 pid=6220 prio=120 success=1 target_cpu=000
            3on6-6211  [000] .... 79690.239315: sys_futex -> 0x1
            3on6-6211  [000] .... 79690.239323: sys_nanosleep(rqtp: 7f5fa9584d40, rmtp: 7f5fa9584d40)
            3on6-6211  [000] d... 79690.239325: sched_switch: prev_comm=3on6 prev_pid=6211 prev_prio=120 prev_state=S ==> next_comm=3on6 next_pid=6220 next_prio=120
            3on6-6220  [000] .... 79690.239328: sys_futex -> 0x0
            3on6-6220  [000] .... 79690.239335: sys_nanosleep(rqtp: 7f5fa8d83d40, rmtp: 7f5fa8d83d40)
            3on6-6220  [000] d... 79690.239337: sched_switch: prev_comm=3on6 prev_pid=6220 prev_prio=120 prev_state=S ==> next_comm=kworker/0:2 next_pid=6725 next_prio=120
          <idle>-0     [000] dNh. 79692.240503: sched_wakeup: comm=3on6 pid=6229 prio=120 success=1 target_cpu=000
          <idle>-0     [000] d... 79692.240506: sched_switch: prev_comm=swapper/0 prev_pid=0 prev_prio=120 prev_state=R ==> next_comm=3on6 next_pid=6229 next_prio=120
            3on6-6229  [000] .... 79692.240510: sys_nanosleep -> 0x0
            3on6-6229  [000] d... 79692.240522: sched_wakeup: comm=kworker/0:2 pid=6725 prio=120 success=1 target_cpu=000
            3on6-6229  [000] .... 79692.240533: sys_nanosleep(rqtp: 7f5fa8582d40, rmtp: 7f5fa8582d40)
            3on6-6229  [000] d... 79692.240536: sched_switch: prev_comm=3on6 prev_pid=6229 prev_prio=120 prev_state=S ==> next_comm=kworker/0:2 next_pid=6725 next_prio=120
          <idle>-0     [000] dNh. 79694.241791: sched_wakeup: comm=3on6 pid=6211 prio=120 success=1 target_cpu=000
          <idle>-0     [000] dNh. 79694.241794: sched_wakeup: comm=3on6 pid=6229 prio=120 success=1 target_cpu=000
          <idle>-0     [000] dNh. 79694.241796: sched_wakeup: comm=3on6 pid=6220 prio=120 success=1 target_cpu=000
          <idle>-0     [000] d... 79694.241800: sched_switch: prev_comm=swapper/0 prev_pid=0 prev_prio=120 prev_state=R ==> next_comm=3on6 next_pid=6211 next_prio=120
            3on6-6211  [000] .... 79694.241803: sys_nanosleep -> 0x0
            3on6-6211  [000] d... 79694.241815: sched_wakeup: comm=kworker/0:2 pid=6725 prio=120 success=1 target_cpu=000
            3on6-6211  [000] .... 79694.241819: sys_futex(uaddr: 602508, op: 80, val: 2, utime: 0, uaddr2: 602508, val3: 0)
            3on6-6211  [000] d... 79694.241824: sched_switch: prev_comm=3on6 prev_pid=6211 prev_prio=120 prev_state=S ==> next_comm=3on6 next_pid=6220 next_prio=120
            3on6-6220  [000] .... 79694.241826: sys_nanosleep -> 0x0
            3on6-6220  [000] .... 79694.241831: sys_futex(uaddr: 6024e0, op: 81, val: 1, utime: 0, uaddr2: 0, val3: 1)
            3on6-6220  [000] .... 79694.241832: sys_futex -> 0x0
            3on6-6220  [000] .... 79694.241839: sys_nanosleep(rqtp: 7f5fa8d83d40, rmtp: 7f5fa8d83d40)
            3on6-6220  [000] d... 79694.241841: sched_switch: prev_comm=3on6 prev_pid=6220 prev_prio=120 prev_state=S ==> next_comm=3on6 next_pid=6229 next_prio=120
            3on6-6229  [000] .... 79694.241843: sys_nanosleep -> 0x0
            3on6-6229  [000] .... 79694.241847: sys_futex(uaddr: 602508, op: 81, val: 1, utime: 0, uaddr2: 0, val3: 2)
            3on6-6229  [000] dN.. 79694.241850: sched_wakeup: comm=3on6 pid=6211 prio=120 success=1 target_cpu=000
            3on6-6229  [000] d... 79694.241851: sched_switch: prev_comm=3on6 prev_pid=6229 prev_prio=120 prev_state=R ==> next_comm=3on6 next_pid=6211 next_prio=120
            3on6-6211  [000] .... 79694.241852: sys_futex -> 0x0
            3on6-6211  [000] .... 79694.241857: sys_nanosleep(rqtp: 7f5fa9584d40, rmtp: 7f5fa9584d40)
            3on6-6211  [000] d... 79694.241859: sched_switch: prev_comm=3on6 prev_pid=6211 prev_prio=120 prev_state=S ==> next_comm=3on6 next_pid=6229 next_prio=120
            3on6-6229  [000] .... 79694.241860: sys_futex -> 0x1
            3on6-6229  [000] .... 79694.241865: sys_nanosleep(rqtp: 7f5fa8582d40, rmtp: 7f5fa8582d40)
            3on6-6229  [000] d... 79694.241867: sched_switch: prev_comm=3on6 prev_pid=6229 prev_prio=120 prev_state=S ==> next_comm=kworker/0:2 next_pid=6725 next_prio=120
          <idle>-0     [000] dNh. 79695.242515: sched_wakeup: comm=3on6 pid=6211 prio=120 success=1 target_cpu=000
          <idle>-0     [000] d... 79695.242519: sched_switch: prev_comm=swapper/0 prev_pid=0 prev_prio=120 prev_state=R ==> next_comm=3on6 next_pid=6211 next_prio=120
            3on6-6211  [000] .... 79695.242522: sys_nanosleep -> 0x0
            3on6-6211  [000] d... 79695.242531: sched_wakeup: comm=kworker/0:2 pid=6725 prio=120 success=1 target_cpu=000
            3on6-6211  [000] .... 79695.242535: sys_futex(uaddr: 602508, op: 81, val: 1, utime: 0, uaddr2: 0, val3: 0)
            3on6-6211  [000] .... 79695.242537: sys_futex -> 0x0
            3on6-6211  [000] .... 79695.242544: sys_nanosleep(rqtp: 7f5fa9584d40, rmtp: 7f5fa9584d40)
            3on6-6211  [000] d... 79695.242546: sched_switch: prev_comm=3on6 prev_pid=6211 prev_prio=120 prev_state=S ==> next_comm=kworker/0:2 next_pid=6725 next_prio=120
          <idle>-0     [000] dNh. 79696.243101: sched_wakeup: comm=3on6 pid=6220 prio=120 success=1 target_cpu=000
          <idle>-0     [000] dNh. 79696.243103: sched_wakeup: comm=3on6 pid=6229 prio=120 success=1 target_cpu=000
          <idle>-0     [000] d... 79696.243106: sched_switch: prev_comm=swapper/0 prev_pid=0 prev_prio=120 prev_state=R ==> next_comm=3on6 next_pid=6220 next_prio=120
            3on6-6220  [000] .... 79696.243108: sys_nanosleep -> 0x0
            3on6-6220  [000] d... 79696.243118: sched_wakeup: comm=kworker/0:2 pid=6725 prio=120 success=1 target_cpu=000
            3on6-6220  [000] .... 79696.243128: sys_nanosleep(rqtp: 7f5fa8d83d40, rmtp: 7f5fa8d83d40)
            3on6-6220  [000] d... 79696.243130: sched_switch: prev_comm=3on6 prev_pid=6220 prev_prio=120 prev_state=S ==> next_comm=3on6 next_pid=6229 next_prio=120
            3on6-6229  [000] .... 79696.243132: sys_nanosleep -> 0x0
            3on6-6229  [000] .... 79696.243137: sys_futex(uaddr: 602490, op: 80, val: 2, utime: 0, uaddr2: 602490, val3: 2)
            3on6-6229  [000] d... 79696.243140: sched_switch: prev_comm=3on6 prev_pid=6229 prev_prio=120 prev_state=S ==> next_comm=kworker/0:2 next_pid=6725 next_prio=120
          <idle>-0     [000] dNh. 79696.243200: sched_wakeup: comm=3on6 pid=6211 prio=120 success=1 target_cpu=000
          <idle>-0     [000] d... 79696.243203: sched_switch: prev_comm=swapper/0 prev_pid=0 prev_prio=120 prev_state=R ==> next_comm=3on6 next_pid=6211 next_prio=120
            3on6-6211  [000] .... 79696.243204: sys_nanosleep -> 0x0
            3on6-6211  [000] d... 79696.243209: sched_wakeup: comm=kworker/0:2 pid=6725 prio=120 success=1 target_cpu=000
            3on6-6211  [000] .... 79696.243217: sys_nanosleep(rqtp: 7f5fa9584d40, rmtp: 7f5fa9584d40)
            3on6-6211  [000] d... 79696.243219: sched_switch: prev_comm=3on6 prev_pid=6211 prev_prio=120 prev_state=S ==> next_comm=kworker/0:2 next_pid=6725 next_prio=120
          <idle>-0     [000] dNh. 79700.245684: sched_wakeup: comm=3on6 pid=6211 prio=120 success=1 target_cpu=000
          <idle>-0     [000] d... 79700.245688: sched_switch: prev_comm=swapper/0 prev_pid=0 prev_prio=120 prev_state=R ==> next_comm=3on6 next_pid=6211 next_prio=120
            3on6-6211  [000] .... 79700.245690: sys_nanosleep -> 0x0
            3on6-6211  [000] d... 79700.245702: sched_wakeup: comm=kworker/0:2 pid=6725 prio=120 success=1 target_cpu=000
            3on6-6211  [000] .... 79700.245714: sys_nanosleep(rqtp: 7f5fa9584d40, rmtp: 7f5fa9584d40)
            3on6-6211  [000] d... 79700.245716: sched_switch: prev_comm=3on6 prev_pid=6211 prev_prio=120 prev_state=S ==> next_comm=kworker/0:2 next_pid=6725 next_prio=120
          <idle>-0     [000] dNh. 79703.247578: sched_wakeup: comm=3on6 pid=6211 prio=120 success=1 target_cpu=000
          <idle>-0     [000] d... 79703.247581: sched_switch: prev_comm=swapper/0 prev_pid=0 prev_prio=120 prev_state=R ==> next_comm=3on6 next_pid=6211 next_prio=120
            3on6-6211  [000] .... 79703.247584: sys_nanosleep -> 0x0
            3on6-6211  [000] d... 79703.247596: sched_wakeup: comm=kworker/0:2 pid=6725 prio=120 success=1 target_cpu=000
            3on6-6211  [000] .... 79703.247620: sys_nanosleep(rqtp: 7f5fa9584d40, rmtp: 7f5fa9584d40)
            3on6-6211  [000] d... 79703.247623: sched_switch: prev_comm=3on6 prev_pid=6211 prev_prio=120 prev_state=S ==> next_comm=kworker/0:2 next_pid=6725 next_prio=120
          <idle>-0     [000] d... 79704.262295: sched_switch: prev_comm=swapper/0 prev_pid=0 prev_prio=120 prev_state=R ==> next_comm=rcu_sched next_pid=7 next_prio=120
          <idle>-0     [000] dNh. 79706.249210: sched_wakeup: comm=3on6 pid=6220 prio=120 success=1 target_cpu=000
          <idle>-0     [000] d... 79706.249215: sched_switch: prev_comm=swapper/0 prev_pid=0 prev_prio=120 prev_state=R ==> next_comm=3on6 next_pid=6220 next_prio=120
            3on6-6220  [000] .... 79706.249219: sys_nanosleep -> 0x0
            3on6-6220  [000] d... 79706.249232: sched_wakeup: comm=kworker/0:2 pid=6725 prio=120 success=1 target_cpu=000
            3on6-6220  [000] .... 79706.249237: sys_futex(uaddr: 602490, op: 81, val: 1, utime: 0, uaddr2: 0, val3: 1)
            3on6-6220  [000] d... 79706.249241: sched_wakeup: comm=3on6 pid=6229 prio=120 success=1 target_cpu=000
            3on6-6220  [000] .... 79706.249241: sys_futex -> 0x1
            3on6-6220  [000] .... 79706.249249: sys_nanosleep(rqtp: 7f5fa8d83d40, rmtp: 7f5fa8d83d40)
            3on6-6220  [000] d... 79706.249252: sched_switch: prev_comm=3on6 prev_pid=6220 prev_prio=120 prev_state=S ==> next_comm=3on6 next_pid=6229 next_prio=120
            3on6-6229  [000] .... 79706.249254: sys_futex -> 0x0
            3on6-6229  [000] .... 79706.249260: sys_nanosleep(rqtp: 7f5fa8582d40, rmtp: 7f5fa8582d40)
            3on6-6229  [000] d... 79706.249262: sched_switch: prev_comm=3on6 prev_pid=6229 prev_prio=120 prev_state=S ==> next_comm=kworker/0:2 next_pid=6725 next_prio=120
          <idle>-0     [000] d... 79707.456220: sched_switch: prev_comm=swapper/0 prev_pid=0 prev_prio=120 prev_state=R ==> next_comm=rcu_sched next_pid=7 next_prio=120
            tmux-2397  [000] dNh. 79709.251113: sched_wakeup: comm=3on6 pid=6220 prio=120 success=1 target_cpu=000
            tmux-2397  [000] d... 79709.251117: sched_switch: prev_comm=tmux prev_pid=2397 prev_prio=120 prev_state=R ==> next_comm=3on6 next_pid=6220 next_prio=120
            3on6-6220  [000] .... 79709.251120: sys_nanosleep -> 0x0
            3on6-6220  [000] d... 79709.251133: sched_wakeup: comm=kworker/0:2 pid=6725 prio=120 success=1 target_cpu=000
            3on6-6220  [000] .... 79709.251151: sys_nanosleep(rqtp: 7f5fa8d83d40, rmtp: 7f5fa8d83d40)
            3on6-6220  [000] d... 79709.251155: sched_switch: prev_comm=3on6 prev_pid=6220 prev_prio=120 prev_state=S ==> next_comm=kworker/0:2 next_pid=6725 next_prio=120
          <idle>-0     [000] dNh. 79710.251727: sched_wakeup: comm=3on6 pid=6229 prio=120 success=1 target_cpu=000
          <idle>-0     [000] d... 79710.251732: sched_switch: prev_comm=swapper/0 prev_pid=0 prev_prio=120 prev_state=R ==> next_comm=3on6 next_pid=6229 next_prio=120
            3on6-6229  [000] .... 79710.251736: sys_nanosleep -> 0x0
            3on6-6229  [000] d... 79710.251746: sched_wakeup: comm=kworker/0:2 pid=6725 prio=120 success=1 target_cpu=000
            3on6-6229  [000] .... 79710.251750: sys_futex(uaddr: 602490, op: 81, val: 1, utime: 0, uaddr2: 0, val3: 2)
            3on6-6229  [000] .... 79710.251751: sys_futex -> 0x0
            3on6-6229  [000] .... 79710.251758: sys_nanosleep(rqtp: 7f5fa8582d40, rmtp: 7f5fa8582d40)
            3on6-6229  [000] d... 79710.251760: sched_switch: prev_comm=3on6 prev_pid=6229 prev_prio=120 prev_state=S ==> next_comm=kworker/0:2 next_pid=6725 next_prio=120
          <idle>-0     [000] d... 79712.456229: sched_switch: prev_comm=swapper/0 prev_pid=0 prev_prio=120 prev_state=R ==> next_comm=rcu_sched next_pid=7 next_prio=120
          <idle>-0     [000] dNh. 79713.253618: sched_wakeup: comm=3on6 pid=6220 prio=120 success=1 target_cpu=000
          <idle>-0     [000] dNh. 79713.253620: sched_wakeup: comm=3on6 pid=6229 prio=120 success=1 target_cpu=000
          <idle>-0     [000] d... 79713.253624: sched_switch: prev_comm=swapper/0 prev_pid=0 prev_prio=120 prev_state=R ==> next_comm=3on6 next_pid=6220 next_prio=120
            3on6-6220  [000] .... 79713.253626: sys_nanosleep -> 0x0
            3on6-6220  [000] d... 79713.253638: sched_wakeup: comm=kworker/0:2 pid=6725 prio=120 success=1 target_cpu=000
            3on6-6220  [000] .... 79713.253648: sys_nanosleep(rqtp: 7f5fa8d83d40, rmtp: 7f5fa8d83d40)
            3on6-6220  [000] d... 79713.253651: sched_switch: prev_comm=3on6 prev_pid=6220 prev_prio=120 prev_state=S ==> next_comm=3on6 next_pid=6229 next_prio=120
            3on6-6229  [000] .... 79713.253653: sys_nanosleep -> 0x0
            3on6-6229  [000] .... 79713.253662: sys_nanosleep(rqtp: 7f5fa8582d40, rmtp: 7f5fa8582d40)
            3on6-6229  [000] d... 79713.253664: sched_switch: prev_comm=3on6 prev_pid=6229 prev_prio=120 prev_state=S ==> next_comm=kworker/0:2 next_pid=6725 next_prio=120
          <idle>-0     [000] dNh. 79713.253701: sched_wakeup: comm=3on6 pid=6211 prio=120 success=1 target_cpu=000
          <idle>-0     [000] d... 79713.253705: sched_switch: prev_comm=swapper/0 prev_pid=0 prev_prio=120 prev_state=R ==> next_comm=3on6 next_pid=6211 next_prio=120
            3on6-6211  [000] .... 79713.253707: sys_nanosleep -> 0x0
            3on6-6211  [000] d... 79713.253712: sched_wakeup: comm=kworker/0:2 pid=6725 prio=120 success=1 target_cpu=000
            3on6-6211  [000] .... 79713.253721: sys_nanosleep(rqtp: 7f5fa9584d40, rmtp: 7f5fa9584d40)
            3on6-6211  [000] d... 79713.253723: sched_switch: prev_comm=3on6 prev_pid=6211 prev_prio=120 prev_state=S ==> next_comm=kworker/0:2 next_pid=6725 next_prio=120
          <idle>-0     [000] d... 79713.262292: sched_switch: prev_comm=swapper/0 prev_pid=0 prev_prio=120 prev_state=R ==> next_comm=cut next_pid=7722 next_prio=120
          <idle>-0     [000] dNh. 79715.254986: sched_wakeup: comm=3on6 pid=6211 prio=120 success=1 target_cpu=000
          <idle>-0     [000] d... 79715.254990: sched_switch: prev_comm=swapper/0 prev_pid=0 prev_prio=120 prev_state=R ==> next_comm=3on6 next_pid=6211 next_prio=120
            3on6-6211  [000] .... 79715.254994: sys_nanosleep -> 0x0
            3on6-6211  [000] d... 79715.255005: sched_wakeup: comm=kworker/0:2 pid=6725 prio=120 success=1 target_cpu=000
            3on6-6211  [000] .... 79715.255009: sys_futex(uaddr: 602490, op: 80, val: 2, utime: 0, uaddr2: 602490, val3: 0)
            3on6-6211  [000] d... 79715.255012: sched_switch: prev_comm=3on6 prev_pid=6211 prev_prio=120 prev_state=S ==> next_comm=kworker/0:2 next_pid=6725 next_prio=120
          <idle>-0     [000] dNh. 79716.255516: sched_wakeup: comm=3on6 pid=6220 prio=120 success=1 target_cpu=000
          <idle>-0     [000] dNh. 79716.255518: sched_wakeup: comm=3on6 pid=6229 prio=120 success=1 target_cpu=000
          <idle>-0     [000] d... 79716.255522: sched_switch: prev_comm=swapper/0 prev_pid=0 prev_prio=120 prev_state=R ==> next_comm=3on6 next_pid=6220 next_prio=120
            3on6-6220  [000] .... 79716.255526: sys_nanosleep -> 0x0
            3on6-6220  [000] d... 79716.255535: sched_wakeup: comm=kworker/0:2 pid=6725 prio=120 success=1 target_cpu=000
            3on6-6220  [000] .... 79716.255546: sys_nanosleep(rqtp: 7f5fa8d83d40, rmtp: 7f5fa8d83d40)
            3on6-6220  [000] d... 79716.255549: sched_switch: prev_comm=3on6 prev_pid=6220 prev_prio=120 prev_state=S ==> next_comm=3on6 next_pid=6229 next_prio=120
            3on6-6229  [000] .... 79716.255551: sys_nanosleep -> 0x0
            3on6-6229  [000] .... 79716.255555: sys_futex(uaddr: 602490, op: 81, val: 1, utime: 0, uaddr2: 0, val3: 2)
            3on6-6229  [000] dN.. 79716.255558: sched_wakeup: comm=3on6 pid=6211 prio=120 success=1 target_cpu=000
            3on6-6229  [000] d... 79716.255559: sched_switch: prev_comm=3on6 prev_pid=6229 prev_prio=120 prev_state=R ==> next_comm=3on6 next_pid=6211 next_prio=120
            3on6-6211  [000] .... 79716.255561: sys_futex -> 0x0
            3on6-6211  [000] .... 79716.255567: sys_nanosleep(rqtp: 7f5fa9584d40, rmtp: 7f5fa9584d40)
            3on6-6211  [000] d... 79716.255569: sched_switch: prev_comm=3on6 prev_pid=6211 prev_prio=120 prev_state=S ==> next_comm=3on6 next_pid=6229 next_prio=120
            3on6-6229  [000] .... 79716.255569: sys_futex -> 0x1
            3on6-6229  [000] .... 79716.255575: sys_nanosleep(rqtp: 7f5fa8582d40, rmtp: 7f5fa8582d40)
            3on6-6229  [000] d... 79716.255576: sched_switch: prev_comm=3on6 prev_pid=6229 prev_prio=120 prev_state=S ==> next_comm=kworker/0:2 next_pid=6725 next_prio=120
          <idle>-0     [000] dNh. 79717.256227: sched_wakeup: comm=3on6 pid=6211 prio=120 success=1 target_cpu=000
          <idle>-0     [000] d... 79717.256231: sched_switch: prev_comm=swapper/0 prev_pid=0 prev_prio=120 prev_state=R ==> next_comm=3on6 next_pid=6211 next_prio=120
            3on6-6211  [000] .... 79717.256233: sys_nanosleep -> 0x0
            3on6-6211  [000] d... 79717.256242: sched_wakeup: comm=kworker/0:2 pid=6725 prio=120 success=1 target_cpu=000
            3on6-6211  [000] .... 79717.256246: sys_futex(uaddr: 602490, op: 81, val: 1, utime: 0, uaddr2: 0, val3: 0)
            3on6-6211  [000] .... 79717.256247: sys_futex -> 0x0
            3on6-6211  [000] .... 79717.256254: sys_nanosleep(rqtp: 7f5fa9584d40, rmtp: 7f5fa9584d40)
            3on6-6211  [000] d... 79717.256256: sched_switch: prev_comm=3on6 prev_pid=6211 prev_prio=120 prev_state=S ==> next_comm=kworker/0:2 next_pid=6725 next_prio=120
          <idle>-0     [000] dNh. 79718.256810: sched_wakeup: comm=3on6 pid=6220 prio=120 success=1 target_cpu=000
          <idle>-0     [000] d... 79718.256813: sched_switch: prev_comm=swapper/0 prev_pid=0 prev_prio=120 prev_state=R ==> next_comm=3on6 next_pid=6220 next_prio=120
            3on6-6220  [000] .... 79718.256815: sys_nanosleep -> 0x0
            3on6-6220  [000] d... 79718.256825: sched_wakeup: comm=kworker/0:2 pid=6725 prio=120 success=1 target_cpu=000
            3on6-6220  [000] .... 79718.256835: sys_nanosleep(rqtp: 7f5fa8d83d40, rmtp: 7f5fa8d83d40)
            3on6-6220  [000] d... 79718.256837: sched_switch: prev_comm=3on6 prev_pid=6220 prev_prio=120 prev_state=S ==> next_comm=kworker/0:2 next_pid=6725 next_prio=120
          <idle>-0     [000] dNh. 79720.258045: sched_wakeup: comm=3on6 pid=6229 prio=120 success=1 target_cpu=000
          <idle>-0     [000] d... 79720.258050: sched_switch: prev_comm=swapper/0 prev_pid=0 prev_prio=120 prev_state=R ==> next_comm=3on6 next_pid=6229 next_prio=120
            3on6-6229  [000] .... 79720.258054: sys_nanosleep -> 0x0
            3on6-6229  [000] d... 79720.258069: sched_wakeup: comm=kworker/0:2 pid=6725 prio=120 success=1 target_cpu=000
            3on6-6229  [000] .... 79720.258074: sys_futex(uaddr: 602508, op: 80, val: 2, utime: 0, uaddr2: 602508, val3: 2)
            3on6-6229  [000] d... 79720.258077: sched_switch: prev_comm=3on6 prev_pid=6229 prev_prio=120 prev_state=S ==> next_comm=kworker/0:2 next_pid=6725 next_prio=120
          <idle>-0     [000] dNh. 79721.258723: sched_wakeup: comm=3on6 pid=6211 prio=120 success=1 target_cpu=000
          <idle>-0     [000] d... 79721.258726: sched_switch: prev_comm=swapper/0 prev_pid=0 prev_prio=120 prev_state=R ==> next_comm=3on6 next_pid=6211 next_prio=120
            3on6-6211  [000] .... 79721.258729: sys_nanosleep -> 0x0
            3on6-6211  [000] d... 79721.258739: sched_wakeup: comm=kworker/0:2 pid=6725 prio=120 success=1 target_cpu=000
            3on6-6211  [000] .... 79721.258750: sys_nanosleep(rqtp: 7f5fa9584d40, rmtp: 7f5fa9584d40)
