          <idle>-0     [000] dNs. 577973.206750: sched_wakeup: comm=kworker/0:1 pid=1492 prio=120 success=1 target_cpu=000
          <idle>-0     [000] dNs. 577973.206754: sched_wakeup: comm=kworker/u16:0 pid=8656 prio=120 success=1 target_cpu=001
          <idle>-0     [000] dNh. 577973.226358: sched_wakeup: comm=gmain pid=20788 prio=120 success=1 target_cpu=000
          <idle>-0     [000] dNs. 577973.233767: sched_wakeup: comm=kworker/0:1 pid=1492 prio=120 success=1 target_cpu=000
          <idle>-0     [000] dNs. 577973.233769: sched_wakeup: comm=rcu_sched pid=7 prio=120 success=1 target_cpu=001
          <idle>-0     [000] dNs. 577973.321820: sched_wakeup: comm=kworker/0:1 pid=1492 prio=120 success=1 target_cpu=000
          <idle>-0     [000] dNs. 577973.321823: sched_wakeup: comm=rcu_sched pid=7 prio=120 success=1 target_cpu=001
          <idle>-0     [000] dNs. 577973.822121: sched_wakeup: comm=kworker/0:1 pid=1492 prio=120 success=1 target_cpu=000
          <idle>-0     [000] dNs. 577973.822126: sched_wakeup: comm=rcu_sched pid=7 prio=120 success=1 target_cpu=001
           <...>-9554  [000] dNs. 577974.041258: sched_wakeup: comm=kworker/0:1 pid=1492 prio=120 success=1 target_cpu=000
           <...>-9554  [000] d.s. 577974.042259: sched_wakeup: comm=rcu_sched pid=7 prio=120 success=1 target_cpu=001
           <...>-9554  [000] d... 577974.042637: sched_wakeup_new: comm=sh pid=9557 prio=120 success=1 target_cpu=007
           <...>-9554  [000] d... 577974.042799: sched_wakeup_new: comm=sh pid=9558 prio=120 success=1 target_cpu=001
           <...>-9554  [000] d... 577974.042937: sched_wakeup_new: comm=sh pid=9560 prio=120 success=1 target_cpu=007
           <...>-9560  [000] .... 577974.045229: sched_process_exit: comm=cut pid=9560 prio=120
           <...>-9560  [000] d... 577974.045247: sched_wakeup: comm=sh pid=9554 prio=120 success=1 target_cpu=002
           <...>-9565  [000] dNs. 577974.049263: sched_wakeup: comm=kworker/0:1 pid=1492 prio=120 success=1 target_cpu=000
     kworker/0:1-1492  [000] d... 577974.049314: sched_wakeup: comm=kworker/2:0 pid=8744 prio=120 success=1 target_cpu=002
           <...>-9565  [000] d... 577974.049357: sched_wakeup: comm=cut pid=9567 prio=120 success=1 target_cpu=005
           <...>-9565  [000] .... 577974.050070: sched_process_exit: comm=cut pid=9565 prio=120
           <...>-9565  [000] d... 577974.050089: sched_wakeup: comm=sh pid=9559 prio=120 success=1 target_cpu=002
         rcuos/6-14    [000] d... 577974.054278: sched_wakeup: comm=rcuos/7 pid=15 prio=120 success=1 target_cpu=003
          <idle>-0     [000] dNs. 577974.063270: sched_wakeup: comm=kworker/0:1 pid=1492 prio=120 success=1 target_cpu=000
          <idle>-0     [000] dNs. 577974.063272: sched_wakeup: comm=rcu_sched pid=7 prio=120 success=1 target_cpu=001
         rcuos/0-8     [000] d... 577974.075296: sched_wakeup: comm=rcuos/1 pid=9 prio=120 success=1 target_cpu=001
          <idle>-0     [000] dNs. 577974.081280: sched_wakeup: comm=kworker/0:1 pid=1492 prio=120 success=1 target_cpu=000
          <idle>-0     [000] dNs. 577974.081282: sched_wakeup: comm=rcu_sched pid=7 prio=120 success=1 target_cpu=001
         rcuos/0-8     [000] d... 577974.317539: sched_wakeup: comm=rcu_sched pid=7 prio=120 success=1 target_cpu=003
         rcuos/0-8     [000] d... 577974.323440: sched_wakeup: comm=rcuos/1 pid=9 prio=120 success=1 target_cpu=001
         rcuos/0-8     [000] d... 577974.323442: sched_wakeup: comm=rcu_sched pid=7 prio=120 success=1 target_cpu=005
          <idle>-0     [000] dNs. 577974.329427: sched_wakeup: comm=kworker/0:1 pid=1492 prio=120 success=1 target_cpu=000
          <idle>-0     [000] dNs. 577974.329430: sched_wakeup: comm=rcu_sched pid=7 prio=120 success=1 target_cpu=001
          <idle>-0     [000] dNs. 577974.830729: sched_wakeup: comm=kworker/0:1 pid=1492 prio=120 success=1 target_cpu=000
          <idle>-0     [000] dNs. 577974.830733: sched_wakeup: comm=rcu_sched pid=7 prio=120 success=1 target_cpu=001
           <...>-9572  [000] dNs. 577975.042861: sched_wakeup: comm=kworker/0:1 pid=1492 prio=120 success=1 target_cpu=000
           <...>-9572  [000] .... 577975.043401: sched_process_exit: comm=cut pid=9572 prio=120
           <...>-9572  [000] d... 577975.043422: sched_wakeup: comm=sh pid=9568 prio=120 success=1 target_cpu=002
       rcu_sched-7     [000] d... 577975.044879: sched_wakeup: comm=rcuos/0 pid=8 prio=120 success=1 target_cpu=003
           <...>-9574  [000] d... 577975.046779: sched_wakeup: comm=cut pid=9576 prio=120 success=1 target_cpu=003
           <...>-9574  [000] .... 577975.046987: sched_process_exit: comm=cut pid=9574 prio=120
           <...>-9574  [000] d... 577975.047007: sched_wakeup: comm=sh pid=9570 prio=120 success=1 target_cpu=004
          <idle>-0     [000] dNs. 577975.047860: sched_wakeup: comm=rcu_sched pid=7 prio=120 success=1 target_cpu=000
       rcu_sched-7     [000] d... 577975.049880: sched_wakeup: comm=rcuos/4 pid=12 prio=120 success=1 target_cpu=002
       rcu_sched-7     [000] d... 577975.049882: sched_wakeup: comm=rcuos/2 pid=10 prio=120 success=1 target_cpu=003
       rcu_sched-7     [000] d... 577975.049885: sched_wakeup: comm=rcuos/6 pid=14 prio=120 success=1 target_cpu=000
         rcuos/6-14    [000] d... 577975.049893: sched_wakeup: comm=rcuos/7 pid=15 prio=120 success=1 target_cpu=000
          <idle>-0     [000] dNs. 577975.052866: sched_wakeup: comm=kworker/0:1 pid=1492 prio=120 success=1 target_cpu=000
          <idle>-0     [000] dNs. 577975.052869: sched_wakeup: comm=rcu_sched pid=7 prio=120 success=1 target_cpu=002
          <idle>-0     [000] dNs. 577975.052873: sched_wakeup: comm=ksoftirqd/0 pid=3 prio=120 success=1 target_cpu=000
         rcuos/6-14    [000] d... 577975.061890: sched_wakeup: comm=rcuos/7 pid=15 prio=120 success=1 target_cpu=001
          <idle>-0     [000] dNs. 577975.067873: sched_wakeup: comm=kworker/0:1 pid=1492 prio=120 success=1 target_cpu=000
          <idle>-0     [000] dNs. 577975.067876: sched_wakeup: comm=rcu_sched pid=7 prio=120 success=1 target_cpu=001
         rcuos/6-14    [000] d... 577975.073898: sched_wakeup: comm=rcuos/7 pid=15 prio=120 success=1 target_cpu=003
         rcuos/0-8     [000] d... 577975.079896: sched_wakeup: comm=rcuos/1 pid=9 prio=120 success=1 target_cpu=001
          <idle>-0     [000] dNs. 577975.085884: sched_wakeup: comm=kworker/0:1 pid=1492 prio=120 success=1 target_cpu=000
          <idle>-0     [000] dNs. 577975.085886: sched_wakeup: comm=rcu_sched pid=7 prio=120 success=1 target_cpu=001
         rcuos/0-8     [000] d... 577975.091903: sched_wakeup: comm=rcuos/1 pid=9 prio=120 success=1 target_cpu=001
         rcuos/0-8     [000] d... 577975.319717: sched_wakeup: comm=rcu_sched pid=7 prio=120 success=1 target_cpu=003
         rcuos/0-8     [000] d... 577975.325047: sched_wakeup: comm=rcuos/1 pid=9 prio=120 success=1 target_cpu=001
         rcuos/0-8     [000] d... 577975.325049: sched_wakeup: comm=rcu_sched pid=7 prio=120 success=1 target_cpu=005
          <idle>-0     [000] dNs. 577975.331031: sched_wakeup: comm=kworker/0:1 pid=1492 prio=120 success=1 target_cpu=000
          <idle>-0     [000] dNs. 577975.331034: sched_wakeup: comm=rcu_sched pid=7 prio=120 success=1 target_cpu=001
         rcuos/4-12    [000] d... 577975.712643: sched_wakeup: comm=rcu_sched pid=7 prio=120 success=1 target_cpu=001
         rcuos/4-12    [000] d... 577975.718286: sched_wakeup: comm=rcu_sched pid=7 prio=120 success=1 target_cpu=003
         rcuos/4-12    [000] d... 577975.724289: sched_wakeup: comm=rcuos/5 pid=13 prio=120 success=1 target_cpu=001
          <idle>-0     [000] dNs. 577975.826329: sched_wakeup: comm=kworker/0:1 pid=1492 prio=120 success=1 target_cpu=000
          <idle>-0     [000] dNs. 577975.826334: sched_wakeup: comm=rcu_sched pid=7 prio=120 success=1 target_cpu=001
          <idle>-0     [000] dNs. 577975.904378: sched_wakeup: comm=kworker/0:1 pid=1492 prio=120 success=1 target_cpu=000
           <...>-9584  [000] dNs2 577976.042463: sched_wakeup: comm=kworker/0:1 pid=1492 prio=120 success=1 target_cpu=000
           <...>-9584  [000] d... 577976.043414: sched_wakeup_new: comm=sh pid=9587 prio=120 success=1 target_cpu=002
           <...>-9584  [000] d... 577976.043571: sched_wakeup_new: comm=sh pid=9588 prio=120 success=1 target_cpu=006
         rcuos/0-8     [000] d... 577976.044483: sched_wakeup: comm=rcuos/1 pid=9 prio=120 success=1 target_cpu=005
           <...>-9584  [000] .... 577976.045094: sched_process_exit: comm=sh pid=9584 prio=120
           <...>-9592  [000] .... 577976.047863: sched_process_exit: comm=cut pid=9592 prio=120
           <...>-9592  [000] d... 577976.047878: sched_wakeup: comm=sh pid=9586 prio=120 success=1 target_cpu=003
       rcu_sched-7     [000] d... 577976.051479: sched_wakeup: comm=rcuos/2 pid=10 prio=120 success=1 target_cpu=005
       rcu_sched-7     [000] d... 577976.051481: sched_wakeup: comm=rcuos/4 pid=12 prio=120 success=1 target_cpu=003
       rcu_sched-7     [000] d... 577976.051483: sched_wakeup: comm=rcuos/6 pid=14 prio=120 success=1 target_cpu=002
           <...>-9600  [000] dNs. 577976.052470: sched_wakeup: comm=kworker/0:1 pid=1492 prio=120 success=1 target_cpu=000
           <...>-9600  [000] dNh. 577976.052493: sched_wakeup: comm=kworker/0:1 pid=1492 prio=120 success=1 target_cpu=000
           <...>-9600  [000] d... 577976.053903: sched_wakeup: comm=cut pid=9601 prio=120 success=1 target_cpu=004
           <...>-9600  [000] .... 577976.054042: sched_process_exit: comm=cut pid=9600 prio=120
           <...>-9600  [000] d... 577976.054058: sched_wakeup: comm=sh pid=9596 prio=120 success=1 target_cpu=003
          <idle>-0     [000] dNs. 577976.054467: sched_wakeup: comm=rcu_sched pid=7 prio=120 success=1 target_cpu=000
       rcu_sched-7     [000] d... 577976.054477: sched_wakeup: comm=rcuos/0 pid=8 prio=120 success=1 target_cpu=002
          <idle>-0     [000] dNs. 577976.057468: sched_wakeup: comm=rcu_sched pid=7 prio=120 success=1 target_cpu=000
       rcu_sched-7     [000] d... 577976.057476: sched_wakeup: comm=rcuos/6 pid=14 prio=120 success=1 target_cpu=002
       rcu_sched-7     [000] d... 577976.057477: sched_wakeup: comm=rcuos/4 pid=12 prio=120 success=1 target_cpu=003
       rcu_sched-7     [000] d... 577976.057478: sched_wakeup: comm=rcuos/2 pid=10 prio=120 success=1 target_cpu=005
          <idle>-0     [000] dNs. 577976.060471: sched_wakeup: comm=kworker/0:1 pid=1492 prio=120 success=1 target_cpu=000
          <idle>-0     [000] dNs. 577976.060473: sched_wakeup: comm=rcu_sched pid=7 prio=120 success=1 target_cpu=002
         rcuos/2-10    [000] d... 577976.069499: sched_wakeup: comm=rcuos/3 pid=11 prio=120 success=1 target_cpu=001
          <idle>-0     [000] dNs. 577976.075480: sched_wakeup: comm=kworker/0:1 pid=1492 prio=120 success=1 target_cpu=000
          <idle>-0     [000] dNs. 577976.075481: sched_wakeup: comm=rcu_sched pid=7 prio=120 success=1 target_cpu=001
         rcuos/2-10    [000] d... 577976.081500: sched_wakeup: comm=rcuos/3 pid=11 prio=120 success=1 target_cpu=001
         rcuos/0-8     [000] d... 577976.087503: sched_wakeup: comm=rcuos/1 pid=9 prio=120 success=1 target_cpu=005
          <idle>-0     [000] dNs. 577976.093490: sched_wakeup: comm=kworker/0:1 pid=1492 prio=120 success=1 target_cpu=000
          <idle>-0     [000] dNs. 577976.093492: sched_wakeup: comm=rcu_sched pid=7 prio=120 success=1 target_cpu=001
         rcuos/0-8     [000] d... 577976.322455: sched_wakeup: comm=rcu_sched pid=7 prio=120 success=1 target_cpu=002
         rcuos/0-8     [000] d... 577976.327647: sched_wakeup: comm=rcuos/1 pid=9 prio=120 success=1 target_cpu=005
         rcuos/0-8     [000] d... 577976.327649: sched_wakeup: comm=rcu_sched pid=7 prio=120 success=1 target_cpu=004
       rcu_sched-7     [000] d... 577976.333645: sched_wakeup: comm=rcuos/0 pid=8 prio=120 success=1 target_cpu=001
          <idle>-0     [000] dNs. 577976.825931: sched_wakeup: comm=kworker/0:1 pid=1492 prio=120 success=1 target_cpu=000
          <idle>-0     [000] dNs. 577976.825937: sched_wakeup: comm=rcu_sched pid=7 prio=120 success=1 target_cpu=001
          <idle>-0     [000] dNh. 577976.830935: sched_wakeup: comm=watchdog/0 pid=26 prio=0 success=1 target_cpu=000
           <...>-9602  [000] dNs. 577977.044067: sched_wakeup: comm=kworker/0:1 pid=1492 prio=120 success=1 target_cpu=000
     kworker/0:1-1492  [000] d... 577977.044080: sched_wakeup: comm=kworker/2:0 pid=8744 prio=120 success=1 target_cpu=002
           <...>-9602  [000] d... 577977.045027: sched_wakeup_new: comm=sh pid=9605 prio=120 success=1 target_cpu=002
           <...>-9602  [000] d... 577977.045192: sched_wakeup_new: comm=sh pid=9606 prio=120 success=1 target_cpu=003
           <...>-9602  [000] .... 577977.046548: sched_process_exit: comm=sh pid=9602 prio=120
       rcu_sched-7     [000] d... 577977.047078: sched_wakeup: comm=rcuos/0 pid=8 prio=120 success=1 target_cpu=003
           <...>-9610  [000] .... 577977.048842: sched_process_exit: comm=cut pid=9610 prio=120
           <...>-9610  [000] d... 577977.048858: sched_wakeup: comm=sh pid=9604 prio=120 success=1 target_cpu=005
           <...>-9613  [000] d.s. 577977.050071: sched_wakeup: comm=rcu_sched pid=7 prio=120 success=1 target_cpu=002
           <...>-9613  [000] .... 577977.050465: sched_process_exit: comm=uname pid=9613 prio=120
           <...>-9613  [000] d... 577977.050483: sched_wakeup: comm=sh pid=9608 prio=120 success=1 target_cpu=002
         rcuos/6-14    [000] d... 577977.053099: sched_wakeup: comm=rcuos/7 pid=15 prio=120 success=1 target_cpu=005
           <...>-9612  [000] .... 577977.054544: sched_process_exit: comm=sh pid=9612 prio=120
         rcuos/6-14    [000] d... 577977.060091: sched_wakeup: comm=rcuos/7 pid=15 prio=120 success=1 target_cpu=002
       rcu_sched-7     [000] d... 577977.066088: sched_wakeup: comm=rcuos/0 pid=8 prio=120 success=1 target_cpu=003
          <idle>-0     [000] dNs. 577977.069081: sched_wakeup: comm=kworker/0:1 pid=1492 prio=120 success=1 target_cpu=000
          <idle>-0     [000] dNs. 577977.069084: sched_wakeup: comm=rcu_sched pid=7 prio=120 success=1 target_cpu=001
       rcu_sched-7     [000] d... 577977.084098: sched_wakeup: comm=rcuos/4 pid=12 prio=120 success=1 target_cpu=001
       rcu_sched-7     [000] d... 577977.084100: sched_wakeup: comm=rcuos/2 pid=10 prio=120 success=1 target_cpu=003
          <idle>-0     [000] dNs. 577977.087089: sched_wakeup: comm=kworker/0:1 pid=1492 prio=120 success=1 target_cpu=000
          <idle>-0     [000] dNs. 577977.087091: sched_wakeup: comm=rcu_sched pid=7 prio=120 success=1 target_cpu=001
          <idle>-0     [000] dNh. 577977.228804: sched_wakeup: comm=gmain pid=20788 prio=120 success=1 target_cpu=000
       rcu_sched-7     [000] d... 577977.335249: sched_wakeup: comm=rcuos/0 pid=8 prio=120 success=1 target_cpu=001
          <idle>-0     [000] dNh. 577977.535958: sched_wakeup: comm=goa-daemon pid=1835 prio=120 success=1 target_cpu=000
      goa-daemon-1835  [000] .... 577977.535983: sys_futex(uaddr: 17c1850, op: 1, val: 1, utime: 0, uaddr2: 31f44d9a1c54df, val3: 17c1d10)
      goa-daemon-1835  [000] d... 577977.535990: sched_wakeup: comm=pool pid=1839 prio=120 success=1 target_cpu=002
      goa-daemon-1835  [000] .... 577977.535991: sys_futex -> 0x1
          <idle>-0     [000] dNs. 577977.538363: sched_wakeup: comm=kworker/0:1 pid=1492 prio=120 success=1 target_cpu=000
          <idle>-0     [000] dNs. 577977.538369: sched_wakeup: comm=rcu_sched pid=7 prio=120 success=1 target_cpu=001
       rcu_sched-7     [000] d... 577977.830550: sched_wakeup: comm=rcuos/0 pid=8 prio=120 success=1 target_cpu=002
          <idle>-0     [000] dN.. 577978.042909: sched_wakeup: comm=rcuos/6 pid=14 prio=120 success=1 target_cpu=000
          <idle>-0     [000] dNs. 577978.047671: sched_wakeup: comm=kworker/0:1 pid=1492 prio=120 success=1 target_cpu=000
          <idle>-0     [000] dNs. 577978.047677: sched_wakeup: comm=rcu_sched pid=7 prio=120 success=1 target_cpu=005
          <idle>-0     [000] dNs. 577978.047681: sched_wakeup: comm=ksoftirqd/0 pid=3 prio=120 success=1 target_cpu=000
           <...>-9629  [000] dN.. 577978.050585: sched_wakeup: comm=migration/0 pid=25 prio=0 success=1 target_cpu=000
           <...>-9632  [000] dNs. 577978.052674: sched_wakeup: comm=kworker/0:1 pid=1492 prio=120 success=1 target_cpu=000
           <...>-9632  [000] dN.. 577978.052928: sched_wakeup: comm=migration/0 pid=25 prio=0 success=1 target_cpu=000
           <...>-9633  [000] dN.. 577978.053206: sched_wakeup: comm=migration/0 pid=25 prio=0 success=1 target_cpu=000
         rcuos/6-14    [000] d... 577978.059689: sched_wakeup: comm=rcuos/7 pid=15 prio=120 success=1 target_cpu=005
          <idle>-0     [000] dNs. 577978.065681: sched_wakeup: comm=kworker/0:1 pid=1492 prio=120 success=1 target_cpu=000
          <idle>-0     [000] dNs. 577978.065683: sched_wakeup: comm=rcu_sched pid=7 prio=120 success=1 target_cpu=001
          <idle>-0     [000] dNs. 577978.083689: sched_wakeup: comm=kworker/0:1 pid=1492 prio=120 success=1 target_cpu=000
          <idle>-0     [000] dNs. 577978.083691: sched_wakeup: comm=rcu_sched pid=7 prio=120 success=1 target_cpu=001
          <idle>-0     [000] dNs. 577978.236781: sched_wakeup: comm=kworker/0:1 pid=1492 prio=120 success=1 target_cpu=000
          <idle>-0     [000] dNs. 577978.236784: sched_wakeup: comm=rcu_sched pid=7 prio=120 success=1 target_cpu=001
       rcu_sched-7     [000] d... 577978.331848: sched_wakeup: comm=rcuos/0 pid=8 prio=120 success=1 target_cpu=003
          <idle>-0     [000] dNs. 577978.334840: sched_wakeup: comm=kworker/0:1 pid=1492 prio=120 success=1 target_cpu=000
          <idle>-0     [000] dNs. 577978.334842: sched_wakeup: comm=rcu_sched pid=7 prio=120 success=1 target_cpu=001
       rcu_sched-7     [000] d... 577978.839156: sched_wakeup: comm=rcuos/0 pid=8 prio=120 success=1 target_cpu=001
          <idle>-0     [000] dN.. 577979.044232: sched_wakeup: comm=rcuos/6 pid=14 prio=120 success=1 target_cpu=000
           <...>-9634  [000] dNs. 577979.045272: sched_wakeup: comm=kworker/0:1 pid=1492 prio=120 success=1 target_cpu=000
           <...>-9634  [000] d... 577979.045306: sched_wakeup: comm=tmux pid=2397 prio=120 success=1 target_cpu=001
           <...>-9634  [000] d.s. 577979.046273: sched_wakeup: comm=rcu_sched pid=7 prio=120 success=1 target_cpu=003
           <...>-9634  [000] d... 577979.046334: sched_wakeup_new: comm=sh pid=9637 prio=120 success=1 target_cpu=003
           <...>-9634  [000] d... 577979.046507: sched_wakeup_new: comm=sh pid=9638 prio=120 success=1 target_cpu=002
           <...>-9634  [000] .... 577979.048025: sched_process_exit: comm=sh pid=9634 prio=120
          <idle>-0     [000] dN.. 577979.049371: sched_wakeup: comm=cut pid=9641 prio=120 success=1 target_cpu=000
         rcuos/4-12    [000] d... 577979.055296: sched_wakeup: comm=rcuos/5 pid=13 prio=120 success=1 target_cpu=000
           <...>-9644  [000] .... 577979.057074: sched_process_exit: comm=sh pid=9644 prio=120
         rcuos/0-8     [000] d... 577979.058295: sched_wakeup: comm=rcuos/1 pid=9 prio=120 success=1 target_cpu=003
         rcuos/6-14    [000] d... 577979.061295: sched_wakeup: comm=rcuos/7 pid=15 prio=120 success=1 target_cpu=005
          <idle>-0     [000] dNs. 577979.067286: sched_wakeup: comm=kworker/0:1 pid=1492 prio=120 success=1 target_cpu=000
          <idle>-0     [000] dNs. 577979.067289: sched_wakeup: comm=rcu_sched pid=7 prio=120 success=1 target_cpu=001
          <idle>-0     [000] dNs. 577979.085294: sched_wakeup: comm=kworker/0:1 pid=1492 prio=120 success=1 target_cpu=000
          <idle>-0     [000] dNs. 577979.085296: sched_wakeup: comm=rcu_sched pid=7 prio=120 success=1 target_cpu=001
          <idle>-0     [000] dN.. 577979.208077: sched_wakeup: comm=rcuos/6 pid=14 prio=120 success=1 target_cpu=000
       rcu_sched-7     [000] d... 577979.211383: sched_wakeup: comm=rcuos/2 pid=10 prio=120 success=1 target_cpu=003
           <...>-2084  [000] d... 577979.211478: sched_wakeup: comm=kworker/u16:0 pid=8656 prio=120 success=1 target_cpu=002
          <idle>-0     [000] dNs. 577979.214374: sched_wakeup: comm=kworker/0:1 pid=1492 prio=120 success=1 target_cpu=000
          <idle>-0     [000] dNs. 577979.214377: sched_wakeup: comm=rcu_sched pid=7 prio=120 success=1 target_cpu=001
          <idle>-0     [000] dN.. 577979.216030: sched_wakeup: comm=sshd pid=2084 prio=120 success=1 target_cpu=000
         rcuos/6-14    [000] d... 577979.217397: sched_wakeup: comm=rcuos/7 pid=15 prio=120 success=1 target_cpu=005
       rcu_sched-7     [000] d... 577979.229390: sched_wakeup: comm=rcuos/6 pid=14 prio=120 success=1 target_cpu=001
          <idle>-0     [000] dNs. 577979.232382: sched_wakeup: comm=kworker/0:1 pid=1492 prio=120 success=1 target_cpu=000
          <idle>-0     [000] dNs. 577979.232384: sched_wakeup: comm=rcu_sched pid=7 prio=120 success=1 target_cpu=001
       rcu_sched-7     [000] d... 577979.333453: sched_wakeup: comm=rcuos/6 pid=14 prio=120 success=1 target_cpu=001
          <idle>-0     [000] dNs. 577979.336444: sched_wakeup: comm=kworker/0:1 pid=1492 prio=120 success=1 target_cpu=000
          <idle>-0     [000] dNs. 577979.336446: sched_wakeup: comm=rcu_sched pid=7 prio=120 success=1 target_cpu=001
          <idle>-0     [000] dNs. 577979.906792: sched_wakeup: comm=kworker/0:1 pid=1492 prio=120 success=1 target_cpu=000
           <...>-9652  [000] dNs. 577980.048875: sched_wakeup: comm=kworker/0:1 pid=1492 prio=120 success=1 target_cpu=000
           <...>-9652  [000] .... 577980.049144: sched_process_exit: comm=sh pid=9652 prio=120
           <...>-9658  [000] d... 577980.051657: sched_wakeup: comm=cut pid=9659 prio=120 success=1 target_cpu=004
           <...>-9658  [000] .... 577980.051824: sched_process_exit: comm=cut pid=9658 prio=120
           <...>-9658  [000] d... 577980.051841: sched_wakeup: comm=sh pid=9654 prio=120 success=1 target_cpu=002
          <idle>-0     [000] dN.. 577980.054840: sched_wakeup: comm=sshd pid=2084 prio=120 success=1 target_cpu=000
          <idle>-0     [000] dNs. 577980.054882: sched_wakeup: comm=kworker/0:1 pid=1492 prio=120 success=1 target_cpu=000
           <...>-9666  [000] dN.. 577980.055458: sched_wakeup: comm=migration/0 pid=25 prio=0 success=1 target_cpu=000
           <...>-9667  [000] dN.. 577980.055688: sched_wakeup: comm=migration/0 pid=25 prio=0 success=1 target_cpu=000
         rcuos/3-11    [000] d.s. 577980.063927: sched_wakeup: comm=rcuos/0 pid=8 prio=120 success=1 target_cpu=001
          <idle>-0     [000] dNs. 577980.413096: sched_wakeup: comm=kworker/0:1 pid=1492 prio=120 success=1 target_cpu=000
          <idle>-0     [000] dNs. 577980.413102: sched_wakeup: comm=rcu_sched pid=7 prio=120 success=1 target_cpu=001
           <...>-2084  [000] d... 577980.617383: sched_wakeup: comm=tmux pid=2397 prio=120 success=1 target_cpu=003
           <...>-2084  [000] d... 577980.617402: sched_wakeup: comm=kworker/u16:0 pid=8656 prio=120 success=1 target_cpu=004
       rcu_sched-7     [000] d... 577980.618230: sched_wakeup: comm=rcuos/2 pid=10 prio=120 success=1 target_cpu=001
          <idle>-0     [000] dNh. 577980.833348: sched_wakeup: comm=watchdog/0 pid=26 prio=0 success=1 target_cpu=000
       rcu_sched-7     [000] d... 577980.836359: sched_wakeup: comm=rcuos/2 pid=10 prio=120 success=1 target_cpu=001
           <...>-9672  [000] dNs. 577981.049481: sched_wakeup: comm=kworker/0:1 pid=1492 prio=120 success=1 target_cpu=000
           <...>-9672  [000] .... 577981.050037: sched_process_exit: comm=cut pid=9672 prio=120
           <...>-9672  [000] d... 577981.050054: sched_wakeup: comm=sh pid=9668 prio=120 success=1 target_cpu=001
       rcu_sched-7     [000] d... 577981.052492: sched_wakeup: comm=rcuos/2 pid=10 prio=120 success=1 target_cpu=001
           <...>-9674  [000] d... 577981.052941: sched_wakeup: comm=cut pid=9675 prio=120 success=1 target_cpu=002
           <...>-9674  [000] .... 577981.053129: sched_process_exit: comm=cut pid=9674 prio=120
           <...>-9674  [000] d... 577981.053149: sched_wakeup: comm=sh pid=9670 prio=120 success=1 target_cpu=001
           <...>-9677  [000] dNs. 577981.053481: sched_wakeup: comm=kworker/0:1 pid=1492 prio=120 success=1 target_cpu=000
           <...>-9677  [000] d.s. 577981.055486: sched_wakeup: comm=rcu_sched pid=7 prio=120 success=1 target_cpu=001
           <...>-9677  [000] .... 577981.055494: sched_process_exit: comm=sh pid=9677 prio=120
           <...>-9682  [000] dN.. 577981.056461: sched_wakeup: comm=migration/0 pid=25 prio=0 success=1 target_cpu=000
           <...>-9683  [000] dN.. 577981.056738: sched_wakeup: comm=migration/0 pid=25 prio=0 success=1 target_cpu=000
         rcuos/6-14    [000] d... 577981.058503: sched_wakeup: comm=rcuos/7 pid=15 prio=120 success=1 target_cpu=002
         rcuos/6-14    [000] d... 577981.067511: sched_wakeup: comm=rcuos/7 pid=15 prio=120 success=1 target_cpu=002
         rcuos/4-12    [000] d... 577981.076514: sched_wakeup: comm=rcuos/5 pid=13 prio=120 success=1 target_cpu=003
          <idle>-0     [000] dNs. 577981.082498: sched_wakeup: comm=kworker/0:1 pid=1492 prio=120 success=1 target_cpu=000
          <idle>-0     [000] dNs. 577981.082500: sched_wakeup: comm=rcu_sched pid=7 prio=120 success=1 target_cpu=001
          <idle>-0     [000] dNh. 577981.231250: sched_wakeup: comm=gmain pid=20788 prio=120 success=1 target_cpu=000
          <idle>-0     [000] dNs. 577981.337651: sched_wakeup: comm=kworker/0:1 pid=1492 prio=120 success=1 target_cpu=000
          <idle>-0     [000] dNs. 577981.337654: sched_wakeup: comm=rcu_sched pid=7 prio=120 success=1 target_cpu=001
          <idle>-0     [000] dNs. 577981.837952: sched_wakeup: comm=kworker/0:1 pid=1492 prio=120 success=1 target_cpu=000
          <idle>-0     [000] dNs. 577981.837958: sched_wakeup: comm=rcu_sched pid=7 prio=120 success=1 target_cpu=001
          <idle>-0     [000] dN.. 577982.047733: sched_wakeup: comm=rcuos/6 pid=14 prio=120 success=1 target_cpu=000
           <...>-9690  [000] dN.. 577982.051970: sched_wakeup: comm=migration/0 pid=25 prio=0 success=1 target_cpu=000
          <idle>-0     [000] dNs. 577982.053083: sched_wakeup: comm=kworker/0:1 pid=1492 prio=120 success=1 target_cpu=000
          <idle>-0     [000] dNs. 577982.053087: sched_wakeup: comm=rcu_sched pid=7 prio=120 success=1 target_cpu=001
           <...>-9686  [000] dNs. 577982.054085: sched_wakeup: comm=kworker/0:1 pid=1492 prio=120 success=1 target_cpu=000
           <...>-9686  [000] .... 577982.054421: sched_process_exit: comm=sh pid=9686 prio=120
           <...>-9694  [000] .... 577982.059532: sched_process_exit: comm=sh pid=9694 prio=120
       rcu_sched-7     [000] d... 577982.068106: sched_wakeup: comm=rcuos/6 pid=14 prio=120 success=1 target_cpu=004
       rcu_sched-7     [000] d... 577982.068109: sched_wakeup: comm=rcuos/0 pid=8 prio=120 success=1 target_cpu=001
       rcu_sched-7     [000] d... 577982.068111: sched_wakeup: comm=rcuos/4 pid=12 prio=120 success=1 target_cpu=002
          <idle>-0     [000] dNs. 577982.071095: sched_wakeup: comm=kworker/0:1 pid=1492 prio=120 success=1 target_cpu=000
          <idle>-0     [000] dNs. 577982.071097: sched_wakeup: comm=rcu_sched pid=7 prio=120 success=1 target_cpu=001
       rcu_sched-7     [000] d... 577982.086112: sched_wakeup: comm=rcuos/2 pid=10 prio=120 success=1 target_cpu=001
          <idle>-0     [000] dNs. 577982.089104: sched_wakeup: comm=kworker/0:1 pid=1492 prio=120 success=1 target_cpu=000
          <idle>-0     [000] dNs. 577982.089106: sched_wakeup: comm=rcu_sched pid=7 prio=120 success=1 target_cpu=001
       rcu_sched-7     [000] d... 577982.339265: sched_wakeup: comm=rcuos/2 pid=10 prio=120 success=1 target_cpu=001
          <idle>-0     [000] dNh. 577982.539015: sched_wakeup: comm=goa-daemon pid=1835 prio=120 success=1 target_cpu=000
      goa-daemon-1835  [000] .... 577982.539043: sys_futex(uaddr: 17c1850, op: 1, val: 1, utime: 0, uaddr2: 31f552e9cbe9b5, val3: 17c1d10)
      goa-daemon-1835  [000] d... 577982.539050: sched_wakeup: comm=pool pid=1839 prio=120 success=1 target_cpu=002
      goa-daemon-1835  [000] .... 577982.539051: sys_futex -> 0x1
       rcu_sched-7     [000] d... 577982.544388: sched_wakeup: comm=rcuos/2 pid=10 prio=120 success=1 target_cpu=001
          <idle>-0     [000] dNs. 577982.547380: sched_wakeup: comm=kworker/0:1 pid=1492 prio=120 success=1 target_cpu=000
          <idle>-0     [000] dNs. 577982.547384: sched_wakeup: comm=rcu_sched pid=7 prio=120 success=1 target_cpu=001
       rcu_sched-7     [000] d... 577982.846570: sched_wakeup: comm=rcuos/2 pid=10 prio=120 success=1 target_cpu=001
          <idle>-0     [000] dNs. 577983.051685: sched_wakeup: comm=kworker/0:1 pid=1492 prio=120 success=1 target_cpu=000
          <idle>-0     [000] dNs. 577983.051690: sched_wakeup: comm=rcu_sched pid=7 prio=120 success=1 target_cpu=004
       rcu_sched-7     [000] d... 577983.054697: sched_wakeup: comm=rcuos/2 pid=10 prio=120 success=1 target_cpu=001
           <...>-9710  [000] dNs2 577983.055690: sched_wakeup: comm=kworker/0:1 pid=1492 prio=120 success=1 target_cpu=000
           <...>-9710  [000] dN.. 577983.056372: sched_wakeup: comm=migration/0 pid=25 prio=0 success=1 target_cpu=000
          <idle>-0     [000] dNs. 577983.057690: sched_wakeup: comm=rcu_sched pid=7 prio=120 success=1 target_cpu=000
          <idle>-0     [000] dNs. 577983.057692: sched_wakeup: comm=ksoftirqd/0 pid=3 prio=120 success=1 target_cpu=000
       rcu_sched-7     [000] d... 577983.058701: sched_wakeup: comm=rcuos/4 pid=12 prio=120 success=1 target_cpu=005
       rcu_sched-7     [000] d... 577983.058704: sched_wakeup: comm=rcuos/0 pid=8 prio=120 success=1 target_cpu=001
       rcu_sched-7     [000] d... 577983.058706: sched_wakeup: comm=rcuos/6 pid=14 prio=120 success=1 target_cpu=000
         rcuos/6-14    [000] d... 577983.058713: sched_wakeup: comm=rcuos/7 pid=15 prio=120 success=1 target_cpu=000
           <...>-9710  [000] .... 577983.061164: sched_process_exit: comm=sh pid=9710 prio=120
          <idle>-0     [000] dNs. 577983.061690: sched_wakeup: comm=rcu_sched pid=7 prio=120 success=1 target_cpu=000
       rcu_sched-7     [000] d... 577983.062702: sched_wakeup: comm=rcuos/2 pid=10 prio=120 success=1 target_cpu=001
          <idle>-0     [000] dNs. 577983.065691: sched_wakeup: comm=kworker/0:1 pid=1492 prio=120 success=1 target_cpu=000
          <idle>-0     [000] dNs. 577983.065694: sched_wakeup: comm=rcu_sched pid=7 prio=120 success=1 target_cpu=001
         rcuos/6-14    [000] d... 577983.068718: sched_wakeup: comm=rcuos/7 pid=15 prio=120 success=1 target_cpu=002
       rcu_sched-7     [000] d... 577983.080714: sched_wakeup: comm=rcuos/6 pid=14 prio=120 success=1 target_cpu=001
       rcu_sched-7     [000] d... 577983.080716: sched_wakeup: comm=rcuos/4 pid=12 prio=120 success=1 target_cpu=002
       rcu_sched-7     [000] d... 577983.080717: sched_wakeup: comm=rcuos/0 pid=8 prio=120 success=1 target_cpu=003
          <idle>-0     [000] dNs. 577983.083704: sched_wakeup: comm=kworker/0:1 pid=1492 prio=120 success=1 target_cpu=000
          <idle>-0     [000] dNs. 577983.083706: sched_wakeup: comm=rcu_sched pid=7 prio=120 success=1 target_cpu=001
       rcu_sched-7     [000] d... 577983.098721: sched_wakeup: comm=rcuos/2 pid=10 prio=120 success=1 target_cpu=003
          <idle>-0     [000] dNs. 577983.236796: sched_wakeup: comm=kworker/0:1 pid=1492 prio=120 success=1 target_cpu=000
          <idle>-0     [000] dNs. 577983.236799: sched_wakeup: comm=rcu_sched pid=7 prio=120 success=1 target_cpu=001
       rcu_sched-7     [000] d... 577983.341868: sched_wakeup: comm=rcuos/2 pid=10 prio=120 success=1 target_cpu=001
       rcu_sched-7     [000] d... 577983.843172: sched_wakeup: comm=rcuos/2 pid=10 prio=120 success=1 target_cpu=001
          <idle>-0     [000] dNs. 577983.909202: sched_wakeup: comm=kworker/0:1 pid=1492 prio=120 success=1 target_cpu=000
           <...>-9720  [000] dNs. 577984.053292: sched_wakeup: comm=kworker/0:1 pid=1492 prio=120 success=1 target_cpu=000
           <...>-9720  [000] .... 577984.053455: sched_process_exit: comm=cut pid=9720 prio=120
           <...>-9720  [000] d... 577984.053474: sched_wakeup: comm=sh pid=9716 prio=120 success=1 target_cpu=001
           <...>-9722  [000] dN.. 577984.054277: sched_wakeup: comm=migration/0 pid=25 prio=0 success=1 target_cpu=000
          <idle>-0     [000] dNs. 577984.055287: sched_wakeup: comm=rcu_sched pid=7 prio=120 success=1 target_cpu=000
          <idle>-0     [000] dNs. 577984.055289: sched_wakeup: comm=kworker/0:1 pid=1492 prio=120 success=1 target_cpu=000
       rcu_sched-7     [000] d... 577984.055296: sched_wakeup: comm=rcuos/2 pid=10 prio=120 success=1 target_cpu=001
           <...>-9726  [000] dN.. 577984.057187: sched_wakeup: comm=migration/0 pid=25 prio=0 success=1 target_cpu=000
          <idle>-0     [000] dNs. 577984.058289: sched_wakeup: comm=rcu_sched pid=7 prio=120 success=1 target_cpu=000
       rcu_sched-7     [000] d... 577984.058296: sched_wakeup: comm=rcuos/4 pid=12 prio=120 success=1 target_cpu=005
       rcu_sched-7     [000] d... 577984.058298: sched_wakeup: comm=rcuos/0 pid=8 prio=120 success=1 target_cpu=002
       rcu_sched-7     [000] d... 577984.058301: sched_wakeup: comm=rcuos/6 pid=14 prio=120 success=1 target_cpu=000
         rcuos/6-14    [000] d... 577984.058309: sched_wakeup: comm=rcuos/7 pid=15 prio=120 success=1 target_cpu=000
           <...>-9730  [000] d... 577984.059695: sched_wakeup: comm=uptime pid=9729 prio=120 success=1 target_cpu=001
           <...>-9730  [000] d... 577984.061114: sched_wakeup: comm=cut pid=9731 prio=120 success=1 target_cpu=002
           <...>-9730  [000] .... 577984.061239: sched_process_exit: comm=cut pid=9730 prio=120
           <...>-9730  [000] d... 577984.061255: sched_wakeup: comm=sh pid=9726 prio=120 success=1 target_cpu=004
          <idle>-0     [000] dNs. 577984.061292: sched_wakeup: comm=rcu_sched pid=7 prio=120 success=1 target_cpu=000
          <idle>-0     [000] dNs. 577984.061296: sched_wakeup: comm=ksoftirqd/0 pid=3 prio=120 success=1 target_cpu=000
          <idle>-0     [000] dNs. 577984.064293: sched_wakeup: comm=rcu_sched pid=7 prio=120 success=1 target_cpu=000
       rcu_sched-7     [000] d... 577984.064302: sched_wakeup: comm=rcuos/2 pid=10 prio=120 success=1 target_cpu=001
          <idle>-0     [000] dNs. 577984.067295: sched_wakeup: comm=kworker/0:1 pid=1492 prio=120 success=1 target_cpu=000
          <idle>-0     [000] dNs. 577984.067297: sched_wakeup: comm=rcu_sched pid=7 prio=120 success=1 target_cpu=001
         rcuos/6-14    [000] d... 577984.070318: sched_wakeup: comm=rcuos/7 pid=15 prio=120 success=1 target_cpu=001
       rcu_sched-7     [000] d... 577984.082315: sched_wakeup: comm=rcuos/6 pid=14 prio=120 success=1 target_cpu=001
       rcu_sched-7     [000] d... 577984.082317: sched_wakeup: comm=rcuos/0 pid=8 prio=120 success=1 target_cpu=003
       rcu_sched-7     [000] d... 577984.082319: sched_wakeup: comm=rcuos/4 pid=12 prio=120 success=1 target_cpu=002
          <idle>-0     [000] dNs. 577984.085307: sched_wakeup: comm=kworker/0:1 pid=1492 prio=120 success=1 target_cpu=000
          <idle>-0     [000] dNs. 577984.085309: sched_wakeup: comm=rcu_sched pid=7 prio=120 success=1 target_cpu=001
       rcu_sched-7     [000] d... 577984.100324: sched_wakeup: comm=rcuos/2 pid=10 prio=120 success=1 target_cpu=003
          <idle>-0     [000] dNs. 577984.103316: sched_wakeup: comm=kworker/0:1 pid=1492 prio=120 success=1 target_cpu=000
          <idle>-0     [000] dNs. 577984.103318: sched_wakeup: comm=rcu_sched pid=7 prio=120 success=1 target_cpu=001
       rcu_sched-7     [000] d... 577984.350476: sched_wakeup: comm=rcuos/2 pid=10 prio=120 success=1 target_cpu=001
          <idle>-0     [000] dNh. 577984.835761: sched_wakeup: comm=watchdog/0 pid=26 prio=0 success=1 target_cpu=000
          <idle>-0     [000] dNs. 577984.841762: sched_wakeup: comm=kworker/0:1 pid=1492 prio=120 success=1 target_cpu=000
          <idle>-0     [000] dNs. 577984.841768: sched_wakeup: comm=rcu_sched pid=7 prio=120 success=1 target_cpu=001
       rcu_sched-7     [000] d... 577984.850779: sched_wakeup: comm=rcuos/2 pid=10 prio=120 success=1 target_cpu=003
          <idle>-0     [000] dNs. 577985.053892: sched_wakeup: comm=kworker/0:1 pid=1492 prio=120 success=1 target_cpu=000
          <idle>-0     [000] dNs. 577985.053896: sched_wakeup: comm=rcu_sched pid=7 prio=120 success=1 target_cpu=001
           <...>-9738  [000] dN.. 577985.055814: sched_wakeup: comm=migration/0 pid=25 prio=0 success=1 target_cpu=000
           <...>-9741  [000] d... 577985.058727: sched_wakeup: comm=sh pid=9740 prio=120 success=1 target_cpu=001
           <...>-9741  [000] d... 577985.058738: sched_wakeup: comm=sh pid=9740 prio=120 success=1 target_cpu=001
           <...>-9741  [000] dNs. 577985.058897: sched_wakeup: comm=kworker/0:1 pid=1492 prio=120 success=1 target_cpu=000
           <...>-9741  [000] .... 577985.059941: sched_process_exit: comm=sh pid=9741 prio=120
          <idle>-0     [000] dNs. 577985.060895: sched_wakeup: comm=rcu_sched pid=7 prio=120 success=1 target_cpu=000
       rcu_sched-7     [000] d... 577985.060905: sched_wakeup: comm=rcuos/4 pid=12 prio=120 success=1 target_cpu=005
       rcu_sched-7     [000] d... 577985.060907: sched_wakeup: comm=rcuos/0 pid=8 prio=120 success=1 target_cpu=001
       rcu_sched-7     [000] d... 577985.060909: sched_wakeup: comm=rcuos/6 pid=14 prio=120 success=1 target_cpu=002
           <...>-9742  [000] .... 577985.063648: sched_process_exit: comm=sh pid=9742 prio=120
          <idle>-0     [000] dNs. 577985.063897: sched_wakeup: comm=rcu_sched pid=7 prio=120 success=1 target_cpu=000
          <idle>-0     [000] dNs. 577985.066898: sched_wakeup: comm=kworker/0:1 pid=1492 prio=120 success=1 target_cpu=000
          <idle>-0     [000] dNs. 577985.066900: sched_wakeup: comm=rcu_sched pid=7 prio=120 success=1 target_cpu=001
         rcuos/2-10    [000] d... 577985.078927: sched_wakeup: comm=rcuos/3 pid=11 prio=120 success=1 target_cpu=001
          <idle>-0     [000] dNs. 577985.084909: sched_wakeup: comm=kworker/0:1 pid=1492 prio=120 success=1 target_cpu=000
          <idle>-0     [000] dNs. 577985.084911: sched_wakeup: comm=rcu_sched pid=7 prio=120 success=1 target_cpu=001
         rcuos/2-10    [000] d... 577985.090930: sched_wakeup: comm=rcuos/3 pid=11 prio=120 success=1 target_cpu=001
         rcuos/4-12    [000] d... 577985.096933: sched_wakeup: comm=rcuos/5 pid=13 prio=120 success=1 target_cpu=003
          <idle>-0     [000] dNs. 577985.102919: sched_wakeup: comm=kworker/0:1 pid=1492 prio=120 success=1 target_cpu=000
          <idle>-0     [000] dNs. 577985.102921: sched_wakeup: comm=rcu_sched pid=7 prio=120 success=1 target_cpu=001
          <idle>-0     [000] dNh. 577985.233696: sched_wakeup: comm=gmain pid=20788 prio=120 success=1 target_cpu=000
          <idle>-0     [000] dNs. 577985.668261: sched_wakeup: comm=kworker/0:1 pid=1492 prio=120 success=1 target_cpu=000
          <idle>-0     [000] dNs. 577985.668267: sched_wakeup: comm=rcu_sched pid=7 prio=120 success=1 target_cpu=001
         rcuos/2-10    [000] d... 577985.853392: sched_wakeup: comm=rcuos/3 pid=11 prio=120 success=1 target_cpu=001
         rcuos/2-10    [000] d... 577985.913008: sched_wakeup: comm=rcu_sched pid=7 prio=120 success=1 target_cpu=005
          <idle>-0     [000] dNs. 577985.918410: sched_wakeup: comm=kworker/0:1 pid=1492 prio=120 success=1 target_cpu=000
          <idle>-0     [000] dNs. 577985.918413: sched_wakeup: comm=rcu_sched pid=7 prio=120 success=1 target_cpu=001
           <...>-9754  [000] dN.. 577986.057474: sched_wakeup: comm=migration/0 pid=25 prio=0 success=1 target_cpu=000
          <idle>-0     [000] dNs. 577986.057495: sched_wakeup: comm=kworker/0:1 pid=1492 prio=120 success=1 target_cpu=000
          <idle>-0     [000] dNs. 577986.058494: sched_wakeup: comm=rcu_sched pid=7 prio=120 success=1 target_cpu=000
       rcu_sched-7     [000] d... 577986.058503: sched_wakeup: comm=rcuos/2 pid=10 prio=120 success=1 target_cpu=004
           <...>-9750  [000] .... 577986.059898: sched_process_exit: comm=sh pid=9750 prio=120
           <...>-9759  [000] .... 577986.061317: sched_process_exit: comm=uname pid=9759 prio=120
           <...>-9759  [000] d... 577986.061333: sched_wakeup: comm=sh pid=9755 prio=120 success=1 target_cpu=001
          <idle>-0     [000] dNs. 577986.061497: sched_wakeup: comm=rcu_sched pid=7 prio=120 success=1 target_cpu=000
           <...>-9760  [000] .... 577986.062342: sched_process_exit: comm=cut pid=9760 prio=120
           <...>-9760  [000] d... 577986.062358: sched_wakeup: comm=sh pid=9755 prio=120 success=1 target_cpu=001
       rcu_sched-7     [000] d... 577986.063512: sched_wakeup: comm=rcuos/4 pid=12 prio=120 success=1 target_cpu=001
       rcu_sched-7     [000] d... 577986.063514: sched_wakeup: comm=rcuos/0 pid=8 prio=120 success=1 target_cpu=002
       rcu_sched-7     [000] d... 577986.063516: sched_wakeup: comm=rcuos/6 pid=14 prio=120 success=1 target_cpu=000
         rcuos/6-14    [000] d... 577986.063524: sched_wakeup: comm=rcuos/7 pid=15 prio=120 success=1 target_cpu=000
             cut-9763  [000] .... 577986.064848: sched_process_exit: comm=cut pid=9763 prio=120
             cut-9763  [000] d... 577986.064864: sched_wakeup: comm=sh pid=9758 prio=120 success=1 target_cpu=001
          <idle>-0     [000] dNs. 577986.066502: sched_wakeup: comm=kworker/0:1 pid=1492 prio=120 success=1 target_cpu=000
          <idle>-0     [000] dNs. 577986.066504: sched_wakeup: comm=rcu_sched pid=7 prio=120 success=1 target_cpu=001
         rcuos/6-14    [000] d... 577986.075526: sched_wakeup: comm=rcuos/7 pid=15 prio=120 success=1 target_cpu=004
          <idle>-0     [000] dNs. 577986.081511: sched_wakeup: comm=kworker/0:1 pid=1492 prio=120 success=1 target_cpu=000
          <idle>-0     [000] dNs. 577986.081513: sched_wakeup: comm=rcu_sched pid=7 prio=120 success=1 target_cpu=001
         rcuos/6-14    [000] d... 577986.087536: sched_wakeup: comm=rcuos/7 pid=15 prio=120 success=1 target_cpu=002
         rcuos/2-10    [000] d... 577986.093536: sched_wakeup: comm=rcuos/3 pid=11 prio=120 success=1 target_cpu=005
          <idle>-0     [000] dNs. 577986.099519: sched_wakeup: comm=kworker/0:1 pid=1492 prio=120 success=1 target_cpu=000
          <idle>-0     [000] dNs. 577986.099521: sched_wakeup: comm=rcu_sched pid=7 prio=120 success=1 target_cpu=001
         rcuos/2-10    [000] d... 577986.105539: sched_wakeup: comm=rcuos/3 pid=11 prio=120 success=1 target_cpu=005
         rcuos/2-10    [000] d... 577986.302658: sched_wakeup: comm=rcu_sched pid=7 prio=120 success=1 target_cpu=003
         rcuos/2-10    [000] d... 577986.342216: sched_wakeup: comm=rcu_sched pid=7 prio=120 success=1 target_cpu=005
          <idle>-0     [000] dNs. 577986.347669: sched_wakeup: comm=kworker/0:1 pid=1492 prio=120 success=1 target_cpu=000
          <idle>-0     [000] dNs. 577986.347672: sched_wakeup: comm=rcu_sched pid=7 prio=120 success=1 target_cpu=001
       rcu_sched-7     [000] d... 577986.848983: sched_wakeup: comm=rcuos/2 pid=10 prio=120 success=1 target_cpu=002
          <idle>-0     [000] dNs. 577986.851973: sched_wakeup: comm=kworker/0:1 pid=1492 prio=120 success=1 target_cpu=000
          <idle>-0     [000] dNs. 577986.851977: sched_wakeup: comm=rcu_sched pid=7 prio=120 success=1 target_cpu=001
          <idle>-0     [000] dN.. 577987.054309: sched_wakeup: comm=rcuos/6 pid=14 prio=120 success=1 target_cpu=000
              sh-9770  [000] dN.. 577987.058530: sched_wakeup: comm=migration/0 pid=25 prio=0 success=1 target_cpu=000
         rcuos/2-10    [000] d... 577987.059114: sched_wakeup: comm=rcuos/3 pid=11 prio=120 success=1 target_cpu=000
              sh-9766  [000] .... 577987.060956: sched_process_exit: comm=sh pid=9766 prio=120
              sh-9775  [000] dN.. 577987.061470: sched_wakeup: comm=migration/0 pid=25 prio=0 success=1 target_cpu=000
             cut-9779  [000] dNs. 577987.064106: sched_wakeup: comm=kworker/0:1 pid=1492 prio=120 success=1 target_cpu=000
             cut-9779  [000] d... 577987.064364: sched_wakeup: comm=cut pid=9778 prio=120 success=1 target_cpu=001
             cut-9779  [000] d... 577987.064370: sched_wakeup: comm=cut pid=9778 prio=120 success=1 target_cpu=001
          <idle>-0     [000] dNs. 577987.070107: sched_wakeup: comm=kworker/0:1 pid=1492 prio=120 success=1 target_cpu=000
          <idle>-0     [000] dNs. 577987.070109: sched_wakeup: comm=rcu_sched pid=7 prio=120 success=1 target_cpu=001
         rcuos/4-12    [000] d... 577987.076136: sched_wakeup: comm=rcuos/5 pid=13 prio=120 success=1 target_cpu=003
          <idle>-0     [000] dNs. 577987.088118: sched_wakeup: comm=kworker/0:1 pid=1492 prio=120 success=1 target_cpu=000
          <idle>-0     [000] dNs. 577987.088120: sched_wakeup: comm=rcu_sched pid=7 prio=120 success=1 target_cpu=001
          <idle>-0     [000] dNs. 577987.106126: sched_wakeup: comm=kworker/0:1 pid=1492 prio=120 success=1 target_cpu=000
          <idle>-0     [000] dNs. 577987.106128: sched_wakeup: comm=rcu_sched pid=7 prio=120 success=1 target_cpu=001
          <idle>-0     [000] dNh. 577987.542076: sched_wakeup: comm=goa-daemon pid=1835 prio=120 success=1 target_cpu=000
      goa-daemon-1835  [000] .... 577987.542106: sys_futex(uaddr: 17c1850, op: 1, val: 1, utime: 0, uaddr2: 31e715ed941fcc, val3: 17c1d10)
      goa-daemon-1835  [000] d... 577987.542112: sched_wakeup: comm=pool pid=1839 prio=120 success=1 target_cpu=002
      goa-daemon-1835  [000] .... 577987.542113: sys_futex -> 0x1
          <idle>-0     [000] dNs. 577987.547394: sched_wakeup: comm=kworker/0:1 pid=1492 prio=120 success=1 target_cpu=000
          <idle>-0     [000] dNs. 577987.547400: sched_wakeup: comm=rcu_sched pid=7 prio=120 success=1 target_cpu=001
          <idle>-0     [000] dNs. 577987.850575: sched_wakeup: comm=kworker/0:1 pid=1492 prio=120 success=1 target_cpu=000
          <idle>-0     [000] dNs. 577987.850579: sched_wakeup: comm=rcu_sched pid=7 prio=120 success=1 target_cpu=001
          <idle>-0     [000] dNs. 577987.911613: sched_wakeup: comm=kworker/0:1 pid=1492 prio=120 success=1 target_cpu=000
          <idle>-0     [000] dN.. 577988.055160: sched_wakeup: comm=rcuos/6 pid=14 prio=120 success=1 target_cpu=000
              sh-9785  [000] dN.. 577988.059175: sched_wakeup: comm=migration/0 pid=25 prio=0 success=1 target_cpu=000
              sh-9787  [000] dN.. 577988.059471: sched_wakeup: comm=migration/0 pid=25 prio=0 success=1 target_cpu=000
          <idle>-0     [000] dNs. 577988.060705: sched_wakeup: comm=kworker/0:1 pid=1492 prio=120 success=1 target_cpu=000
          <idle>-0     [000] dNs. 577988.060708: sched_wakeup: comm=rcu_sched pid=7 prio=120 success=1 target_cpu=002
              sh-9782  [000] .... 577988.061843: sched_process_exit: comm=sh pid=9782 prio=120
              sh-9791  [000] dN.. 577988.062323: sched_wakeup: comm=migration/0 pid=25 prio=0 success=1 target_cpu=000
              sh-9788  [000] .... 577988.063615: sched_process_exit: comm=sh pid=9788 prio=120
             cut-9794  [000] d... 577988.064755: sched_wakeup: comm=sh pid=9795 prio=120 success=1 target_cpu=004
             cut-9794  [000] d... 577988.064760: sched_wakeup: comm=sh pid=9795 prio=120 success=1 target_cpu=004
             cut-9794  [000] d... 577988.066145: sched_wakeup: comm=cut pid=9795 prio=120 success=1 target_cpu=004
             cut-9794  [000] .... 577988.066280: sched_process_exit: comm=cut pid=9794 prio=120
             cut-9794  [000] d... 577988.066296: sched_wakeup: comm=sh pid=9790 prio=120 success=1 target_cpu=002
         rcuos/2-10    [000] d... 577988.070729: sched_wakeup: comm=rcuos/3 pid=11 prio=120 success=1 target_cpu=001
         rcuos/4-12    [000] d... 577988.073727: sched_wakeup: comm=rcuos/5 pid=13 prio=120 success=1 target_cpu=004
         rcuos/2-10    [000] d... 577988.076724: sched_wakeup: comm=rcuos/3 pid=11 prio=120 success=1 target_cpu=001
          <idle>-0     [000] dNs. 577988.082718: sched_wakeup: comm=kworker/0:1 pid=1492 prio=120 success=1 target_cpu=000
          <idle>-0     [000] dNs. 577988.082721: sched_wakeup: comm=rcu_sched pid=7 prio=120 success=1 target_cpu=001
         rcuos/2-10    [000] d... 577988.088736: sched_wakeup: comm=rcuos/3 pid=11 prio=120 success=1 target_cpu=001
          <idle>-0     [000] dNs. 577988.100726: sched_wakeup: comm=kworker/0:1 pid=1492 prio=120 success=1 target_cpu=000
          <idle>-0     [000] dNs. 577988.100728: sched_wakeup: comm=rcu_sched pid=7 prio=120 success=1 target_cpu=001
       rcu_sched-7     [000] d... 577988.241820: sched_wakeup: comm=rcuos/2 pid=10 prio=120 success=1 target_cpu=002
          <idle>-0     [000] dNs. 577988.244812: sched_wakeup: comm=kworker/0:1 pid=1492 prio=120 success=1 target_cpu=000
          <idle>-0     [000] dNs. 577988.244814: sched_wakeup: comm=rcu_sched pid=7 prio=120 success=1 target_cpu=001
          <idle>-0     [000] dNs. 577988.350876: sched_wakeup: comm=kworker/0:1 pid=1492 prio=120 success=1 target_cpu=000
          <idle>-0     [000] dNs. 577988.350878: sched_wakeup: comm=rcu_sched pid=7 prio=120 success=1 target_cpu=001
          <idle>-0     [000] dNs. 577988.485957: sched_wakeup: comm=kworker/0:1 pid=1492 prio=120 success=1 target_cpu=000
          <idle>-0     [000] dNs. 577988.485960: sched_wakeup: comm=rcu_sched pid=7 prio=120 success=1 target_cpu=001
          <idle>-0     [000] dNh. 577988.838174: sched_wakeup: comm=watchdog/0 pid=26 prio=0 success=1 target_cpu=000
         rcuos/2-10    [000] d... 577988.858201: sched_wakeup: comm=rcuos/3 pid=11 prio=120 success=1 target_cpu=001
