          <idle>-0     [000] d... 79595.179439: sched_switch: prev_comm=swapper/0 prev_pid=0 prev_prio=120 prev_state=R ==> next_comm=3on6 next_pid=6211 next_prio=120
            3on6-6211  [000] .... 79595.179441: sys_nanosleep -> 0x0
            3on6-6211  [000] d... 79595.179446: sched_wakeup: comm=kworker/0:2 pid=6725 prio=120 success=1 target_cpu=000
            3on6-6211  [000] .... 79595.179461: sys_nanosleep(rqtp: 7f5fa9584d40, rmtp: 7f5fa9584d40)
            3on6-6211  [000] d... 79595.179463: sched_switch: prev_comm=3on6 prev_pid=6211 prev_prio=120 prev_state=S ==> next_comm=kworker/0:2 next_pid=6725 next_prio=120
          <idle>-0     [000] dNh. 79597.180725: sched_wakeup: comm=3on6 pid=6211 prio=120 success=1 target_cpu=000
          <idle>-0     [000] dNh. 79597.180727: sched_wakeup: comm=3on6 pid=6229 prio=120 success=1 target_cpu=000
          <idle>-0     [000] d... 79597.180731: sched_switch: prev_comm=swapper/0 prev_pid=0 prev_prio=120 prev_state=R ==> next_comm=3on6 next_pid=6211 next_prio=120
            3on6-6211  [000] .... 79597.180734: sys_nanosleep -> 0x0
            3on6-6211  [000] d... 79597.180745: sched_wakeup: comm=kworker/0:2 pid=6725 prio=120 success=1 target_cpu=000
            3on6-6211  [000] .... 79597.180749: sys_futex(uaddr: 602508, op: 80, val: 2, utime: 0, uaddr2: 602508, val3: 0)
            3on6-6211  [000] d... 79597.180754: sched_switch: prev_comm=3on6 prev_pid=6211 prev_prio=120 prev_state=S ==> next_comm=3on6 next_pid=6229 next_prio=120
            3on6-6229  [000] .... 79597.180756: sys_nanosleep -> 0x0
            3on6-6229  [000] .... 79597.180761: sys_futex(uaddr: 602508, op: 81, val: 1, utime: 0, uaddr2: 0, val3: 2)
            3on6-6229  [000] dN.. 79597.180764: sched_wakeup: comm=3on6 pid=6211 prio=120 success=1 target_cpu=000
            3on6-6229  [000] d... 79597.180765: sched_switch: prev_comm=3on6 prev_pid=6229 prev_prio=120 prev_state=R ==> next_comm=3on6 next_pid=6211 next_prio=120
            3on6-6211  [000] .... 79597.180766: sys_futex -> 0x0
            3on6-6211  [000] .... 79597.180773: sys_nanosleep(rqtp: 7f5fa9584d40, rmtp: 7f5fa9584d40)
            3on6-6211  [000] d... 79597.180775: sched_switch: prev_comm=3on6 prev_pid=6211 prev_prio=120 prev_state=S ==> next_comm=3on6 next_pid=6229 next_prio=120
            3on6-6229  [000] .... 79597.180776: sys_futex -> 0x1
            3on6-6229  [000] .... 79597.180793: sys_futex(uaddr: 602468, op: 80, val: 2, utime: 0, uaddr2: 602468, val3: 2)
            3on6-6229  [000] d... 79597.180796: sched_switch: prev_comm=3on6 prev_pid=6229 prev_prio=120 prev_state=S ==> next_comm=kworker/0:2 next_pid=6725 next_prio=120
          <idle>-0     [000] dNh. 79599.181835: sched_wakeup: comm=3on6 pid=6220 prio=120 success=1 target_cpu=000
          <idle>-0     [000] d... 79599.181839: sched_switch: prev_comm=swapper/0 prev_pid=0 prev_prio=120 prev_state=R ==> next_comm=3on6 next_pid=6220 next_prio=120
            3on6-6220  [000] .... 79599.181843: sys_nanosleep -> 0x0
            3on6-6220  [000] d... 79599.181855: sched_wakeup: comm=kworker/0:2 pid=6725 prio=120 success=1 target_cpu=000
            3on6-6220  [000] .... 79599.181859: sys_futex(uaddr: 602468, op: 81, val: 1, utime: 0, uaddr2: 0, val3: 1)
            3on6-6220  [000] d... 79599.181862: sched_wakeup: comm=3on6 pid=6229 prio=120 success=1 target_cpu=000
            3on6-6220  [000] .... 79599.181863: sys_futex -> 0x1
            3on6-6220  [000] .... 79599.181871: sys_nanosleep(rqtp: 7f5fa8d83d40, rmtp: 7f5fa8d83d40)
            3on6-6220  [000] d... 79599.181873: sched_switch: prev_comm=3on6 prev_pid=6220 prev_prio=120 prev_state=S ==> next_comm=3on6 next_pid=6229 next_prio=120
            3on6-6229  [000] .... 79599.181876: sys_futex -> 0x0
            3on6-6229  [000] .... 79599.181884: sys_futex(uaddr: 602468, op: 81, val: 1, utime: 0, uaddr2: 0, val3: 2)
            3on6-6229  [000] .... 79599.181884: sys_futex -> 0x0
            3on6-6229  [000] .... 79599.181889: sys_nanosleep(rqtp: 7f5fa8582d40, rmtp: 7f5fa8582d40)
            3on6-6229  [000] d... 79599.181891: sched_switch: prev_comm=3on6 prev_pid=6229 prev_prio=120 prev_state=S ==> next_comm=kworker/0:2 next_pid=6725 next_prio=120
          <idle>-0     [000] dNh. 79601.183241: sched_wakeup: comm=3on6 pid=6211 prio=120 success=1 target_cpu=000
          <idle>-0     [000] d... 79601.183244: sched_switch: prev_comm=swapper/0 prev_pid=0 prev_prio=120 prev_state=R ==> next_comm=3on6 next_pid=6211 next_prio=120
            3on6-6211  [000] .... 79601.183248: sys_nanosleep -> 0x0
            3on6-6211  [000] d... 79601.183259: sched_wakeup: comm=kworker/0:2 pid=6725 prio=120 success=1 target_cpu=000
            3on6-6211  [000] .... 79601.183264: sys_futex(uaddr: 602508, op: 81, val: 1, utime: 0, uaddr2: 0, val3: 0)
            3on6-6211  [000] .... 79601.183265: sys_futex -> 0x0
            3on6-6211  [000] .... 79601.183273: sys_nanosleep(rqtp: 7f5fa9584d40, rmtp: 7f5fa9584d40)
            3on6-6211  [000] d... 79601.183275: sched_switch: prev_comm=3on6 prev_pid=6211 prev_prio=120 prev_state=S ==> next_comm=kworker/0:2 next_pid=6725 next_prio=120
          <idle>-0     [000] dNh. 79602.183756: sched_wakeup: comm=3on6 pid=6229 prio=120 success=1 target_cpu=000
          <idle>-0     [000] d... 79602.183760: sched_switch: prev_comm=swapper/0 prev_pid=0 prev_prio=120 prev_state=R ==> next_comm=3on6 next_pid=6229 next_prio=120
            3on6-6229  [000] .... 79602.183763: sys_nanosleep -> 0x0
            3on6-6229  [000] d... 79602.183773: sched_wakeup: comm=kworker/0:2 pid=6725 prio=120 success=1 target_cpu=000
            3on6-6229  [000] .... 79602.183783: sys_nanosleep(rqtp: 7f5fa8582d40, rmtp: 7f5fa8582d40)
            3on6-6229  [000] d... 79602.183785: sched_switch: prev_comm=3on6 prev_pid=6229 prev_prio=120 prev_state=S ==> next_comm=kworker/0:2 next_pid=6725 next_prio=120
          <idle>-0     [000] dNh. 79603.184340: sched_wakeup: comm=3on6 pid=6220 prio=120 success=1 target_cpu=000
          <idle>-0     [000] d... 79603.184343: sched_switch: prev_comm=swapper/0 prev_pid=0 prev_prio=120 prev_state=R ==> next_comm=3on6 next_pid=6220 next_prio=120
            3on6-6220  [000] .... 79603.184347: sys_nanosleep -> 0x0
            3on6-6220  [000] d... 79603.184356: sched_wakeup: comm=kworker/0:2 pid=6725 prio=120 success=1 target_cpu=000
            3on6-6220  [000] .... 79603.184366: sys_nanosleep(rqtp: 7f5fa8d83d40, rmtp: 7f5fa8d83d40)
            3on6-6220  [000] d... 79603.184369: sched_switch: prev_comm=3on6 prev_pid=6220 prev_prio=120 prev_state=S ==> next_comm=kworker/0:2 next_pid=6725 next_prio=120
          <idle>-0     [000] dNh. 79603.184532: sched_wakeup: comm=3on6 pid=6211 prio=120 success=1 target_cpu=000
          <idle>-0     [000] d... 79603.184536: sched_switch: prev_comm=swapper/0 prev_pid=0 prev_prio=120 prev_state=R ==> next_comm=3on6 next_pid=6211 next_prio=120
            3on6-6211  [000] .... 79603.184538: sys_nanosleep -> 0x0
            3on6-6211  [000] d... 79603.184543: sched_wakeup: comm=kworker/0:2 pid=6725 prio=120 success=1 target_cpu=000
            3on6-6211  [000] .... 79603.184551: sys_nanosleep(rqtp: 7f5fa9584d40, rmtp: 7f5fa9584d40)
            3on6-6211  [000] d... 79603.184553: sched_switch: prev_comm=3on6 prev_pid=6211 prev_prio=120 prev_state=S ==> next_comm=kworker/0:2 next_pid=6725 next_prio=120
          <idle>-0     [000] dNh. 79604.185046: sched_wakeup: comm=3on6 pid=6229 prio=120 success=1 target_cpu=000
          <idle>-0     [000] d... 79604.185049: sched_switch: prev_comm=swapper/0 prev_pid=0 prev_prio=120 prev_state=R ==> next_comm=3on6 next_pid=6229 next_prio=120
            3on6-6229  [000] .... 79604.185053: sys_nanosleep -> 0x0
            3on6-6229  [000] d... 79604.185062: sched_wakeup: comm=kworker/0:2 pid=6725 prio=120 success=1 target_cpu=000
            3on6-6229  [000] .... 79604.185072: sys_nanosleep(rqtp: 7f5fa8582d40, rmtp: 7f5fa8582d40)
            3on6-6229  [000] d... 79604.185075: sched_switch: prev_comm=3on6 prev_pid=6229 prev_prio=120 prev_state=S ==> next_comm=kworker/0:2 next_pid=6725 next_prio=120
          <idle>-0     [000] dNh. 79605.185815: sched_wakeup: comm=3on6 pid=6211 prio=120 success=1 target_cpu=000
          <idle>-0     [000] d... 79605.185818: sched_switch: prev_comm=swapper/0 prev_pid=0 prev_prio=120 prev_state=R ==> next_comm=3on6 next_pid=6211 next_prio=120
            3on6-6211  [000] .... 79605.185822: sys_nanosleep -> 0x0
            3on6-6211  [000] d... 79605.185830: sched_wakeup: comm=kworker/0:2 pid=6725 prio=120 success=1 target_cpu=000
            3on6-6211  [000] .... 79605.185841: sys_nanosleep(rqtp: 7f5fa9584d40, rmtp: 7f5fa9584d40)
            3on6-6211  [000] d... 79605.185843: sched_switch: prev_comm=3on6 prev_pid=6211 prev_prio=120 prev_state=S ==> next_comm=kworker/0:2 next_pid=6725 next_prio=120
          <idle>-0     [000] dNh. 79606.186231: sched_wakeup: comm=3on6 pid=6220 prio=120 success=1 target_cpu=000
          <idle>-0     [000] d... 79606.186234: sched_switch: prev_comm=swapper/0 prev_pid=0 prev_prio=120 prev_state=R ==> next_comm=3on6 next_pid=6220 next_prio=120
            3on6-6220  [000] .... 79606.186237: sys_nanosleep -> 0x0
            3on6-6220  [000] d... 79606.186247: sched_wakeup: comm=kworker/0:2 pid=6725 prio=120 success=1 target_cpu=000
            3on6-6220  [000] .... 79606.186258: sys_nanosleep(rqtp: 7f5fa8d83d40, rmtp: 7f5fa8d83d40)
            3on6-6220  [000] d... 79606.186260: sched_switch: prev_comm=3on6 prev_pid=6220 prev_prio=120 prev_state=S ==> next_comm=kworker/0:2 next_pid=6725 next_prio=120
          <idle>-0     [000] dNh. 79606.186331: sched_wakeup: comm=3on6 pid=6229 prio=120 success=1 target_cpu=000
          <idle>-0     [000] d... 79606.186334: sched_switch: prev_comm=swapper/0 prev_pid=0 prev_prio=120 prev_state=R ==> next_comm=3on6 next_pid=6229 next_prio=120
            3on6-6229  [000] .... 79606.186336: sys_nanosleep -> 0x0
            3on6-6229  [000] d... 79606.186340: sched_wakeup: comm=kworker/0:2 pid=6725 prio=120 success=1 target_cpu=000
            3on6-6229  [000] .... 79606.186355: sys_nanosleep(rqtp: 7f5fa8582d40, rmtp: 7f5fa8582d40)
            3on6-6229  [000] d... 79606.186357: sched_switch: prev_comm=3on6 prev_pid=6229 prev_prio=120 prev_state=S ==> next_comm=kworker/0:2 next_pid=6725 next_prio=120
          <idle>-0     [000] dNh. 79606.186497: sched_wakeup: comm=3on6 pid=6211 prio=120 success=1 target_cpu=000
          <idle>-0     [000] d... 79606.186501: sched_switch: prev_comm=swapper/0 prev_pid=0 prev_prio=120 prev_state=R ==> next_comm=3on6 next_pid=6211 next_prio=120
            3on6-6211  [000] .... 79606.186502: sys_nanosleep -> 0x0
            3on6-6211  [000] d... 79606.186507: sched_wakeup: comm=kworker/0:2 pid=6725 prio=120 success=1 target_cpu=000
            3on6-6211  [000] .... 79606.186514: sys_nanosleep(rqtp: 7f5fa9584d40, rmtp: 7f5fa9584d40)
            3on6-6211  [000] d... 79606.186516: sched_switch: prev_comm=3on6 prev_pid=6211 prev_prio=120 prev_state=S ==> next_comm=kworker/0:2 next_pid=6725 next_prio=120
          <idle>-0     [000] dNh. 79607.187175: sched_wakeup: comm=3on6 pid=6211 prio=120 success=1 target_cpu=000
          <idle>-0     [000] d... 79607.187179: sched_switch: prev_comm=swapper/0 prev_pid=0 prev_prio=120 prev_state=R ==> next_comm=3on6 next_pid=6211 next_prio=120
            3on6-6211  [000] .... 79607.187182: sys_nanosleep -> 0x0
            3on6-6211  [000] d... 79607.187191: sched_wakeup: comm=kworker/0:2 pid=6725 prio=120 success=1 target_cpu=000
            3on6-6211  [000] .... 79607.187202: sys_nanosleep(rqtp: 7f5fa9584d40, rmtp: 7f5fa9584d40)
            3on6-6211  [000] d... 79607.187204: sched_switch: prev_comm=3on6 prev_pid=6211 prev_prio=120 prev_state=S ==> next_comm=kworker/0:2 next_pid=6725 next_prio=120
          <idle>-0     [000] dNh. 79608.187618: sched_wakeup: comm=3on6 pid=6229 prio=120 success=1 target_cpu=000
          <idle>-0     [000] d... 79608.187621: sched_switch: prev_comm=swapper/0 prev_pid=0 prev_prio=120 prev_state=R ==> next_comm=3on6 next_pid=6229 next_prio=120
            3on6-6229  [000] .... 79608.187625: sys_nanosleep -> 0x0
            3on6-6229  [000] d... 79608.187634: sched_wakeup: comm=kworker/0:2 pid=6725 prio=120 success=1 target_cpu=000
            3on6-6229  [000] .... 79608.187651: sys_nanosleep(rqtp: 7f5fa8582d40, rmtp: 7f5fa8582d40)
            3on6-6229  [000] d... 79608.187654: sched_switch: prev_comm=3on6 prev_pid=6229 prev_prio=120 prev_state=S ==> next_comm=kworker/0:2 next_pid=6725 next_prio=120
          <idle>-0     [000] dNh. 79609.188312: sched_wakeup: comm=3on6 pid=6229 prio=120 success=1 target_cpu=000
          <idle>-0     [000] d... 79609.188315: sched_switch: prev_comm=swapper/0 prev_pid=0 prev_prio=120 prev_state=R ==> next_comm=3on6 next_pid=6229 next_prio=120
            3on6-6229  [000] .... 79609.188318: sys_nanosleep -> 0x0
            3on6-6229  [000] d... 79609.188327: sched_wakeup: comm=kworker/0:2 pid=6725 prio=120 success=1 target_cpu=000
            3on6-6229  [000] .... 79609.188356: sys_nanosleep(rqtp: 7f5fa8582d40, rmtp: 7f5fa8582d40)
            3on6-6229  [000] d... 79609.188358: sched_switch: prev_comm=3on6 prev_pid=6229 prev_prio=120 prev_state=S ==> next_comm=kworker/0:2 next_pid=6725 next_prio=120
          <idle>-0     [000] dNh. 79610.188727: sched_wakeup: comm=3on6 pid=6220 prio=120 success=1 target_cpu=000
          <idle>-0     [000] d... 79610.188730: sched_switch: prev_comm=swapper/0 prev_pid=0 prev_prio=120 prev_state=R ==> next_comm=3on6 next_pid=6220 next_prio=120
            3on6-6220  [000] .... 79610.188734: sys_nanosleep -> 0x0
            3on6-6220  [000] d... 79610.188744: sched_wakeup: comm=kworker/0:2 pid=6725 prio=120 success=1 target_cpu=000
            3on6-6220  [000] .... 79610.188761: sys_nanosleep(rqtp: 7f5fa8d83d40, rmtp: 7f5fa8d83d40)
            3on6-6220  [000] d... 79610.188763: sched_switch: prev_comm=3on6 prev_pid=6220 prev_prio=120 prev_state=S ==> next_comm=kworker/0:2 next_pid=6725 next_prio=120
          <idle>-0     [000] dNh. 79611.189670: sched_wakeup: comm=3on6 pid=6211 prio=120 success=1 target_cpu=000
          <idle>-0     [000] d... 79611.189675: sched_switch: prev_comm=swapper/0 prev_pid=0 prev_prio=120 prev_state=R ==> next_comm=3on6 next_pid=6211 next_prio=120
            3on6-6211  [000] .... 79611.189677: sys_nanosleep -> 0x0
            3on6-6211  [000] d... 79611.189685: sched_wakeup: comm=kworker/0:2 pid=6725 prio=120 success=1 target_cpu=000
            3on6-6211  [000] .... 79611.189708: sys_nanosleep(rqtp: 7f5fa9584d40, rmtp: 7f5fa9584d40)
            3on6-6211  [000] d... 79611.189710: sched_switch: prev_comm=3on6 prev_pid=6211 prev_prio=120 prev_state=S ==> next_comm=kworker/0:2 next_pid=6725 next_prio=120
          <idle>-0     [000] dNh. 79612.190024: sched_wakeup: comm=3on6 pid=6220 prio=120 success=1 target_cpu=000
          <idle>-0     [000] d... 79612.190028: sched_switch: prev_comm=swapper/0 prev_pid=0 prev_prio=120 prev_state=R ==> next_comm=3on6 next_pid=6220 next_prio=120
            3on6-6220  [000] .... 79612.190031: sys_nanosleep -> 0x0
            3on6-6220  [000] d... 79612.190040: sched_wakeup: comm=kworker/0:2 pid=6725 prio=120 success=1 target_cpu=000
            3on6-6220  [000] .... 79612.190044: sys_futex(uaddr: 602468, op: 80, val: 2, utime: 0, uaddr2: 602468, val3: 1)
            3on6-6220  [000] d... 79612.190047: sched_switch: prev_comm=3on6 prev_pid=6220 prev_prio=120 prev_state=S ==> next_comm=kworker/0:2 next_pid=6725 next_prio=120
          <idle>-0     [000] dNh. 79613.190825: sched_wakeup: comm=3on6 pid=6229 prio=120 success=1 target_cpu=000
          <idle>-0     [000] d... 79613.190828: sched_switch: prev_comm=swapper/0 prev_pid=0 prev_prio=120 prev_state=R ==> next_comm=3on6 next_pid=6229 next_prio=120
            3on6-6229  [000] .... 79613.190831: sys_nanosleep -> 0x0
            3on6-6229  [000] d... 79613.190841: sched_wakeup: comm=kworker/0:2 pid=6725 prio=120 success=1 target_cpu=000
            3on6-6229  [000] .... 79613.190851: sys_nanosleep(rqtp: 7f5fa8582d40, rmtp: 7f5fa8582d40)
            3on6-6229  [000] d... 79613.190853: sched_switch: prev_comm=3on6 prev_pid=6229 prev_prio=120 prev_state=S ==> next_comm=kworker/0:2 next_pid=6725 next_prio=120
          <idle>-0     [000] dNh. 79613.190968: sched_wakeup: comm=3on6 pid=6211 prio=120 success=1 target_cpu=000
          <idle>-0     [000] d... 79613.190971: sched_switch: prev_comm=swapper/0 prev_pid=0 prev_prio=120 prev_state=R ==> next_comm=3on6 next_pid=6211 next_prio=120
            3on6-6211  [000] .... 79613.190973: sys_nanosleep -> 0x0
            3on6-6211  [000] d... 79613.190978: sched_wakeup: comm=kworker/0:2 pid=6725 prio=120 success=1 target_cpu=000
            3on6-6211  [000] .... 79613.190981: sys_futex(uaddr: 602468, op: 81, val: 1, utime: 0, uaddr2: 0, val3: 0)
            3on6-6211  [000] d... 79613.190983: sched_wakeup: comm=3on6 pid=6220 prio=120 success=1 target_cpu=000
            3on6-6211  [000] .... 79613.190984: sys_futex -> 0x1
            3on6-6211  [000] .... 79613.190996: sys_nanosleep(rqtp: 7f5fa9584d40, rmtp: 7f5fa9584d40)
            3on6-6211  [000] d... 79613.190998: sched_switch: prev_comm=3on6 prev_pid=6211 prev_prio=120 prev_state=S ==> next_comm=3on6 next_pid=6220 next_prio=120
            3on6-6220  [000] .... 79613.191000: sys_futex -> 0x0
            3on6-6220  [000] .... 79613.191006: sys_nanosleep(rqtp: 7f5fa8d83d40, rmtp: 7f5fa8d83d40)
            3on6-6220  [000] d... 79613.191008: sched_switch: prev_comm=3on6 prev_pid=6220 prev_prio=120 prev_state=S ==> next_comm=kworker/0:2 next_pid=6725 next_prio=120
          <idle>-0     [000] dNh. 79614.191655: sched_wakeup: comm=3on6 pid=6211 prio=120 success=1 target_cpu=000
          <idle>-0     [000] d... 79614.191659: sched_switch: prev_comm=swapper/0 prev_pid=0 prev_prio=120 prev_state=R ==> next_comm=3on6 next_pid=6211 next_prio=120
            3on6-6211  [000] .... 79614.191662: sys_nanosleep -> 0x0
            3on6-6211  [000] d... 79614.191671: sched_wakeup: comm=kworker/0:2 pid=6725 prio=120 success=1 target_cpu=000
            3on6-6211  [000] .... 79614.191682: sys_nanosleep(rqtp: 7f5fa9584d40, rmtp: 7f5fa9584d40)
            3on6-6211  [000] d... 79614.191684: sched_switch: prev_comm=3on6 prev_pid=6211 prev_prio=120 prev_state=S ==> next_comm=kworker/0:2 next_pid=6725 next_prio=120
          <idle>-0     [000] dNh. 79617.193476: sched_wakeup: comm=3on6 pid=6220 prio=120 success=1 target_cpu=000
          <idle>-0     [000] d... 79617.193480: sched_switch: prev_comm=swapper/0 prev_pid=0 prev_prio=120 prev_state=R ==> next_comm=3on6 next_pid=6220 next_prio=120
            3on6-6220  [000] .... 79617.193484: sys_nanosleep -> 0x0
            3on6-6220  [000] d... 79617.193497: sched_wakeup: comm=kworker/0:2 pid=6725 prio=120 success=1 target_cpu=000
            3on6-6220  [000] .... 79617.193501: sys_futex(uaddr: 602468, op: 81, val: 1, utime: 0, uaddr2: 0, val3: 1)
            3on6-6220  [000] .... 79617.193502: sys_futex -> 0x0
            3on6-6220  [000] .... 79617.193510: sys_nanosleep(rqtp: 7f5fa8d83d40, rmtp: 7f5fa8d83d40)
            3on6-6220  [000] d... 79617.193512: sched_switch: prev_comm=3on6 prev_pid=6220 prev_prio=120 prev_state=S ==> next_comm=kworker/0:2 next_pid=6725 next_prio=120
          <idle>-0     [000] dNh. 79617.193543: sched_wakeup: comm=3on6 pid=6211 prio=120 success=1 target_cpu=000
          <idle>-0     [000] d... 79617.193547: sched_switch: prev_comm=swapper/0 prev_pid=0 prev_prio=120 prev_state=R ==> next_comm=3on6 next_pid=6211 next_prio=120
            3on6-6211  [000] .... 79617.193549: sys_nanosleep -> 0x0
            3on6-6211  [000] d... 79617.193554: sched_wakeup: comm=kworker/0:2 pid=6725 prio=120 success=1 target_cpu=000
            3on6-6211  [000] .... 79617.193562: sys_nanosleep(rqtp: 7f5fa9584d40, rmtp: 7f5fa9584d40)
            3on6-6211  [000] d... 79617.193564: sched_switch: prev_comm=3on6 prev_pid=6211 prev_prio=120 prev_state=S ==> next_comm=kworker/0:2 next_pid=6725 next_prio=120
          <idle>-0     [000] dNh. 79618.194170: sched_wakeup: comm=3on6 pid=6220 prio=120 success=1 target_cpu=000
          <idle>-0     [000] dNh. 79618.194172: sched_wakeup: comm=3on6 pid=6211 prio=120 success=1 target_cpu=000
          <idle>-0     [000] d... 79618.194175: sched_switch: prev_comm=swapper/0 prev_pid=0 prev_prio=120 prev_state=R ==> next_comm=3on6 next_pid=6220 next_prio=120
            3on6-6220  [000] .... 79618.194177: sys_nanosleep -> 0x0
            3on6-6220  [000] d... 79618.194186: sched_wakeup: comm=kworker/0:2 pid=6725 prio=120 success=1 target_cpu=000
            3on6-6220  [000] .... 79618.194203: sys_nanosleep(rqtp: 7f5fa8d83d40, rmtp: 7f5fa8d83d40)
            3on6-6220  [000] d... 79618.194205: sched_switch: prev_comm=3on6 prev_pid=6220 prev_prio=120 prev_state=S ==> next_comm=3on6 next_pid=6211 next_prio=120
            3on6-6211  [000] .... 79618.194206: sys_nanosleep -> 0x0
            3on6-6211  [000] .... 79618.194216: sys_nanosleep(rqtp: 7f5fa9584d40, rmtp: 7f5fa9584d40)
            3on6-6211  [000] d... 79618.194217: sched_switch: prev_comm=3on6 prev_pid=6211 prev_prio=120 prev_state=S ==> next_comm=kworker/0:2 next_pid=6725 next_prio=120
          <idle>-0     [000] dNh. 79619.194876: sched_wakeup: comm=3on6 pid=6211 prio=120 success=1 target_cpu=000
          <idle>-0     [000] d... 79619.194879: sched_switch: prev_comm=swapper/0 prev_pid=0 prev_prio=120 prev_state=R ==> next_comm=3on6 next_pid=6211 next_prio=120
            3on6-6211  [000] .... 79619.194883: sys_nanosleep -> 0x0
            3on6-6211  [000] d... 79619.194891: sched_wakeup: comm=kworker/0:2 pid=6725 prio=120 success=1 target_cpu=000
            3on6-6211  [000] .... 79619.194901: sys_nanosleep(rqtp: 7f5fa9584d40, rmtp: 7f5fa9584d40)
            3on6-6211  [000] d... 79619.194903: sched_switch: prev_comm=3on6 prev_pid=6211 prev_prio=120 prev_state=S ==> next_comm=kworker/0:2 next_pid=6725 next_prio=120
          <idle>-0     [000] dNh. 79620.195466: sched_wakeup: comm=3on6 pid=6220 prio=120 success=1 target_cpu=000
          <idle>-0     [000] d... 79620.195469: sched_switch: prev_comm=swapper/0 prev_pid=0 prev_prio=120 prev_state=R ==> next_comm=3on6 next_pid=6220 next_prio=120
            3on6-6220  [000] .... 79620.195472: sys_nanosleep -> 0x0
            3on6-6220  [000] d... 79620.195481: sched_wakeup: comm=kworker/0:2 pid=6725 prio=120 success=1 target_cpu=000
            3on6-6220  [000] .... 79620.195485: sys_futex(uaddr: 602490, op: 80, val: 2, utime: 0, uaddr2: 602490, val3: 1)
            3on6-6220  [000] d... 79620.195489: sched_switch: prev_comm=3on6 prev_pid=6220 prev_prio=120 prev_state=S ==> next_comm=kworker/0:2 next_pid=6725 next_prio=120
          <idle>-0     [000] dNh. 79620.195557: sched_wakeup: comm=3on6 pid=6211 prio=120 success=1 target_cpu=000
          <idle>-0     [000] d... 79620.195561: sched_switch: prev_comm=swapper/0 prev_pid=0 prev_prio=120 prev_state=R ==> next_comm=3on6 next_pid=6211 next_prio=120
            3on6-6211  [000] .... 79620.195562: sys_nanosleep -> 0x0
            3on6-6211  [000] d... 79620.195567: sched_wakeup: comm=kworker/0:2 pid=6725 prio=120 success=1 target_cpu=000
            3on6-6211  [000] .... 79620.195576: sys_nanosleep(rqtp: 7f5fa9584d40, rmtp: 7f5fa9584d40)
            3on6-6211  [000] d... 79620.195578: sched_switch: prev_comm=3on6 prev_pid=6211 prev_prio=120 prev_state=S ==> next_comm=kworker/0:2 next_pid=6725 next_prio=120
          <idle>-0     [000] d... 79621.096202: sched_switch: prev_comm=swapper/0 prev_pid=0 prev_prio=120 prev_state=R ==> next_comm=kworker/0:2 next_pid=6725 next_prio=120
          <idle>-0     [000] dNh. 79622.196840: sched_wakeup: comm=3on6 pid=6211 prio=120 success=1 target_cpu=000
          <idle>-0     [000] d... 79622.196843: sched_switch: prev_comm=swapper/0 prev_pid=0 prev_prio=120 prev_state=R ==> next_comm=3on6 next_pid=6211 next_prio=120
            3on6-6211  [000] .... 79622.196846: sys_nanosleep -> 0x0
            3on6-6211  [000] d.s. 79622.196856: sched_wakeup: comm=kworker/0:2 pid=6725 prio=120 success=1 target_cpu=000
            3on6-6211  [000] .... 79622.196875: sys_nanosleep(rqtp: 7f5fa9584d40, rmtp: 7f5fa9584d40)
            3on6-6211  [000] d... 79622.196878: sched_switch: prev_comm=3on6 prev_pid=6211 prev_prio=120 prev_state=S ==> next_comm=kworker/0:2 next_pid=6725 next_prio=120
          <idle>-0     [000] dNh. 79623.196936: sched_wakeup: comm=3on6 pid=6229 prio=120 success=1 target_cpu=000
          <idle>-0     [000] d... 79623.196940: sched_switch: prev_comm=swapper/0 prev_pid=0 prev_prio=120 prev_state=R ==> next_comm=3on6 next_pid=6229 next_prio=120
            3on6-6229  [000] .... 79623.196944: sys_nanosleep -> 0x0
            3on6-6229  [000] d... 79623.196953: sched_wakeup: comm=kworker/0:2 pid=6725 prio=120 success=1 target_cpu=000
            3on6-6229  [000] .... 79623.196957: sys_futex(uaddr: 602490, op: 81, val: 1, utime: 0, uaddr2: 0, val3: 2)
            3on6-6229  [000] dN.. 79623.196960: sched_wakeup: comm=3on6 pid=6220 prio=120 success=1 target_cpu=000
            3on6-6229  [000] d... 79623.196962: sched_switch: prev_comm=3on6 prev_pid=6229 prev_prio=120 prev_state=R ==> next_comm=3on6 next_pid=6220 next_prio=120
            3on6-6220  [000] .... 79623.196963: sys_futex -> 0x0
            3on6-6220  [000] .... 79623.196971: sys_nanosleep(rqtp: 7f5fa8d83d40, rmtp: 7f5fa8d83d40)
            3on6-6220  [000] d... 79623.196973: sched_switch: prev_comm=3on6 prev_pid=6220 prev_prio=120 prev_state=S ==> next_comm=3on6 next_pid=6229 next_prio=120
            3on6-6229  [000] .... 79623.196974: sys_futex -> 0x1
            3on6-6229  [000] .... 79623.196980: sys_nanosleep(rqtp: 7f5fa8582d40, rmtp: 7f5fa8582d40)
            3on6-6229  [000] d... 79623.196982: sched_switch: prev_comm=3on6 prev_pid=6229 prev_prio=120 prev_state=S ==> next_comm=kworker/0:2 next_pid=6725 next_prio=120
          <idle>-0     [000] dNh. 79623.197532: sched_wakeup: comm=3on6 pid=6211 prio=120 success=1 target_cpu=000
          <idle>-0     [000] d... 79623.197536: sched_switch: prev_comm=swapper/0 prev_pid=0 prev_prio=120 prev_state=R ==> next_comm=3on6 next_pid=6211 next_prio=120
            3on6-6211  [000] .... 79623.197538: sys_nanosleep -> 0x0
            3on6-6211  [000] d... 79623.197543: sched_wakeup: comm=kworker/0:2 pid=6725 prio=120 success=1 target_cpu=000
            3on6-6211  [000] .... 79623.197551: sys_nanosleep(rqtp: 7f5fa9584d40, rmtp: 7f5fa9584d40)
            3on6-6211  [000] d... 79623.197553: sched_switch: prev_comm=3on6 prev_pid=6211 prev_prio=120 prev_state=S ==> next_comm=kworker/0:2 next_pid=6725 next_prio=120
          <idle>-0     [000] dNh. 79624.197631: sched_wakeup: comm=3on6 pid=6220 prio=120 success=1 target_cpu=000
          <idle>-0     [000] d... 79624.197635: sched_switch: prev_comm=swapper/0 prev_pid=0 prev_prio=120 prev_state=R ==> next_comm=3on6 next_pid=6220 next_prio=120
            3on6-6220  [000] .... 79624.197638: sys_nanosleep -> 0x0
            3on6-6220  [000] d... 79624.197648: sched_wakeup: comm=kworker/0:2 pid=6725 prio=120 success=1 target_cpu=000
            3on6-6220  [000] .... 79624.197652: sys_futex(uaddr: 602490, op: 81, val: 1, utime: 0, uaddr2: 0, val3: 1)
            3on6-6220  [000] .... 79624.197654: sys_futex -> 0x0
            3on6-6220  [000] .... 79624.197680: sys_nanosleep(rqtp: 7f5fa8d83d40, rmtp: 7f5fa8d83d40)
            3on6-6220  [000] d... 79624.197682: sched_switch: prev_comm=3on6 prev_pid=6220 prev_prio=120 prev_state=S ==> next_comm=kworker/0:2 next_pid=6725 next_prio=120
          <idle>-0     [000] dNh. 79625.198340: sched_wakeup: comm=3on6 pid=6220 prio=120 success=1 target_cpu=000
          <idle>-0     [000] d... 79625.198344: sched_switch: prev_comm=swapper/0 prev_pid=0 prev_prio=120 prev_state=R ==> next_comm=3on6 next_pid=6220 next_prio=120
            3on6-6220  [000] .... 79625.198347: sys_nanosleep -> 0x0
            3on6-6220  [000] d... 79625.198355: sched_wakeup: comm=kworker/0:2 pid=6725 prio=120 success=1 target_cpu=000
            3on6-6220  [000] .... 79625.198385: sys_nanosleep(rqtp: 7f5fa8d83d40, rmtp: 7f5fa8d83d40)
            3on6-6220  [000] d... 79625.198387: sched_switch: prev_comm=3on6 prev_pid=6220 prev_prio=120 prev_state=S ==> next_comm=kworker/0:2 next_pid=6725 next_prio=120
          <idle>-0     [000] dNh. 79627.199448: sched_wakeup: comm=3on6 pid=6229 prio=120 success=1 target_cpu=000
          <idle>-0     [000] d... 79627.199451: sched_switch: prev_comm=swapper/0 prev_pid=0 prev_prio=120 prev_state=R ==> next_comm=3on6 next_pid=6229 next_prio=120
            3on6-6229  [000] .... 79627.199455: sys_nanosleep -> 0x0
            3on6-6229  [000] d... 79627.199465: sched_wakeup: comm=kworker/0:2 pid=6725 prio=120 success=1 target_cpu=000
            3on6-6229  [000] .... 79627.199476: sys_nanosleep(rqtp: 7f5fa8582d40, rmtp: 7f5fa8582d40)
            3on6-6229  [000] d... 79627.199478: sched_switch: prev_comm=3on6 prev_pid=6229 prev_prio=120 prev_state=S ==> next_comm=kworker/0:2 next_pid=6725 next_prio=120
          <idle>-0     [000] dNh. 79627.199644: sched_wakeup: comm=3on6 pid=6220 prio=120 success=1 target_cpu=000
          <idle>-0     [000] d... 79627.199647: sched_switch: prev_comm=swapper/0 prev_pid=0 prev_prio=120 prev_state=R ==> next_comm=3on6 next_pid=6220 next_prio=120
            3on6-6220  [000] .... 79627.199649: sys_nanosleep -> 0x0
            3on6-6220  [000] d... 79627.199654: sched_wakeup: comm=kworker/0:2 pid=6725 prio=120 success=1 target_cpu=000
            3on6-6220  [000] .... 79627.199663: sys_nanosleep(rqtp: 7f5fa8d83d40, rmtp: 7f5fa8d83d40)
            3on6-6220  [000] d... 79627.199665: sched_switch: prev_comm=3on6 prev_pid=6220 prev_prio=120 prev_state=S ==> next_comm=kworker/0:2 next_pid=6725 next_prio=120
          <idle>-0     [000] dNh. 79627.200016: sched_wakeup: comm=3on6 pid=6211 prio=120 success=1 target_cpu=000
          <idle>-0     [000] d... 79627.200019: sched_switch: prev_comm=swapper/0 prev_pid=0 prev_prio=120 prev_state=R ==> next_comm=3on6 next_pid=6211 next_prio=120
            3on6-6211  [000] .... 79627.200022: sys_nanosleep -> 0x0
            3on6-6211  [000] d... 79627.200027: sched_wakeup: comm=kworker/0:2 pid=6725 prio=120 success=1 target_cpu=000
            3on6-6211  [000] .... 79627.200030: sys_futex(uaddr: 602490, op: 80, val: 2, utime: 0, uaddr2: 602490, val3: 0)
            3on6-6211  [000] d... 79627.200033: sched_switch: prev_comm=3on6 prev_pid=6211 prev_prio=120 prev_state=S ==> next_comm=kworker/0:2 next_pid=6725 next_prio=120
          <idle>-0     [000] dNh. 79628.200323: sched_wakeup: comm=3on6 pid=6220 prio=120 success=1 target_cpu=000
          <idle>-0     [000] d... 79628.200327: sched_switch: prev_comm=swapper/0 prev_pid=0 prev_prio=120 prev_state=R ==> next_comm=3on6 next_pid=6220 next_prio=120
            3on6-6220  [000] .... 79628.200329: sys_nanosleep -> 0x0
            3on6-6220  [000] d... 79628.200343: sched_wakeup: comm=kworker/0:2 pid=6725 prio=120 success=1 target_cpu=000
            3on6-6220  [000] .... 79628.200355: sys_nanosleep(rqtp: 7f5fa8d83d40, rmtp: 7f5fa8d83d40)
            3on6-6220  [000] d... 79628.200357: sched_switch: prev_comm=3on6 prev_pid=6220 prev_prio=120 prev_state=S ==> next_comm=kworker/0:2 next_pid=6725 next_prio=120
          <idle>-0     [000] dNh. 79629.200739: sched_wakeup: comm=3on6 pid=6229 prio=120 success=1 target_cpu=000
          <idle>-0     [000] d... 79629.200743: sched_switch: prev_comm=swapper/0 prev_pid=0 prev_prio=120 prev_state=R ==> next_comm=3on6 next_pid=6229 next_prio=120
            3on6-6229  [000] .... 79629.200747: sys_nanosleep -> 0x0
            3on6-6229  [000] d... 79629.200757: sched_wakeup: comm=kworker/0:2 pid=6725 prio=120 success=1 target_cpu=000
            3on6-6229  [000] .... 79629.200762: sys_futex(uaddr: 602490, op: 81, val: 1, utime: 0, uaddr2: 0, val3: 2)
            3on6-6229  [000] dN.. 79629.200765: sched_wakeup: comm=3on6 pid=6211 prio=120 success=1 target_cpu=000
            3on6-6229  [000] d... 79629.200766: sched_switch: prev_comm=3on6 prev_pid=6229 prev_prio=120 prev_state=R ==> next_comm=3on6 next_pid=6211 next_prio=120
            3on6-6211  [000] .... 79629.200769: sys_futex -> 0x0
            3on6-6211  [000] .... 79629.200776: sys_nanosleep(rqtp: 7f5fa9584d40, rmtp: 7f5fa9584d40)
            3on6-6211  [000] d... 79629.200779: sched_switch: prev_comm=3on6 prev_pid=6211 prev_prio=120 prev_state=S ==> next_comm=3on6 next_pid=6229 next_prio=120
            3on6-6229  [000] .... 79629.200779: sys_futex -> 0x1
            3on6-6229  [000] .... 79629.200786: sys_nanosleep(rqtp: 7f5fa8582d40, rmtp: 7f5fa8582d40)
            3on6-6229  [000] d... 79629.200787: sched_switch: prev_comm=3on6 prev_pid=6229 prev_prio=120 prev_state=S ==> next_comm=kworker/0:2 next_pid=6725 next_prio=120
          <idle>-0     [000] dNh. 79631.202040: sched_wakeup: comm=3on6 pid=6211 prio=120 success=1 target_cpu=000
          <idle>-0     [000] d... 79631.202043: sched_switch: prev_comm=swapper/0 prev_pid=0 prev_prio=120 prev_state=R ==> next_comm=3on6 next_pid=6211 next_prio=120
            3on6-6211  [000] .... 79631.202047: sys_nanosleep -> 0x0
            3on6-6211  [000] d... 79631.202058: sched_wakeup: comm=kworker/0:2 pid=6725 prio=120 success=1 target_cpu=000
            3on6-6211  [000] .... 79631.202062: sys_futex(uaddr: 602490, op: 81, val: 1, utime: 0, uaddr2: 0, val3: 0)
            3on6-6211  [000] .... 79631.202064: sys_futex -> 0x0
            3on6-6211  [000] .... 79631.202078: sys_nanosleep(rqtp: 7f5fa9584d40, rmtp: 7f5fa9584d40)
            3on6-6211  [000] d... 79631.202080: sched_switch: prev_comm=3on6 prev_pid=6211 prev_prio=120 prev_state=S ==> next_comm=kworker/0:2 next_pid=6725 next_prio=120
          <idle>-0     [000] dNh. 79631.202217: sched_wakeup: comm=3on6 pid=6220 prio=120 success=1 target_cpu=000
          <idle>-0     [000] d... 79631.202221: sched_switch: prev_comm=swapper/0 prev_pid=0 prev_prio=120 prev_state=R ==> next_comm=3on6 next_pid=6220 next_prio=120
            3on6-6220  [000] .... 79631.202223: sys_nanosleep -> 0x0
            3on6-6220  [000] d... 79631.202227: sched_wakeup: comm=kworker/0:2 pid=6725 prio=120 success=1 target_cpu=000
            3on6-6220  [000] .... 79631.202242: sys_nanosleep(rqtp: 7f5fa8d83d40, rmtp: 7f5fa8d83d40)
            3on6-6220  [000] d... 79631.202244: sched_switch: prev_comm=3on6 prev_pid=6220 prev_prio=120 prev_state=S ==> next_comm=kworker/0:2 next_pid=6725 next_prio=120
          <idle>-0     [000] dNh. 79632.202651: sched_wakeup: comm=3on6 pid=6229 prio=120 success=1 target_cpu=000
          <idle>-0     [000] d... 79632.202654: sched_switch: prev_comm=swapper/0 prev_pid=0 prev_prio=120 prev_state=R ==> next_comm=3on6 next_pid=6229 next_prio=120
            3on6-6229  [000] .... 79632.202657: sys_nanosleep -> 0x0
            3on6-6229  [000] d... 79632.202665: sched_wakeup: comm=kworker/0:2 pid=6725 prio=120 success=1 target_cpu=000
            3on6-6229  [000] .... 79632.202675: sys_nanosleep(rqtp: 7f5fa8582d40, rmtp: 7f5fa8582d40)
            3on6-6229  [000] d... 79632.202678: sched_switch: prev_comm=3on6 prev_pid=6229 prev_prio=120 prev_state=S ==> next_comm=kworker/0:2 next_pid=6725 next_prio=120
          <idle>-0     [000] dNh. 79632.202734: sched_wakeup: comm=3on6 pid=6211 prio=120 success=1 target_cpu=000
          <idle>-0     [000] d... 79632.202737: sched_switch: prev_comm=swapper/0 prev_pid=0 prev_prio=120 prev_state=R ==> next_comm=3on6 next_pid=6211 next_prio=120
            3on6-6211  [000] .... 79632.202738: sys_nanosleep -> 0x0
            3on6-6211  [000] d... 79632.202743: sched_wakeup: comm=kworker/0:2 pid=6725 prio=120 success=1 target_cpu=000
            3on6-6211  [000] .... 79632.202751: sys_nanosleep(rqtp: 7f5fa9584d40, rmtp: 7f5fa9584d40)
            3on6-6211  [000] d... 79632.202753: sched_switch: prev_comm=3on6 prev_pid=6211 prev_prio=120 prev_state=S ==> next_comm=kworker/0:2 next_pid=6725 next_prio=120
          <idle>-0     [000] dNh. 79634.203939: sched_wakeup: comm=3on6 pid=6229 prio=120 success=1 target_cpu=000
          <idle>-0     [000] d... 79634.203942: sched_switch: prev_comm=swapper/0 prev_pid=0 prev_prio=120 prev_state=R ==> next_comm=3on6 next_pid=6229 next_prio=120
            3on6-6229  [000] .... 79634.203946: sys_nanosleep -> 0x0
            3on6-6229  [000] d... 79634.203957: sched_wakeup: comm=kworker/0:2 pid=6725 prio=120 success=1 target_cpu=000
            3on6-6229  [000] .... 79634.203968: sys_nanosleep(rqtp: 7f5fa8582d40, rmtp: 7f5fa8582d40)
            3on6-6229  [000] d... 79634.203970: sched_switch: prev_comm=3on6 prev_pid=6229 prev_prio=120 prev_state=S ==> next_comm=kworker/0:2 next_pid=6725 next_prio=120
          <idle>-0     [000] dNh. 79634.204104: sched_wakeup: comm=3on6 pid=6220 prio=120 success=1 target_cpu=000
          <idle>-0     [000] d... 79634.204108: sched_switch: prev_comm=swapper/0 prev_pid=0 prev_prio=120 prev_state=R ==> next_comm=3on6 next_pid=6220 next_prio=120
            3on6-6220  [000] .... 79634.204110: sys_nanosleep -> 0x0
            3on6-6220  [000] d... 79634.204115: sched_wakeup: comm=kworker/0:2 pid=6725 prio=120 success=1 target_cpu=000
            3on6-6220  [000] .... 79634.204123: sys_nanosleep(rqtp: 7f5fa8d83d40, rmtp: 7f5fa8d83d40)
            3on6-6220  [000] d... 79634.204125: sched_switch: prev_comm=3on6 prev_pid=6220 prev_prio=120 prev_state=S ==> next_comm=kworker/0:2 next_pid=6725 next_prio=120
          <idle>-0     [000] dNh. 79636.205220: sched_wakeup: comm=3on6 pid=6211 prio=120 success=1 target_cpu=000
          <idle>-0     [000] dNh. 79636.205222: sched_wakeup: comm=3on6 pid=6229 prio=120 success=1 target_cpu=000
          <idle>-0     [000] d... 79636.205226: sched_switch: prev_comm=swapper/0 prev_pid=0 prev_prio=120 prev_state=R ==> next_comm=3on6 next_pid=6211 next_prio=120
            3on6-6211  [000] .... 79636.205229: sys_nanosleep -> 0x0
            3on6-6211  [000] d... 79636.205240: sched_wakeup: comm=kworker/0:2 pid=6725 prio=120 success=1 target_cpu=000
            3on6-6211  [000] .... 79636.205250: sys_nanosleep(rqtp: 7f5fa9584d40, rmtp: 7f5fa9584d40)
            3on6-6211  [000] d... 79636.205253: sched_switch: prev_comm=3on6 prev_pid=6211 prev_prio=120 prev_state=S ==> next_comm=3on6 next_pid=6229 next_prio=120
            3on6-6229  [000] .... 79636.205255: sys_nanosleep -> 0x0
            3on6-6229  [000] .... 79636.205271: sys_nanosleep(rqtp: 7f5fa8582d40, rmtp: 7f5fa8582d40)
            3on6-6229  [000] d... 79636.205273: sched_switch: prev_comm=3on6 prev_pid=6229 prev_prio=120 prev_state=S ==> next_comm=kworker/0:2 next_pid=6725 next_prio=120
          <idle>-0     [000] dNh. 79638.206535: sched_wakeup: comm=3on6 pid=6229 prio=120 success=1 target_cpu=000
          <idle>-0     [000] d... 79638.206538: sched_switch: prev_comm=swapper/0 prev_pid=0 prev_prio=120 prev_state=R ==> next_comm=3on6 next_pid=6229 next_prio=120
            3on6-6229  [000] .... 79638.206542: sys_nanosleep -> 0x0
            3on6-6229  [000] d... 79638.206553: sched_wakeup: comm=kworker/0:2 pid=6725 prio=120 success=1 target_cpu=000
            3on6-6229  [000] .... 79638.206563: sys_nanosleep(rqtp: 7f5fa8582d40, rmtp: 7f5fa8582d40)
            3on6-6229  [000] d... 79638.206566: sched_switch: prev_comm=3on6 prev_pid=6229 prev_prio=120 prev_state=S ==> next_comm=kworker/0:2 next_pid=6725 next_prio=120
          <idle>-0     [000] dNh. 79638.206588: sched_wakeup: comm=3on6 pid=6220 prio=120 success=1 target_cpu=000
          <idle>-0     [000] d... 79638.206591: sched_switch: prev_comm=swapper/0 prev_pid=0 prev_prio=120 prev_state=R ==> next_comm=3on6 next_pid=6220 next_prio=120
            3on6-6220  [000] .... 79638.206593: sys_nanosleep -> 0x0
            3on6-6220  [000] d... 79638.206598: sched_wakeup: comm=kworker/0:2 pid=6725 prio=120 success=1 target_cpu=000
            3on6-6220  [000] .... 79638.206607: sys_nanosleep(rqtp: 7f5fa8d83d40, rmtp: 7f5fa8d83d40)
            3on6-6220  [000] d... 79638.206609: sched_switch: prev_comm=3on6 prev_pid=6220 prev_prio=120 prev_state=S ==> next_comm=kworker/0:2 next_pid=6725 next_prio=120
          <idle>-0     [000] dNh. 79640.207720: sched_wakeup: comm=3on6 pid=6211 prio=120 success=1 target_cpu=000
          <idle>-0     [000] d... 79640.207723: sched_switch: prev_comm=swapper/0 prev_pid=0 prev_prio=120 prev_state=R ==> next_comm=3on6 next_pid=6211 next_prio=120
            3on6-6211  [000] .... 79640.207727: sys_nanosleep -> 0x0
            3on6-6211  [000] d... 79640.207737: sched_wakeup: comm=kworker/0:2 pid=6725 prio=120 success=1 target_cpu=000
            3on6-6211  [000] .... 79640.207749: sys_nanosleep(rqtp: 7f5fa9584d40, rmtp: 7f5fa9584d40)
            3on6-6211  [000] d... 79640.207751: sched_switch: prev_comm=3on6 prev_pid=6211 prev_prio=120 prev_state=S ==> next_comm=kworker/0:2 next_pid=6725 next_prio=120
          <idle>-0     [000] dNh. 79641.208427: sched_wakeup: comm=3on6 pid=6229 prio=120 success=1 target_cpu=000
          <idle>-0     [000] dNh. 79641.208429: sched_wakeup: comm=3on6 pid=6220 prio=120 success=1 target_cpu=000
          <idle>-0     [000] d... 79641.208433: sched_switch: prev_comm=swapper/0 prev_pid=0 prev_prio=120 prev_state=R ==> next_comm=3on6 next_pid=6220 next_prio=120
            3on6-6220  [000] .... 79641.208437: sys_nanosleep -> 0x0
            3on6-6220  [000] d... 79641.208447: sched_wakeup: comm=kworker/0:2 pid=6725 prio=120 success=1 target_cpu=000
            3on6-6220  [000] .... 79641.208457: sys_nanosleep(rqtp: 7f5fa8d83d40, rmtp: 7f5fa8d83d40)
            3on6-6220  [000] d... 79641.208460: sched_switch: prev_comm=3on6 prev_pid=6220 prev_prio=120 prev_state=S ==> next_comm=3on6 next_pid=6229 next_prio=120
            3on6-6229  [000] .... 79641.208462: sys_nanosleep -> 0x0
            3on6-6229  [000] .... 79641.208472: sys_nanosleep(rqtp: 7f5fa8582d40, rmtp: 7f5fa8582d40)
            3on6-6229  [000] d... 79641.208474: sched_switch: prev_comm=3on6 prev_pid=6229 prev_prio=120 prev_state=S ==> next_comm=kworker/0:2 next_pid=6725 next_prio=120
          <idle>-0     [000] dNh. 79642.209118: sched_wakeup: comm=3on6 pid=6220 prio=120 success=1 target_cpu=000
          <idle>-0     [000] dNh. 79642.209120: sched_wakeup: comm=3on6 pid=6229 prio=120 success=1 target_cpu=000
          <idle>-0     [000] d... 79642.209123: sched_switch: prev_comm=swapper/0 prev_pid=0 prev_prio=120 prev_state=R ==> next_comm=3on6 next_pid=6220 next_prio=120
            3on6-6220  [000] .... 79642.209126: sys_nanosleep -> 0x0
            3on6-6220  [000] d... 79642.209135: sched_wakeup: comm=kworker/0:2 pid=6725 prio=120 success=1 target_cpu=000
            3on6-6220  [000] .... 79642.209145: sys_nanosleep(rqtp: 7f5fa8d83d40, rmtp: 7f5fa8d83d40)
            3on6-6220  [000] d... 79642.209147: sched_switch: prev_comm=3on6 prev_pid=6220 prev_prio=120 prev_state=S ==> next_comm=3on6 next_pid=6229 next_prio=120
            3on6-6229  [000] .... 79642.209149: sys_nanosleep -> 0x0
            3on6-6229  [000] .... 79642.209158: sys_nanosleep(rqtp: 7f5fa8582d40, rmtp: 7f5fa8582d40)
            3on6-6229  [000] d... 79642.209159: sched_switch: prev_comm=3on6 prev_pid=6229 prev_prio=120 prev_state=S ==> next_comm=kworker/0:2 next_pid=6725 next_prio=120
          <idle>-0     [000] dNh. 79643.209615: sched_wakeup: comm=3on6 pid=6211 prio=120 success=1 target_cpu=000
          <idle>-0     [000] d... 79643.209618: sched_switch: prev_comm=swapper/0 prev_pid=0 prev_prio=120 prev_state=R ==> next_comm=3on6 next_pid=6211 next_prio=120
            3on6-6211  [000] .... 79643.209622: sys_nanosleep -> 0x0
            3on6-6211  [000] d... 79643.209631: sched_wakeup: comm=kworker/0:2 pid=6725 prio=120 success=1 target_cpu=000
            3on6-6211  [000] .... 79643.209635: sys_futex(uaddr: 6024b8, op: 80, val: 2, utime: 0, uaddr2: 6024b8, val3: 0)
            3on6-6211  [000] d... 79643.209639: sched_switch: prev_comm=3on6 prev_pid=6211 prev_prio=120 prev_state=S ==> next_comm=kworker/0:2 next_pid=6725 next_prio=120
          <idle>-0     [000] dNh. 79643.209814: sched_wakeup: comm=3on6 pid=6229 prio=120 success=1 target_cpu=000
          <idle>-0     [000] d... 79643.209817: sched_switch: prev_comm=swapper/0 prev_pid=0 prev_prio=120 prev_state=R ==> next_comm=3on6 next_pid=6229 next_prio=120
            3on6-6229  [000] .... 79643.209819: sys_nanosleep -> 0x0
            3on6-6229  [000] d... 79643.209823: sched_wakeup: comm=kworker/0:2 pid=6725 prio=120 success=1 target_cpu=000
            3on6-6229  [000] .... 79643.209833: sys_nanosleep(rqtp: 7f5fa8582d40, rmtp: 7f5fa8582d40)
            3on6-6229  [000] d... 79643.209834: sched_switch: prev_comm=3on6 prev_pid=6229 prev_prio=120 prev_state=S ==> next_comm=kworker/0:2 next_pid=6725 next_prio=120
          <idle>-0     [000] dNh. 79644.210409: sched_wakeup: comm=3on6 pid=6220 prio=120 success=1 target_cpu=000
          <idle>-0     [000] d... 79644.210413: sched_switch: prev_comm=swapper/0 prev_pid=0 prev_prio=120 prev_state=R ==> next_comm=3on6 next_pid=6220 next_prio=120
            3on6-6220  [000] .... 79644.210415: sys_nanosleep -> 0x0
            3on6-6220  [000] d... 79644.210425: sched_wakeup: comm=kworker/0:2 pid=6725 prio=120 success=1 target_cpu=000
            3on6-6220  [000] .... 79644.210430: sys_futex(uaddr: 6024b8, op: 81, val: 1, utime: 0, uaddr2: 0, val3: 1)
            3on6-6220  [000] d... 79644.210433: sched_wakeup: comm=3on6 pid=6211 prio=120 success=1 target_cpu=000
            3on6-6220  [000] .... 79644.210433: sys_futex -> 0x1
            3on6-6220  [000] .... 79644.210441: sys_nanosleep(rqtp: 7f5fa8d83d40, rmtp: 7f5fa8d83d40)
            3on6-6220  [000] d... 79644.210443: sched_switch: prev_comm=3on6 prev_pid=6220 prev_prio=120 prev_state=S ==> next_comm=3on6 next_pid=6211 next_prio=120
            3on6-6211  [000] .... 79644.210445: sys_futex -> 0x0
            3on6-6211  [000] .... 79644.210453: sys_futex(uaddr: 6024b8, op: 81, val: 1, utime: 0, uaddr2: 0, val3: 0)
            3on6-6211  [000] .... 79644.210453: sys_futex -> 0x0
            3on6-6211  [000] .... 79644.210459: sys_nanosleep(rqtp: 7f5fa9584d40, rmtp: 7f5fa9584d40)
            3on6-6211  [000] d... 79644.210460: sched_switch: prev_comm=3on6 prev_pid=6211 prev_prio=120 prev_state=S ==> next_comm=kworker/0:2 next_pid=6725 next_prio=120
          <idle>-0     [000] dNh. 79644.210489: sched_wakeup: comm=3on6 pid=6229 prio=120 success=1 target_cpu=000
          <idle>-0     [000] d... 79644.210493: sched_switch: prev_comm=swapper/0 prev_pid=0 prev_prio=120 prev_state=R ==> next_comm=3on6 next_pid=6229 next_prio=120
            3on6-6229  [000] .... 79644.210494: sys_nanosleep -> 0x0
            3on6-6229  [000] d... 79644.210499: sched_wakeup: comm=kworker/0:2 pid=6725 prio=120 success=1 target_cpu=000
            3on6-6229  [000] .... 79644.210507: sys_nanosleep(rqtp: 7f5fa8582d40, rmtp: 7f5fa8582d40)
            3on6-6229  [000] d... 79644.210509: sched_switch: prev_comm=3on6 prev_pid=6229 prev_prio=120 prev_state=S ==> next_comm=kworker/0:2 next_pid=6725 next_prio=120
          <idle>-0     [000] dNh. 79645.211119: sched_wakeup: comm=3on6 pid=6211 prio=120 success=1 target_cpu=000
          <idle>-0     [000] d... 79645.211122: sched_switch: prev_comm=swapper/0 prev_pid=0 prev_prio=120 prev_state=R ==> next_comm=3on6 next_pid=6211 next_prio=120
            3on6-6211  [000] .... 79645.211125: sys_nanosleep -> 0x0
            3on6-6211  [000] d... 79645.211134: sched_wakeup: comm=kworker/0:2 pid=6725 prio=120 success=1 target_cpu=000
            3on6-6211  [000] .... 79645.211138: sys_futex(uaddr: 602490, op: 80, val: 2, utime: 0, uaddr2: 602490, val3: 0)
            3on6-6211  [000] d... 79645.211141: sched_switch: prev_comm=3on6 prev_pid=6211 prev_prio=120 prev_state=S ==> next_comm=kworker/0:2 next_pid=6725 next_prio=120
          <idle>-0     [000] dNs. 79645.622967: sched_wakeup: comm=kworker/0:2 pid=6725 prio=120 success=1 target_cpu=000
          <idle>-0     [000] dNs. 79645.622969: sched_wakeup: comm=rcu_sched pid=7 prio=120 success=1 target_cpu=001
          <idle>-0     [000] d... 79645.622975: sched_switch: prev_comm=swapper/0 prev_pid=0 prev_prio=120 prev_state=R ==> next_comm=kworker/0:2 next_pid=6725 next_prio=120
          <idle>-0     [000] dNh. 79648.212910: sched_wakeup: comm=3on6 pid=6220 prio=120 success=1 target_cpu=000
          <idle>-0     [000] d... 79648.212913: sched_switch: prev_comm=swapper/0 prev_pid=0 prev_prio=120 prev_state=R ==> next_comm=3on6 next_pid=6220 next_prio=120
            3on6-6220  [000] .... 79648.212917: sys_nanosleep -> 0x0
            3on6-6220  [000] d... 79648.212929: sched_wakeup: comm=kworker/0:2 pid=6725 prio=120 success=1 target_cpu=000
            3on6-6220  [000] .... 79648.212940: sys_nanosleep(rqtp: 7f5fa8d83d40, rmtp: 7f5fa8d83d40)
            3on6-6220  [000] d... 79648.212943: sched_switch: prev_comm=3on6 prev_pid=6220 prev_prio=120 prev_state=S ==> next_comm=kworker/0:2 next_pid=6725 next_prio=120
          <idle>-0     [000] dNh. 79648.212972: sched_wakeup: comm=3on6 pid=6229 prio=120 success=1 target_cpu=000
          <idle>-0     [000] d... 79648.212975: sched_switch: prev_comm=swapper/0 prev_pid=0 prev_prio=120 prev_state=R ==> next_comm=3on6 next_pid=6229 next_prio=120
            3on6-6229  [000] .... 79648.212977: sys_nanosleep -> 0x0
            3on6-6229  [000] d... 79648.212982: sched_wakeup: comm=kworker/0:2 pid=6725 prio=120 success=1 target_cpu=000
            3on6-6229  [000] .... 79648.212985: sys_futex(uaddr: 602490, op: 81, val: 1, utime: 0, uaddr2: 0, val3: 2)
