          <idle>-0     [000] d... 79528.886723: sched_switch: prev_comm=swapper/0 prev_pid=0 prev_prio=120 prev_state=R ==> next_comm=tmux next_pid=2397 next_prio=120
            tmux-2397  [000] d... 79528.886777: sched_switch: prev_comm=tmux prev_pid=2397 prev_prio=120 prev_state=S ==> next_comm=swapper/0 next_pid=0 next_prio=120
          <idle>-0     [000] d... 79528.886927: sched_switch: prev_comm=swapper/0 prev_pid=0 prev_prio=120 prev_state=R ==> next_comm=sh next_pid=6240 next_prio=120
           <...>-6240  [000] .... 79528.887166: sched_process_exit: comm=sh pid=6240 prio=120
           <...>-6240  [000] d... 79528.887179: sched_wakeup: comm=tmux pid=2397 prio=120 success=1 target_cpu=001
           <...>-6240  [000] d... 79528.887195: sched_switch: prev_comm=sh prev_pid=6240 prev_prio=120 prev_state=x ==> next_comm=swapper/0 next_pid=0 next_prio=120
          <idle>-0     [000] dNs. 79528.889659: sched_wakeup: comm=kworker/0:0 pid=4455 prio=120 success=1 target_cpu=000
          <idle>-0     [000] dNs. 79528.889661: sched_wakeup: comm=rcu_sched pid=7 prio=120 success=1 target_cpu=001
          <idle>-0     [000] d... 79528.889667: sched_switch: prev_comm=swapper/0 prev_pid=0 prev_prio=120 prev_state=R ==> next_comm=kworker/0:0 next_pid=4455 next_prio=120
           <...>-4455  [000] d... 79528.889676: sched_switch: prev_comm=kworker/0:0 prev_pid=4455 prev_prio=120 prev_state=S ==> next_comm=swapper/0 next_pid=0 next_prio=120
          <idle>-0     [000] d... 79528.898688: sched_switch: prev_comm=swapper/0 prev_pid=0 prev_prio=120 prev_state=R ==> next_comm=rcuos/1 next_pid=9 next_prio=120
         rcuos/1-9     [000] d... 79528.898697: sched_switch: prev_comm=rcuos/1 prev_pid=9 prev_prio=120 prev_state=S ==> next_comm=swapper/0 next_pid=0 next_prio=120
          <idle>-0     [000] d... 79528.904673: sched_switch: prev_comm=swapper/0 prev_pid=0 prev_prio=120 prev_state=R ==> next_comm=rcu_sched next_pid=7 next_prio=120
       rcu_sched-7     [000] d... 79528.904678: sched_wakeup: comm=rcuos/6 pid=14 prio=120 success=1 target_cpu=004
       rcu_sched-7     [000] d... 79528.904680: sched_wakeup: comm=rcuos/4 pid=12 prio=120 success=1 target_cpu=001
       rcu_sched-7     [000] d... 79528.904681: sched_wakeup: comm=rcuos/2 pid=10 prio=120 success=1 target_cpu=003
       rcu_sched-7     [000] d... 79528.904684: sched_switch: prev_comm=rcu_sched prev_pid=7 prev_prio=120 prev_state=S ==> next_comm=swapper/0 next_pid=0 next_prio=120
          <idle>-0     [000] d... 79528.904690: sched_switch: prev_comm=swapper/0 prev_pid=0 prev_prio=120 prev_state=R ==> next_comm=rcuos/5 next_pid=13 next_prio=120
         rcuos/5-13    [000] d... 79528.904740: sched_switch: prev_comm=rcuos/5 prev_pid=13 prev_prio=120 prev_state=S ==> next_comm=swapper/0 next_pid=0 next_prio=120
          <idle>-0     [000] dNs. 79528.907668: sched_wakeup: comm=kworker/0:0 pid=4455 prio=120 success=1 target_cpu=000
          <idle>-0     [000] dNs. 79528.907670: sched_wakeup: comm=rcu_sched pid=7 prio=120 success=1 target_cpu=001
          <idle>-0     [000] d... 79528.907676: sched_switch: prev_comm=swapper/0 prev_pid=0 prev_prio=120 prev_state=R ==> next_comm=kworker/0:0 next_pid=4455 next_prio=120
           <...>-4455  [000] d... 79528.907683: sched_switch: prev_comm=kworker/0:0 prev_pid=4455 prev_prio=120 prev_state=S ==> next_comm=swapper/0 next_pid=0 next_prio=120
          <idle>-0     [000] d... 79528.910690: sched_switch: prev_comm=swapper/0 prev_pid=0 prev_prio=120 prev_state=R ==> next_comm=rcuos/1 next_pid=9 next_prio=120
         rcuos/1-9     [000] d... 79528.910715: sched_switch: prev_comm=rcuos/1 prev_pid=9 prev_prio=120 prev_state=S ==> next_comm=swapper/0 next_pid=0 next_prio=120
          <idle>-0     [000] d... 79528.916695: sched_switch: prev_comm=swapper/0 prev_pid=0 prev_prio=120 prev_state=R ==> next_comm=rcuos/3 next_pid=11 next_prio=120
         rcuos/3-11    [000] d... 79528.916699: sched_switch: prev_comm=rcuos/3 prev_pid=11 prev_prio=120 prev_state=S ==> next_comm=swapper/0 next_pid=0 next_prio=120
          <idle>-0     [000] d... 79528.922681: sched_switch: prev_comm=swapper/0 prev_pid=0 prev_prio=120 prev_state=R ==> next_comm=rcu_sched next_pid=7 next_prio=120
       rcu_sched-7     [000] d... 79528.922685: sched_wakeup: comm=rcuos/0 pid=8 prio=120 success=1 target_cpu=003
       rcu_sched-7     [000] d... 79528.922688: sched_switch: prev_comm=rcu_sched prev_pid=7 prev_prio=120 prev_state=S ==> next_comm=swapper/0 next_pid=0 next_prio=120
          <idle>-0     [000] d... 79528.922695: sched_switch: prev_comm=swapper/0 prev_pid=0 prev_prio=120 prev_state=R ==> next_comm=rcuos/1 next_pid=9 next_prio=120
         rcuos/1-9     [000] d... 79528.922697: sched_switch: prev_comm=rcuos/1 prev_pid=9 prev_prio=120 prev_state=S ==> next_comm=swapper/0 next_pid=0 next_prio=120
          <idle>-0     [000] dNs. 79528.925677: sched_wakeup: comm=kworker/0:0 pid=4455 prio=120 success=1 target_cpu=000
          <idle>-0     [000] dNs. 79528.925679: sched_wakeup: comm=rcu_sched pid=7 prio=120 success=1 target_cpu=001
          <idle>-0     [000] d... 79528.925685: sched_switch: prev_comm=swapper/0 prev_pid=0 prev_prio=120 prev_state=R ==> next_comm=kworker/0:0 next_pid=4455 next_prio=120
           <...>-4455  [000] d... 79528.925689: sched_switch: prev_comm=kworker/0:0 prev_pid=4455 prev_prio=120 prev_state=S ==> next_comm=swapper/0 next_pid=0 next_prio=120
          <idle>-0     [000] d... 79528.928699: sched_switch: prev_comm=swapper/0 prev_pid=0 prev_prio=120 prev_state=R ==> next_comm=rcuos/3 next_pid=11 next_prio=120
         rcuos/3-11    [000] d... 79528.928703: sched_switch: prev_comm=rcuos/3 prev_pid=11 prev_prio=120 prev_state=S ==> next_comm=swapper/0 next_pid=0 next_prio=120
          <idle>-0     [000] dNh. 79529.137919: sched_wakeup: comm=3on6 pid=6211 prio=120 success=1 target_cpu=000
          <idle>-0     [000] d... 79529.137922: sched_switch: prev_comm=swapper/0 prev_pid=0 prev_prio=120 prev_state=R ==> next_comm=3on6 next_pid=6211 next_prio=120
            3on6-6211  [000] .... 79529.137924: sys_nanosleep -> 0x0
            3on6-6211  [000] d... 79529.137935: sched_wakeup: comm=kworker/0:0 pid=4455 prio=120 success=1 target_cpu=000
            3on6-6211  [000] .... 79529.137949: sys_nanosleep(rqtp: 7f5fa9584d40, rmtp: 7f5fa9584d40)
            3on6-6211  [000] d... 79529.137951: sched_switch: prev_comm=3on6 prev_pid=6211 prev_prio=120 prev_state=S ==> next_comm=kworker/0:0 next_pid=4455 next_prio=120
           <...>-4455  [000] d... 79529.137956: sched_wakeup: comm=tmux pid=2397 prio=120 success=1 target_cpu=001
           <...>-4455  [000] d... 79529.137961: sched_switch: prev_comm=kworker/0:0 prev_pid=4455 prev_prio=120 prev_state=S ==> next_comm=swapper/0 next_pid=0 next_prio=120
          <idle>-0     [000] dNh. 79529.137992: sched_wakeup: comm=3on6 pid=6220 prio=120 success=1 target_cpu=000
          <idle>-0     [000] d... 79529.137996: sched_switch: prev_comm=swapper/0 prev_pid=0 prev_prio=120 prev_state=R ==> next_comm=3on6 next_pid=6220 next_prio=120
            3on6-6220  [000] .... 79529.137998: sys_nanosleep -> 0x0
            3on6-6220  [000] d... 79529.138003: sched_wakeup: comm=kworker/0:0 pid=4455 prio=120 success=1 target_cpu=000
            3on6-6220  [000] .... 79529.138007: sys_futex(uaddr: 6024e0, op: 80, val: 2, utime: 0, uaddr2: 6024e0, val3: 1)
            3on6-6220  [000] d... 79529.138010: sched_switch: prev_comm=3on6 prev_pid=6220 prev_prio=120 prev_state=S ==> next_comm=kworker/0:0 next_pid=4455 next_prio=120
           <...>-4455  [000] d... 79529.138015: sched_switch: prev_comm=kworker/0:0 prev_pid=4455 prev_prio=120 prev_state=S ==> next_comm=swapper/0 next_pid=0 next_prio=120
          <idle>-0     [000] d... 79529.196852: sched_switch: prev_comm=swapper/0 prev_pid=0 prev_prio=120 prev_state=R ==> next_comm=kworker/u16:0 next_pid=3801 next_prio=120
   kworker/u16:0-3801  [000] d... 79529.196858: sched_switch: prev_comm=kworker/u16:0 prev_pid=3801 prev_prio=120 prev_state=S ==> next_comm=swapper/0 next_pid=0 next_prio=120
          <idle>-0     [000] dNs. 79529.224860: sched_wakeup: comm=kworker/0:0 pid=4455 prio=120 success=1 target_cpu=000
          <idle>-0     [000] dNs. 79529.224866: sched_wakeup: comm=jbd2/dm-2-8 pid=733 prio=120 success=1 target_cpu=001
          <idle>-0     [000] d... 79529.224872: sched_switch: prev_comm=swapper/0 prev_pid=0 prev_prio=120 prev_state=R ==> next_comm=kworker/0:0 next_pid=4455 next_prio=120
           <...>-4455  [000] d... 79529.224879: sched_switch: prev_comm=kworker/0:0 prev_pid=4455 prev_prio=120 prev_state=S ==> next_comm=swapper/0 next_pid=0 next_prio=120
          <idle>-0     [000] dNs. 79529.553058: sched_wakeup: comm=kworker/0:0 pid=4455 prio=120 success=1 target_cpu=000
          <idle>-0     [000] dNs. 79529.553062: sched_wakeup: comm=kworker/u16:0 pid=3801 prio=120 success=1 target_cpu=004
          <idle>-0     [000] d... 79529.553068: sched_switch: prev_comm=swapper/0 prev_pid=0 prev_prio=120 prev_state=R ==> next_comm=kworker/0:0 next_pid=4455 next_prio=120
           <...>-4455  [000] d... 79529.553072: sched_switch: prev_comm=kworker/0:0 prev_pid=4455 prev_prio=120 prev_state=S ==> next_comm=swapper/0 next_pid=0 next_prio=120
          <idle>-0     [000] d... 79529.817869: sched_switch: prev_comm=swapper/0 prev_pid=0 prev_prio=120 prev_state=R ==> next_comm=usb-storage next_pid=350 next_prio=120
     usb-storage-350   [000] d... 79529.817881: sched_switch: prev_comm=usb-storage prev_pid=350 prev_prio=120 prev_state=S ==> next_comm=swapper/0 next_pid=0 next_prio=120
          <idle>-0     [000] d... 79529.818489: sched_switch: prev_comm=swapper/0 prev_pid=0 prev_prio=120 prev_state=R ==> next_comm=usb-storage next_pid=350 next_prio=120
     usb-storage-350   [000] d... 79529.818496: sched_switch: prev_comm=usb-storage prev_pid=350 prev_prio=120 prev_state=S ==> next_comm=swapper/0 next_pid=0 next_prio=120
          <idle>-0     [000] d... 79529.819114: sched_switch: prev_comm=swapper/0 prev_pid=0 prev_prio=120 prev_state=R ==> next_comm=usb-storage next_pid=350 next_prio=120
     usb-storage-350   [000] d... 79529.819120: sched_switch: prev_comm=usb-storage prev_pid=350 prev_prio=120 prev_state=S ==> next_comm=swapper/0 next_pid=0 next_prio=120
          <idle>-0     [000] d... 79529.883267: sched_switch: prev_comm=swapper/0 prev_pid=0 prev_prio=120 prev_state=R ==> next_comm=tmux next_pid=6246 next_prio=120
           <...>-6246  [000] dNs. 79529.884259: sched_wakeup: comm=kworker/0:0 pid=4455 prio=120 success=1 target_cpu=000
           <...>-6246  [000] d... 79529.884265: sched_switch: prev_comm=sh prev_pid=6246 prev_prio=120 prev_state=R ==> next_comm=kworker/0:0 next_pid=4455 next_prio=120
           <...>-4455  [000] d... 79529.884272: sched_switch: prev_comm=kworker/0:0 prev_pid=4455 prev_prio=120 prev_state=S ==> next_comm=sh next_pid=6246 next_prio=120
           <...>-6246  [000] d... 79529.884920: sched_wakeup_new: comm=sh pid=6249 prio=120 success=1 target_cpu=006
           <...>-6246  [000] d... 79529.885035: sched_switch: prev_comm=sh prev_pid=6246 prev_prio=120 prev_state=D ==> next_comm=swapper/0 next_pid=0 next_prio=120
          <idle>-0     [000] dN.. 79529.885046: sched_wakeup: comm=sh pid=6246 prio=120 success=1 target_cpu=000
          <idle>-0     [000] d... 79529.885047: sched_switch: prev_comm=swapper/0 prev_pid=0 prev_prio=120 prev_state=R ==> next_comm=sh next_pid=6246 next_prio=120
           <...>-6246  [000] d... 79529.885100: sched_wakeup_new: comm=sh pid=6250 prio=120 success=1 target_cpu=002
           <...>-6246  [000] d... 79529.885165: sched_switch: prev_comm=sh prev_pid=6246 prev_prio=120 prev_state=S ==> next_comm=swapper/0 next_pid=0 next_prio=120
          <idle>-0     [000] d... 79529.886122: sched_switch: prev_comm=swapper/0 prev_pid=0 prev_prio=120 prev_state=R ==> next_comm=sh next_pid=6246 next_prio=120
           <...>-6246  [000] d... 79529.886137: sched_switch: prev_comm=sh prev_pid=6246 prev_prio=120 prev_state=S ==> next_comm=swapper/0 next_pid=0 next_prio=120
          <idle>-0     [000] d... 79529.886272: sched_switch: prev_comm=swapper/0 prev_pid=0 prev_prio=120 prev_state=R ==> next_comm=sh next_pid=6246 next_prio=120
           <...>-6246  [000] .... 79529.886495: sched_process_exit: comm=sh pid=6246 prio=120
           <...>-6246  [000] d... 79529.886521: sched_switch: prev_comm=sh prev_pid=6246 prev_prio=120 prev_state=x ==> next_comm=swapper/0 next_pid=0 next_prio=120
          <idle>-0     [000] d... 79529.888274: sched_switch: prev_comm=swapper/0 prev_pid=0 prev_prio=120 prev_state=R ==> next_comm=rcuos/0 next_pid=8 next_prio=120
         rcuos/0-8     [000] d... 79529.888278: sched_wakeup: comm=rcuos/1 pid=9 prio=120 success=1 target_cpu=002
         rcuos/0-8     [000] d... 79529.888280: sched_switch: prev_comm=rcuos/0 prev_pid=8 prev_prio=120 prev_state=S ==> next_comm=swapper/0 next_pid=0 next_prio=120
          <idle>-0     [000] d... 79529.888888: sched_switch: prev_comm=swapper/0 prev_pid=0 prev_prio=120 prev_state=R ==> next_comm=sh next_pid=6248 next_prio=120
           <...>-6248  [000] d... 79529.888910: sched_switch: prev_comm=sh prev_pid=6248 prev_prio=120 prev_state=S ==> next_comm=swapper/0 next_pid=0 next_prio=120
          <idle>-0     [000] d... 79529.888962: sched_switch: prev_comm=swapper/0 prev_pid=0 prev_prio=120 prev_state=R ==> next_comm=sh next_pid=6248 next_prio=120
           <...>-6248  [000] .... 79529.889208: sched_process_exit: comm=sh pid=6248 prio=120
           <...>-6248  [000] d... 79529.889220: sched_wakeup: comm=tmux pid=2397 prio=120 success=1 target_cpu=001
           <...>-6248  [000] d... 79529.889234: sched_switch: prev_comm=sh prev_pid=6248 prev_prio=120 prev_state=x ==> next_comm=swapper/0 next_pid=0 next_prio=120
          <idle>-0     [000] d... 79529.891268: sched_switch: prev_comm=swapper/0 prev_pid=0 prev_prio=120 prev_state=R ==> next_comm=rcu_sched next_pid=7 next_prio=120
       rcu_sched-7     [000] d... 79529.891273: sched_switch: prev_comm=rcu_sched prev_pid=7 prev_prio=120 prev_state=S ==> next_comm=swapper/0 next_pid=0 next_prio=120
          <idle>-0     [000] dNs. 79529.894264: sched_wakeup: comm=kworker/0:0 pid=4455 prio=120 success=1 target_cpu=000
          <idle>-0     [000] dNs. 79529.894266: sched_wakeup: comm=rcu_sched pid=7 prio=120 success=1 target_cpu=001
          <idle>-0     [000] d... 79529.894273: sched_switch: prev_comm=swapper/0 prev_pid=0 prev_prio=120 prev_state=R ==> next_comm=kworker/0:0 next_pid=4455 next_prio=120
           <...>-4455  [000] d... 79529.894281: sched_switch: prev_comm=kworker/0:0 prev_pid=4455 prev_prio=120 prev_state=S ==> next_comm=swapper/0 next_pid=0 next_prio=120
          <idle>-0     [000] d... 79529.897278: sched_switch: prev_comm=swapper/0 prev_pid=0 prev_prio=120 prev_state=R ==> next_comm=rcuos/0 next_pid=8 next_prio=120
         rcuos/0-8     [000] d... 79529.897281: sched_wakeup: comm=rcuos/1 pid=9 prio=120 success=1 target_cpu=002
         rcuos/0-8     [000] d... 79529.897294: sched_switch: prev_comm=rcuos/0 prev_pid=8 prev_prio=120 prev_state=S ==> next_comm=swapper/0 next_pid=0 next_prio=120
          <idle>-0     [000] d... 79529.903287: sched_switch: prev_comm=swapper/0 prev_pid=0 prev_prio=120 prev_state=R ==> next_comm=rcuos/2 next_pid=10 next_prio=120
         rcuos/2-10    [000] d... 79529.903291: sched_wakeup: comm=rcuos/3 pid=11 prio=120 success=1 target_cpu=001
         rcuos/2-10    [000] d... 79529.903300: sched_switch: prev_comm=rcuos/2 prev_pid=10 prev_prio=120 prev_state=S ==> next_comm=swapper/0 next_pid=0 next_prio=120
          <idle>-0     [000] d... 79529.909287: sched_switch: prev_comm=swapper/0 prev_pid=0 prev_prio=120 prev_state=R ==> next_comm=rcuos/0 next_pid=8 next_prio=120
         rcuos/0-8     [000] d... 79529.909290: sched_wakeup: comm=rcuos/1 pid=9 prio=120 success=1 target_cpu=002
         rcuos/0-8     [000] d... 79529.909302: sched_switch: prev_comm=rcuos/0 prev_pid=8 prev_prio=120 prev_state=S ==> next_comm=swapper/0 next_pid=0 next_prio=120
          <idle>-0     [000] d... 79529.909319: sched_switch: prev_comm=swapper/0 prev_pid=0 prev_prio=120 prev_state=R ==> next_comm=rcuos/2 next_pid=10 next_prio=120
         rcuos/2-10    [000] d... 79529.909321: sched_switch: prev_comm=rcuos/2 prev_pid=10 prev_prio=120 prev_state=S ==> next_comm=swapper/0 next_pid=0 next_prio=120
          <idle>-0     [000] d... 79529.912279: sched_switch: prev_comm=swapper/0 prev_pid=0 prev_prio=120 prev_state=R ==> next_comm=rcu_sched next_pid=7 next_prio=120
       rcu_sched-7     [000] d... 79529.912283: sched_switch: prev_comm=rcu_sched prev_pid=7 prev_prio=120 prev_state=S ==> next_comm=swapper/0 next_pid=0 next_prio=120
          <idle>-0     [000] dNs. 79529.915274: sched_wakeup: comm=kworker/0:0 pid=4455 prio=120 success=1 target_cpu=000
          <idle>-0     [000] dNs. 79529.915276: sched_wakeup: comm=rcu_sched pid=7 prio=120 success=1 target_cpu=001
          <idle>-0     [000] d... 79529.915282: sched_switch: prev_comm=swapper/0 prev_pid=0 prev_prio=120 prev_state=R ==> next_comm=kworker/0:0 next_pid=4455 next_prio=120
           <...>-4455  [000] d... 79529.915286: sched_switch: prev_comm=kworker/0:0 prev_pid=4455 prev_prio=120 prev_state=S ==> next_comm=swapper/0 next_pid=0 next_prio=120
          <idle>-0     [000] d... 79529.921292: sched_switch: prev_comm=swapper/0 prev_pid=0 prev_prio=120 prev_state=R ==> next_comm=rcuos/2 next_pid=10 next_prio=120
         rcuos/2-10    [000] d... 79529.921295: sched_switch: prev_comm=rcuos/2 prev_pid=10 prev_prio=120 prev_state=S ==> next_comm=swapper/0 next_pid=0 next_prio=120
          <idle>-0     [000] dNs. 79530.211455: sched_wakeup: comm=kworker/0:0 pid=4455 prio=120 success=1 target_cpu=000
          <idle>-0     [000] dNs. 79530.211459: sched_wakeup: comm=kworker/u16:0 pid=3801 prio=120 success=1 target_cpu=004
          <idle>-0     [000] d... 79530.211467: sched_switch: prev_comm=swapper/0 prev_pid=0 prev_prio=120 prev_state=R ==> next_comm=kworker/0:0 next_pid=4455 next_prio=120
           <...>-4455  [000] d... 79530.211477: sched_switch: prev_comm=kworker/0:0 prev_pid=4455 prev_prio=120 prev_state=S ==> next_comm=swapper/0 next_pid=0 next_prio=120
          <idle>-0     [000] d... 79530.885870: sched_switch: prev_comm=swapper/0 prev_pid=0 prev_prio=120 prev_state=R ==> next_comm=tmux next_pid=6254 next_prio=120
           <...>-6254  [000] dNs. 79530.886864: sched_wakeup: comm=kworker/0:0 pid=4455 prio=120 success=1 target_cpu=000
           <...>-6254  [000] d... 79530.886872: sched_switch: prev_comm=sh prev_pid=6254 prev_prio=120 prev_state=R ==> next_comm=kworker/0:0 next_pid=4455 next_prio=120
           <...>-4455  [000] d... 79530.886877: sched_switch: prev_comm=kworker/0:0 prev_pid=4455 prev_prio=120 prev_state=D ==> next_comm=sh next_pid=6254 next_prio=120
           <...>-6254  [000] d... 79530.886880: sched_switch: prev_comm=sh prev_pid=6254 prev_prio=120 prev_state=R ==> next_comm=kworker/0:0 next_pid=4455 next_prio=120
           <...>-4455  [000] d... 79530.886883: sched_switch: prev_comm=kworker/0:0 prev_pid=4455 prev_prio=120 prev_state=S ==> next_comm=sh next_pid=6254 next_prio=120
           <...>-6254  [000] d... 79530.887490: sched_switch: prev_comm=sh prev_pid=6254 prev_prio=120 prev_state=D ==> next_comm=swapper/0 next_pid=0 next_prio=120
          <idle>-0     [000] dN.. 79530.887500: sched_wakeup: comm=sh pid=6254 prio=120 success=1 target_cpu=000
          <idle>-0     [000] d... 79530.887501: sched_switch: prev_comm=swapper/0 prev_pid=0 prev_prio=120 prev_state=R ==> next_comm=sh next_pid=6254 next_prio=120
           <...>-6254  [000] d... 79530.887520: sched_wakeup_new: comm=sh pid=6257 prio=120 success=1 target_cpu=006
           <...>-6254  [000] d... 79530.887688: sched_wakeup_new: comm=sh pid=6258 prio=120 success=1 target_cpu=002
           <...>-6254  [000] d... 79530.887751: sched_switch: prev_comm=sh prev_pid=6254 prev_prio=120 prev_state=S ==> next_comm=swapper/0 next_pid=0 next_prio=120
          <idle>-0     [000] d... 79530.887873: sched_switch: prev_comm=swapper/0 prev_pid=0 prev_prio=120 prev_state=R ==> next_comm=rcu_sched next_pid=7 next_prio=120
       rcu_sched-7     [000] d... 79530.887883: sched_switch: prev_comm=rcu_sched prev_pid=7 prev_prio=120 prev_state=S ==> next_comm=swapper/0 next_pid=0 next_prio=120
          <idle>-0     [000] d... 79530.888653: sched_switch: prev_comm=swapper/0 prev_pid=0 prev_prio=120 prev_state=R ==> next_comm=sh next_pid=6254 next_prio=120
           <...>-6254  [000] d... 79530.888665: sched_switch: prev_comm=sh prev_pid=6254 prev_prio=120 prev_state=S ==> next_comm=swapper/0 next_pid=0 next_prio=120
          <idle>-0     [000] d... 79530.888852: sched_switch: prev_comm=swapper/0 prev_pid=0 prev_prio=120 prev_state=R ==> next_comm=sh next_pid=6254 next_prio=120
           <...>-6254  [000] .... 79530.889106: sched_process_exit: comm=sh pid=6254 prio=120
           <...>-6254  [000] d... 79530.889133: sched_switch: prev_comm=sh prev_pid=6254 prev_prio=120 prev_state=x ==> next_comm=swapper/0 next_pid=0 next_prio=120
          <idle>-0     [000] d... 79530.889874: sched_switch: prev_comm=swapper/0 prev_pid=0 prev_prio=120 prev_state=R ==> next_comm=rcu_sched next_pid=7 next_prio=120
       rcu_sched-7     [000] d... 79530.889880: sched_wakeup: comm=rcuos/0 pid=8 prio=120 success=1 target_cpu=004
       rcu_sched-7     [000] d... 79530.889887: sched_switch: prev_comm=rcu_sched prev_pid=7 prev_prio=120 prev_state=S ==> next_comm=swapper/0 next_pid=0 next_prio=120
          <idle>-0     [000] d... 79530.891001: sched_switch: prev_comm=swapper/0 prev_pid=0 prev_prio=120 prev_state=R ==> next_comm=sh next_pid=6256 next_prio=120
           <...>-6256  [000] d... 79530.891018: sched_switch: prev_comm=sh prev_pid=6256 prev_prio=120 prev_state=S ==> next_comm=swapper/0 next_pid=0 next_prio=120
          <idle>-0     [000] d... 79530.891038: sched_switch: prev_comm=swapper/0 prev_pid=0 prev_prio=120 prev_state=R ==> next_comm=sh next_pid=6256 next_prio=120
           <...>-6256  [000] d... 79530.891046: sched_switch: prev_comm=sh prev_pid=6256 prev_prio=120 prev_state=S ==> next_comm=swapper/0 next_pid=0 next_prio=120
          <idle>-0     [000] d... 79530.891135: sched_switch: prev_comm=swapper/0 prev_pid=0 prev_prio=120 prev_state=R ==> next_comm=sh next_pid=6256 next_prio=120
           <...>-6256  [000] .... 79530.891383: sched_process_exit: comm=sh pid=6256 prio=120
           <...>-6256  [000] d... 79530.891395: sched_wakeup: comm=tmux pid=2397 prio=120 success=1 target_cpu=001
           <...>-6256  [000] d... 79530.891410: sched_switch: prev_comm=sh prev_pid=6256 prev_prio=120 prev_state=x ==> next_comm=swapper/0 next_pid=0 next_prio=120
          <idle>-0     [000] dNs. 79530.892865: sched_wakeup: comm=kworker/0:0 pid=4455 prio=120 success=1 target_cpu=000
          <idle>-0     [000] dNs. 79530.892867: sched_wakeup: comm=rcu_sched pid=7 prio=120 success=1 target_cpu=001
          <idle>-0     [000] d... 79530.892874: sched_switch: prev_comm=swapper/0 prev_pid=0 prev_prio=120 prev_state=R ==> next_comm=kworker/0:0 next_pid=4455 next_prio=120
           <...>-4455  [000] d... 79530.892882: sched_switch: prev_comm=kworker/0:0 prev_pid=4455 prev_prio=120 prev_state=S ==> next_comm=swapper/0 next_pid=0 next_prio=120
          <idle>-0     [000] d... 79530.898887: sched_switch: prev_comm=swapper/0 prev_pid=0 prev_prio=120 prev_state=R ==> next_comm=rcuos/3 next_pid=11 next_prio=120
         rcuos/3-11    [000] d... 79530.898903: sched_switch: prev_comm=rcuos/3 prev_pid=11 prev_prio=120 prev_state=S ==> next_comm=swapper/0 next_pid=0 next_prio=120
          <idle>-0     [000] d... 79530.910890: sched_switch: prev_comm=swapper/0 prev_pid=0 prev_prio=120 prev_state=R ==> next_comm=rcuos/4 next_pid=12 next_prio=120
         rcuos/4-12    [000] d... 79530.910893: sched_wakeup: comm=rcuos/5 pid=13 prio=120 success=1 target_cpu=001
         rcuos/4-12    [000] d... 79530.910896: sched_switch: prev_comm=rcuos/4 prev_pid=12 prev_prio=120 prev_state=S ==> next_comm=swapper/0 next_pid=0 next_prio=120
          <idle>-0     [000] d... 79530.913882: sched_switch: prev_comm=swapper/0 prev_pid=0 prev_prio=120 prev_state=R ==> next_comm=rcu_sched next_pid=7 next_prio=120
       rcu_sched-7     [000] d... 79530.913886: sched_switch: prev_comm=rcu_sched prev_pid=7 prev_prio=120 prev_state=S ==> next_comm=swapper/0 next_pid=0 next_prio=120
          <idle>-0     [000] dNs. 79530.916877: sched_wakeup: comm=kworker/0:0 pid=4455 prio=120 success=1 target_cpu=000
          <idle>-0     [000] dNs. 79530.916880: sched_wakeup: comm=rcu_sched pid=7 prio=120 success=1 target_cpu=001
          <idle>-0     [000] d... 79530.916885: sched_switch: prev_comm=swapper/0 prev_pid=0 prev_prio=120 prev_state=R ==> next_comm=kworker/0:0 next_pid=4455 next_prio=120
           <...>-4455  [000] d... 79530.916889: sched_switch: prev_comm=kworker/0:0 prev_pid=4455 prev_prio=120 prev_state=S ==> next_comm=swapper/0 next_pid=0 next_prio=120
          <idle>-0     [000] d... 79530.922896: sched_switch: prev_comm=swapper/0 prev_pid=0 prev_prio=120 prev_state=R ==> next_comm=rcuos/4 next_pid=12 next_prio=120
         rcuos/4-12    [000] d... 79530.922898: sched_wakeup: comm=rcuos/5 pid=13 prio=120 success=1 target_cpu=001
         rcuos/4-12    [000] d... 79530.922902: sched_switch: prev_comm=rcuos/4 prev_pid=12 prev_prio=120 prev_state=S ==> next_comm=swapper/0 next_pid=0 next_prio=120
          <idle>-0     [000] dNh. 79531.139213: sched_wakeup: comm=3on6 pid=6211 prio=120 success=1 target_cpu=000
          <idle>-0     [000] d... 79531.139216: sched_switch: prev_comm=swapper/0 prev_pid=0 prev_prio=120 prev_state=R ==> next_comm=3on6 next_pid=6211 next_prio=120
            3on6-6211  [000] .... 79531.139218: sys_nanosleep -> 0x0
            3on6-6211  [000] d... 79531.139231: sched_wakeup: comm=kworker/0:0 pid=4455 prio=120 success=1 target_cpu=000
            3on6-6211  [000] .... 79531.139238: sys_futex(uaddr: 6024e0, op: 81, val: 1, utime: 12e, uaddr2: 0, val3: 0)
            3on6-6211  [000] d... 79531.139241: sched_wakeup: comm=3on6 pid=6220 prio=120 success=1 target_cpu=000
            3on6-6211  [000] .... 79531.139242: sys_futex -> 0x1
            3on6-6211  [000] .... 79531.139249: sys_nanosleep(rqtp: 7f5fa9584d40, rmtp: 7f5fa9584d40)
            3on6-6211  [000] d... 79531.139252: sched_switch: prev_comm=3on6 prev_pid=6211 prev_prio=120 prev_state=S ==> next_comm=3on6 next_pid=6220 next_prio=120
            3on6-6220  [000] .... 79531.139254: sys_futex -> 0x0
            3on6-6220  [000] .... 79531.139263: sys_futex(uaddr: 6024e0, op: 81, val: 1, utime: 0, uaddr2: 0, val3: 1)
            3on6-6220  [000] .... 79531.139263: sys_futex -> 0x0
            3on6-6220  [000] .... 79531.139268: sys_nanosleep(rqtp: 7f5fa8d83d40, rmtp: 7f5fa8d83d40)
            3on6-6220  [000] d... 79531.139270: sched_switch: prev_comm=3on6 prev_pid=6220 prev_prio=120 prev_state=S ==> next_comm=kworker/0:0 next_pid=4455 next_prio=120
           <...>-4455  [000] d... 79531.139275: sched_wakeup: comm=tmux pid=2397 prio=120 success=1 target_cpu=001
           <...>-4455  [000] d... 79531.139280: sched_switch: prev_comm=kworker/0:0 prev_pid=4455 prev_prio=120 prev_state=S ==> next_comm=swapper/0 next_pid=0 next_prio=120
          <idle>-0     [000] dNh. 79531.139297: sched_wakeup: comm=3on6 pid=6229 prio=120 success=1 target_cpu=000
          <idle>-0     [000] d... 79531.139301: sched_switch: prev_comm=swapper/0 prev_pid=0 prev_prio=120 prev_state=R ==> next_comm=3on6 next_pid=6229 next_prio=120
            3on6-6229  [000] .... 79531.139302: sys_nanosleep -> 0x0
            3on6-6229  [000] d... 79531.139308: sched_wakeup: comm=kworker/0:0 pid=4455 prio=120 success=1 target_cpu=000
            3on6-6229  [000] .... 79531.139316: sys_nanosleep(rqtp: 7f5fa8582d40, rmtp: 7f5fa8582d40)
            3on6-6229  [000] d... 79531.139318: sched_switch: prev_comm=3on6 prev_pid=6229 prev_prio=120 prev_state=S ==> next_comm=kworker/0:0 next_pid=4455 next_prio=120
           <...>-4455  [000] d... 79531.139323: sched_switch: prev_comm=kworker/0:0 prev_pid=4455 prev_prio=120 prev_state=S ==> next_comm=swapper/0 next_pid=0 next_prio=120
          <idle>-0     [000] dNs. 79531.226065: sched_wakeup: comm=kworker/0:0 pid=4455 prio=120 success=1 target_cpu=000
          <idle>-0     [000] d... 79531.226075: sched_switch: prev_comm=swapper/0 prev_pid=0 prev_prio=120 prev_state=R ==> next_comm=kworker/0:0 next_pid=4455 next_prio=120
           <...>-4455  [000] d... 79531.226085: sched_switch: prev_comm=kworker/0:0 prev_pid=4455 prev_prio=120 prev_state=S ==> next_comm=swapper/0 next_pid=0 next_prio=120
          <idle>-0     [000] d... 79531.558272: sched_switch: prev_comm=swapper/0 prev_pid=0 prev_prio=120 prev_state=R ==> next_comm=kworker/u16:0 next_pid=3801 next_prio=120
   kworker/u16:0-3801  [000] d... 79531.558286: sched_switch: prev_comm=kworker/u16:0 prev_pid=3801 prev_prio=120 prev_state=S ==> next_comm=swapper/0 next_pid=0 next_prio=120
          <idle>-0     [000] dNs. 79531.714359: sched_wakeup: comm=kworker/0:0 pid=4455 prio=120 success=1 target_cpu=000
          <idle>-0     [000] d... 79531.714370: sched_switch: prev_comm=swapper/0 prev_pid=0 prev_prio=120 prev_state=R ==> next_comm=kworker/0:0 next_pid=4455 next_prio=120
           <...>-4455  [000] d... 79531.714374: sched_switch: prev_comm=kworker/0:0 prev_pid=4455 prev_prio=120 prev_state=S ==> next_comm=swapper/0 next_pid=0 next_prio=120
          <idle>-0     [000] d... 79531.867136: sched_switch: prev_comm=swapper/0 prev_pid=0 prev_prio=120 prev_state=R ==> next_comm=usb-storage next_pid=350 next_prio=120
     usb-storage-350   [000] d... 79531.867147: sched_switch: prev_comm=usb-storage prev_pid=350 prev_prio=120 prev_state=S ==> next_comm=swapper/0 next_pid=0 next_prio=120
          <idle>-0     [000] d... 79531.867753: sched_switch: prev_comm=swapper/0 prev_pid=0 prev_prio=120 prev_state=R ==> next_comm=usb-storage next_pid=350 next_prio=120
     usb-storage-350   [000] d... 79531.867759: sched_switch: prev_comm=usb-storage prev_pid=350 prev_prio=120 prev_state=S ==> next_comm=swapper/0 next_pid=0 next_prio=120
          <idle>-0     [000] d... 79531.868377: sched_switch: prev_comm=swapper/0 prev_pid=0 prev_prio=120 prev_state=R ==> next_comm=usb-storage next_pid=350 next_prio=120
     usb-storage-350   [000] d... 79531.868383: sched_switch: prev_comm=usb-storage prev_pid=350 prev_prio=120 prev_state=S ==> next_comm=swapper/0 next_pid=0 next_prio=120
          <idle>-0     [000] d... 79531.889056: sched_switch: prev_comm=swapper/0 prev_pid=0 prev_prio=120 prev_state=R ==> next_comm=rcuos/4 next_pid=12 next_prio=120
         rcuos/4-12    [000] d... 79531.889060: sched_switch: prev_comm=rcuos/4 prev_pid=12 prev_prio=120 prev_state=S ==> next_comm=swapper/0 next_pid=0 next_prio=120
          <idle>-0     [000] d... 79531.889469: sched_switch: prev_comm=swapper/0 prev_pid=0 prev_prio=120 prev_state=R ==> next_comm=rcu_sched next_pid=7 next_prio=120
       rcu_sched-7     [000] d... 79531.889477: sched_switch: prev_comm=rcu_sched prev_pid=7 prev_prio=120 prev_state=S ==> next_comm=swapper/0 next_pid=0 next_prio=120
          <idle>-0     [000] d... 79531.889712: sched_switch: prev_comm=swapper/0 prev_pid=0 prev_prio=120 prev_state=R ==> next_comm=sh next_pid=6266 next_prio=120
           <...>-6266  [000] d... 79531.889910: sched_switch: prev_comm=sh prev_pid=6266 prev_prio=120 prev_state=D ==> next_comm=swapper/0 next_pid=0 next_prio=120
          <idle>-0     [000] dN.. 79531.889919: sched_wakeup: comm=sh pid=6266 prio=120 success=1 target_cpu=000
          <idle>-0     [000] d... 79531.889920: sched_switch: prev_comm=swapper/0 prev_pid=0 prev_prio=120 prev_state=R ==> next_comm=sh next_pid=6266 next_prio=120
           <...>-6266  [000] dNs. 79531.890468: sched_wakeup: comm=kworker/0:0 pid=4455 prio=120 success=1 target_cpu=000
           <...>-6266  [000] d... 79531.890473: sched_switch: prev_comm=cut prev_pid=6266 prev_prio=120 prev_state=R ==> next_comm=kworker/0:0 next_pid=4455 next_prio=120
           <...>-4455  [000] d... 79531.890483: sched_switch: prev_comm=kworker/0:0 prev_pid=4455 prev_prio=120 prev_state=S ==> next_comm=cut next_pid=6266 next_prio=120
           <...>-6266  [000] .... 79531.890710: sched_process_exit: comm=cut pid=6266 prio=120
           <...>-6266  [000] d... 79531.890730: sched_wakeup: comm=sh pid=6262 prio=120 success=1 target_cpu=002
           <...>-6266  [000] d... 79531.890732: sched_switch: prev_comm=cut prev_pid=6266 prev_prio=120 prev_state=x ==> next_comm=swapper/0 next_pid=0 next_prio=120
          <idle>-0     [000] dNs. 79531.892467: sched_wakeup: comm=rcu_sched pid=7 prio=120 success=1 target_cpu=000
          <idle>-0     [000] dNs. 79531.892470: sched_wakeup: comm=ksoftirqd/0 pid=3 prio=120 success=1 target_cpu=000
          <idle>-0     [000] d... 79531.892474: sched_switch: prev_comm=swapper/0 prev_pid=0 prev_prio=120 prev_state=R ==> next_comm=rcu_sched next_pid=7 next_prio=120
       rcu_sched-7     [000] d... 79531.892479: sched_wakeup: comm=rcuos/0 pid=8 prio=120 success=1 target_cpu=002
       rcu_sched-7     [000] d... 79531.892482: sched_switch: prev_comm=rcu_sched prev_pid=7 prev_prio=120 prev_state=S ==> next_comm=ksoftirqd/0 next_pid=3 next_prio=120
     ksoftirqd/0-3     [000] d... 79531.892489: sched_switch: prev_comm=ksoftirqd/0 prev_pid=3 prev_prio=120 prev_state=S ==> next_comm=swapper/0 next_pid=0 next_prio=120
          <idle>-0     [000] d... 79531.893143: sched_switch: prev_comm=swapper/0 prev_pid=0 prev_prio=120 prev_state=R ==> next_comm=cut next_pid=6269 next_prio=120
           <...>-6269  [000] d... 79531.893186: sched_wakeup: comm=tmux pid=2397 prio=120 success=1 target_cpu=001
           <...>-6269  [000] .... 79531.893337: sched_process_exit: comm=cut pid=6269 prio=120
           <...>-6269  [000] d... 79531.893351: sched_wakeup: comm=sh pid=6264 prio=120 success=1 target_cpu=001
           <...>-6269  [000] d... 79531.893353: sched_switch: prev_comm=cut prev_pid=6269 prev_prio=120 prev_state=x ==> next_comm=swapper/0 next_pid=0 next_prio=120
          <idle>-0     [000] dNs. 79531.895468: sched_wakeup: comm=rcu_sched pid=7 prio=120 success=1 target_cpu=000
          <idle>-0     [000] d... 79531.895474: sched_switch: prev_comm=swapper/0 prev_pid=0 prev_prio=120 prev_state=R ==> next_comm=rcu_sched next_pid=7 next_prio=120
       rcu_sched-7     [000] d... 79531.895479: sched_wakeup: comm=rcuos/4 pid=12 prio=120 success=1 target_cpu=001
       rcu_sched-7     [000] d... 79531.895480: sched_wakeup: comm=rcuos/2 pid=10 prio=120 success=1 target_cpu=003
       rcu_sched-7     [000] d... 79531.895482: sched_wakeup: comm=rcuos/6 pid=14 prio=120 success=1 target_cpu=002
       rcu_sched-7     [000] d... 79531.895485: sched_switch: prev_comm=rcu_sched prev_pid=7 prev_prio=120 prev_state=S ==> next_comm=swapper/0 next_pid=0 next_prio=120
          <idle>-0     [000] dNs. 79531.898467: sched_wakeup: comm=rcu_sched pid=7 prio=120 success=1 target_cpu=000
          <idle>-0     [000] d... 79531.898471: sched_switch: prev_comm=swapper/0 prev_pid=0 prev_prio=120 prev_state=R ==> next_comm=rcu_sched next_pid=7 next_prio=120
       rcu_sched-7     [000] d... 79531.898474: sched_wakeup: comm=rcuos/0 pid=8 prio=120 success=1 target_cpu=002
       rcu_sched-7     [000] d... 79531.898477: sched_switch: prev_comm=rcu_sched prev_pid=7 prev_prio=120 prev_state=S ==> next_comm=swapper/0 next_pid=0 next_prio=120
          <idle>-0     [000] dNs. 79531.901470: sched_wakeup: comm=kworker/0:0 pid=4455 prio=120 success=1 target_cpu=000
          <idle>-0     [000] dNs. 79531.901471: sched_wakeup: comm=rcu_sched pid=7 prio=120 success=1 target_cpu=001
          <idle>-0     [000] d... 79531.901477: sched_switch: prev_comm=swapper/0 prev_pid=0 prev_prio=120 prev_state=R ==> next_comm=kworker/0:0 next_pid=4455 next_prio=120
           <...>-4455  [000] d... 79531.901482: sched_switch: prev_comm=kworker/0:0 prev_pid=4455 prev_prio=120 prev_state=S ==> next_comm=swapper/0 next_pid=0 next_prio=120
          <idle>-0     [000] d... 79531.904495: sched_switch: prev_comm=swapper/0 prev_pid=0 prev_prio=120 prev_state=R ==> next_comm=rcuos/3 next_pid=11 next_prio=120
         rcuos/3-11    [000] d... 79531.904504: sched_switch: prev_comm=rcuos/3 prev_pid=11 prev_prio=120 prev_state=S ==> next_comm=rcuos/7 next_pid=15 next_prio=120
         rcuos/7-15    [000] d... 79531.904513: sched_switch: prev_comm=rcuos/7 prev_pid=15 prev_prio=120 prev_state=S ==> next_comm=swapper/0 next_pid=0 next_prio=120
          <idle>-0     [000] d... 79531.916487: sched_switch: prev_comm=swapper/0 prev_pid=0 prev_prio=120 prev_state=R ==> next_comm=rcu_sched next_pid=7 next_prio=120
       rcu_sched-7     [000] d... 79531.916491: sched_wakeup: comm=rcuos/2 pid=10 prio=120 success=1 target_cpu=004
       rcu_sched-7     [000] d... 79531.916493: sched_wakeup: comm=rcuos/4 pid=12 prio=120 success=1 target_cpu=001
       rcu_sched-7     [000] d... 79531.916496: sched_switch: prev_comm=rcu_sched prev_pid=7 prev_prio=120 prev_state=S ==> next_comm=swapper/0 next_pid=0 next_prio=120
          <idle>-0     [000] d... 79531.916502: sched_switch: prev_comm=swapper/0 prev_pid=0 prev_prio=120 prev_state=R ==> next_comm=rcuos/3 next_pid=11 next_prio=120
         rcuos/3-11    [000] d... 79531.916505: sched_switch: prev_comm=rcuos/3 prev_pid=11 prev_prio=120 prev_state=S ==> next_comm=swapper/0 next_pid=0 next_prio=120
          <idle>-0     [000] dNs. 79531.919481: sched_wakeup: comm=kworker/0:0 pid=4455 prio=120 success=1 target_cpu=000
          <idle>-0     [000] dNs. 79531.919483: sched_wakeup: comm=rcu_sched pid=7 prio=120 success=1 target_cpu=001
          <idle>-0     [000] d... 79531.919488: sched_switch: prev_comm=swapper/0 prev_pid=0 prev_prio=120 prev_state=R ==> next_comm=kworker/0:0 next_pid=4455 next_prio=120
           <...>-4455  [000] d... 79531.919492: sched_switch: prev_comm=kworker/0:0 prev_pid=4455 prev_prio=120 prev_state=S ==> next_comm=swapper/0 next_pid=0 next_prio=120
          <idle>-0     [000] dNh. 79532.139929: sched_wakeup: comm=3on6 pid=6220 prio=120 success=1 target_cpu=000
          <idle>-0     [000] dNh. 79532.139931: sched_wakeup: comm=3on6 pid=6229 prio=120 success=1 target_cpu=000
          <idle>-0     [000] d... 79532.139935: sched_switch: prev_comm=swapper/0 prev_pid=0 prev_prio=120 prev_state=R ==> next_comm=3on6 next_pid=6220 next_prio=120
            3on6-6220  [000] .... 79532.139938: sys_nanosleep -> 0x0
            3on6-6220  [000] d... 79532.139948: sched_wakeup: comm=kworker/0:0 pid=4455 prio=120 success=1 target_cpu=000
            3on6-6220  [000] .... 79532.139958: sys_nanosleep(rqtp: 7f5fa8d83d40, rmtp: 7f5fa8d83d40)
            3on6-6220  [000] d... 79532.139961: sched_switch: prev_comm=3on6 prev_pid=6220 prev_prio=120 prev_state=S ==> next_comm=3on6 next_pid=6229 next_prio=120
            3on6-6229  [000] .... 79532.139962: sys_nanosleep -> 0x0
            3on6-6229  [000] .... 79532.139972: sys_nanosleep(rqtp: 7f5fa8582d40, rmtp: 7f5fa8582d40)
            3on6-6229  [000] d... 79532.139974: sched_switch: prev_comm=3on6 prev_pid=6229 prev_prio=120 prev_state=S ==> next_comm=kworker/0:0 next_pid=4455 next_prio=120
           <...>-4455  [000] d... 79532.139978: sched_wakeup: comm=tmux pid=2397 prio=120 success=1 target_cpu=002
           <...>-4455  [000] d... 79532.139983: sched_switch: prev_comm=kworker/0:0 prev_pid=4455 prev_prio=120 prev_state=S ==> next_comm=swapper/0 next_pid=0 next_prio=120
          <idle>-0     [000] d... 79532.198662: sched_switch: prev_comm=swapper/0 prev_pid=0 prev_prio=120 prev_state=R ==> next_comm=kworker/u16:0 next_pid=3801 next_prio=120
   kworker/u16:0-3801  [000] d... 79532.198669: sched_switch: prev_comm=kworker/u16:0 prev_pid=3801 prev_prio=120 prev_state=S ==> next_comm=swapper/0 next_pid=0 next_prio=120
          <idle>-0     [000] d... 79532.345432: sched_switch: prev_comm=swapper/0 prev_pid=0 prev_prio=120 prev_state=R ==> next_comm=pool next_pid=1839 next_prio=120
            pool-1839  [000] .... 79532.345434: sys_futex -> 0x0
            pool-1839  [000] d... 79532.345471: sched_wakeup: comm=rcuos/0 pid=8 prio=120 success=1 target_cpu=003
            pool-1839  [000] .... 79532.345516: sys_futex(uaddr: 17c1850, op: 0, val: 3df2, utime: 0, uaddr2: 7fb05801e6f0, val3: 17c1858)
            pool-1839  [000] d... 79532.345520: sched_switch: prev_comm=pool prev_pid=1839 prev_prio=120 prev_state=S ==> next_comm=swapper/0 next_pid=0 next_prio=120
          <idle>-0     [000] d... 79532.350749: sched_switch: prev_comm=swapper/0 prev_pid=0 prev_prio=120 prev_state=R ==> next_comm=rcu_sched next_pid=7 next_prio=120
       rcu_sched-7     [000] d... 79532.350754: sched_wakeup: comm=rcuos/0 pid=8 prio=120 success=1 target_cpu=003
       rcu_sched-7     [000] d... 79532.350756: sched_switch: prev_comm=rcu_sched prev_pid=7 prev_prio=120 prev_state=S ==> next_comm=swapper/0 next_pid=0 next_prio=120
          <idle>-0     [000] d... 79532.350766: sched_switch: prev_comm=swapper/0 prev_pid=0 prev_prio=120 prev_state=R ==> next_comm=rcu_sched next_pid=7 next_prio=120
       rcu_sched-7     [000] d... 79532.350769: sched_switch: prev_comm=rcu_sched prev_pid=7 prev_prio=120 prev_state=S ==> next_comm=swapper/0 next_pid=0 next_prio=120
          <idle>-0     [000] dNs. 79532.353744: sched_wakeup: comm=kworker/0:0 pid=4455 prio=120 success=1 target_cpu=000
          <idle>-0     [000] dNs. 79532.353749: sched_wakeup: comm=rcu_sched pid=7 prio=120 success=1 target_cpu=001
          <idle>-0     [000] d... 79532.353756: sched_switch: prev_comm=swapper/0 prev_pid=0 prev_prio=120 prev_state=R ==> next_comm=kworker/0:0 next_pid=4455 next_prio=120
           <...>-4455  [000] d... 79532.353763: sched_switch: prev_comm=kworker/0:0 prev_pid=4455 prev_prio=120 prev_state=S ==> next_comm=swapper/0 next_pid=0 next_prio=120
          <idle>-0     [000] dNs. 79532.560869: sched_wakeup: comm=kworker/0:0 pid=4455 prio=120 success=1 target_cpu=000
          <idle>-0     [000] dNs. 79532.560873: sched_wakeup: comm=kworker/u16:0 pid=3801 prio=120 success=1 target_cpu=001
          <idle>-0     [000] d... 79532.560879: sched_switch: prev_comm=swapper/0 prev_pid=0 prev_prio=120 prev_state=R ==> next_comm=kworker/0:0 next_pid=4455 next_prio=120
           <...>-4455  [000] d... 79532.560883: sched_switch: prev_comm=kworker/0:0 prev_pid=4455 prev_prio=120 prev_state=S ==> next_comm=swapper/0 next_pid=0 next_prio=120
          <idle>-0     [000] dNh. 79532.640917: sched_wakeup: comm=watchdog/0 pid=26 prio=0 success=1 target_cpu=000
          <idle>-0     [000] d... 79532.640922: sched_switch: prev_comm=swapper/0 prev_pid=0 prev_prio=120 prev_state=R ==> next_comm=watchdog/0 next_pid=26 next_prio=0
      watchdog/0-26    [000] d... 79532.640925: sched_switch: prev_comm=watchdog/0 prev_pid=26 prev_prio=0 prev_state=S ==> next_comm=swapper/0 next_pid=0 next_prio=120
          <idle>-0     [000] dNh. 79532.829026: sched_wakeup: comm=BrowserBlocking pid=15058 prio=120 success=1 target_cpu=000
          <idle>-0     [000] d... 79532.829030: sched_switch: prev_comm=swapper/0 prev_pid=0 prev_prio=120 prev_state=R ==> next_comm=BrowserBlocking next_pid=15058 next_prio=120
           <...>-15058 [000] .... 79532.829033: sys_futex -> 0xffffffffffffff92
           <...>-15058 [000] .... 79532.829034: sys_futex(uaddr: c3c5e679208, op: 80, val: 2, utime: 0, uaddr2: c3c5e679208, val3: c56)
           <...>-15058 [000] d... 79532.829037: sched_switch: prev_comm=BrowserBlocking prev_pid=15058 prev_prio=120 prev_state=S ==> next_comm=swapper/0 next_pid=0 next_prio=120
          <idle>-0     [000] d... 79532.829055: sched_switch: prev_comm=swapper/0 prev_pid=0 prev_prio=120 prev_state=R ==> next_comm=BrowserBlocking next_pid=15058 next_prio=120
           <...>-15058 [000] .... 79532.829056: sys_futex -> 0x0
           <...>-15058 [000] .... 79532.829059: sys_futex(uaddr: c3c5e679208, op: 81, val: 1, utime: 1f5a678, uaddr2: c3c5e679208, val3: 0)
           <...>-15058 [000] .... 79532.829060: sys_futex -> 0x0
           <...>-15058 [000] .... 79532.829060: sys_futex(uaddr: c3c5e679234, op: 80, val: 18b0, utime: 0, uaddr2: c3c5e679200, val3: c57)
           <...>-15058 [000] d... 79532.829062: sched_switch: prev_comm=BrowserBlocking prev_pid=15058 prev_prio=120 prev_state=S ==> next_comm=swapper/0 next_pid=0 next_prio=120
          <idle>-0     [000] d... 79532.841042: sched_switch: prev_comm=swapper/0 prev_pid=0 prev_prio=120 prev_state=R ==> next_comm=rcu_sched next_pid=7 next_prio=120
       rcu_sched-7     [000] d... 79532.841046: sched_wakeup: comm=rcuos/4 pid=12 prio=120 success=1 target_cpu=001
       rcu_sched-7     [000] d... 79532.841049: sched_switch: prev_comm=rcu_sched prev_pid=7 prev_prio=120 prev_state=S ==> next_comm=swapper/0 next_pid=0 next_prio=120
          <idle>-0     [000] dNs. 79532.844038: sched_wakeup: comm=kworker/0:0 pid=4455 prio=120 success=1 target_cpu=000
          <idle>-0     [000] dNs. 79532.844042: sched_wakeup: comm=rcu_sched pid=7 prio=120 success=1 target_cpu=001
          <idle>-0     [000] d... 79532.844047: sched_switch: prev_comm=swapper/0 prev_pid=0 prev_prio=120 prev_state=R ==> next_comm=kworker/0:0 next_pid=4455 next_prio=120
           <...>-4455  [000] d... 79532.844051: sched_switch: prev_comm=kworker/0:0 prev_pid=4455 prev_prio=120 prev_state=S ==> next_comm=swapper/0 next_pid=0 next_prio=120
          <idle>-0     [000] d... 79532.891992: sched_switch: prev_comm=swapper/0 prev_pid=0 prev_prio=120 prev_state=R ==> next_comm=sh next_pid=6274 next_prio=120
           <...>-6274  [000] dNs. 79532.892069: sched_wakeup: comm=kworker/0:0 pid=4455 prio=120 success=1 target_cpu=000
           <...>-6274  [000] d... 79532.892090: sched_switch: prev_comm=sh prev_pid=6274 prev_prio=120 prev_state=R ==> next_comm=kworker/0:0 next_pid=4455 next_prio=120
           <...>-4455  [000] d... 79532.892096: sched_switch: prev_comm=kworker/0:0 prev_pid=4455 prev_prio=120 prev_state=S ==> next_comm=sh next_pid=6274 next_prio=120
           <...>-6274  [000] d... 79532.892405: sched_switch: prev_comm=cut prev_pid=6274 prev_prio=120 prev_state=D ==> next_comm=swapper/0 next_pid=0 next_prio=120
          <idle>-0     [000] dN.. 79532.892414: sched_wakeup: comm=cut pid=6274 prio=120 success=1 target_cpu=000
          <idle>-0     [000] d... 79532.892415: sched_switch: prev_comm=swapper/0 prev_pid=0 prev_prio=120 prev_state=R ==> next_comm=cut next_pid=6274 next_prio=120
           <...>-6274  [000] d... 79532.892417: sched_switch: prev_comm=cut prev_pid=6274 prev_prio=120 prev_state=D ==> next_comm=swapper/0 next_pid=0 next_prio=120
          <idle>-0     [000] d... 79532.892424: sched_switch: prev_comm=swapper/0 prev_pid=0 prev_prio=120 prev_state=R ==> next_comm=cut next_pid=6274 next_prio=120
           <...>-6274  [000] .... 79532.892957: sched_process_exit: comm=cut pid=6274 prio=120
           <...>-6274  [000] d... 79532.892975: sched_wakeup: comm=sh pid=6270 prio=120 success=1 target_cpu=001
           <...>-6274  [000] d... 79532.892978: sched_switch: prev_comm=cut prev_pid=6274 prev_prio=120 prev_state=x ==> next_comm=swapper/0 next_pid=0 next_prio=120
          <idle>-0     [000] d... 79532.893270: sched_switch: prev_comm=swapper/0 prev_pid=0 prev_prio=120 prev_state=R ==> next_comm=sshd next_pid=25954 next_prio=120
           <...>-25954 [000] d... 79532.893342: sched_switch: prev_comm=sshd prev_pid=25954 prev_prio=120 prev_state=S ==> next_comm=swapper/0 next_pid=0 next_prio=120
          <idle>-0     [000] d... 79532.893359: sched_switch: prev_comm=swapper/0 prev_pid=0 prev_prio=120 prev_state=R ==> next_comm=sh next_pid=6276 next_prio=120
           <...>-6276  [000] dN.. 79532.893624: sched_wakeup: comm=migration/0 pid=25 prio=0 success=1 target_cpu=000
           <...>-6276  [000] d... 79532.893626: sched_switch: prev_comm=sh prev_pid=6276 prev_prio=120 prev_state=R ==> next_comm=migration/0 next_pid=25 next_prio=0
           <...>-25    [000] d... 79532.893636: sched_switch: prev_comm=migration/0 prev_pid=25 prev_prio=0 prev_state=S ==> next_comm=swapper/0 next_pid=0 next_prio=120
          <idle>-0     [000] d... 79532.898103: sched_switch: prev_comm=swapper/0 prev_pid=0 prev_prio=120 prev_state=R ==> next_comm=rcuos/7 next_pid=15 next_prio=120
         rcuos/7-15    [000] d... 79532.898107: sched_switch: prev_comm=rcuos/7 prev_pid=15 prev_prio=120 prev_state=S ==> next_comm=swapper/0 next_pid=0 next_prio=120
          <idle>-0     [000] d... 79532.904098: sched_switch: prev_comm=swapper/0 prev_pid=0 prev_prio=120 prev_state=R ==> next_comm=rcuos/3 next_pid=11 next_prio=120
         rcuos/3-11    [000] d... 79532.904104: sched_switch: prev_comm=rcuos/3 prev_pid=11 prev_prio=120 prev_state=S ==> next_comm=swapper/0 next_pid=0 next_prio=120
          <idle>-0     [000] d... 79532.910087: sched_switch: prev_comm=swapper/0 prev_pid=0 prev_prio=120 prev_state=R ==> next_comm=rcu_sched next_pid=7 next_prio=120
       rcu_sched-7     [000] d... 79532.910092: sched_wakeup: comm=rcuos/6 pid=14 prio=120 success=1 target_cpu=004
       rcu_sched-7     [000] d... 79532.910093: sched_wakeup: comm=rcuos/0 pid=8 prio=120 success=1 target_cpu=003
       rcu_sched-7     [000] d... 79532.910095: sched_wakeup: comm=rcuos/4 pid=12 prio=120 success=1 target_cpu=001
       rcu_sched-7     [000] d... 79532.910098: sched_switch: prev_comm=rcu_sched prev_pid=7 prev_prio=120 prev_state=S ==> next_comm=swapper/0 next_pid=0 next_prio=120
