            tmut-13240 [000] .... 216534.021702: sys_nanosleep(rqtp: 7fffab828620, rmtp: 7fffab828620)
            tmut-13240 [000] d... 216534.021709: sched_switch: prev_comm=tmut prev_pid=13240 prev_prio=120 prev_state=S ==> next_comm=swapper/0 next_pid=0 next_prio=120
          <idle>-0     [000] dNh. 216535.022364: sched_wakeup: comm=tmut pid=13240 prio=120 success=1 target_cpu=000
          <idle>-0     [000] d... 216535.022367: sched_switch: prev_comm=swapper/0 prev_pid=0 prev_prio=120 prev_state=R ==> next_comm=tmut next_pid=13240 next_prio=120
            tmut-13240 [000] .... 216535.022369: sys_nanosleep -> 0x0
            tmut-13240 [000] d... 216535.022405: sched_wakeup_new: comm=tmut pid=13249 prio=120 success=1 target_cpu=000
            tmut-13240 [000] .... 216535.022408: sys_nanosleep(rqtp: 7fffab828620, rmtp: 7fffab828620)
            tmut-13240 [000] d... 216535.022411: sched_switch: prev_comm=tmut prev_pid=13240 prev_prio=120 prev_state=S ==> next_comm=tmut next_pid=13249 next_prio=120
            tmut-13249 [000] d.s. 216535.022421: sched_wakeup: comm=kworker/0:2 pid=11722 prio=120 success=1 target_cpu=000
            tmut-13249 [000] d... 216535.022448: sched_wakeup: comm=rcuos/0 pid=8 prio=120 success=1 target_cpu=003
            tmut-13249 [000] .... 216535.022471: sys_nanosleep(rqtp: 7f1c3c7a8d50, rmtp: 7f1c3c7a8d50)
            tmut-13249 [000] d... 216535.022474: sched_switch: prev_comm=tmut prev_pid=13249 prev_prio=120 prev_state=S ==> next_comm=kworker/0:2 next_pid=11722 next_prio=120
          <idle>-0     [000] dNh. 216536.023070: sched_wakeup: comm=tmut pid=13240 prio=120 success=1 target_cpu=000
          <idle>-0     [000] d... 216536.023073: sched_switch: prev_comm=swapper/0 prev_pid=0 prev_prio=120 prev_state=R ==> next_comm=tmut next_pid=13240 next_prio=120
            tmut-13240 [000] .... 216536.023076: sys_nanosleep -> 0x0
            tmut-13240 [000] d... 216536.023108: sched_wakeup_new: comm=tmut pid=13258 prio=120 success=1 target_cpu=000
            tmut-13240 [000] .... 216536.023111: sys_nanosleep(rqtp: 7fffab828620, rmtp: 7fffab828620)
            tmut-13240 [000] d... 216536.023114: sched_switch: prev_comm=tmut prev_pid=13240 prev_prio=120 prev_state=S ==> next_comm=tmut next_pid=13258 next_prio=120
            tmut-13258 [000] d... 216536.023139: sched_wakeup: comm=rcuos/0 pid=8 prio=120 success=1 target_cpu=001
            tmut-13258 [000] .... 216536.023140: sys_futex(uaddr: 6023e0, op: 80, val: 2, utime: 0, uaddr2: 6023e0, val3: e)
            tmut-13258 [000] d... 216536.023146: sched_switch: prev_comm=tmut prev_pid=13258 prev_prio=120 prev_state=S ==> next_comm=swapper/0 next_pid=0 next_prio=120
          <idle>-0     [000] dNh. 216537.023735: sched_wakeup: comm=tmut pid=13249 prio=120 success=1 target_cpu=000
          <idle>-0     [000] dNh. 216537.023738: sched_wakeup: comm=tmut pid=13240 prio=120 success=1 target_cpu=000
          <idle>-0     [000] d... 216537.023742: sched_switch: prev_comm=swapper/0 prev_pid=0 prev_prio=120 prev_state=R ==> next_comm=tmut next_pid=13249 next_prio=120
            tmut-13249 [000] .... 216537.023745: sys_nanosleep -> 0x0
            tmut-13249 [000] d... 216537.023757: sched_wakeup: comm=kworker/0:2 pid=11722 prio=120 success=1 target_cpu=000
            tmut-13249 [000] .... 216537.023764: sys_futex(uaddr: 6023e0, op: 81, val: 1, utime: 12e, uaddr2: 0, val3: 7f1c3c7a9700)
            tmut-13249 [000] d... 216537.023766: sched_wakeup: comm=tmut pid=13258 prio=120 success=1 target_cpu=000
            tmut-13249 [000] .... 216537.023767: sys_futex -> 0x1
            tmut-13249 [000] .... 216537.023782: sched_process_exit: comm=tmut pid=13249 prio=120
            tmut-13249 [000] d... 216537.023795: sched_switch: prev_comm=tmut prev_pid=13249 prev_prio=120 prev_state=x ==> next_comm=kworker/0:2 next_pid=11722 next_prio=120
     kworker/0:2-11722 [000] d... 216537.023803: sched_switch: prev_comm=kworker/0:2 prev_pid=11722 prev_prio=120 prev_state=S ==> next_comm=tmut next_pid=13240 next_prio=120
            tmut-13240 [000] .... 216537.023804: sys_nanosleep -> 0x0
            tmut-13240 [000] d... 216537.023834: sched_wakeup_new: comm=tmut pid=13268 prio=120 success=1 target_cpu=000
            tmut-13240 [000] .... 216537.023837: sys_nanosleep(rqtp: 7fffab828620, rmtp: 7fffab828620)
            tmut-13240 [000] d... 216537.023839: sched_switch: prev_comm=tmut prev_pid=13240 prev_prio=120 prev_state=S ==> next_comm=tmut next_pid=13258 next_prio=120
            tmut-13258 [000] .... 216537.023841: sys_futex -> 0x0
            tmut-13258 [000] d... 216537.023847: sched_wakeup: comm=kworker/0:2 pid=11722 prio=120 success=1 target_cpu=000
            tmut-13258 [000] .... 216537.023851: sys_nanosleep(rqtp: 7f1c3bfa7d50, rmtp: 7f1c3bfa7d50)
            tmut-13258 [000] d... 216537.023853: sched_switch: prev_comm=tmut prev_pid=13258 prev_prio=120 prev_state=S ==> next_comm=tmut next_pid=13268 next_prio=120
            tmut-13268 [000] .... 216537.023876: sys_futex(uaddr: 6023e0, op: 80, val: 2, utime: 0, uaddr2: 6023e0, val3: e)
            tmut-13268 [000] d... 216537.023879: sched_switch: prev_comm=tmut prev_pid=13268 prev_prio=120 prev_state=S ==> next_comm=kworker/0:2 next_pid=11722 next_prio=120
          <idle>-0     [000] dNh. 216538.024498: sched_wakeup: comm=tmut pid=13240 prio=120 success=1 target_cpu=000
          <idle>-0     [000] d... 216538.024502: sched_switch: prev_comm=swapper/0 prev_pid=0 prev_prio=120 prev_state=R ==> next_comm=tmut next_pid=13240 next_prio=120
            tmut-13240 [000] .... 216538.024504: sys_nanosleep -> 0x0
            tmut-13240 [000] .... 216538.024509: sys_nanosleep(rqtp: 7fffab828620, rmtp: 7fffab828620)
            tmut-13240 [000] d... 216538.024511: sched_switch: prev_comm=tmut prev_pid=13240 prev_prio=120 prev_state=S ==> next_comm=swapper/0 next_pid=0 next_prio=120
          <idle>-0     [000] dNh. 216539.025113: sched_wakeup: comm=tmut pid=13258 prio=120 success=1 target_cpu=000
          <idle>-0     [000] d... 216539.025118: sched_switch: prev_comm=swapper/0 prev_pid=0 prev_prio=120 prev_state=R ==> next_comm=tmut next_pid=13258 next_prio=120
            tmut-13258 [000] .... 216539.025120: sys_nanosleep -> 0x0
            tmut-13258 [000] d... 216539.025132: sched_wakeup: comm=kworker/0:2 pid=11722 prio=120 success=1 target_cpu=000
            tmut-13258 [000] .... 216539.025135: sys_futex(uaddr: 6023e0, op: 81, val: 1, utime: 0, uaddr2: 0, val3: 7f1c3bfa8700)
            tmut-13258 [000] d... 216539.025139: sched_wakeup: comm=tmut pid=13268 prio=120 success=1 target_cpu=000
            tmut-13258 [000] .... 216539.025140: sys_futex -> 0x1
            tmut-13258 [000] .... 216539.025153: sched_process_exit: comm=tmut pid=13258 prio=120
            tmut-13258 [000] d... 216539.025165: sched_switch: prev_comm=tmut prev_pid=13258 prev_prio=120 prev_state=x ==> next_comm=kworker/0:2 next_pid=11722 next_prio=120
     kworker/0:2-11722 [000] d... 216539.025173: sched_switch: prev_comm=kworker/0:2 prev_pid=11722 prev_prio=120 prev_state=S ==> next_comm=tmut next_pid=13268 next_prio=120
            tmut-13268 [000] .... 216539.025175: sys_futex -> 0x0
            tmut-13268 [000] d... 216539.025180: sched_wakeup: comm=kworker/0:2 pid=11722 prio=120 success=1 target_cpu=000
            tmut-13268 [000] .... 216539.025185: sys_nanosleep(rqtp: 7f1c3b7a6d50, rmtp: 7f1c3b7a6d50)
            tmut-13268 [000] d... 216539.025187: sched_switch: prev_comm=tmut prev_pid=13268 prev_prio=120 prev_state=S ==> next_comm=kworker/0:2 next_pid=11722 next_prio=120
          <idle>-0     [000] dNh. 216541.026450: sched_wakeup: comm=tmut pid=13268 prio=120 success=1 target_cpu=000
          <idle>-0     [000] d... 216541.026454: sched_switch: prev_comm=swapper/0 prev_pid=0 prev_prio=120 prev_state=R ==> next_comm=tmut next_pid=13268 next_prio=120
            tmut-13268 [000] .... 216541.026456: sys_nanosleep -> 0x0
            tmut-13268 [000] d... 216541.026468: sched_wakeup: comm=kworker/0:2 pid=11722 prio=120 success=1 target_cpu=000
            tmut-13268 [000] .... 216541.026471: sys_futex(uaddr: 6023e0, op: 81, val: 1, utime: 0, uaddr2: 0, val3: 7f1c3b7a7700)
            tmut-13268 [000] .... 216541.026472: sys_futex -> 0x0
            tmut-13268 [000] .... 216541.026485: sched_process_exit: comm=tmut pid=13268 prio=120
            tmut-13268 [000] d... 216541.026499: sched_switch: prev_comm=tmut prev_pid=13268 prev_prio=120 prev_state=x ==> next_comm=kworker/0:2 next_pid=11722 next_prio=120
          <idle>-0     [000] dNh. 216543.027582: sched_wakeup: comm=tmut pid=13240 prio=120 success=1 target_cpu=000
          <idle>-0     [000] d... 216543.027585: sched_switch: prev_comm=swapper/0 prev_pid=0 prev_prio=120 prev_state=R ==> next_comm=tmut next_pid=13240 next_prio=120
            tmut-13240 [000] .... 216543.027588: sys_nanosleep -> 0x0
13240 13249 13258 13268
