           <...>-9041  [000] dNs. 577941.999949: sched_wakeup: comm=kworker/0:1 pid=1492 prio=120 success=1 target_cpu=000
           <...>-9041  [000] d... 577942.000490: sched_wakeup_new: comm=sh pid=9044 prio=120 success=1 target_cpu=007
           <...>-9041  [000] d... 577942.000657: sched_wakeup_new: comm=sh pid=9045 prio=120 success=1 target_cpu=001
           <...>-9041  [000] d... 577942.000799: sched_wakeup_new: comm=sh pid=9047 prio=120 success=1 target_cpu=002
       rcu_sched-7     [000] d... 577942.001967: sched_wakeup: comm=rcuos/2 pid=10 prio=120 success=1 target_cpu=001
           <...>-9049  [000] dN.. 577942.003959: sched_wakeup: comm=migration/0 pid=25 prio=0 success=1 target_cpu=000
           <...>-9046  [000] d.s. 577942.004950: sched_wakeup: comm=rcu_sched pid=7 prio=120 success=1 target_cpu=001
           <...>-9046  [000] .... 577942.005147: sched_process_exit: comm=sh pid=9046 prio=120
         rcuos/6-14    [000] d... 577942.007973: sched_wakeup: comm=rcuos/7 pid=15 prio=120 success=1 target_cpu=002
           <...>-9049  [000] .... 577942.008774: sched_process_exit: comm=sh pid=9049 prio=120
       rcu_sched-7     [000] d... 577942.019972: sched_wakeup: comm=rcuos/6 pid=14 prio=120 success=1 target_cpu=001
       rcu_sched-7     [000] d... 577942.019974: sched_wakeup: comm=rcuos/0 pid=8 prio=120 success=1 target_cpu=002
       rcu_sched-7     [000] d... 577942.019976: sched_wakeup: comm=rcuos/4 pid=12 prio=120 success=1 target_cpu=003
          <idle>-0     [000] dNs. 577942.022962: sched_wakeup: comm=kworker/0:1 pid=1492 prio=120 success=1 target_cpu=000
          <idle>-0     [000] dNs. 577942.022964: sched_wakeup: comm=rcu_sched pid=7 prio=120 success=1 target_cpu=001
       rcu_sched-7     [000] d... 577942.037978: sched_wakeup: comm=rcuos/2 pid=10 prio=120 success=1 target_cpu=003
          <idle>-0     [000] dNs. 577942.040970: sched_wakeup: comm=kworker/0:1 pid=1492 prio=120 success=1 target_cpu=000
          <idle>-0     [000] dNs. 577942.040972: sched_wakeup: comm=rcu_sched pid=7 prio=120 success=1 target_cpu=001
       rcu_sched-7     [000] d... 577942.257110: sched_wakeup: comm=rcuos/2 pid=10 prio=120 success=1 target_cpu=001
          <idle>-0     [000] dNs. 577942.260102: sched_wakeup: comm=kworker/0:1 pid=1492 prio=120 success=1 target_cpu=000
          <idle>-0     [000] dNs. 577942.260104: sched_wakeup: comm=rcu_sched pid=7 prio=120 success=1 target_cpu=001
          <idle>-0     [000] dNh. 577942.514514: sched_wakeup: comm=goa-daemon pid=1835 prio=120 success=1 target_cpu=000
      goa-daemon-1835  [000] .... 577942.514544: sys_futex(uaddr: 17c1850, op: 1, val: 1, utime: 0, uaddr2: 31ed286832586a, val3: 17c1d10)
      goa-daemon-1835  [000] d... 577942.514551: sched_wakeup: comm=pool pid=1839 prio=120 success=1 target_cpu=002
      goa-daemon-1835  [000] .... 577942.514552: sys_futex -> 0x1
       rcu_sched-7     [000] d... 577942.520270: sched_wakeup: comm=rcuos/2 pid=10 prio=120 success=1 target_cpu=003
          <idle>-0     [000] dNs. 577942.523262: sched_wakeup: comm=kworker/0:1 pid=1492 prio=120 success=1 target_cpu=000
          <idle>-0     [000] dNs. 577942.523266: sched_wakeup: comm=rcu_sched pid=7 prio=120 success=1 target_cpu=001
         rcuos/2-10    [000] d... 577942.764424: sched_wakeup: comm=rcuos/3 pid=11 prio=120 success=1 target_cpu=002
         rcuos/2-10    [000] d... 577942.997324: sched_wakeup: comm=rcu_sched pid=7 prio=120 success=1 target_cpu=005
           <...>-9057  [000] dNs. 577943.000553: sched_wakeup: comm=kworker/0:1 pid=1492 prio=120 success=1 target_cpu=000
           <...>-9057  [000] d... 577943.001753: sched_wakeup_new: comm=sh pid=9060 prio=120 success=1 target_cpu=007
           <...>-9057  [000] d... 577943.001923: sched_wakeup_new: comm=sh pid=9061 prio=120 success=1 target_cpu=001
           <...>-9057  [000] d... 577943.002082: sched_wakeup_new: comm=sh pid=9063 prio=120 success=1 target_cpu=007
          <idle>-0     [000] dNs. 577943.002553: sched_wakeup: comm=rcu_sched pid=7 prio=120 success=1 target_cpu=000
       rcu_sched-7     [000] d... 577943.002562: sched_wakeup: comm=rcuos/2 pid=10 prio=120 success=1 target_cpu=000
         rcuos/2-10    [000] d... 577943.002569: sched_wakeup: comm=rcuos/3 pid=11 prio=120 success=1 target_cpu=000
           <...>-9057  [000] .... 577943.004607: sched_process_exit: comm=sh pid=9057 prio=120
           <...>-9065  [000] d.s. 577943.005554: sched_wakeup: comm=rcu_sched pid=7 prio=120 success=1 target_cpu=002
           <...>-9065  [000] d... 577943.006303: sched_wakeup: comm=uname pid=9066 prio=120 success=1 target_cpu=004
           <...>-9065  [000] d... 577943.006310: sched_wakeup: comm=uname pid=9066 prio=120 success=1 target_cpu=004
           <...>-9065  [000] d... 577943.006316: sched_wakeup: comm=uname pid=9066 prio=120 success=1 target_cpu=004
           <...>-9065  [000] d... 577943.007231: sched_wakeup_new: comm=sh pid=9068 prio=120 success=1 target_cpu=007
           <...>-9065  [000] d... 577943.007389: sched_wakeup_new: comm=sh pid=9069 prio=120 success=1 target_cpu=001
           <...>-9065  [000] d... 577943.007525: sched_wakeup_new: comm=sh pid=9070 prio=120 success=1 target_cpu=007
           <...>-9065  [000] .... 577943.009899: sched_process_exit: comm=sh pid=9065 prio=120
         rcuos/2-10    [000] d... 577943.014578: sched_wakeup: comm=rcuos/3 pid=11 prio=120 success=1 target_cpu=001
          <idle>-0     [000] dNs. 577943.020564: sched_wakeup: comm=kworker/0:1 pid=1492 prio=120 success=1 target_cpu=000
          <idle>-0     [000] dNs. 577943.020567: sched_wakeup: comm=rcu_sched pid=7 prio=120 success=1 target_cpu=001
         rcuos/2-10    [000] d... 577943.026583: sched_wakeup: comm=rcuos/3 pid=11 prio=120 success=1 target_cpu=001
         rcuos/0-8     [000] d... 577943.032585: sched_wakeup: comm=rcuos/1 pid=9 prio=120 success=1 target_cpu=001
          <idle>-0     [000] dNs. 577943.038572: sched_wakeup: comm=kworker/0:1 pid=1492 prio=120 success=1 target_cpu=000
          <idle>-0     [000] dNs. 577943.038574: sched_wakeup: comm=rcu_sched pid=7 prio=120 success=1 target_cpu=001
         rcuos/0-8     [000] d... 577943.044592: sched_wakeup: comm=rcuos/1 pid=9 prio=120 success=1 target_cpu=002
          <idle>-0     [000] dNs. 577943.215678: sched_wakeup: comm=kworker/0:1 pid=1492 prio=120 success=1 target_cpu=000
          <idle>-0     [000] dNs. 577943.215680: sched_wakeup: comm=rcu_sched pid=7 prio=120 success=1 target_cpu=001
          <idle>-0     [000] dNs. 577943.259704: sched_wakeup: comm=kworker/0:1 pid=1492 prio=120 success=1 target_cpu=000
          <idle>-0     [000] dNs. 577943.259706: sched_wakeup: comm=rcu_sched pid=7 prio=120 success=1 target_cpu=001
          <idle>-0     [000] dNs. 577943.375774: sched_wakeup: comm=kworker/0:1 pid=1492 prio=120 success=1 target_cpu=000
          <idle>-0     [000] dNs. 577943.375776: sched_wakeup: comm=rcu_sched pid=7 prio=120 success=1 target_cpu=001
         rcuos/2-10    [000] d... 577943.766029: sched_wakeup: comm=rcuos/3 pid=11 prio=120 success=1 target_cpu=001
          <idle>-0     [000] dNs. 577943.885083: sched_wakeup: comm=kworker/0:1 pid=1492 prio=120 success=1 target_cpu=000
          <idle>-0     [000] dNh. 577943.985201: sched_wakeup: comm=gnome-shell pid=1799 prio=120 success=1 target_cpu=000
     gnome-shell-1799  [000] d... 577943.985435: sched_wakeup: comm=rcuos/0 pid=8 prio=120 success=1 target_cpu=001
     gnome-shell-1799  [000] d.s. 577943.986147: sched_wakeup: comm=kworker/0:1 pid=1492 prio=120 success=1 target_cpu=000
       rcu_sched-7     [000] d... 577944.003169: sched_wakeup: comm=rcuos/0 pid=8 prio=120 success=1 target_cpu=001
           <...>-9077  [000] dN.. 577944.003693: sched_wakeup: comm=migration/0 pid=25 prio=0 success=1 target_cpu=000
           <...>-9073  [000] dNs. 577944.006159: sched_wakeup: comm=kworker/0:1 pid=1492 prio=120 success=1 target_cpu=000
           <...>-9073  [000] dNs. 577944.006162: sched_wakeup: comm=rcu_sched pid=7 prio=120 success=1 target_cpu=002
           <...>-9073  [000] .... 577944.006273: sched_process_exit: comm=sh pid=9073 prio=120
           <...>-9081  [000] d... 577944.008673: sched_wakeup_new: comm=sh pid=9084 prio=120 success=1 target_cpu=007
           <...>-9081  [000] d... 577944.008823: sched_wakeup_new: comm=sh pid=9085 prio=120 success=1 target_cpu=001
           <...>-9081  [000] d... 577944.008961: sched_wakeup_new: comm=sh pid=9086 prio=120 success=1 target_cpu=002
           <...>-9086  [000] .... 577944.011000: sched_process_exit: comm=cut pid=9086 prio=120
           <...>-9086  [000] d... 577944.011016: sched_wakeup: comm=sh pid=9081 prio=120 success=1 target_cpu=001
          <idle>-0     [000] dNs. 577944.015161: sched_wakeup: comm=kworker/0:1 pid=1492 prio=120 success=1 target_cpu=000
          <idle>-0     [000] dNs. 577944.015163: sched_wakeup: comm=rcu_sched pid=7 prio=120 success=1 target_cpu=001
         rcuos/4-12    [000] d... 577944.018182: sched_wakeup: comm=rcuos/5 pid=13 prio=120 success=1 target_cpu=001
         rcuos/4-12    [000] d... 577944.030192: sched_wakeup: comm=rcuos/5 pid=13 prio=120 success=1 target_cpu=005
          <idle>-0     [000] dNs. 577944.036173: sched_wakeup: comm=kworker/0:1 pid=1492 prio=120 success=1 target_cpu=000
          <idle>-0     [000] dNs. 577944.036175: sched_wakeup: comm=rcu_sched pid=7 prio=120 success=1 target_cpu=001
         rcuos/4-12    [000] d... 577944.042192: sched_wakeup: comm=rcuos/5 pid=13 prio=120 success=1 target_cpu=005
         rcuos/0-8     [000] d... 577944.048197: sched_wakeup: comm=rcuos/1 pid=9 prio=120 success=1 target_cpu=005
          <idle>-0     [000] dNs. 577944.262309: sched_wakeup: comm=kworker/0:1 pid=1492 prio=120 success=1 target_cpu=000
          <idle>-0     [000] dNs. 577944.262311: sched_wakeup: comm=rcu_sched pid=7 prio=120 success=1 target_cpu=001
          <idle>-0     [000] dNs. 577944.268311: sched_wakeup: comm=rcu_sched pid=7 prio=120 success=1 target_cpu=000
       rcu_sched-7     [000] d... 577944.268318: sched_wakeup: comm=rcuos/2 pid=10 prio=120 success=1 target_cpu=004
          <idle>-0     [000] dNs. 577944.759609: sched_wakeup: comm=kworker/0:1 pid=1492 prio=120 success=1 target_cpu=000
          <idle>-0     [000] dNs. 577944.759614: sched_wakeup: comm=rcu_sched pid=7 prio=120 success=1 target_cpu=001
          <idle>-0     [000] dNh. 577944.811642: sched_wakeup: comm=watchdog/0 pid=26 prio=0 success=1 target_cpu=000
           <...>-9088  [000] dN.. 577945.002978: sched_wakeup: comm=migration/0 pid=25 prio=0 success=1 target_cpu=000
           <...>-9087  [000] dNs. 577945.003758: sched_wakeup: comm=kworker/0:1 pid=1492 prio=120 success=1 target_cpu=000
           <...>-9087  [000] .... 577945.003917: sched_process_exit: comm=sh pid=9087 prio=120
           <...>-9093  [000] dN.. 577945.005163: sched_wakeup: comm=migration/0 pid=25 prio=0 success=1 target_cpu=000
           <...>-9095  [000] d.s. 577945.005760: sched_wakeup: comm=rcu_sched pid=7 prio=120 success=1 target_cpu=002
           <...>-9095  [000] .... 577945.007126: sched_process_exit: comm=cut pid=9095 prio=120
           <...>-9095  [000] d... 577945.007142: sched_wakeup: comm=sh pid=9089 prio=120 success=1 target_cpu=004
           <...>-9101  [000] dN.. 577945.010797: sched_wakeup: comm=migration/0 pid=25 prio=0 success=1 target_cpu=000
         rcuos/0-8     [000] d... 577945.011789: sched_wakeup: comm=rcuos/1 pid=9 prio=120 success=1 target_cpu=005
          <idle>-0     [000] dNs. 577945.017765: sched_wakeup: comm=kworker/0:1 pid=1492 prio=120 success=1 target_cpu=000
          <idle>-0     [000] dNs. 577945.017768: sched_wakeup: comm=rcu_sched pid=7 prio=120 success=1 target_cpu=001
         rcuos/0-8     [000] d... 577945.023792: sched_wakeup: comm=rcuos/1 pid=9 prio=120 success=1 target_cpu=002
         rcuos/2-10    [000] d... 577945.029788: sched_wakeup: comm=rcuos/3 pid=11 prio=120 success=1 target_cpu=004
          <idle>-0     [000] dNs. 577945.035775: sched_wakeup: comm=kworker/0:1 pid=1492 prio=120 success=1 target_cpu=000
          <idle>-0     [000] dNs. 577945.035777: sched_wakeup: comm=rcu_sched pid=7 prio=120 success=1 target_cpu=001
         rcuos/2-10    [000] d... 577945.041796: sched_wakeup: comm=rcuos/3 pid=11 prio=120 success=1 target_cpu=004
          <idle>-0     [000] dNs. 577945.053785: sched_wakeup: comm=kworker/0:1 pid=1492 prio=120 success=1 target_cpu=000
          <idle>-0     [000] dNs. 577945.053787: sched_wakeup: comm=rcu_sched pid=7 prio=120 success=1 target_cpu=001
          <idle>-0     [000] dNh. 577945.210239: sched_wakeup: comm=gmain pid=20788 prio=120 success=1 target_cpu=000
          <idle>-0     [000] dNs. 577945.253908: sched_wakeup: comm=kworker/0:1 pid=1492 prio=120 success=1 target_cpu=000
         rcuos/2-10    [000] d... 577945.258206: sched_wakeup: comm=rcu_sched pid=7 prio=120 success=1 target_cpu=001
         rcuos/2-10    [000] d... 577945.263933: sched_wakeup: comm=rcuos/3 pid=11 prio=120 success=1 target_cpu=004
         rcuos/2-10    [000] d... 577945.263935: sched_wakeup: comm=rcu_sched pid=7 prio=120 success=1 target_cpu=003
         rcuos/2-10    [000] d... 577945.269933: sched_wakeup: comm=rcuos/3 pid=11 prio=120 success=1 target_cpu=004
         rcuos/2-10    [000] d... 577945.759213: sched_wakeup: comm=rcu_sched pid=7 prio=120 success=1 target_cpu=005
          <idle>-0     [000] dNs. 577945.765214: sched_wakeup: comm=kworker/0:1 pid=1492 prio=120 success=1 target_cpu=000
          <idle>-0     [000] dNs. 577945.765219: sched_wakeup: comm=rcu_sched pid=7 prio=120 success=1 target_cpu=001
       rcu_sched-7     [000] d... 577945.822258: sched_wakeup: comm=rcuos/0 pid=8 prio=120 success=1 target_cpu=003
          <idle>-0     [000] dNs. 577945.825250: sched_wakeup: comm=kworker/0:1 pid=1492 prio=120 success=1 target_cpu=000
          <idle>-0     [000] dNs. 577945.825252: sched_wakeup: comm=rcu_sched pid=7 prio=120 success=1 target_cpu=001
           <...>-9109  [000] dN.. 577946.006780: sched_wakeup: comm=migration/0 pid=25 prio=0 success=1 target_cpu=000
         rcuos/2-10    [000] d... 577946.007377: sched_wakeup: comm=rcuos/3 pid=11 prio=120 success=1 target_cpu=005
           <...>-9105  [000] .... 577946.009289: sched_process_exit: comm=sh pid=9105 prio=120
          <idle>-0     [000] dNs. 577946.013368: sched_wakeup: comm=kworker/0:1 pid=1492 prio=120 success=1 target_cpu=000
          <idle>-0     [000] dNs. 577946.013372: sched_wakeup: comm=rcu_sched pid=7 prio=120 success=1 target_cpu=001
         rcuos/6-14    [000] d... 577946.013398: sched_wakeup: comm=rcuos/7 pid=15 prio=120 success=1 target_cpu=001
           <...>-9113  [000] .... 577946.014674: sched_process_exit: comm=sh pid=9113 prio=120
         rcuos/2-10    [000] d... 577946.019384: sched_wakeup: comm=rcuos/3 pid=11 prio=120 success=1 target_cpu=005
         rcuos/6-14    [000] d... 577946.025392: sched_wakeup: comm=rcuos/7 pid=15 prio=120 success=1 target_cpu=001
       rcu_sched-7     [000] d... 577946.031389: sched_wakeup: comm=rcuos/2 pid=10 prio=120 success=1 target_cpu=001
          <idle>-0     [000] dNs. 577946.034378: sched_wakeup: comm=kworker/0:1 pid=1492 prio=120 success=1 target_cpu=000
          <idle>-0     [000] dNs. 577946.034380: sched_wakeup: comm=rcu_sched pid=7 prio=120 success=1 target_cpu=001
       rcu_sched-7     [000] d... 577946.049397: sched_wakeup: comm=rcuos/0 pid=8 prio=120 success=1 target_cpu=003
       rcu_sched-7     [000] d... 577946.049399: sched_wakeup: comm=rcuos/4 pid=12 prio=120 success=1 target_cpu=001
          <idle>-0     [000] dNs. 577946.052387: sched_wakeup: comm=kworker/0:1 pid=1492 prio=120 success=1 target_cpu=000
          <idle>-0     [000] dNs. 577946.052389: sched_wakeup: comm=rcu_sched pid=7 prio=120 success=1 target_cpu=001
          <idle>-0     [000] dNs. 577946.264514: sched_wakeup: comm=kworker/0:1 pid=1492 prio=120 success=1 target_cpu=000
          <idle>-0     [000] dNh. 577946.265952: sched_wakeup: comm=gnome-settings- pid=20691 prio=120 success=1 target_cpu=000
 gnome-settings--20691 [000] d... 577946.266047: sched_wakeup: comm=rcuos/0 pid=8 prio=120 success=1 target_cpu=003
 gnome-settings--20691 [000] d.s. 577946.266521: sched_wakeup: comm=rcu_sched pid=7 prio=120 success=1 target_cpu=001
         rcuos/2-10    [000] d... 577946.278545: sched_wakeup: comm=rcuos/3 pid=11 prio=120 success=1 target_cpu=005
          <idle>-0     [000] dNs. 577946.284529: sched_wakeup: comm=kworker/0:1 pid=1492 prio=120 success=1 target_cpu=000
          <idle>-0     [000] dNs. 577946.284531: sched_wakeup: comm=rcu_sched pid=7 prio=120 success=1 target_cpu=001
         rcuos/2-10    [000] d... 577946.761650: sched_wakeup: comm=rcu_sched pid=7 prio=120 success=1 target_cpu=004
       rcu_sched-7     [000] d... 577946.766828: sched_wakeup: comm=rcuos/2 pid=10 prio=120 success=1 target_cpu=001
          <idle>-0     [000] dNs. 577946.769820: sched_wakeup: comm=kworker/0:1 pid=1492 prio=120 success=1 target_cpu=000
          <idle>-0     [000] dNs. 577946.769824: sched_wakeup: comm=rcu_sched pid=7 prio=120 success=1 target_cpu=001
           <...>-9123  [000] .... 577947.006922: sched_process_exit: comm=cut pid=9123 prio=120
           <...>-9123  [000] d... 577947.006939: sched_wakeup: comm=sh pid=9119 prio=120 success=1 target_cpu=004
          <idle>-0     [000] dNs. 577947.008968: sched_wakeup: comm=kworker/0:1 pid=1492 prio=120 success=1 target_cpu=000
          <idle>-0     [000] dNs. 577947.008973: sched_wakeup: comm=rcu_sched pid=7 prio=120 success=1 target_cpu=001
          <idle>-0     [000] dNs. 577947.008977: sched_wakeup: comm=ksoftirqd/0 pid=3 prio=120 success=1 target_cpu=000
           <...>-9128  [000] d... 577947.011687: sched_wakeup: comm=uname pid=9130 prio=120 success=1 target_cpu=002
           <...>-9128  [000] .... 577947.012707: sched_process_exit: comm=sh pid=9128 prio=120
           <...>-9129  [000] .... 577947.017594: sched_process_exit: comm=sh pid=9129 prio=120
         rcuos/0-8     [000] d... 577947.021989: sched_wakeup: comm=rcuos/1 pid=9 prio=120 success=1 target_cpu=002
       rcu_sched-7     [000] d... 577947.027990: sched_wakeup: comm=rcuos/2 pid=10 prio=120 success=1 target_cpu=001
          <idle>-0     [000] dNs. 577947.030981: sched_wakeup: comm=kworker/0:1 pid=1492 prio=120 success=1 target_cpu=000
          <idle>-0     [000] dNs. 577947.030983: sched_wakeup: comm=rcu_sched pid=7 prio=120 success=1 target_cpu=001
         rcuos/0-8     [000] d... 577947.034005: sched_wakeup: comm=rcuos/1 pid=9 prio=120 success=1 target_cpu=002
       rcu_sched-7     [000] d... 577947.045998: sched_wakeup: comm=rcuos/4 pid=12 prio=120 success=1 target_cpu=003
       rcu_sched-7     [000] d... 577947.045999: sched_wakeup: comm=rcuos/0 pid=8 prio=120 success=1 target_cpu=001
          <idle>-0     [000] dNs. 577947.048988: sched_wakeup: comm=kworker/0:1 pid=1492 prio=120 success=1 target_cpu=000
          <idle>-0     [000] dNs. 577947.048990: sched_wakeup: comm=rcu_sched pid=7 prio=120 success=1 target_cpu=001
          <idle>-0     [000] dNs. 577947.267120: sched_wakeup: comm=kworker/0:1 pid=1492 prio=120 success=1 target_cpu=000
       rcu_sched-7     [000] d... 577947.274134: sched_wakeup: comm=rcuos/2 pid=10 prio=120 success=1 target_cpu=001
          <idle>-0     [000] dNh. 577947.517579: sched_wakeup: comm=goa-daemon pid=1835 prio=120 success=1 target_cpu=000
      goa-daemon-1835  [000] .... 577947.517611: sys_futex(uaddr: 17c1850, op: 1, val: 1, utime: 0, uaddr2: 0, val3: 17c1d10)
      goa-daemon-1835  [000] d... 577947.517618: sched_wakeup: comm=pool pid=1839 prio=120 success=1 target_cpu=002
      goa-daemon-1835  [000] .... 577947.517618: sys_futex -> 0x1
          <idle>-0     [000] dNs. 577947.520272: sched_wakeup: comm=kworker/0:1 pid=1492 prio=120 success=1 target_cpu=000
          <idle>-0     [000] dNs. 577947.520277: sched_wakeup: comm=rcu_sched pid=7 prio=120 success=1 target_cpu=001
       rcu_sched-7     [000] d... 577947.768435: sched_wakeup: comm=rcuos/2 pid=10 prio=120 success=1 target_cpu=001
          <idle>-0     [000] dNs. 577947.771423: sched_wakeup: comm=kworker/0:1 pid=1492 prio=120 success=1 target_cpu=000
          <idle>-0     [000] dNs. 577947.771426: sched_wakeup: comm=rcu_sched pid=7 prio=120 success=1 target_cpu=001
          <idle>-0     [000] dNs. 577947.887495: sched_wakeup: comm=kworker/0:1 pid=1492 prio=120 success=1 target_cpu=000
           <...>-9141  [000] dNs. 577948.009570: sched_wakeup: comm=kworker/0:1 pid=1492 prio=120 success=1 target_cpu=000
           <...>-9141  [000] dN.. 577948.009811: sched_wakeup: comm=migration/0 pid=25 prio=0 success=1 target_cpu=000
           <...>-9148  [000] dNs. 577948.013574: sched_wakeup: comm=kworker/0:1 pid=1492 prio=120 success=1 target_cpu=000
           <...>-9148  [000] .... 577948.014262: sched_process_exit: comm=cut pid=9148 prio=120
           <...>-9148  [000] d... 577948.014282: sched_wakeup: comm=sh pid=9143 prio=120 success=1 target_cpu=001
           <...>-9150  [000] dN.. 577948.015841: sched_wakeup: comm=migration/0 pid=25 prio=0 success=1 target_cpu=000
         rcuos/0-8     [000] d... 577948.022592: sched_wakeup: comm=rcuos/1 pid=9 prio=120 success=1 target_cpu=004
       rcu_sched-7     [000] d... 577948.028591: sched_wakeup: comm=rcuos/2 pid=10 prio=120 success=1 target_cpu=001
          <idle>-0     [000] dNs. 577948.031583: sched_wakeup: comm=kworker/0:1 pid=1492 prio=120 success=1 target_cpu=000
          <idle>-0     [000] dNs. 577948.031585: sched_wakeup: comm=rcu_sched pid=7 prio=120 success=1 target_cpu=001
         rcuos/0-8     [000] d... 577948.034606: sched_wakeup: comm=rcuos/1 pid=9 prio=120 success=1 target_cpu=004
       rcu_sched-7     [000] d... 577948.046599: sched_wakeup: comm=rcuos/4 pid=12 prio=120 success=1 target_cpu=003
       rcu_sched-7     [000] d... 577948.046600: sched_wakeup: comm=rcuos/0 pid=8 prio=120 success=1 target_cpu=001
          <idle>-0     [000] dNs. 577948.049592: sched_wakeup: comm=kworker/0:1 pid=1492 prio=120 success=1 target_cpu=000
          <idle>-0     [000] dNs. 577948.049594: sched_wakeup: comm=rcu_sched pid=7 prio=120 success=1 target_cpu=001
       rcu_sched-7     [000] d... 577948.064609: sched_wakeup: comm=rcuos/2 pid=10 prio=120 success=1 target_cpu=003
          <idle>-0     [000] dNs. 577948.215692: sched_wakeup: comm=kworker/0:1 pid=1492 prio=120 success=1 target_cpu=000
          <idle>-0     [000] dNs. 577948.215695: sched_wakeup: comm=rcu_sched pid=7 prio=120 success=1 target_cpu=001
          <idle>-0     [000] dNs. 577948.224696: sched_wakeup: comm=kworker/0:1 pid=1492 prio=120 success=1 target_cpu=000
          <idle>-0     [000] dNs. 577948.224698: sched_wakeup: comm=rcu_sched pid=7 prio=120 success=1 target_cpu=001
          <idle>-0     [000] dNs. 577948.268723: sched_wakeup: comm=kworker/0:1 pid=1492 prio=120 success=1 target_cpu=000
         rcuos/2-10    [000] d... 577948.275744: sched_wakeup: comm=rcuos/3 pid=11 prio=120 success=1 target_cpu=002
         rcuos/2-10    [000] d... 577948.765102: sched_wakeup: comm=rcu_sched pid=7 prio=120 success=1 target_cpu=005
          <idle>-0     [000] dNs. 577948.771026: sched_wakeup: comm=kworker/0:1 pid=1492 prio=120 success=1 target_cpu=000
          <idle>-0     [000] dNs. 577948.771031: sched_wakeup: comm=rcu_sched pid=7 prio=120 success=1 target_cpu=001
          <idle>-0     [000] dNh. 577948.814053: sched_wakeup: comm=watchdog/0 pid=26 prio=0 success=1 target_cpu=000
           <...>-9152  [000] .... 577949.010693: sched_process_exit: comm=sh pid=9152 prio=120
           <...>-9158  [000] dN.. 577949.011583: sched_wakeup: comm=migration/0 pid=25 prio=0 success=1 target_cpu=000
          <idle>-0     [000] dNs. 577949.012174: sched_wakeup: comm=kworker/0:1 pid=1492 prio=120 success=1 target_cpu=000
          <idle>-0     [000] dNs. 577949.012179: sched_wakeup: comm=rcu_sched pid=7 prio=120 success=1 target_cpu=005
         rcuos/2-10    [000] d... 577949.012198: sched_wakeup: comm=rcuos/3 pid=11 prio=120 success=1 target_cpu=005
           <...>-9154  [000] .... 577949.014019: sched_process_exit: comm=sh pid=9154 prio=120
           <...>-9166  [000] dNs. 577949.017177: sched_wakeup: comm=kworker/0:1 pid=1492 prio=120 success=1 target_cpu=000
           <...>-9166  [000] dN.. 577949.017229: sched_wakeup: comm=migration/0 pid=25 prio=0 success=1 target_cpu=000
          <idle>-0     [000] dNs. 577949.018175: sched_wakeup: comm=rcu_sched pid=7 prio=120 success=1 target_cpu=000
       rcu_sched-7     [000] d... 577949.018182: sched_wakeup: comm=rcuos/4 pid=12 prio=120 success=1 target_cpu=005
       rcu_sched-7     [000] d... 577949.018184: sched_wakeup: comm=rcuos/0 pid=8 prio=120 success=1 target_cpu=001
       rcu_sched-7     [000] d... 577949.018187: sched_wakeup: comm=rcuos/6 pid=14 prio=120 success=1 target_cpu=004
          <idle>-0     [000] dNs. 577949.021176: sched_wakeup: comm=rcu_sched pid=7 prio=120 success=1 target_cpu=000
       rcu_sched-7     [000] d... 577949.021183: sched_wakeup: comm=rcuos/2 pid=10 prio=120 success=1 target_cpu=001
          <idle>-0     [000] dNs. 577949.024178: sched_wakeup: comm=kworker/0:1 pid=1492 prio=120 success=1 target_cpu=000
          <idle>-0     [000] dNs. 577949.024180: sched_wakeup: comm=rcu_sched pid=7 prio=120 success=1 target_cpu=001
         rcuos/4-12    [000] d... 577949.039210: sched_wakeup: comm=rcuos/5 pid=13 prio=120 success=1 target_cpu=002
          <idle>-0     [000] dNs. 577949.045191: sched_wakeup: comm=kworker/0:1 pid=1492 prio=120 success=1 target_cpu=000
          <idle>-0     [000] dNs. 577949.045193: sched_wakeup: comm=rcu_sched pid=7 prio=120 success=1 target_cpu=001
         rcuos/4-12    [000] d... 577949.051212: sched_wakeup: comm=rcuos/5 pid=13 prio=120 success=1 target_cpu=002
          <idle>-0     [000] dNs. 577949.063201: sched_wakeup: comm=kworker/0:1 pid=1492 prio=120 success=1 target_cpu=000
          <idle>-0     [000] dNs. 577949.063203: sched_wakeup: comm=rcu_sched pid=7 prio=120 success=1 target_cpu=001
          <idle>-0     [000] dNh. 577949.212686: sched_wakeup: comm=gmain pid=20788 prio=120 success=1 target_cpu=000
         rcuos/2-10    [000] d... 577949.278349: sched_wakeup: comm=rcuos/3 pid=11 prio=120 success=1 target_cpu=005
         rcuos/2-10    [000] d... 577949.767383: sched_wakeup: comm=rcu_sched pid=7 prio=120 success=1 target_cpu=005
          <idle>-0     [000] dNs. 577949.772629: sched_wakeup: comm=kworker/0:1 pid=1492 prio=120 success=1 target_cpu=000
          <idle>-0     [000] dNs. 577949.772635: sched_wakeup: comm=rcu_sched pid=7 prio=120 success=1 target_cpu=001
          <idle>-0     [000] dNs. 577950.013778: sched_wakeup: comm=kworker/0:1 pid=1492 prio=120 success=1 target_cpu=000
          <idle>-0     [000] dNs. 577950.013782: sched_wakeup: comm=rcu_sched pid=7 prio=120 success=1 target_cpu=001
           <...>-9176  [000] dN.. 577950.013971: sched_wakeup: comm=migration/0 pid=25 prio=0 success=1 target_cpu=000
           <...>-9175  [000] dNs. 577950.014779: sched_wakeup: comm=kworker/0:1 pid=1492 prio=120 success=1 target_cpu=000
           <...>-9175  [000] d... 577950.015946: sched_wakeup_new: comm=sh pid=9179 prio=120 success=1 target_cpu=001
           <...>-9175  [000] d... 577950.016096: sched_wakeup_new: comm=sh pid=9180 prio=120 success=1 target_cpu=002
           <...>-9180  [000] .... 577950.017181: sched_process_exit: comm=cut pid=9180 prio=120
           <...>-9180  [000] d... 577950.017198: sched_wakeup: comm=sh pid=9175 prio=120 success=1 target_cpu=001
           <...>-9178  [000] .... 577950.021051: sched_process_exit: comm=sh pid=9178 prio=120
         rcuos/0-8     [000] d... 577950.029810: sched_wakeup: comm=rcuos/1 pid=9 prio=120 success=1 target_cpu=004
          <idle>-0     [000] dNs. 577950.035790: sched_wakeup: comm=kworker/0:1 pid=1492 prio=120 success=1 target_cpu=000
          <idle>-0     [000] dNs. 577950.035793: sched_wakeup: comm=rcu_sched pid=7 prio=120 success=1 target_cpu=001
         rcuos/0-8     [000] d... 577950.041812: sched_wakeup: comm=rcuos/1 pid=9 prio=120 success=1 target_cpu=001
         rcuos/2-10    [000] d... 577950.047813: sched_wakeup: comm=rcuos/3 pid=11 prio=120 success=1 target_cpu=001
          <idle>-0     [000] dNs. 577950.053800: sched_wakeup: comm=kworker/0:1 pid=1492 prio=120 success=1 target_cpu=000
          <idle>-0     [000] dNs. 577950.053802: sched_wakeup: comm=rcu_sched pid=7 prio=120 success=1 target_cpu=001
          <idle>-0     [000] dNs. 577950.056800: sched_wakeup: comm=kworker/0:1 pid=1492 prio=120 success=1 target_cpu=000
          <idle>-0     [000] dNs. 577950.056802: sched_wakeup: comm=rcu_sched pid=7 prio=120 success=1 target_cpu=001
         rcuos/2-10    [000] d... 577950.268860: sched_wakeup: comm=rcu_sched pid=7 prio=120 success=1 target_cpu=002
         rcuos/2-10    [000] d... 577950.273948: sched_wakeup: comm=rcuos/3 pid=11 prio=120 success=1 target_cpu=001
         rcuos/2-10    [000] d... 577950.273950: sched_wakeup: comm=rcu_sched pid=7 prio=120 success=1 target_cpu=003
         rcuos/2-10    [000] d... 577950.279951: sched_wakeup: comm=rcuos/3 pid=11 prio=120 success=1 target_cpu=001
         rcuos/2-10    [000] d... 577950.769896: sched_wakeup: comm=rcu_sched pid=7 prio=120 success=1 target_cpu=005
          <idle>-0     [000] dNs. 577950.775234: sched_wakeup: comm=kworker/0:1 pid=1492 prio=120 success=1 target_cpu=000
          <idle>-0     [000] dNs. 577950.775240: sched_wakeup: comm=rcu_sched pid=7 prio=120 success=1 target_cpu=001
           <...>-9186  [000] dNs. 577951.012380: sched_wakeup: comm=kworker/0:1 pid=1492 prio=120 success=1 target_cpu=000
           <...>-9186  [000] d... 577951.012641: sched_wakeup: comm=uname pid=9187 prio=120 success=1 target_cpu=004
           <...>-9186  [000] d... 577951.014147: sched_wakeup_new: comm=sh pid=9189 prio=120 success=1 target_cpu=007
           <...>-9186  [000] d... 577951.014309: sched_wakeup_new: comm=sh pid=9190 prio=120 success=1 target_cpu=001
           <...>-9186  [000] d... 577951.014463: sched_wakeup_new: comm=sh pid=9192 prio=120 success=1 target_cpu=007
           <...>-9193  [000] dNs. 577951.017385: sched_wakeup: comm=kworker/0:1 pid=1492 prio=120 success=1 target_cpu=000
           <...>-9193  [000] .... 577951.018852: sched_process_exit: comm=sh pid=9193 prio=120
           <...>-9199  [000] .... 577951.022431: sched_process_exit: comm=cut pid=9199 prio=120
           <...>-9199  [000] d... 577951.022447: sched_wakeup: comm=sh pid=9194 prio=120 success=1 target_cpu=001
          <idle>-0     [000] dNs. 577951.024384: sched_wakeup: comm=rcu_sched pid=7 prio=120 success=1 target_cpu=000
       rcu_sched-7     [000] d... 577951.024396: sched_wakeup: comm=rcuos/2 pid=10 prio=120 success=1 target_cpu=005
          <idle>-0     [000] dNs. 577951.027385: sched_wakeup: comm=kworker/0:1 pid=1492 prio=120 success=1 target_cpu=000
          <idle>-0     [000] dNs. 577951.027387: sched_wakeup: comm=rcu_sched pid=7 prio=120 success=1 target_cpu=001
       rcu_sched-7     [000] d... 577951.042408: sched_wakeup: comm=rcuos/6 pid=14 prio=120 success=1 target_cpu=004
       rcu_sched-7     [000] d... 577951.042409: sched_wakeup: comm=rcuos/0 pid=8 prio=120 success=1 target_cpu=003
       rcu_sched-7     [000] d... 577951.042411: sched_wakeup: comm=rcuos/4 pid=12 prio=120 success=1 target_cpu=005
          <idle>-0     [000] dNs. 577951.045398: sched_wakeup: comm=kworker/0:1 pid=1492 prio=120 success=1 target_cpu=000
          <idle>-0     [000] dNs. 577951.045400: sched_wakeup: comm=rcu_sched pid=7 prio=120 success=1 target_cpu=001
         rcuos/0-8     [000] d... 577951.054420: sched_wakeup: comm=rcuos/1 pid=9 prio=120 success=1 target_cpu=001
       rcu_sched-7     [000] d... 577951.060416: sched_wakeup: comm=rcuos/2 pid=10 prio=120 success=1 target_cpu=001
          <idle>-0     [000] dNs. 577951.063407: sched_wakeup: comm=kworker/0:1 pid=1492 prio=120 success=1 target_cpu=000
          <idle>-0     [000] dNs. 577951.063409: sched_wakeup: comm=rcu_sched pid=7 prio=120 success=1 target_cpu=001
       rcu_sched-7     [000] d... 577951.282549: sched_wakeup: comm=rcuos/2 pid=10 prio=120 success=1 target_cpu=001
          <idle>-0     [000] dNs. 577951.774837: sched_wakeup: comm=kworker/0:1 pid=1492 prio=120 success=1 target_cpu=000
          <idle>-0     [000] dNs. 577951.774842: sched_wakeup: comm=rcu_sched pid=7 prio=120 success=1 target_cpu=001
          <idle>-0     [000] dNs. 577951.889907: sched_wakeup: comm=kworker/0:1 pid=1492 prio=120 success=1 target_cpu=000
           <...>-9202  [000] d... 577952.013954: sched_wakeup: comm=uname pid=9203 prio=120 success=1 target_cpu=004
           <...>-9202  [000] dNs. 577952.013982: sched_wakeup: comm=kworker/0:1 pid=1492 prio=120 success=1 target_cpu=000
           <...>-9202  [000] d... 577952.015452: sched_wakeup_new: comm=sh pid=9205 prio=120 success=1 target_cpu=007
           <...>-9202  [000] d... 577952.015621: sched_wakeup_new: comm=sh pid=9206 prio=120 success=1 target_cpu=001
           <...>-9202  [000] d... 577952.015764: sched_wakeup_new: comm=sh pid=9208 prio=120 success=1 target_cpu=007
       rcu_sched-7     [000] d... 577952.016996: sched_wakeup: comm=rcuos/2 pid=10 prio=120 success=1 target_cpu=001
           <...>-9202  [000] .... 577952.018397: sched_process_exit: comm=sh pid=9202 prio=120
          <idle>-0     [000] dNs. 577952.019987: sched_wakeup: comm=kworker/0:1 pid=1492 prio=120 success=1 target_cpu=000
          <idle>-0     [000] dNs. 577952.019990: sched_wakeup: comm=rcu_sched pid=7 prio=120 success=1 target_cpu=005
           <...>-9210  [000] .... 577952.023745: sched_process_exit: comm=sh pid=9210 prio=120
          <idle>-0     [000] dNs. 577952.028990: sched_wakeup: comm=kworker/0:1 pid=1492 prio=120 success=1 target_cpu=000
          <idle>-0     [000] dNs. 577952.028993: sched_wakeup: comm=rcu_sched pid=7 prio=120 success=1 target_cpu=001
         rcuos/4-12    [000] d... 577952.035021: sched_wakeup: comm=rcuos/5 pid=13 prio=120 success=1 target_cpu=003
          <idle>-0     [000] dNs. 577952.047001: sched_wakeup: comm=kworker/0:1 pid=1492 prio=120 success=1 target_cpu=000
          <idle>-0     [000] dNs. 577952.047004: sched_wakeup: comm=rcu_sched pid=7 prio=120 success=1 target_cpu=001
         rcuos/0-8     [000] d... 577952.059025: sched_wakeup: comm=rcuos/1 pid=9 prio=120 success=1 target_cpu=001
          <idle>-0     [000] dNs. 577952.065010: sched_wakeup: comm=kworker/0:1 pid=1492 prio=120 success=1 target_cpu=000
          <idle>-0     [000] dNs. 577952.065012: sched_wakeup: comm=rcu_sched pid=7 prio=120 success=1 target_cpu=001
          <idle>-0     [000] dNs. 577952.279139: sched_wakeup: comm=kworker/0:1 pid=1492 prio=120 success=1 target_cpu=000
          <idle>-0     [000] dNs. 577952.279142: sched_wakeup: comm=rcu_sched pid=7 prio=120 success=1 target_cpu=001
          <idle>-0     [000] dNh. 577952.520645: sched_wakeup: comm=goa-daemon pid=1835 prio=120 success=1 target_cpu=000
      goa-daemon-1835  [000] .... 577952.520673: sys_futex(uaddr: 17c1850, op: 1, val: 1, utime: 0, uaddr2: 31ef3308ee96bc, val3: 17c1d10)
      goa-daemon-1835  [000] d... 577952.520680: sched_wakeup: comm=pool pid=1839 prio=120 success=1 target_cpu=002
      goa-daemon-1835  [000] .... 577952.520681: sys_futex -> 0x1
          <idle>-0     [000] dNs. 577952.526290: sched_wakeup: comm=kworker/0:1 pid=1492 prio=120 success=1 target_cpu=000
          <idle>-0     [000] dNs. 577952.526294: sched_wakeup: comm=rcu_sched pid=7 prio=120 success=1 target_cpu=001
         rcuos/2-10    [000] d... 577952.774736: sched_wakeup: comm=rcu_sched pid=7 prio=120 success=1 target_cpu=005
          <idle>-0     [000] dNs. 577952.780442: sched_wakeup: comm=kworker/0:1 pid=1492 prio=120 success=1 target_cpu=000
          <idle>-0     [000] dNs. 577952.780446: sched_wakeup: comm=rcu_sched pid=7 prio=120 success=1 target_cpu=001
          <idle>-0     [000] dNh. 577952.816464: sched_wakeup: comm=watchdog/0 pid=26 prio=0 success=1 target_cpu=000
           <...>-9218  [000] dNs. 577953.015592: sched_wakeup: comm=kworker/0:1 pid=1492 prio=120 success=1 target_cpu=000
           <...>-9218  [000] dNs. 577953.016587: sched_wakeup: comm=kworker/0:1 pid=1492 prio=120 success=1 target_cpu=000
     kworker/0:1-1492  [000] d... 577953.016602: sched_wakeup: comm=kworker/3:2 pid=7744 prio=120 success=1 target_cpu=003
           <...>-9218  [000] d... 577953.016814: sched_wakeup_new: comm=sh pid=9221 prio=120 success=1 target_cpu=007
           <...>-9218  [000] d... 577953.016977: sched_wakeup_new: comm=sh pid=9222 prio=120 success=1 target_cpu=001
           <...>-9218  [000] d... 577953.017118: sched_wakeup_new: comm=sh pid=9224 prio=120 success=1 target_cpu=002
           <...>-9226  [000] dN.. 577953.020233: sched_wakeup: comm=migration/0 pid=25 prio=0 success=1 target_cpu=000
           <...>-9223  [000] d... 577953.021374: sched_wakeup: comm=sh pid=9225 prio=120 success=1 target_cpu=001
           <...>-9223  [000] .... 577953.021436: sched_process_exit: comm=sh pid=9223 prio=120
           <...>-9226  [000] .... 577953.025106: sched_process_exit: comm=sh pid=9226 prio=120
          <idle>-0     [000] dNs. 577953.029594: sched_wakeup: comm=kworker/0:1 pid=1492 prio=120 success=1 target_cpu=000
          <idle>-0     [000] dNs. 577953.029596: sched_wakeup: comm=rcu_sched pid=7 prio=120 success=1 target_cpu=001
         rcuos/4-12    [000] d... 577953.035621: sched_wakeup: comm=rcuos/5 pid=13 prio=120 success=1 target_cpu=003
          <idle>-0     [000] dNs. 577953.047603: sched_wakeup: comm=kworker/0:1 pid=1492 prio=120 success=1 target_cpu=000
          <idle>-0     [000] dNs. 577953.047605: sched_wakeup: comm=rcu_sched pid=7 prio=120 success=1 target_cpu=001
          <idle>-0     [000] dNs. 577953.065613: sched_wakeup: comm=kworker/0:1 pid=1492 prio=120 success=1 target_cpu=000
          <idle>-0     [000] dNs. 577953.065615: sched_wakeup: comm=rcu_sched pid=7 prio=120 success=1 target_cpu=001
          <idle>-0     [000] dNh. 577953.214130: sched_wakeup: comm=gmain pid=20788 prio=120 success=1 target_cpu=000
         rcuos/2-10    [000] d... 577953.227730: sched_wakeup: comm=rcuos/3 pid=11 prio=120 success=1 target_cpu=001
         rcuos/2-10    [000] d... 577953.275718: sched_wakeup: comm=rcu_sched pid=7 prio=120 success=1 target_cpu=005
          <idle>-0     [000] dNs. 577953.280743: sched_wakeup: comm=kworker/0:1 pid=1492 prio=120 success=1 target_cpu=000
          <idle>-0     [000] dNs. 577953.280747: sched_wakeup: comm=rcu_sched pid=7 prio=120 success=1 target_cpu=001
          <idle>-0     [000] dNs. 577953.468856: sched_wakeup: comm=kworker/0:1 pid=1492 prio=120 success=1 target_cpu=000
          <idle>-0     [000] dNs. 577953.468860: sched_wakeup: comm=rcu_sched pid=7 prio=120 success=1 target_cpu=001
          <idle>-0     [000] dNs. 577953.783045: sched_wakeup: comm=kworker/0:1 pid=1492 prio=120 success=1 target_cpu=000
          <idle>-0     [000] dNs. 577953.783049: sched_wakeup: comm=rcu_sched pid=7 prio=120 success=1 target_cpu=001
          <idle>-0     [000] dNs. 577954.019191: sched_wakeup: comm=kworker/0:1 pid=1492 prio=120 success=1 target_cpu=000
          <idle>-0     [000] dNs. 577954.019195: sched_wakeup: comm=rcu_sched pid=7 prio=120 success=1 target_cpu=002
          <idle>-0     [000] dNs. 577954.019198: sched_wakeup: comm=ksoftirqd/0 pid=3 prio=120 success=1 target_cpu=000
           <...>-9238  [000] d... 577954.021006: sched_wakeup: comm=cut pid=9240 prio=120 success=1 target_cpu=002
           <...>-9238  [000] .... 577954.021206: sched_process_exit: comm=cut pid=9238 prio=120
           <...>-9241  [000] .... 577954.023631: sched_process_exit: comm=sh pid=9241 prio=120
           <...>-9242  [000] dNs. 577954.027197: sched_wakeup: comm=kworker/0:1 pid=1492 prio=120 success=1 target_cpu=000
           <...>-9242  [000] .... 577954.027266: sched_process_exit: comm=sh pid=9242 prio=120
       rcu_sched-7     [000] d... 577954.028209: sched_wakeup: comm=rcuos/2 pid=10 prio=120 success=1 target_cpu=002
          <idle>-0     [000] dNs. 577954.031196: sched_wakeup: comm=rcu_sched pid=7 prio=120 success=1 target_cpu=000
       rcu_sched-7     [000] d... 577954.031207: sched_wakeup: comm=rcuos/6 pid=14 prio=120 success=1 target_cpu=002
       rcu_sched-7     [000] d... 577954.031208: sched_wakeup: comm=rcuos/0 pid=8 prio=120 success=1 target_cpu=001
       rcu_sched-7     [000] d... 577954.031209: sched_wakeup: comm=rcuos/4 pid=12 prio=120 success=1 target_cpu=004
          <idle>-0     [000] dNs. 577954.034198: sched_wakeup: comm=rcu_sched pid=7 prio=120 success=1 target_cpu=000
       rcu_sched-7     [000] d... 577954.034205: sched_wakeup: comm=rcuos/2 pid=10 prio=120 success=1 target_cpu=002
          <idle>-0     [000] dNs. 577954.037199: sched_wakeup: comm=kworker/0:1 pid=1492 prio=120 success=1 target_cpu=000
          <idle>-0     [000] dNs. 577954.037201: sched_wakeup: comm=rcu_sched pid=7 prio=120 success=1 target_cpu=001
       rcu_sched-7     [000] d... 577954.052219: sched_wakeup: comm=rcuos/0 pid=8 prio=120 success=1 target_cpu=001
       rcu_sched-7     [000] d... 577954.052220: sched_wakeup: comm=rcuos/4 pid=12 prio=120 success=1 target_cpu=004
          <idle>-0     [000] dNs. 577954.283347: sched_wakeup: comm=kworker/0:1 pid=1492 prio=120 success=1 target_cpu=000
          <idle>-0     [000] dNs. 577954.283350: sched_wakeup: comm=rcu_sched pid=7 prio=120 success=1 target_cpu=001
          <idle>-0     [000] dNs. 577954.787651: sched_wakeup: comm=kworker/0:1 pid=1492 prio=120 success=1 target_cpu=000
          <idle>-0     [000] dNs. 577954.787657: sched_wakeup: comm=rcu_sched pid=7 prio=120 success=1 target_cpu=001
         rcuos/2-10    [000] d... 577954.974784: sched_wakeup: comm=rcuos/3 pid=11 prio=120 success=1 target_cpu=004
         rcuos/2-10    [000] d... 577954.974786: sched_wakeup: comm=rcu_sched pid=7 prio=120 success=1 target_cpu=005
          <idle>-0     [000] dNs. 577954.980768: sched_wakeup: comm=kworker/0:1 pid=1492 prio=120 success=1 target_cpu=000
          <idle>-0     [000] dNs. 577954.980770: sched_wakeup: comm=rcu_sched pid=7 prio=120 success=1 target_cpu=001
           <...>-9252  [000] dNs. 577955.018796: sched_wakeup: comm=kworker/0:1 pid=1492 prio=120 success=1 target_cpu=000
           <...>-9252  [000] dNh. 577955.018815: sched_wakeup: comm=kworker/0:1 pid=1492 prio=120 success=1 target_cpu=000
           <...>-9252  [000] .... 577955.019046: sched_process_exit: comm=cut pid=9252 prio=120
           <...>-9252  [000] d... 577955.019066: sched_wakeup: comm=sh pid=9248 prio=120 success=1 target_cpu=001
           <...>-9254  [000] d.s. 577955.019796: sched_wakeup: comm=rcu_sched pid=7 prio=120 success=1 target_cpu=001
           <...>-9254  [000] dN.. 577955.019995: sched_wakeup: comm=migration/0 pid=25 prio=0 success=1 target_cpu=000
           <...>-9250  [000] .... 577955.022469: sched_process_exit: comm=sh pid=9250 prio=120
           <...>-9256  [000] .... 577955.024595: sched_process_exit: comm=sh pid=9256 prio=120
           <...>-9262  [000] dN.. 577955.025514: sched_wakeup: comm=migration/0 pid=25 prio=0 success=1 target_cpu=000
         rcuos/6-14    [000] d... 577955.031813: sched_wakeup: comm=rcuos/7 pid=15 prio=120 success=1 target_cpu=004
          <idle>-0     [000] dNs. 577955.040807: sched_wakeup: comm=kworker/0:1 pid=1492 prio=120 success=1 target_cpu=000
          <idle>-0     [000] dNs. 577955.040809: sched_wakeup: comm=rcu_sched pid=7 prio=120 success=1 target_cpu=001
          <idle>-0     [000] dNs. 577955.058814: sched_wakeup: comm=kworker/0:1 pid=1492 prio=120 success=1 target_cpu=000
          <idle>-0     [000] dNs. 577955.058817: sched_wakeup: comm=rcu_sched pid=7 prio=120 success=1 target_cpu=001
          <idle>-0     [000] dNs. 577955.284952: sched_wakeup: comm=kworker/0:1 pid=1492 prio=120 success=1 target_cpu=000
          <idle>-0     [000] dNs. 577955.284954: sched_wakeup: comm=rcu_sched pid=7 prio=120 success=1 target_cpu=001
          <idle>-0     [000] dNs. 577955.581129: sched_wakeup: comm=kworker/0:1 pid=1492 prio=120 success=1 target_cpu=000
          <idle>-0     [000] dNs. 577955.581133: sched_wakeup: comm=rcu_sched pid=7 prio=120 success=1 target_cpu=001
         rcuos/2-10    [000] d... 577955.792274: sched_wakeup: comm=rcuos/3 pid=11 prio=120 success=1 target_cpu=005
          <idle>-0     [000] dNs. 577955.892317: sched_wakeup: comm=kworker/0:1 pid=1492 prio=120 success=1 target_cpu=000
         rcuos/2-10    [000] d... 577956.016470: sched_wakeup: comm=rcu_sched pid=7 prio=120 success=1 target_cpu=005
          <idle>-0     [000] dN.. 577956.016819: sched_wakeup: comm=rcuos/6 pid=14 prio=120 success=1 target_cpu=000
           <...>-9266  [000] d... 577956.019357: sched_wakeup: comm=uname pid=9267 prio=120 success=1 target_cpu=004
           <...>-9266  [000] dNs. 577956.019396: sched_wakeup: comm=kworker/0:1 pid=1492 prio=120 success=1 target_cpu=000
           <...>-9266  [000] d.s. 577956.020399: sched_wakeup: comm=rcu_sched pid=7 prio=120 success=1 target_cpu=001
           <...>-9266  [000] d... 577956.020894: sched_wakeup_new: comm=sh pid=9269 prio=120 success=1 target_cpu=007
           <...>-9266  [000] d... 577956.021056: sched_wakeup_new: comm=sh pid=9270 prio=120 success=1 target_cpu=001
           <...>-9266  [000] d... 577956.021204: sched_wakeup_new: comm=sh pid=9272 prio=120 success=1 target_cpu=007
           <...>-9266  [000] .... 577956.023699: sched_process_exit: comm=sh pid=9266 prio=120
          <idle>-0     [000] dN.. 577956.025680: sched_wakeup: comm=sh pid=9273 prio=120 success=1 target_cpu=000
           <...>-9273  [000] .... 577956.025719: sched_process_exit: comm=sh pid=9273 prio=120
         rcuos/2-10    [000] d... 577956.031425: sched_wakeup: comm=rcuos/3 pid=11 prio=120 success=1 target_cpu=005
          <idle>-0     [000] dNs. 577956.037407: sched_wakeup: comm=kworker/0:1 pid=1492 prio=120 success=1 target_cpu=000
          <idle>-0     [000] dNs. 577956.037410: sched_wakeup: comm=rcu_sched pid=7 prio=120 success=1 target_cpu=001
         rcuos/2-10    [000] d... 577956.043428: sched_wakeup: comm=rcuos/3 pid=11 prio=120 success=1 target_cpu=005
         rcuos/4-12    [000] d... 577956.049433: sched_wakeup: comm=rcuos/5 pid=13 prio=120 success=1 target_cpu=005
          <idle>-0     [000] dNs. 577956.055416: sched_wakeup: comm=kworker/0:1 pid=1492 prio=120 success=1 target_cpu=000
          <idle>-0     [000] dNs. 577956.055418: sched_wakeup: comm=rcu_sched pid=7 prio=120 success=1 target_cpu=001
         rcuos/4-12    [000] d... 577956.061435: sched_wakeup: comm=rcuos/5 pid=13 prio=120 success=1 target_cpu=005
          <idle>-0     [000] dNs. 577956.073426: sched_wakeup: comm=kworker/0:1 pid=1492 prio=120 success=1 target_cpu=000
          <idle>-0     [000] dNs. 577956.073428: sched_wakeup: comm=rcu_sched pid=7 prio=120 success=1 target_cpu=001
         rcuos/2-10    [000] d... 577956.293576: sched_wakeup: comm=rcuos/3 pid=11 prio=120 success=1 target_cpu=005
         rcuos/2-10    [000] d... 577956.703765: sched_wakeup: comm=rcu_sched pid=7 prio=120 success=1 target_cpu=005
          <idle>-0     [000] dNs. 577956.708809: sched_wakeup: comm=kworker/0:1 pid=1492 prio=120 success=1 target_cpu=000
          <idle>-0     [000] dNs. 577956.708815: sched_wakeup: comm=rcu_sched pid=7 prio=120 success=1 target_cpu=001
          <idle>-0     [000] dNs. 577956.744830: sched_wakeup: comm=kworker/0:1 pid=1492 prio=120 success=1 target_cpu=000
          <idle>-0     [000] dNs. 577956.744832: sched_wakeup: comm=rcu_sched pid=7 prio=120 success=1 target_cpu=001
          <idle>-0     [000] dNs. 577956.777850: sched_wakeup: comm=kworker/0:1 pid=1492 prio=120 success=1 target_cpu=000
          <idle>-0     [000] dNs. 577956.777852: sched_wakeup: comm=rcu_sched pid=7 prio=120 success=1 target_cpu=001
         rcuos/2-10    [000] d... 577956.789878: sched_wakeup: comm=rcuos/3 pid=11 prio=120 success=1 target_cpu=005
         rcuos/2-10    [000] d... 577956.805093: sched_wakeup: comm=rcu_sched pid=7 prio=120 success=1 target_cpu=005
          <idle>-0     [000] dNs. 577956.810870: sched_wakeup: comm=kworker/0:1 pid=1492 prio=120 success=1 target_cpu=000
          <idle>-0     [000] dNs. 577956.810872: sched_wakeup: comm=rcu_sched pid=7 prio=120 success=1 target_cpu=001
         rcuos/2-10    [000] d... 577956.810887: sched_wakeup: comm=rcuos/3 pid=11 prio=120 success=1 target_cpu=005
         rcuos/2-10    [000] d... 577956.810889: sched_wakeup: comm=rcu_sched pid=7 prio=120 success=1 target_cpu=001
         rcuos/2-10    [000] d... 577956.816894: sched_wakeup: comm=rcuos/3 pid=11 prio=120 success=1 target_cpu=005
          <idle>-0     [000] dNh. 577956.818877: sched_wakeup: comm=watchdog/0 pid=26 prio=0 success=1 target_cpu=000
         rcuos/2-10    [000] d... 577956.841629: sched_wakeup: comm=rcu_sched pid=7 prio=120 success=1 target_cpu=001
         rcuos/2-10    [000] d... 577956.846913: sched_wakeup: comm=rcuos/3 pid=11 prio=120 success=1 target_cpu=005
         rcuos/2-10    [000] d... 577956.846915: sched_wakeup: comm=rcu_sched pid=7 prio=120 success=1 target_cpu=003
         rcuos/2-10    [000] d... 577956.852912: sched_wakeup: comm=rcuos/3 pid=11 prio=120 success=1 target_cpu=005
         rcuos/2-10    [000] d... 577956.899084: sched_wakeup: comm=rcu_sched pid=7 prio=120 success=1 target_cpu=005
          <idle>-0     [000] dNs. 577956.904928: sched_wakeup: comm=kworker/0:1 pid=1492 prio=120 success=1 target_cpu=000
          <idle>-0     [000] dNs. 577956.904931: sched_wakeup: comm=rcu_sched pid=7 prio=120 success=1 target_cpu=001
