          <idle>-0     [000] d... 79564.959396: sched_switch: prev_comm=swapper/0 prev_pid=0 prev_prio=120 prev_state=R ==> next_comm=rcu_sched next_pid=7 next_prio=120
       rcu_sched-7     [000] d... 79564.959402: sched_wakeup: comm=rcuos/2 pid=10 prio=120 success=1 target_cpu=001
       rcu_sched-7     [000] d... 79564.959406: sched_switch: prev_comm=rcu_sched prev_pid=7 prev_prio=120 prev_state=S ==> next_comm=swapper/0 next_pid=0 next_prio=120
          <idle>-0     [000] d... 79564.959453: sched_switch: prev_comm=swapper/0 prev_pid=0 prev_prio=120 prev_state=R ==> next_comm=cut next_pid=6532 next_prio=120
           <...>-6532  [000] d... 79564.959511: sched_wakeup: comm=cut pid=6533 prio=120 success=1 target_cpu=003
           <...>-6532  [000] .... 79564.959679: sched_process_exit: comm=cut pid=6532 prio=120
           <...>-6532  [000] d... 79564.959696: sched_wakeup: comm=sh pid=6528 prio=120 success=1 target_cpu=001
           <...>-6532  [000] d... 79564.959698: sched_switch: prev_comm=cut prev_pid=6532 prev_prio=120 prev_state=x ==> next_comm=swapper/0 next_pid=0 next_prio=120
          <idle>-0     [000] dNs. 79564.962386: sched_wakeup: comm=kworker/0:0 pid=4455 prio=120 success=1 target_cpu=000
          <idle>-0     [000] dNs. 79564.962393: sched_wakeup: comm=rcu_sched pid=7 prio=120 success=1 target_cpu=001
          <idle>-0     [000] d... 79564.962400: sched_switch: prev_comm=swapper/0 prev_pid=0 prev_prio=120 prev_state=R ==> next_comm=kworker/0:0 next_pid=4455 next_prio=120
           <...>-4455  [000] d... 79564.962406: sched_switch: prev_comm=kworker/0:0 prev_pid=4455 prev_prio=120 prev_state=S ==> next_comm=swapper/0 next_pid=0 next_prio=120
          <idle>-0     [000] d... 79564.965405: sched_switch: prev_comm=swapper/0 prev_pid=0 prev_prio=120 prev_state=R ==> next_comm=rcuos/4 next_pid=12 next_prio=120
         rcuos/4-12    [000] d... 79564.965409: sched_switch: prev_comm=rcuos/4 prev_pid=12 prev_prio=120 prev_state=S ==> next_comm=swapper/0 next_pid=0 next_prio=120
          <idle>-0     [000] d... 79564.974408: sched_switch: prev_comm=swapper/0 prev_pid=0 prev_prio=120 prev_state=R ==> next_comm=rcuos/0 next_pid=8 next_prio=120
         rcuos/0-8     [000] d... 79564.974411: sched_wakeup: comm=rcuos/1 pid=9 prio=120 success=1 target_cpu=002
         rcuos/0-8     [000] d... 79564.974416: sched_switch: prev_comm=rcuos/0 prev_pid=8 prev_prio=120 prev_state=S ==> next_comm=swapper/0 next_pid=0 next_prio=120
          <idle>-0     [000] d... 79564.980404: sched_switch: prev_comm=swapper/0 prev_pid=0 prev_prio=120 prev_state=R ==> next_comm=rcu_sched next_pid=7 next_prio=120
       rcu_sched-7     [000] d... 79564.980408: sched_wakeup: comm=rcuos/2 pid=10 prio=120 success=1 target_cpu=001
       rcu_sched-7     [000] d... 79564.980412: sched_switch: prev_comm=rcu_sched prev_pid=7 prev_prio=120 prev_state=S ==> next_comm=swapper/0 next_pid=0 next_prio=120
          <idle>-0     [000] dNs. 79564.983397: sched_wakeup: comm=kworker/0:0 pid=4455 prio=120 success=1 target_cpu=000
          <idle>-0     [000] dNs. 79564.983398: sched_wakeup: comm=rcu_sched pid=7 prio=120 success=1 target_cpu=001
          <idle>-0     [000] d... 79564.983404: sched_switch: prev_comm=swapper/0 prev_pid=0 prev_prio=120 prev_state=R ==> next_comm=kworker/0:0 next_pid=4455 next_prio=120
           <...>-4455  [000] d... 79564.983408: sched_switch: prev_comm=kworker/0:0 prev_pid=4455 prev_prio=120 prev_state=S ==> next_comm=swapper/0 next_pid=0 next_prio=120
          <idle>-0     [000] d... 79564.986414: sched_switch: prev_comm=swapper/0 prev_pid=0 prev_prio=120 prev_state=R ==> next_comm=rcuos/0 next_pid=8 next_prio=120
         rcuos/0-8     [000] d... 79564.986416: sched_wakeup: comm=rcuos/1 pid=9 prio=120 success=1 target_cpu=002
         rcuos/0-8     [000] d... 79564.986419: sched_switch: prev_comm=rcuos/0 prev_pid=8 prev_prio=120 prev_state=S ==> next_comm=swapper/0 next_pid=0 next_prio=120
          <idle>-0     [000] d... 79564.998410: sched_switch: prev_comm=swapper/0 prev_pid=0 prev_prio=120 prev_state=R ==> next_comm=rcu_sched next_pid=7 next_prio=120
       rcu_sched-7     [000] d... 79564.998414: sched_wakeup: comm=rcuos/0 pid=8 prio=120 success=1 target_cpu=001
       rcu_sched-7     [000] d... 79564.998416: sched_wakeup: comm=rcuos/4 pid=12 prio=120 success=1 target_cpu=003
       rcu_sched-7     [000] d... 79564.998417: sched_switch: prev_comm=rcu_sched prev_pid=7 prev_prio=120 prev_state=S ==> next_comm=swapper/0 next_pid=0 next_prio=120
          <idle>-0     [000] dNh. 79565.303178: sched_wakeup: comm=chrome pid=15027 prio=120 success=1 target_cpu=000
          <idle>-0     [000] d... 79565.303182: sched_switch: prev_comm=swapper/0 prev_pid=0 prev_prio=120 prev_state=R ==> next_comm=chrome next_pid=15027 next_prio=120
          chrome-15027 [000] d... 79565.303245: sched_switch: prev_comm=chrome prev_pid=15027 prev_prio=120 prev_state=S ==> next_comm=swapper/0 next_pid=0 next_prio=120
          <idle>-0     [000] d... 79565.801183: sched_switch: prev_comm=swapper/0 prev_pid=0 prev_prio=120 prev_state=R ==> next_comm=chrome next_pid=15027 next_prio=120
          chrome-15027 [000] d... 79565.801354: sched_wakeup: comm=Chrome_IOThread pid=15064 prio=120 success=1 target_cpu=002
          chrome-15027 [000] d... 79565.801396: sched_switch: prev_comm=chrome prev_pid=15027 prev_prio=120 prev_state=S ==> next_comm=swapper/0 next_pid=0 next_prio=120
          <idle>-0     [000] dNh. 79565.804449: sched_wakeup: comm=chrome pid=15027 prio=120 success=1 target_cpu=000
          <idle>-0     [000] d... 79565.804453: sched_switch: prev_comm=swapper/0 prev_pid=0 prev_prio=120 prev_state=R ==> next_comm=chrome next_pid=15027 next_prio=120
          chrome-15027 [000] d... 79565.804496: sched_switch: prev_comm=chrome prev_pid=15027 prev_prio=120 prev_state=S ==> next_comm=swapper/0 next_pid=0 next_prio=120
          <idle>-0     [000] d... 79565.955908: sched_switch: prev_comm=swapper/0 prev_pid=0 prev_prio=120 prev_state=R ==> next_comm=rcu_sched next_pid=7 next_prio=120
       rcu_sched-7     [000] d... 79565.955912: sched_switch: prev_comm=rcu_sched prev_pid=7 prev_prio=120 prev_state=S ==> next_comm=swapper/0 next_pid=0 next_prio=120
          <idle>-0     [000] dNs. 79565.957986: sched_wakeup: comm=kworker/0:0 pid=4455 prio=120 success=1 target_cpu=000
          <idle>-0     [000] dNs. 79565.957995: sched_wakeup: comm=rcu_sched pid=7 prio=120 success=1 target_cpu=005
          <idle>-0     [000] d... 79565.958000: sched_switch: prev_comm=swapper/0 prev_pid=0 prev_prio=120 prev_state=R ==> next_comm=kworker/0:0 next_pid=4455 next_prio=120
           <...>-4455  [000] d... 79565.958009: sched_switch: prev_comm=kworker/0:0 prev_pid=4455 prev_prio=120 prev_state=S ==> next_comm=swapper/0 next_pid=0 next_prio=120
          <idle>-0     [000] d... 79565.958672: sched_switch: prev_comm=swapper/0 prev_pid=0 prev_prio=120 prev_state=R ==> next_comm=sshd next_pid=25954 next_prio=120
           <...>-25954 [000] d... 79565.958742: sched_switch: prev_comm=sshd prev_pid=25954 prev_prio=120 prev_state=S ==> next_comm=swapper/0 next_pid=0 next_prio=120
          <idle>-0     [000] d... 79565.958961: sched_switch: prev_comm=swapper/0 prev_pid=0 prev_prio=120 prev_state=R ==> next_comm=sh next_pid=6534 next_prio=120
           <...>-6534  [000] d... 79565.958976: sched_switch: prev_comm=sh prev_pid=6534 prev_prio=120 prev_state=S ==> next_comm=swapper/0 next_pid=0 next_prio=120
          <idle>-0     [000] d... 79565.959199: sched_switch: prev_comm=swapper/0 prev_pid=0 prev_prio=120 prev_state=R ==> next_comm=sh next_pid=6534 next_prio=120
           <...>-6534  [000] .... 79565.959471: sched_process_exit: comm=sh pid=6534 prio=120
           <...>-6534  [000] d... 79565.959496: sched_switch: prev_comm=sh prev_pid=6534 prev_prio=120 prev_state=x ==> next_comm=swapper/0 next_pid=0 next_prio=120
          <idle>-0     [000] d... 79565.960996: sched_switch: prev_comm=swapper/0 prev_pid=0 prev_prio=120 prev_state=R ==> next_comm=rcu_sched next_pid=7 next_prio=120
       rcu_sched-7     [000] d... 79565.961002: sched_wakeup: comm=rcuos/2 pid=10 prio=120 success=1 target_cpu=001
       rcu_sched-7     [000] d... 79565.961010: sched_switch: prev_comm=rcu_sched prev_pid=7 prev_prio=120 prev_state=S ==> next_comm=swapper/0 next_pid=0 next_prio=120
          <idle>-0     [000] d... 79565.961808: sched_switch: prev_comm=swapper/0 prev_pid=0 prev_prio=120 prev_state=R ==> next_comm=sh next_pid=6536 next_prio=120
           <...>-6536  [000] d... 79565.961832: sched_switch: prev_comm=sh prev_pid=6536 prev_prio=120 prev_state=S ==> next_comm=swapper/0 next_pid=0 next_prio=120
          <idle>-0     [000] d... 79565.961886: sched_switch: prev_comm=swapper/0 prev_pid=0 prev_prio=120 prev_state=R ==> next_comm=sh next_pid=6536 next_prio=120
           <...>-6536  [000] dNs. 79565.961989: sched_wakeup: comm=kworker/0:0 pid=4455 prio=120 success=1 target_cpu=000
           <...>-6536  [000] d... 79565.961994: sched_switch: prev_comm=sh prev_pid=6536 prev_prio=120 prev_state=R ==> next_comm=kworker/0:0 next_pid=4455 next_prio=120
           <...>-4455  [000] d... 79565.962002: sched_switch: prev_comm=kworker/0:0 prev_pid=4455 prev_prio=120 prev_state=S ==> next_comm=sh next_pid=6536 next_prio=120
           <...>-6536  [000] .... 79565.962162: sched_process_exit: comm=sh pid=6536 prio=120
           <...>-6536  [000] d... 79565.962174: sched_wakeup: comm=tmux pid=2397 prio=120 success=1 target_cpu=002
           <...>-6536  [000] d... 79565.962191: sched_switch: prev_comm=sh prev_pid=6536 prev_prio=120 prev_state=x ==> next_comm=swapper/0 next_pid=0 next_prio=120
          <idle>-0     [000] dNs. 79565.963988: sched_wakeup: comm=rcu_sched pid=7 prio=120 success=1 target_cpu=000
          <idle>-0     [000] d... 79565.963993: sched_switch: prev_comm=swapper/0 prev_pid=0 prev_prio=120 prev_state=R ==> next_comm=rcu_sched next_pid=7 next_prio=120
       rcu_sched-7     [000] d... 79565.963997: sched_wakeup: comm=rcuos/4 pid=12 prio=120 success=1 target_cpu=005
       rcu_sched-7     [000] d... 79565.963999: sched_wakeup: comm=rcuos/0 pid=8 prio=120 success=1 target_cpu=003
       rcu_sched-7     [000] d... 79565.964001: sched_wakeup: comm=rcuos/6 pid=14 prio=120 success=1 target_cpu=001
       rcu_sched-7     [000] d... 79565.964004: sched_switch: prev_comm=rcu_sched prev_pid=7 prev_prio=120 prev_state=S ==> next_comm=swapper/0 next_pid=0 next_prio=120
          <idle>-0     [000] dNs. 79565.966988: sched_wakeup: comm=rcu_sched pid=7 prio=120 success=1 target_cpu=000
          <idle>-0     [000] d... 79565.966991: sched_switch: prev_comm=swapper/0 prev_pid=0 prev_prio=120 prev_state=R ==> next_comm=rcu_sched next_pid=7 next_prio=120
       rcu_sched-7     [000] d... 79565.966995: sched_wakeup: comm=rcuos/2 pid=10 prio=120 success=1 target_cpu=001
       rcu_sched-7     [000] d... 79565.966997: sched_switch: prev_comm=rcu_sched prev_pid=7 prev_prio=120 prev_state=S ==> next_comm=swapper/0 next_pid=0 next_prio=120
          <idle>-0     [000] dNs. 79565.969989: sched_wakeup: comm=rcu_sched pid=7 prio=120 success=1 target_cpu=000
          <idle>-0     [000] d... 79565.969995: sched_switch: prev_comm=swapper/0 prev_pid=0 prev_prio=120 prev_state=R ==> next_comm=rcu_sched next_pid=7 next_prio=120
       rcu_sched-7     [000] d... 79565.969998: sched_wakeup: comm=rcuos/6 pid=14 prio=120 success=1 target_cpu=001
       rcu_sched-7     [000] d... 79565.969999: sched_wakeup: comm=rcuos/0 pid=8 prio=120 success=1 target_cpu=003
       rcu_sched-7     [000] d... 79565.970001: sched_wakeup: comm=rcuos/4 pid=12 prio=120 success=1 target_cpu=005
       rcu_sched-7     [000] d... 79565.970003: sched_switch: prev_comm=rcu_sched prev_pid=7 prev_prio=120 prev_state=S ==> next_comm=swapper/0 next_pid=0 next_prio=120
          <idle>-0     [000] d... 79565.970014: sched_switch: prev_comm=swapper/0 prev_pid=0 prev_prio=120 prev_state=R ==> next_comm=rcuos/5 next_pid=13 next_prio=120
         rcuos/5-13    [000] d... 79565.970023: sched_switch: prev_comm=rcuos/5 prev_pid=13 prev_prio=120 prev_state=S ==> next_comm=swapper/0 next_pid=0 next_prio=120
          <idle>-0     [000] dNs. 79565.972993: sched_wakeup: comm=kworker/0:0 pid=4455 prio=120 success=1 target_cpu=000
          <idle>-0     [000] dNs. 79565.972995: sched_wakeup: comm=rcu_sched pid=7 prio=120 success=1 target_cpu=001
          <idle>-0     [000] d... 79565.973000: sched_switch: prev_comm=swapper/0 prev_pid=0 prev_prio=120 prev_state=R ==> next_comm=kworker/0:0 next_pid=4455 next_prio=120
           <...>-4455  [000] d... 79565.973007: sched_switch: prev_comm=kworker/0:0 prev_pid=4455 prev_prio=120 prev_state=S ==> next_comm=swapper/0 next_pid=0 next_prio=120
          <idle>-0     [000] d... 79565.982018: sched_switch: prev_comm=swapper/0 prev_pid=0 prev_prio=120 prev_state=R ==> next_comm=rcuos/0 next_pid=8 next_prio=120
         rcuos/0-8     [000] d... 79565.982022: sched_switch: prev_comm=rcuos/0 prev_pid=8 prev_prio=120 prev_state=S ==> next_comm=swapper/0 next_pid=0 next_prio=120
          <idle>-0     [000] d... 79565.988008: sched_switch: prev_comm=swapper/0 prev_pid=0 prev_prio=120 prev_state=R ==> next_comm=rcu_sched next_pid=7 next_prio=120
       rcu_sched-7     [000] d... 79565.988012: sched_wakeup: comm=rcuos/2 pid=10 prio=120 success=1 target_cpu=003
       rcu_sched-7     [000] d... 79565.988014: sched_switch: prev_comm=rcu_sched prev_pid=7 prev_prio=120 prev_state=S ==> next_comm=swapper/0 next_pid=0 next_prio=120
          <idle>-0     [000] dNh. 79566.161190: sched_wakeup: comm=3on6 pid=6211 prio=120 success=1 target_cpu=000
          <idle>-0     [000] d... 79566.161194: sched_switch: prev_comm=swapper/0 prev_pid=0 prev_prio=120 prev_state=R ==> next_comm=3on6 next_pid=6211 next_prio=120
            3on6-6211  [000] .... 79566.161198: sys_nanosleep -> 0x0
            3on6-6211  [000] d... 79566.161209: sched_wakeup: comm=kworker/0:0 pid=4455 prio=120 success=1 target_cpu=000
            3on6-6211  [000] .... 79566.161220: sys_nanosleep(rqtp: 7f5fa9584d40, rmtp: 7f5fa9584d40)
            3on6-6211  [000] d... 79566.161222: sched_switch: prev_comm=3on6 prev_pid=6211 prev_prio=120 prev_state=S ==> next_comm=kworker/0:0 next_pid=4455 next_prio=120
           <...>-4455  [000] d... 79566.161227: sched_wakeup: comm=tmux pid=2397 prio=120 success=1 target_cpu=002
           <...>-4455  [000] d... 79566.161232: sched_switch: prev_comm=kworker/0:0 prev_pid=4455 prev_prio=120 prev_state=S ==> next_comm=swapper/0 next_pid=0 next_prio=120
          <idle>-0     [000] d... 79566.161574: sched_switch: prev_comm=swapper/0 prev_pid=0 prev_prio=120 prev_state=R ==> next_comm=sshd next_pid=25954 next_prio=120
           <...>-25954 [000] d... 79566.161647: sched_switch: prev_comm=sshd prev_pid=25954 prev_prio=120 prev_state=S ==> next_comm=swapper/0 next_pid=0 next_prio=120
          <idle>-0     [000] dNh. 79566.305301: sched_wakeup: comm=chrome pid=15027 prio=120 success=1 target_cpu=000
          <idle>-0     [000] d... 79566.305305: sched_switch: prev_comm=swapper/0 prev_pid=0 prev_prio=120 prev_state=R ==> next_comm=chrome next_pid=15027 next_prio=120
          chrome-15027 [000] d... 79566.305367: sched_switch: prev_comm=chrome prev_pid=15027 prev_prio=120 prev_state=S ==> next_comm=swapper/0 next_pid=0 next_prio=120
          <idle>-0     [000] d... 79566.527781: sched_switch: prev_comm=swapper/0 prev_pid=0 prev_prio=120 prev_state=R ==> next_comm=NSS SSL ThreadW next_pid=15189 next_prio=120
           <...>-15189 [000] .... 79566.527784: sys_futex -> 0x0
           <...>-15189 [000] .... 79566.527797: sys_futex(uaddr: c3c5e708208, op: 81, val: 1, utime: 1f5c6d8, uaddr2: 0, val3: 3b99ff53eb6e69)
           <...>-15189 [000] .... 79566.527797: sys_futex -> 0x0
           <...>-15189 [000] d... 79566.527851: sched_wakeup: comm=Chrome_IOThread pid=15064 prio=120 success=1 target_cpu=002
           <...>-15189 [000] .... 79566.527862: sys_futex(uaddr: c3c5e708234, op: 80, val: cc19, utime: 0, uaddr2: c3c5e708200, val3: 660c)
           <...>-15189 [000] d... 79566.527865: sched_switch: prev_comm=NSS SSL ThreadW prev_pid=15189 prev_prio=120 prev_state=S ==> next_comm=swapper/0 next_pid=0 next_prio=120
          <idle>-0     [000] d... 79566.527905: sched_switch: prev_comm=swapper/0 prev_pid=0 prev_prio=120 prev_state=R ==> next_comm=NSS SSL ThreadW next_pid=15189 next_prio=120
           <...>-15189 [000] .... 79566.527906: sys_futex -> 0x0
           <...>-15189 [000] .... 79566.527909: sys_futex(uaddr: c3c5e708208, op: 81, val: 1, utime: 1f5c6d8, uaddr2: 0, val3: 3b99ff53eb6e69)
           <...>-15189 [000] .... 79566.527909: sys_futex -> 0x0
           <...>-15189 [000] d... 79566.527922: sched_wakeup: comm=Chrome_IOThread pid=15064 prio=120 success=1 target_cpu=002
           <...>-15189 [000] .... 79566.527927: sys_futex(uaddr: c3c5e708234, op: 80, val: cc1b, utime: 0, uaddr2: c3c5e708200, val3: 660d)
           <...>-15189 [000] d... 79566.527928: sched_switch: prev_comm=NSS SSL ThreadW prev_pid=15189 prev_prio=120 prev_state=S ==> next_comm=swapper/0 next_pid=0 next_prio=120
          <idle>-0     [000] d... 79566.533125: sched_switch: prev_comm=swapper/0 prev_pid=0 prev_prio=120 prev_state=R ==> next_comm=rcu_sched next_pid=7 next_prio=120
       rcu_sched-7     [000] d... 79566.533129: sched_switch: prev_comm=rcu_sched prev_pid=7 prev_prio=120 prev_state=S ==> next_comm=swapper/0 next_pid=0 next_prio=120
          <idle>-0     [000] dNs. 79566.535333: sched_wakeup: comm=kworker/0:0 pid=4455 prio=120 success=1 target_cpu=000
          <idle>-0     [000] dNs. 79566.535338: sched_wakeup: comm=rcu_sched pid=7 prio=120 success=1 target_cpu=001
          <idle>-0     [000] d... 79566.535345: sched_switch: prev_comm=swapper/0 prev_pid=0 prev_prio=120 prev_state=R ==> next_comm=kworker/0:0 next_pid=4455 next_prio=120
           <...>-4455  [000] d... 79566.535350: sched_switch: prev_comm=kworker/0:0 prev_pid=4455 prev_prio=120 prev_state=S ==> next_comm=swapper/0 next_pid=0 next_prio=120
          <idle>-0     [000] d... 79566.704124: sched_switch: prev_comm=swapper/0 prev_pid=0 prev_prio=120 prev_state=R ==> next_comm=usb-storage next_pid=350 next_prio=120
     usb-storage-350   [000] d... 79566.704136: sched_switch: prev_comm=usb-storage prev_pid=350 prev_prio=120 prev_state=S ==> next_comm=swapper/0 next_pid=0 next_prio=120
          <idle>-0     [000] d... 79566.704740: sched_switch: prev_comm=swapper/0 prev_pid=0 prev_prio=120 prev_state=R ==> next_comm=usb-storage next_pid=350 next_prio=120
     usb-storage-350   [000] d... 79566.704747: sched_switch: prev_comm=usb-storage prev_pid=350 prev_prio=120 prev_state=S ==> next_comm=swapper/0 next_pid=0 next_prio=120
          <idle>-0     [000] d... 79566.705365: sched_switch: prev_comm=swapper/0 prev_pid=0 prev_prio=120 prev_state=R ==> next_comm=usb-storage next_pid=350 next_prio=120
     usb-storage-350   [000] d... 79566.705371: sched_switch: prev_comm=usb-storage prev_pid=350 prev_prio=120 prev_state=S ==> next_comm=swapper/0 next_pid=0 next_prio=120
          <idle>-0     [000] d... 79566.802387: sched_switch: prev_comm=swapper/0 prev_pid=0 prev_prio=120 prev_state=R ==> next_comm=chrome next_pid=15027 next_prio=120
          chrome-15027 [000] d.s. 79566.802497: sched_wakeup: comm=kworker/0:0 pid=4455 prio=120 success=1 target_cpu=000
          chrome-15027 [000] d... 79566.802575: sched_wakeup: comm=Chrome_IOThread pid=15064 prio=120 success=1 target_cpu=002
          chrome-15027 [000] d... 79566.802617: sched_switch: prev_comm=chrome prev_pid=15027 prev_prio=120 prev_state=S ==> next_comm=kworker/0:0 next_pid=4455 next_prio=120
           <...>-4455  [000] d... 79566.802627: sched_switch: prev_comm=kworker/0:0 prev_pid=4455 prev_prio=120 prev_state=S ==> next_comm=swapper/0 next_pid=0 next_prio=120
          <idle>-0     [000] dNh. 79566.806670: sched_wakeup: comm=chrome pid=15027 prio=120 success=1 target_cpu=000
          <idle>-0     [000] d... 79566.806674: sched_switch: prev_comm=swapper/0 prev_pid=0 prev_prio=120 prev_state=R ==> next_comm=chrome next_pid=15027 next_prio=120
          chrome-15027 [000] d... 79566.806719: sched_switch: prev_comm=chrome prev_pid=15027 prev_prio=120 prev_state=S ==> next_comm=swapper/0 next_pid=0 next_prio=120
          <idle>-0     [000] d... 79566.958736: sched_switch: prev_comm=swapper/0 prev_pid=0 prev_prio=120 prev_state=R ==> next_comm=rcuos/0 next_pid=8 next_prio=120
         rcuos/0-8     [000] d... 79566.958741: sched_switch: prev_comm=rcuos/0 prev_pid=8 prev_prio=120 prev_state=S ==> next_comm=swapper/0 next_pid=0 next_prio=120
          <idle>-0     [000] d... 79566.960595: sched_switch: prev_comm=swapper/0 prev_pid=0 prev_prio=120 prev_state=R ==> next_comm=rcu_sched next_pid=7 next_prio=120
       rcu_sched-7     [000] d... 79566.960602: sched_switch: prev_comm=rcu_sched prev_pid=7 prev_prio=120 prev_state=S ==> next_comm=swapper/0 next_pid=0 next_prio=120
          <idle>-0     [000] d... 79566.960643: sched_switch: prev_comm=swapper/0 prev_pid=0 prev_prio=120 prev_state=R ==> next_comm=sshd next_pid=25954 next_prio=120
           <...>-25954 [000] d... 79566.960707: sched_switch: prev_comm=sshd prev_pid=25954 prev_prio=120 prev_state=S ==> next_comm=swapper/0 next_pid=0 next_prio=120
          <idle>-0     [000] dNs. 79566.963591: sched_wakeup: comm=kworker/0:0 pid=4455 prio=120 success=1 target_cpu=000
          <idle>-0     [000] dNs. 79566.963594: sched_wakeup: comm=rcu_sched pid=7 prio=120 success=1 target_cpu=001
          <idle>-0     [000] d... 79566.963599: sched_switch: prev_comm=swapper/0 prev_pid=0 prev_prio=120 prev_state=R ==> next_comm=kworker/0:0 next_pid=4455 next_prio=120
           <...>-4455  [000] d... 79566.963604: sched_switch: prev_comm=kworker/0:0 prev_pid=4455 prev_prio=120 prev_state=S ==> next_comm=swapper/0 next_pid=0 next_prio=120
          <idle>-0     [000] d... 79566.966607: sched_switch: prev_comm=swapper/0 prev_pid=0 prev_prio=120 prev_state=R ==> next_comm=rcuos/0 next_pid=8 next_prio=120
         rcuos/0-8     [000] d... 79566.966610: sched_wakeup: comm=rcuos/1 pid=9 prio=120 success=1 target_cpu=001
         rcuos/0-8     [000] d... 79566.966612: sched_switch: prev_comm=rcuos/0 prev_pid=8 prev_prio=120 prev_state=S ==> next_comm=swapper/0 next_pid=0 next_prio=120
          <idle>-0     [000] d... 79566.975616: sched_switch: prev_comm=swapper/0 prev_pid=0 prev_prio=120 prev_state=R ==> next_comm=rcuos/0 next_pid=8 next_prio=120
         rcuos/0-8     [000] d... 79566.975619: sched_wakeup: comm=rcuos/1 pid=9 prio=120 success=1 target_cpu=001
         rcuos/0-8     [000] d... 79566.975624: sched_switch: prev_comm=rcuos/0 prev_pid=8 prev_prio=120 prev_state=S ==> next_comm=swapper/0 next_pid=0 next_prio=120
          <idle>-0     [000] d... 79566.975633: sched_switch: prev_comm=swapper/0 prev_pid=0 prev_prio=120 prev_state=R ==> next_comm=rcuos/0 next_pid=8 next_prio=120
         rcuos/0-8     [000] d... 79566.975637: sched_switch: prev_comm=rcuos/0 prev_pid=8 prev_prio=120 prev_state=S ==> next_comm=swapper/0 next_pid=0 next_prio=120
          <idle>-0     [000] d... 79566.984609: sched_switch: prev_comm=swapper/0 prev_pid=0 prev_prio=120 prev_state=R ==> next_comm=rcu_sched next_pid=7 next_prio=120
       rcu_sched-7     [000] d... 79566.984613: sched_switch: prev_comm=rcu_sched prev_pid=7 prev_prio=120 prev_state=S ==> next_comm=swapper/0 next_pid=0 next_prio=120
          <idle>-0     [000] dNs. 79566.987603: sched_wakeup: comm=kworker/0:0 pid=4455 prio=120 success=1 target_cpu=000
          <idle>-0     [000] dNs. 79566.987605: sched_wakeup: comm=rcu_sched pid=7 prio=120 success=1 target_cpu=001
          <idle>-0     [000] d... 79566.987611: sched_switch: prev_comm=swapper/0 prev_pid=0 prev_prio=120 prev_state=R ==> next_comm=kworker/0:0 next_pid=4455 next_prio=120
           <...>-4455  [000] d... 79566.987615: sched_switch: prev_comm=kworker/0:0 prev_pid=4455 prev_prio=120 prev_state=S ==> next_comm=swapper/0 next_pid=0 next_prio=120
          <idle>-0     [000] d... 79566.999623: sched_switch: prev_comm=swapper/0 prev_pid=0 prev_prio=120 prev_state=R ==> next_comm=rcuos/4 next_pid=12 next_prio=120
         rcuos/4-12    [000] d... 79566.999629: sched_switch: prev_comm=rcuos/4 prev_pid=12 prev_prio=120 prev_state=S ==> next_comm=swapper/0 next_pid=0 next_prio=120
          <idle>-0     [000] dNh. 79567.161828: sched_wakeup: comm=3on6 pid=6220 prio=120 success=1 target_cpu=000
          <idle>-0     [000] d... 79567.161832: sched_switch: prev_comm=swapper/0 prev_pid=0 prev_prio=120 prev_state=R ==> next_comm=3on6 next_pid=6220 next_prio=120
            3on6-6220  [000] .... 79567.161834: sys_nanosleep -> 0x0
            3on6-6220  [000] d... 79567.161844: sched_wakeup: comm=kworker/0:0 pid=4455 prio=120 success=1 target_cpu=000
            3on6-6220  [000] .... 79567.161848: sys_futex(uaddr: 6024b8, op: 80, val: 2, utime: 0, uaddr2: 6024b8, val3: 1)
            3on6-6220  [000] d... 79567.161851: sched_switch: prev_comm=3on6 prev_pid=6220 prev_prio=120 prev_state=S ==> next_comm=kworker/0:0 next_pid=4455 next_prio=120
           <...>-4455  [000] d... 79567.161855: sched_wakeup: comm=tmux pid=2397 prio=120 success=1 target_cpu=002
           <...>-4455  [000] d... 79567.161860: sched_switch: prev_comm=kworker/0:0 prev_pid=4455 prev_prio=120 prev_state=S ==> next_comm=swapper/0 next_pid=0 next_prio=120
          <idle>-0     [000] d... 79567.162189: sched_switch: prev_comm=swapper/0 prev_pid=0 prev_prio=120 prev_state=R ==> next_comm=sshd next_pid=25954 next_prio=120
           <...>-25954 [000] d... 79567.162259: sched_switch: prev_comm=sshd prev_pid=25954 prev_prio=120 prev_state=S ==> next_comm=swapper/0 next_pid=0 next_prio=120
          <idle>-0     [000] dNh. 79567.307524: sched_wakeup: comm=chrome pid=15027 prio=120 success=1 target_cpu=000
          <idle>-0     [000] d... 79567.307529: sched_switch: prev_comm=swapper/0 prev_pid=0 prev_prio=120 prev_state=R ==> next_comm=chrome next_pid=15027 next_prio=120
          chrome-15027 [000] d... 79567.307587: sched_switch: prev_comm=chrome prev_pid=15027 prev_prio=120 prev_state=S ==> next_comm=swapper/0 next_pid=0 next_prio=120
          <idle>-0     [000] d... 79567.366809: sched_switch: prev_comm=swapper/0 prev_pid=0 prev_prio=120 prev_state=R ==> next_comm=pool next_pid=1839 next_prio=120
            pool-1839  [000] .... 79567.366812: sys_futex -> 0x0
            pool-1839  [000] d.s. 79567.366834: sched_wakeup: comm=kworker/0:0 pid=4455 prio=120 success=1 target_cpu=000
            pool-1839  [000] d... 79567.366864: sched_wakeup: comm=rcuos/0 pid=8 prio=120 success=1 target_cpu=002
            pool-1839  [000] .... 79567.366909: sys_futex(uaddr: 17c1850, op: 0, val: 3df9, utime: 0, uaddr2: 7fb05801ed10, val3: 17c1858)
            pool-1839  [000] d... 79567.366913: sched_switch: prev_comm=pool prev_pid=1839 prev_prio=120 prev_state=S ==> next_comm=kworker/0:0 next_pid=4455 next_prio=120
           <...>-4455  [000] d... 79567.366924: sched_switch: prev_comm=kworker/0:0 prev_pid=4455 prev_prio=120 prev_state=S ==> next_comm=swapper/0 next_pid=0 next_prio=120
          <idle>-0     [000] d... 79567.369843: sched_switch: prev_comm=swapper/0 prev_pid=0 prev_prio=120 prev_state=R ==> next_comm=rcu_sched next_pid=7 next_prio=120
       rcu_sched-7     [000] d... 79567.369847: sched_switch: prev_comm=rcu_sched prev_pid=7 prev_prio=120 prev_state=S ==> next_comm=swapper/0 next_pid=0 next_prio=120
          <idle>-0     [000] dNs. 79567.372837: sched_wakeup: comm=kworker/0:0 pid=4455 prio=120 success=1 target_cpu=000
          <idle>-0     [000] dNs. 79567.372839: sched_wakeup: comm=rcu_sched pid=7 prio=120 success=1 target_cpu=001
          <idle>-0     [000] d... 79567.372845: sched_switch: prev_comm=swapper/0 prev_pid=0 prev_prio=120 prev_state=R ==> next_comm=kworker/0:0 next_pid=4455 next_prio=120
           <...>-4455  [000] d... 79567.372849: sched_switch: prev_comm=kworker/0:0 prev_pid=4455 prev_prio=120 prev_state=S ==> next_comm=swapper/0 next_pid=0 next_prio=120
          <idle>-0     [000] d... 79567.653023: sched_switch: prev_comm=swapper/0 prev_pid=0 prev_prio=120 prev_state=R ==> next_comm=rcuos/2 next_pid=10 next_prio=120
         rcuos/2-10    [000] d... 79567.653027: sched_switch: prev_comm=rcuos/2 prev_pid=10 prev_prio=120 prev_state=S ==> next_comm=swapper/0 next_pid=0 next_prio=120
          <idle>-0     [000] dNs. 79567.736056: sched_wakeup: comm=kworker/0:0 pid=4455 prio=120 success=1 target_cpu=000
          <idle>-0     [000] d... 79567.736066: sched_switch: prev_comm=swapper/0 prev_pid=0 prev_prio=120 prev_state=R ==> next_comm=kworker/0:0 next_pid=4455 next_prio=120
           <...>-4455  [000] d... 79567.736070: sched_switch: prev_comm=kworker/0:0 prev_pid=4455 prev_prio=120 prev_state=S ==> next_comm=swapper/0 next_pid=0 next_prio=120
          <idle>-0     [000] d... 79567.803458: sched_switch: prev_comm=swapper/0 prev_pid=0 prev_prio=120 prev_state=R ==> next_comm=chrome next_pid=15027 next_prio=120
          chrome-15027 [000] d... 79567.803624: sched_wakeup: comm=Chrome_IOThread pid=15064 prio=120 success=1 target_cpu=002
          chrome-15027 [000] d... 79567.803666: sched_switch: prev_comm=chrome prev_pid=15027 prev_prio=120 prev_state=S ==> next_comm=swapper/0 next_pid=0 next_prio=120
          <idle>-0     [000] dNh. 79567.808720: sched_wakeup: comm=chrome pid=15027 prio=120 success=1 target_cpu=000
          <idle>-0     [000] d... 79567.808724: sched_switch: prev_comm=swapper/0 prev_pid=0 prev_prio=120 prev_state=R ==> next_comm=chrome next_pid=15027 next_prio=120
          chrome-15027 [000] d... 79567.808769: sched_switch: prev_comm=chrome prev_pid=15027 prev_prio=120 prev_state=S ==> next_comm=swapper/0 next_pid=0 next_prio=120
          <idle>-0     [000] dNs. 79567.888148: sched_wakeup: comm=kworker/0:0 pid=4455 prio=120 success=1 target_cpu=000
          <idle>-0     [000] dNs. 79567.888153: sched_wakeup: comm=kworker/u16:0 pid=3801 prio=120 success=1 target_cpu=001
          <idle>-0     [000] d... 79567.888159: sched_switch: prev_comm=swapper/0 prev_pid=0 prev_prio=120 prev_state=R ==> next_comm=kworker/0:0 next_pid=4455 next_prio=120
           <...>-4455  [000] d... 79567.888164: sched_switch: prev_comm=kworker/0:0 prev_pid=4455 prev_prio=120 prev_state=S ==> next_comm=swapper/0 next_pid=0 next_prio=120
          <idle>-0     [000] d... 79567.933527: sched_switch: prev_comm=swapper/0 prev_pid=0 prev_prio=120 prev_state=R ==> next_comm=WorkerPool/116 next_pid=21341 next_prio=120
           <...>-21341 [000] .... 79567.933530: sys_futex -> 0x0
           <...>-21341 [000] .... 79567.933534: sys_futex(uaddr: 1207aecf8718, op: 81, val: 1, utime: 7f04b77ca990, uaddr2: 0, val3: 3c6)
           <...>-21341 [000] .... 79567.933535: sys_futex -> 0x0
           <...>-21341 [000] d.s. 79567.934177: sched_wakeup: comm=kworker/0:0 pid=4455 prio=120 success=1 target_cpu=000
           <...>-21341 [000] .... 79567.934256: sys_futex(uaddr: 1207aecf8744, op: 89, val: 78e, utime: 7f04b77ca990, uaddr2: 1207aecf8718, val3: ffffffff)
           <...>-21341 [000] d... 79567.934261: sched_switch: prev_comm=WorkerPool/116 prev_pid=21341 prev_prio=120 prev_state=S ==> next_comm=kworker/0:0 next_pid=4455 next_prio=120
           <...>-4455  [000] d... 79567.934271: sched_switch: prev_comm=kworker/0:0 prev_pid=4455 prev_prio=120 prev_state=S ==> next_comm=swapper/0 next_pid=0 next_prio=120
          <idle>-0     [000] d... 79567.934407: sched_switch: prev_comm=swapper/0 prev_pid=0 prev_prio=120 prev_state=R ==> next_comm=HTMLParserThrea next_pid=21327 next_prio=120
           <...>-21327 [000] .... 79567.934409: sys_futex -> 0x0
           <...>-21327 [000] .... 79567.934411: sys_futex(uaddr: 7f04b774aa88, op: 81, val: 1, utime: 1f5c850, uaddr2: 0, val3: 183291da4972b3)
           <...>-21327 [000] .... 79567.934412: sys_futex -> 0x0
           <...>-21327 [000] .... 79567.934419: sys_futex(uaddr: 1207aee59d24, op: 85, val: 1, utime: 1, uaddr2: 1207aee59d20, val3: 4000001)
           <...>-21327 [000] d... 79567.934422: sched_wakeup: comm=chrome pid=21318 prio=120 success=1 target_cpu=004
           <...>-21327 [000] .... 79567.934423: sys_futex -> 0x1
           <...>-21327 [000] .... 79567.934424: sys_futex(uaddr: 1207aee59d54, op: 80, val: 3c7, utime: 0, uaddr2: 1207aee59c00, val3: 1e3)
           <...>-21327 [000] d... 79567.934427: sched_switch: prev_comm=HTMLParserThrea prev_pid=21327 prev_prio=120 prev_state=S ==> next_comm=swapper/0 next_pid=0 next_prio=120
          <idle>-0     [000] d... 79567.934456: sched_switch: prev_comm=swapper/0 prev_pid=0 prev_prio=120 prev_state=R ==> next_comm=HTMLParserThrea next_pid=21327 next_prio=120
           <...>-21327 [000] .... 79567.934457: sys_futex -> 0x0
           <...>-21327 [000] .... 79567.934458: sys_futex(uaddr: 1207aee59cf8, op: 81, val: 1, utime: 0, uaddr2: 0, val3: 1e4)
           <...>-21327 [000] .... 79567.934459: sys_futex -> 0x0
           <...>-21327 [000] .... 79567.934469: sys_futex(uaddr: 7f04b774aab4, op: 80, val: 1, utime: 0, uaddr2: 7f04b774aa00, val3: 0)
           <...>-21327 [000] d... 79567.934471: sched_switch: prev_comm=HTMLParserThrea prev_pid=21327 prev_prio=120 prev_state=S ==> next_comm=swapper/0 next_pid=0 next_prio=120
          <idle>-0     [000] d... 79567.959580: sched_switch: prev_comm=swapper/0 prev_pid=0 prev_prio=120 prev_state=R ==> next_comm=rcuos/2 next_pid=10 next_prio=120
         rcuos/2-10    [000] d... 79567.959585: sched_wakeup: comm=rcu_sched pid=7 prio=120 success=1 target_cpu=005
         rcuos/2-10    [000] d... 79567.959591: sched_switch: prev_comm=rcuos/2 prev_pid=10 prev_prio=120 prev_state=S ==> next_comm=swapper/0 next_pid=0 next_prio=120
          <idle>-0     [000] d.s. 79567.960204: sched_wakeup: comm=migration/1 pid=28 prio=0 success=1 target_cpu=001
          <idle>-0     [000] d... 79567.961542: sched_switch: prev_comm=swapper/0 prev_pid=0 prev_prio=120 prev_state=R ==> next_comm=rcuos/4 next_pid=12 next_prio=120
         rcuos/4-12    [000] d... 79567.961546: sched_switch: prev_comm=rcuos/4 prev_pid=12 prev_prio=120 prev_state=S ==> next_comm=swapper/0 next_pid=0 next_prio=120
          <idle>-0     [000] d... 79567.962096: sched_switch: prev_comm=swapper/0 prev_pid=0 prev_prio=120 prev_state=R ==> next_comm=sh next_pid=6553 next_prio=120
           <...>-6553  [000] dNs. 79567.962194: sched_wakeup: comm=kworker/0:0 pid=4455 prio=120 success=1 target_cpu=000
           <...>-6553  [000] d... 79567.962199: sched_switch: prev_comm=sh prev_pid=6553 prev_prio=120 prev_state=R ==> next_comm=kworker/0:0 next_pid=4455 next_prio=120
           <...>-4455  [000] d... 79567.962204: sched_switch: prev_comm=kworker/0:0 prev_pid=4455 prev_prio=120 prev_state=D ==> next_comm=sh next_pid=6553 next_prio=120
           <...>-6553  [000] d... 79567.962208: sched_switch: prev_comm=sh prev_pid=6553 prev_prio=120 prev_state=R ==> next_comm=kworker/0:0 next_pid=4455 next_prio=120
           <...>-4455  [000] d... 79567.962213: sched_wakeup: comm=kworker/5:2 pid=296 prio=120 success=1 target_cpu=005
           <...>-4455  [000] d... 79567.962220: sched_switch: prev_comm=kworker/0:0 prev_pid=4455 prev_prio=120 prev_state=S ==> next_comm=swapper/0 next_pid=0 next_prio=120
          <idle>-0     [000] d... 79567.962310: sched_switch: prev_comm=swapper/0 prev_pid=0 prev_prio=120 prev_state=R ==> next_comm=sh next_pid=6554 next_prio=120
           <...>-6554  [000] .... 79567.963154: sched_process_exit: comm=cut pid=6554 prio=120
           <...>-6554  [000] d... 79567.963172: sched_wakeup: comm=sh pid=6550 prio=120 success=1 target_cpu=004
           <...>-6554  [000] d... 79567.963174: sched_switch: prev_comm=cut prev_pid=6554 prev_prio=120 prev_state=x ==> next_comm=swapper/0 next_pid=0 next_prio=120
          <idle>-0     [000] d... 79567.965207: sched_switch: prev_comm=swapper/0 prev_pid=0 prev_prio=120 prev_state=R ==> next_comm=rcuos/2 next_pid=10 next_prio=120
         rcuos/2-10    [000] d... 79567.965211: sched_switch: prev_comm=rcuos/2 prev_pid=10 prev_prio=120 prev_state=S ==> next_comm=swapper/0 next_pid=0 next_prio=120
          <idle>-0     [000] d... 79567.965784: sched_switch: prev_comm=swapper/0 prev_pid=0 prev_prio=120 prev_state=R ==> next_comm=sh next_pid=6552 next_prio=120
           <...>-6552  [000] d... 79567.965801: sched_switch: prev_comm=sh prev_pid=6552 prev_prio=120 prev_state=S ==> next_comm=swapper/0 next_pid=0 next_prio=120
          <idle>-0     [000] d... 79567.965817: sched_switch: prev_comm=swapper/0 prev_pid=0 prev_prio=120 prev_state=R ==> next_comm=sh next_pid=6552 next_prio=120
           <...>-6552  [000] d... 79567.965825: sched_switch: prev_comm=sh prev_pid=6552 prev_prio=120 prev_state=S ==> next_comm=swapper/0 next_pid=0 next_prio=120
          <idle>-0     [000] d... 79567.965893: sched_switch: prev_comm=swapper/0 prev_pid=0 prev_prio=120 prev_state=R ==> next_comm=sh next_pid=6552 next_prio=120
           <...>-6552  [000] .... 79567.966154: sched_process_exit: comm=sh pid=6552 prio=120
           <...>-6552  [000] d... 79567.966166: sched_wakeup: comm=tmux pid=2397 prio=120 success=1 target_cpu=002
           <...>-6552  [000] d... 79567.966181: sched_switch: prev_comm=sh prev_pid=6552 prev_prio=120 prev_state=x ==> next_comm=swapper/0 next_pid=0 next_prio=120
          <idle>-0     [000] d... 79567.968210: sched_switch: prev_comm=swapper/0 prev_pid=0 prev_prio=120 prev_state=R ==> next_comm=rcuos/4 next_pid=12 next_prio=120
         rcuos/4-12    [000] d... 79567.968214: sched_switch: prev_comm=rcuos/4 prev_pid=12 prev_prio=120 prev_state=S ==> next_comm=swapper/0 next_pid=0 next_prio=120
          <idle>-0     [000] d... 79567.968219: sched_switch: prev_comm=swapper/0 prev_pid=0 prev_prio=120 prev_state=R ==> next_comm=rcuos/7 next_pid=15 next_prio=120
         rcuos/7-15    [000] d... 79567.968222: sched_switch: prev_comm=rcuos/7 prev_pid=15 prev_prio=120 prev_state=S ==> next_comm=swapper/0 next_pid=0 next_prio=120
          <idle>-0     [000] d... 79567.971205: sched_switch: prev_comm=swapper/0 prev_pid=0 prev_prio=120 prev_state=R ==> next_comm=rcuos/2 next_pid=10 next_prio=120
         rcuos/2-10    [000] d... 79567.971208: sched_wakeup: comm=rcuos/3 pid=11 prio=120 success=1 target_cpu=002
         rcuos/2-10    [000] d... 79567.971259: sched_switch: prev_comm=rcuos/2 prev_pid=10 prev_prio=120 prev_state=S ==> next_comm=swapper/0 next_pid=0 next_prio=120
          <idle>-0     [000] d... 79567.977216: sched_switch: prev_comm=swapper/0 prev_pid=0 prev_prio=120 prev_state=R ==> next_comm=rcuos/6 next_pid=14 next_prio=120
         rcuos/6-14    [000] d... 79567.977219: sched_wakeup: comm=rcuos/7 pid=15 prio=120 success=1 target_cpu=003
         rcuos/6-14    [000] d... 79567.977221: sched_switch: prev_comm=rcuos/6 prev_pid=14 prev_prio=120 prev_state=S ==> next_comm=swapper/0 next_pid=0 next_prio=120
          <idle>-0     [000] d... 79567.980209: sched_switch: prev_comm=swapper/0 prev_pid=0 prev_prio=120 prev_state=R ==> next_comm=rcu_sched next_pid=7 next_prio=120
       rcu_sched-7     [000] d... 79567.980214: sched_switch: prev_comm=rcu_sched prev_pid=7 prev_prio=120 prev_state=S ==> next_comm=swapper/0 next_pid=0 next_prio=120
          <idle>-0     [000] dNs. 79567.983207: sched_wakeup: comm=kworker/0:0 pid=4455 prio=120 success=1 target_cpu=000
          <idle>-0     [000] dNs. 79567.983209: sched_wakeup: comm=rcu_sched pid=7 prio=120 success=1 target_cpu=001
          <idle>-0     [000] d... 79567.983216: sched_switch: prev_comm=swapper/0 prev_pid=0 prev_prio=120 prev_state=R ==> next_comm=kworker/0:0 next_pid=4455 next_prio=120
           <...>-4455  [000] d... 79567.983223: sched_switch: prev_comm=kworker/0:0 prev_pid=4455 prev_prio=120 prev_state=S ==> next_comm=swapper/0 next_pid=0 next_prio=120
          <idle>-0     [000] d... 79568.061705: sched_switch: prev_comm=swapper/0 prev_pid=0 prev_prio=120 prev_state=R ==> next_comm=rcu_sched next_pid=7 next_prio=120
       rcu_sched-7     [000] d... 79568.061709: sched_switch: prev_comm=rcu_sched prev_pid=7 prev_prio=120 prev_state=S ==> next_comm=swapper/0 next_pid=0 next_prio=120
          <idle>-0     [000] dNs. 79568.064252: sched_wakeup: comm=kworker/0:0 pid=4455 prio=120 success=1 target_cpu=000
          <idle>-0     [000] dNs. 79568.064254: sched_wakeup: comm=rcu_sched pid=7 prio=120 success=1 target_cpu=001
          <idle>-0     [000] d... 79568.064260: sched_switch: prev_comm=swapper/0 prev_pid=0 prev_prio=120 prev_state=R ==> next_comm=kworker/0:0 next_pid=4455 next_prio=120
           <...>-4455  [000] d... 79568.064264: sched_switch: prev_comm=kworker/0:0 prev_pid=4455 prev_prio=120 prev_state=S ==> next_comm=swapper/0 next_pid=0 next_prio=120
          <idle>-0     [000] dNh. 79568.162309: sched_wakeup: comm=3on6 pid=6229 prio=120 success=1 target_cpu=000
          <idle>-0     [000] d... 79568.162312: sched_switch: prev_comm=swapper/0 prev_pid=0 prev_prio=120 prev_state=R ==> next_comm=3on6 next_pid=6229 next_prio=120
            3on6-6229  [000] .... 79568.162316: sys_nanosleep -> 0x0
            3on6-6229  [000] d... 79568.162328: sched_wakeup: comm=kworker/0:0 pid=4455 prio=120 success=1 target_cpu=000
            3on6-6229  [000] .... 79568.162340: sys_nanosleep(rqtp: 7f5fa8582d40, rmtp: 7f5fa8582d40)
            3on6-6229  [000] d... 79568.162342: sched_switch: prev_comm=3on6 prev_pid=6229 prev_prio=120 prev_state=S ==> next_comm=kworker/0:0 next_pid=4455 next_prio=120
           <...>-4455  [000] d... 79568.162347: sched_wakeup: comm=tmux pid=2397 prio=120 success=1 target_cpu=002
           <...>-4455  [000] d... 79568.162352: sched_switch: prev_comm=kworker/0:0 prev_pid=4455 prev_prio=120 prev_state=S ==> next_comm=swapper/0 next_pid=0 next_prio=120
          <idle>-0     [000] dNh. 79568.309573: sched_wakeup: comm=chrome pid=15027 prio=120 success=1 target_cpu=000
          <idle>-0     [000] d... 79568.309577: sched_switch: prev_comm=swapper/0 prev_pid=0 prev_prio=120 prev_state=R ==> next_comm=chrome next_pid=15027 next_prio=120
          chrome-15027 [000] d... 79568.309662: sched_switch: prev_comm=chrome prev_pid=15027 prev_prio=120 prev_state=S ==> next_comm=swapper/0 next_pid=0 next_prio=120
          <idle>-0     [000] dNh. 79568.662616: sched_wakeup: comm=watchdog/0 pid=26 prio=0 success=1 target_cpu=000
          <idle>-0     [000] d... 79568.662621: sched_switch: prev_comm=swapper/0 prev_pid=0 prev_prio=120 prev_state=R ==> next_comm=watchdog/0 next_pid=26 next_prio=0
      watchdog/0-26    [000] d... 79568.662624: sched_switch: prev_comm=watchdog/0 prev_pid=26 prev_prio=0 prev_state=S ==> next_comm=swapper/0 next_pid=0 next_prio=120
          <idle>-0     [000] d... 79568.753389: sched_switch: prev_comm=swapper/0 prev_pid=0 prev_prio=120 prev_state=R ==> next_comm=usb-storage next_pid=350 next_prio=120
     usb-storage-350   [000] d... 79568.753401: sched_switch: prev_comm=usb-storage prev_pid=350 prev_prio=120 prev_state=S ==> next_comm=swapper/0 next_pid=0 next_prio=120
          <idle>-0     [000] d... 79568.754005: sched_switch: prev_comm=swapper/0 prev_pid=0 prev_prio=120 prev_state=R ==> next_comm=usb-storage next_pid=350 next_prio=120
     usb-storage-350   [000] d... 79568.754011: sched_switch: prev_comm=usb-storage prev_pid=350 prev_prio=120 prev_state=S ==> next_comm=swapper/0 next_pid=0 next_prio=120
          <idle>-0     [000] d... 79568.754628: sched_switch: prev_comm=swapper/0 prev_pid=0 prev_prio=120 prev_state=R ==> next_comm=usb-storage next_pid=350 next_prio=120
     usb-storage-350   [000] d... 79568.754634: sched_switch: prev_comm=usb-storage prev_pid=350 prev_prio=120 prev_state=S ==> next_comm=swapper/0 next_pid=0 next_prio=120
          <idle>-0     [000] d... 79568.805146: sched_switch: prev_comm=swapper/0 prev_pid=0 prev_prio=120 prev_state=R ==> next_comm=chrome next_pid=15027 next_prio=120
          chrome-15027 [000] d... 79568.805375: sched_wakeup: comm=Chrome_IOThread pid=15064 prio=120 success=1 target_cpu=002
          chrome-15027 [000] d... 79568.805421: sched_switch: prev_comm=chrome prev_pid=15027 prev_prio=120 prev_state=S ==> next_comm=swapper/0 next_pid=0 next_prio=120
          <idle>-0     [000] dNh. 79568.810474: sched_wakeup: comm=chrome pid=15027 prio=120 success=1 target_cpu=000
          <idle>-0     [000] d... 79568.810479: sched_switch: prev_comm=swapper/0 prev_pid=0 prev_prio=120 prev_state=R ==> next_comm=chrome next_pid=15027 next_prio=120
          chrome-15027 [000] d... 79568.810522: sched_switch: prev_comm=chrome prev_pid=15027 prev_prio=120 prev_state=S ==> next_comm=swapper/0 next_pid=0 next_prio=120
          <idle>-0     [000] d... 79568.963804: sched_switch: prev_comm=swapper/0 prev_pid=0 prev_prio=120 prev_state=R ==> next_comm=rcu_sched next_pid=7 next_prio=120
       rcu_sched-7     [000] d... 79568.963812: sched_switch: prev_comm=rcu_sched prev_pid=7 prev_prio=120 prev_state=S ==> next_comm=swapper/0 next_pid=0 next_prio=120
          <idle>-0     [000] d... 79568.963887: sched_switch: prev_comm=swapper/0 prev_pid=0 prev_prio=120 prev_state=R ==> next_comm=sshd next_pid=25954 next_prio=120
           <...>-25954 [000] d... 79568.963964: sched_switch: prev_comm=sshd prev_pid=25954 prev_prio=120 prev_state=S ==> next_comm=swapper/0 next_pid=0 next_prio=120
          <idle>-0     [000] d... 79568.964210: sched_switch: prev_comm=swapper/0 prev_pid=0 prev_prio=120 prev_state=R ==> next_comm=sh next_pid=6558 next_prio=120
           <...>-6558  [000] d... 79568.964225: sched_switch: prev_comm=sh prev_pid=6558 prev_prio=120 prev_state=S ==> next_comm=swapper/0 next_pid=0 next_prio=120
          <idle>-0     [000] d... 79568.964431: sched_switch: prev_comm=swapper/0 prev_pid=0 prev_prio=120 prev_state=R ==> next_comm=sh next_pid=6558 next_prio=120
           <...>-6558  [000] .... 79568.964692: sched_process_exit: comm=sh pid=6558 prio=120
           <...>-6558  [000] d... 79568.964718: sched_switch: prev_comm=sh prev_pid=6558 prev_prio=120 prev_state=x ==> next_comm=swapper/0 next_pid=0 next_prio=120
          <idle>-0     [000] dNs. 79568.966797: sched_wakeup: comm=kworker/0:0 pid=4455 prio=120 success=1 target_cpu=000
          <idle>-0     [000] dNs. 79568.966805: sched_wakeup: comm=rcu_sched pid=7 prio=120 success=1 target_cpu=001
          <idle>-0     [000] d... 79568.966809: sched_switch: prev_comm=swapper/0 prev_pid=0 prev_prio=120 prev_state=R ==> next_comm=kworker/0:0 next_pid=4455 next_prio=120
           <...>-4455  [000] d... 79568.966818: sched_switch: prev_comm=kworker/0:0 prev_pid=4455 prev_prio=120 prev_state=S ==> next_comm=swapper/0 next_pid=0 next_prio=120
          <idle>-0     [000] d... 79568.967085: sched_switch: prev_comm=swapper/0 prev_pid=0 prev_prio=120 prev_state=R ==> next_comm=sh next_pid=6560 next_prio=120
           <...>-6560  [000] d... 79568.967110: sched_switch: prev_comm=sh prev_pid=6560 prev_prio=120 prev_state=S ==> next_comm=swapper/0 next_pid=0 next_prio=120
          <idle>-0     [000] d... 79568.967173: sched_switch: prev_comm=swapper/0 prev_pid=0 prev_prio=120 prev_state=R ==> next_comm=sh next_pid=6560 next_prio=120
           <...>-6560  [000] .... 79568.967429: sched_process_exit: comm=sh pid=6560 prio=120
           <...>-6560  [000] d... 79568.967440: sched_wakeup: comm=tmux pid=2397 prio=120 success=1 target_cpu=002
           <...>-6560  [000] d... 79568.967455: sched_switch: prev_comm=sh prev_pid=6560 prev_prio=120 prev_state=x ==> next_comm=swapper/0 next_pid=0 next_prio=120
          <idle>-0     [000] d... 79568.981826: sched_switch: prev_comm=swapper/0 prev_pid=0 prev_prio=120 prev_state=R ==> next_comm=rcuos/4 next_pid=12 next_prio=120
         rcuos/4-12    [000] d... 79568.981830: sched_wakeup: comm=rcuos/5 pid=13 prio=120 success=1 target_cpu=001
         rcuos/4-12    [000] d... 79568.981854: sched_switch: prev_comm=rcuos/4 prev_pid=12 prev_prio=120 prev_state=S ==> next_comm=swapper/0 next_pid=0 next_prio=120
          <idle>-0     [000] d... 79568.984816: sched_switch: prev_comm=swapper/0 prev_pid=0 prev_prio=120 prev_state=R ==> next_comm=rcu_sched next_pid=7 next_prio=120
       rcu_sched-7     [000] d... 79568.984820: sched_switch: prev_comm=rcu_sched prev_pid=7 prev_prio=120 prev_state=S ==> next_comm=swapper/0 next_pid=0 next_prio=120
          <idle>-0     [000] dNs. 79568.987810: sched_wakeup: comm=kworker/0:0 pid=4455 prio=120 success=1 target_cpu=000
          <idle>-0     [000] dNs. 79568.987812: sched_wakeup: comm=rcu_sched pid=7 prio=120 success=1 target_cpu=001
          <idle>-0     [000] d... 79568.987819: sched_switch: prev_comm=swapper/0 prev_pid=0 prev_prio=120 prev_state=R ==> next_comm=kworker/0:0 next_pid=4455 next_prio=120
           <...>-4455  [000] d... 79568.987824: sched_switch: prev_comm=kworker/0:0 prev_pid=4455 prev_prio=120 prev_state=S ==> next_comm=swapper/0 next_pid=0 next_prio=120
          <idle>-0     [000] d... 79568.993826: sched_switch: prev_comm=swapper/0 prev_pid=0 prev_prio=120 prev_state=R ==> next_comm=rcuos/4 next_pid=12 next_prio=120
         rcuos/4-12    [000] d... 79568.993830: sched_switch: prev_comm=rcuos/4 prev_pid=12 prev_prio=120 prev_state=S ==> next_comm=swapper/0 next_pid=0 next_prio=120
          <idle>-0     [000] d... 79568.999830: sched_switch: prev_comm=swapper/0 prev_pid=0 prev_prio=120 prev_state=R ==> next_comm=rcuos/2 next_pid=10 next_prio=120
         rcuos/2-10    [000] d... 79568.999833: sched_wakeup: comm=rcuos/3 pid=11 prio=120 success=1 target_cpu=003
         rcuos/2-10    [000] d... 79568.999834: sched_switch: prev_comm=rcuos/2 prev_pid=10 prev_prio=120 prev_state=S ==> next_comm=swapper/0 next_pid=0 next_prio=120
